
> firecrawl-style-guide@1.0.0 test
> playwright test

[dotenv@17.2.3] injecting env (14) from .env.local -- tip: ⚙️  load multiple .env files with { path: ['.env.local', '.env'] }
🔧 Test environment configured: server-only imports enabled
🔑 Mock API keys configured for tests
🎭 Global fetch mocking enabled
🔒 Starting Security Test Suite...
✅ LangSmith tracing enabled
   Project: open-agent-builder-prod
   Endpoint: https://api.smith.langchain.com

Running 453 tests using 8 workers

[1A[2K[dotenv@17.2.3] injecting env (0) from .env.local -- tip: 🔐 prevent committing .env to code: https://dotenvx.com/precommit

[1A[2K[dotenv@17.2.3] injecting env (0) from .env.local -- tip: ⚙️  suppress all logs with { quiet: true }

[1A[2K[1/453] [chromium] › tests\add-remote-mcp.spec.ts:4:3 › Add Remote MCP Tests › placeholder test
[1A[2K[dotenv@17.2.3] injecting env (0) from .env.local -- tip: 🔐 prevent building .env in docker: https://dotenvx.com/prebuild

[1A[2K[dotenv@17.2.3] injecting env (0) from .env.local -- tip: 📡 add observability to secrets: https://dotenvx.com/ops

[1A[2K[dotenv@17.2.3] injecting env (0) from .env.local -- tip: 🔄 add secrets lifecycle management: https://dotenvx.com/ops

[1A[2K[2/453] [chromium] › tests\add-deepwiki-mcp.spec.ts:4:3 › Add DeepWiki MCP Tests › placeholder test
[1A[2K[dotenv@17.2.3] injecting env (0) from .env.local -- tip: ⚙️  suppress all logs with { quiet: true }

[1A[2K[3/453] [chromium] › tests\api-endpoints.spec.ts:173:5 › API Endpoints › POST /api/workflows/[id]/execute › should reject invalid API key
[1A[2K[dotenv@17.2.3] injecting env (0) from .env.local -- tip: 🔑 add access controls to secrets: https://dotenvx.com/ops

[1A[2K[chromium] › tests\api-endpoints.spec.ts:173:5 › API Endpoints › POST /api/workflows/[id]/execute › should reject invalid API key
🌐 Starting API Endpoints Test Suite...

[1A[2K[dotenv@17.2.3] injecting env (0) from .env.local -- tip: 📡 add observability to secrets: https://dotenvx.com/ops

[1A[2K[4/453] [chromium] › tests\api-endpoints.spec.ts:665:5 › API Endpoints › Rate Limiting › should allow requests within rate limit
[1A[2K[chromium] › tests\api-endpoints.spec.ts:665:5 › API Endpoints › Rate Limiting › should allow requests within rate limit
🌐 Starting API Endpoints Test Suite...

[1A[2K[5/453] [chromium] › tests\api-endpoints.spec.ts:523:5 › API Endpoints › Authorization › should allow user to access own workflow
[1A[2K[6/453] [chromium] › tests\api-endpoints.spec.ts:413:5 › API Endpoints › POST /api/approval/ › should get approval status
[1A[2K[7/453] [chromium] › tests\api-endpoints.spec.ts:92:5 › API Endpoints › POST /api/workflows/[id]/execute › should execute workflow with valid input
[1A[2K[chromium] › tests\api-endpoints.spec.ts:413:5 › API Endpoints › POST /api/approval/ › should get approval status
🌐 Starting API Endpoints Test Suite...

[1A[2K[chromium] › tests\api-endpoints.spec.ts:523:5 › API Endpoints › Authorization › should allow user to access own workflow
🌐 Starting API Endpoints Test Suite...

[1A[2K[chromium] › tests\api-endpoints.spec.ts:92:5 › API Endpoints › POST /api/workflows/[id]/execute › should execute workflow with valid input
🌐 Starting API Endpoints Test Suite...

[1A[2K[8/453] [chromium] › tests\authentication.spec.ts:89:5 › Authentication & Authorization › Azure AD Authentication › should create valid token structure from Azure AD response
[1A[2K[chromium] › tests\authentication.spec.ts:89:5 › Authentication & Authorization › Azure AD Authentication › should create valid token structure from Azure AD response
🔐 Starting Authentication Test Suite...

[1A[2K[9/453] [chromium] › tests\api-endpoints.spec.ts:587:5 › API Endpoints › Input Validation › should validate input schema
[1A[2K[10/453] [chromium] › tests\api-endpoints.spec.ts:250:5 › API Endpoints › GET /api/workflows/[id]/execute-stream › should emit error event on failure
[1A[2K[chromium] › tests\api-endpoints.spec.ts:587:5 › API Endpoints › Input Validation › should validate input schema
🌐 Starting API Endpoints Test Suite...

[1A[2K[chromium] › tests\api-endpoints.spec.ts:250:5 › API Endpoints › GET /api/workflows/[id]/execute-stream › should emit error event on failure
🌐 Starting API Endpoints Test Suite...

[1A[2K[11/453] [chromium] › tests\authentication.spec.ts:101:5 › Authentication & Authorization › Azure AD Authentication › should handle short-lived tokens
[1A[2K[12/453] [chromium] › tests\authentication.spec.ts:111:5 › Authentication & Authorization › Azure AD Authentication › should generate unique tokens for different users
[1A[2K[13/453] [chromium] › tests\authentication.spec.ts:124:5 › Authentication & Authorization › Token Management › should detect expired tokens
[1A[2K[14/453] [chromium] › tests\authentication.spec.ts:133:5 › Authentication & Authorization › Token Management › should detect valid tokens
[1A[2K[chromium] › tests\authentication.spec.ts:133:5 › Authentication & Authorization › Token Management › should detect valid tokens
🔐 Starting Authentication Test Suite...

[1A[2K[15/453] [chromium] › tests\authentication.spec.ts:142:5 › Authentication & Authorization › Token Management › should calculate token expiration correctly
[1A[2K[16/453] [chromium] › tests\authentication.spec.ts:154:5 › Authentication & Authorization › Token Management › should refresh tokens before expiration
[1A[2K  1) [chromium] › tests\authentication.spec.ts:154:5 › Authentication & Authorization › Token Management › should refresh tokens before expiration 

    Error: [2mexpect([22m[31mreceived[39m[2m).[22mnot[2m.[22mtoBe[2m([22m[32mexpected[39m[2m) // Object.is equality[22m

    Expected: not [32m"mock_access_token_test-user-auth-1_1770993934303"[39m

      160 |
      161 |       // Refreshed token should have different access token
    > 162 |       expect(refreshedToken.access_token).not.toBe(originalToken.access_token);
          |                                               ^
      163 |     });
      164 |   });
      165 |
        at d:\GitHub\open-agent-builder\tests\authentication.spec.ts:162:47


[1A[2K  2) [chromium] › tests\api-endpoints.spec.ts:587:5 › API Endpoints › Input Validation › should validate input schema 

    Error: [2mexpect([22m[31mreceived[39m[2m).[22mtoBe[2m([22m[32mexpected[39m[2m) // Object.is equality[22m

    Expected: [32m400[39m
    Received: [31m401[39m

      596 |       });
      597 |
    > 598 |       expect(response.status()).toBe(400);
          |                                 ^
      599 |     });
      600 |
      601 |     test('should reject SQL injection attempts', async ({ request }) => {
        at d:\GitHub\open-agent-builder\tests\api-endpoints.spec.ts:598:33


[1A[2K[dotenv@17.2.3] injecting env (0) from .env.local -- tip: ⚙️  enable debug logging with { debug: true }

[1A[2K[17/453] [chromium] › tests\authentication.spec.ts:169:5 › Authentication & Authorization › Session Management › should create valid session structure
[1A[2K[chromium] › tests\authentication.spec.ts:169:5 › Authentication & Authorization › Session Management › should create valid session structure
🔐 Starting Authentication Test Suite...

[1A[2K[18/453] [chromium] › tests\authentication.spec.ts:181:5 › Authentication & Authorization › Session Management › should set session expiration to 24 hours by default
[1A[2K[chromium] › tests\authentication.spec.ts:181:5 › Authentication & Authorization › Session Management › should set session expiration to 24 hours by default
🔐 Starting Authentication Test Suite...

[1A[2K[19/453] [chromium] › tests\authentication.spec.ts:191:5 › Authentication & Authorization › Session Management › should allow custom session expiration
[1A[2K[20/453] [chromium] › tests\api-endpoints.spec.ts:191:5 › API Endpoints › GET /api/workflows/[id]/execute-stream › should stream workflow execution events
[1A[2K[21/453] [chromium] › tests\authentication.spec.ts:200:5 › Authentication & Authorization › Session Management › should validate session expiration
[1A[2K[22/453] [chromium] › tests\authentication.spec.ts:216:5 › Authentication & Authorization › API Key Authentication › should generate valid API key structure
[1A[2K[23/453] [chromium] › tests\authentication.spec.ts:223:5 › Authentication & Authorization › API Key Authentication › should create API key in database
[1A[2K  3) [chromium] › tests\api-endpoints.spec.ts:250:5 › API Endpoints › GET /api/workflows/[id]/execute-stream › should emit error event on failure 

    Error: [Request ID: c336a8f6236f46fb] Server Error
    ArgumentValidationError: Value does not match validator.
    Path: .edges
    Value: "[{\"id\":\"e1\",\"source\":\"start-1\",\"target\":\"http-1\",\"sourceHandle\":null,\"targetHandle\":null}]"
    Validator: v.array(v.any())


        at ConvexHttpClient.mutationInner (d:\GitHub\open-agent-builder\node_modules\convex\src\browser\http_client.ts:383:15)
        at ConvexHttpClient.processMutationQueue (d:\GitHub\open-agent-builder\node_modules\convex\src\browser\http_client.ts:398:24)


[1A[2K[chromium] › tests\authentication.spec.ts:223:5 › Authentication & Authorization › API Key Authentication › should create API key in database
🔐 Starting Authentication Test Suite...

[1A[2K  4) [chromium] › tests\api-endpoints.spec.ts:92:5 › API Endpoints › POST /api/workflows/[id]/execute › should execute workflow with valid input 

    Error: [2mexpect([22m[31mreceived[39m[2m).[22mtoBeTruthy[2m()[22m

    Received: [31mfalse[39m

      101 |       });
      102 |
    > 103 |       expect(response.ok()).toBeTruthy();
          |                             ^
      104 |       const result = await response.json();
      105 |       expect(result).toHaveProperty('success');
      106 |       expect(result).toHaveProperty('executionId');
        at d:\GitHub\open-agent-builder\tests\api-endpoints.spec.ts:103:29


[1A[2K[24/453] [chromium] › tests\authentication.spec.ts:232:5 › Authentication & Authorization › API Key Authentication › should validate API key format
[1A[2K[25/453] [chromium] › tests\authentication.spec.ts:252:5 › Authentication & Authorization › API Key Authentication › should reject expired API keys
[1A[2K[26/453] [chromium] › tests\authentication.spec.ts:262:5 › Authentication & Authorization › API Key Authentication › should reject revoked API keys
[1A[2K[27/453] [chromium] › tests\authentication.spec.ts:272:5 › Authentication & Authorization › API Key Authentication › should track API key usage
[1A[2K[chromium] › tests\authentication.spec.ts:272:5 › Authentication & Authorization › API Key Authentication › should track API key usage
🔐 Starting Authentication Test Suite...

[1A[2K  5) [chromium] › tests\api-endpoints.spec.ts:413:5 › API Endpoints › POST /api/approval/ › should get approval status 

    Error: [2mexpect([22m[31mreceived[39m[2m).[22mtoBeTruthy[2m()[22m

    Received: [31mfalse[39m

      436 |       });
      437 |
    > 438 |       expect(getResponse.ok()).toBeTruthy();
          |                                ^
      439 |       const result = await getResponse.json();
      440 |       expect(result.status).toBe('pending');
      441 |     });
        at d:\GitHub\open-agent-builder\tests\api-endpoints.spec.ts:438:32


[1A[2K[28/453] [chromium] › tests\authentication.spec.ts:290:5 › Authentication & Authorization › Middleware Protection › should allow access to public routes without authentication
[1A[2K  6) [chromium] › tests\api-endpoints.spec.ts:191:5 › API Endpoints › GET /api/workflows/[id]/execute-stream › should stream workflow execution events 

    Error: [2mexpect([22m[31mreceived[39m[2m).[22mtoBeTruthy[2m()[22m

    Received: [31mfalse[39m

      199 |       );
      200 |
    > 201 |       expect(response.ok()).toBeTruthy();
          |                             ^
      202 |       expect(response.headers()['content-type']).toContain('text/event-stream');
      203 |
      204 |       const body = await response.text();
        at d:\GitHub\open-agent-builder\tests\api-endpoints.spec.ts:201:29


[1A[2K[29/453] [chromium] › tests\authentication.spec.ts:305:5 › Authentication & Authorization › Middleware Protection › should protect authenticated routes
[1A[2K[30/453] [chromium] › tests\api-endpoints.spec.ts:533:5 › API Endpoints › Authorization › should deny access to other users workflow
[1A[2K[dotenv@17.2.3] injecting env (0) from .env.local -- tip: 🗂️ backup and recover secrets: https://dotenvx.com/ops

[1A[2K[31/453] [chromium] › tests\authentication.spec.ts:325:5 › Authentication & Authorization › Middleware Protection › should allow API key authentication for workflow execution
[1A[2K[32/453] [chromium] › tests\api-endpoints.spec.ts:678:5 › API Endpoints › Rate Limiting › should rate limit excessive requests
[1A[2K[33/453] [chromium] › tests\authentication.spec.ts:386:5 › Authentication & Authorization › Authorization & Resource Access › should enforce workflow ownership
[1A[2K[chromium] › tests\authentication.spec.ts:386:5 › Authentication & Authorization › Authorization & Resource Access › should enforce workflow ownership
🔐 Starting Authentication Test Suite...

[1A[2K[34/453] [chromium] › tests\api-endpoints.spec.ts:601:5 › API Endpoints › Input Validation › should reject SQL injection attempts
[1A[2K[dotenv@17.2.3] injecting env (0) from .env.local -- tip: 🔐 prevent building .env in docker: https://dotenvx.com/prebuild

[1A[2K[chromium] › tests\api-endpoints.spec.ts:601:5 › API Endpoints › Input Validation › should reject SQL injection attempts
🌐 Starting API Endpoints Test Suite...

[1A[2K[dotenv@17.2.3] injecting env (0) from .env.local -- tip: 🔐 prevent committing .env to code: https://dotenvx.com/precommit

[1A[2K[35/453] [chromium] › tests\api-endpoints.spec.ts:295:5 › API Endpoints › GET /api/workflows/[id]/execute-stream › should reject streaming without authentication
[1A[2K[chromium] › tests\api-endpoints.spec.ts:295:5 › API Endpoints › GET /api/workflows/[id]/execute-stream › should reject streaming without authentication
🌐 Starting API Endpoints Test Suite...

[1A[2K[dotenv@17.2.3] injecting env (0) from .env.local -- tip: 🔄 add secrets lifecycle management: https://dotenvx.com/ops

[1A[2K[36/453] [chromium] › tests\api-endpoints.spec.ts:109:5 › API Endpoints › POST /api/workflows/[id]/execute › should reject execution without authentication
[1A[2K[chromium] › tests\api-endpoints.spec.ts:109:5 › API Endpoints › POST /api/workflows/[id]/execute › should reject execution without authentication
🌐 Starting API Endpoints Test Suite...

[1A[2K[dotenv@17.2.3] injecting env (0) from .env.local -- tip: 🔄 add secrets lifecycle management: https://dotenvx.com/ops

[1A[2K[37/453] [chromium] › tests\api-endpoints.spec.ts:443:5 › API Endpoints › POST /api/approval/ › should approve approval
[1A[2K[chromium] › tests\api-endpoints.spec.ts:443:5 › API Endpoints › POST /api/approval/ › should approve approval
🌐 Starting API Endpoints Test Suite...

[1A[2K[38/453] [chromium] › tests\api-endpoints.spec.ts:208:5 › API Endpoints › GET /api/workflows/[id]/execute-stream › should emit node_started events
[1A[2K[chromium] › tests\api-endpoints.spec.ts:208:5 › API Endpoints › GET /api/workflows/[id]/execute-stream › should emit node_started events
🌐 Starting API Endpoints Test Suite...

[1A[2K  7) [chromium] › tests\authentication.spec.ts:386:5 › Authentication & Authorization › Authorization & Resource Access › should enforce workflow ownership 

    Error: [Request ID: be35d40dd23af5b1] Server Error
    ArgumentValidationError: Value does not match validator.
    Path: .edges
    Value: "[{\"id\":\"e1\",\"source\":\"start\",\"target\":\"end\"}]"
    Validator: v.array(v.any())


        at ConvexHttpClient.mutationInner (d:\GitHub\open-agent-builder\node_modules\convex\src\browser\http_client.ts:383:15)
        at ConvexHttpClient.processMutationQueue (d:\GitHub\open-agent-builder\node_modules\convex\src\browser\http_client.ts:398:24)


[1A[2K[39/453] [chromium] › tests\authentication.spec.ts:396:5 › Authentication & Authorization › Authorization & Resource Access › should isolate user workflows
[1A[2K[40/453] [chromium] › tests\authentication.spec.ts:409:5 › Authentication & Authorization › Authorization & Resource Access › should prevent unauthorized workflow modification
[1A[2K[41/453] [chromium] › tests\authentication.spec.ts:428:5 › Authentication & Authorization › Authorization & Resource Access › should prevent unauthorized workflow deletion
[1A[2K  8) [chromium] › tests\api-endpoints.spec.ts:533:5 › API Endpoints › Authorization › should deny access to other users workflow 

    Error: [2mexpect([22m[31mreceived[39m[2m).[22mtoBe[2m([22m[32mexpected[39m[2m) // Object.is equality[22m

    Expected: [32m403[39m
    Received: [31m200[39m

      538 |       });
      539 |
    > 540 |       expect(response.status()).toBe(403);
          |                                 ^
      541 |     });
      542 |
      543 |     test('should allow user to execute own workflow', async ({ request }) => {
        at d:\GitHub\open-agent-builder\tests\api-endpoints.spec.ts:540:33


[1A[2K[42/453] [chromium] › tests\api-endpoints.spec.ts:122:5 › API Endpoints › POST /api/workflows/[id]/execute › should reject execution with invalid workflow ID
[1A[2K  9) [chromium] › tests\api-endpoints.spec.ts:601:5 › API Endpoints › Input Validation › should reject SQL injection attempts 

    Error: [2mexpect([22m[31mreceived[39m[2m).[22mtoBeTruthy[2m()[22m

    Received: [31mfalse[39m

      611 |
      612 |       // Should still execute (input is sanitized), but no SQL injection should occur
    > 613 |       expect(response.ok()).toBeTruthy();
          |                             ^
      614 |     });
      615 |
      616 |     test('should reject XSS attempts in input', async ({ request }) => {
        at d:\GitHub\open-agent-builder\tests\api-endpoints.spec.ts:613:29


[1A[2K  10) [chromium] › tests\api-endpoints.spec.ts:208:5 › API Endpoints › GET /api/workflows/[id]/execute-stream › should emit node_started events 

    Error: [2mexpect([22m[31mreceived[39m[2m).[22mtoContain[2m([22m[32mexpected[39m[2m) // indexOf[22m

    Expected substring: [32m"event: node_started"[39m
    Received string:    [31m""[39m

      217 |
      218 |       const body = await response.text();
    > 219 |       expect(body).toContain('event: node_started');
          |                    ^
      220 |     });
      221 |
      222 |     test('should emit node_completed events', async ({ request }) => {
        at d:\GitHub\open-agent-builder\tests\api-endpoints.spec.ts:219:20


[1A[2K  11) [chromium] › tests\api-endpoints.spec.ts:443:5 › API Endpoints › POST /api/approval/ › should approve approval 

    Error: [2mexpect([22m[31mreceived[39m[2m).[22mtoBeTruthy[2m()[22m

    Received: [31mfalse[39m

      471 |       });
      472 |
    > 473 |       expect(approveResponse.ok()).toBeTruthy();
          |                                    ^
      474 |       const result = await approveResponse.json();
      475 |       expect(result.status).toBe('approved');
      476 |     });
        at d:\GitHub\open-agent-builder\tests\api-endpoints.spec.ts:473:36


[1A[2K  12) [chromium] › tests\api-endpoints.spec.ts:122:5 › API Endpoints › POST /api/workflows/[id]/execute › should reject execution with invalid workflow ID 

    Error: [2mexpect([22m[31mreceived[39m[2m).[22mtoBe[2m([22m[32mexpected[39m[2m) // Object.is equality[22m

    Expected: [32m400[39m
    Received: [31m401[39m

      131 |       });
      132 |
    > 133 |       expect(response.status()).toBe(400);
          |                                 ^
      134 |     });
      135 |
      136 |     test('should reject execution with missing required inputs', async ({ request }) => {
        at d:\GitHub\open-agent-builder\tests\api-endpoints.spec.ts:133:33


[1A[2K[dotenv@17.2.3] injecting env (0) from .env.local -- tip: 🔐 prevent building .env in docker: https://dotenvx.com/prebuild

[1A[2K  13) [chromium] › tests\api-endpoints.spec.ts:295:5 › API Endpoints › GET /api/workflows/[id]/execute-stream › should reject streaming without authentication 

    Error: [2mexpect([22m[31mreceived[39m[2m).[22mtoBe[2m([22m[32mexpected[39m[2m) // Object.is equality[22m

    Expected: [32m401[39m
    Received: [31m405[39m

      303 |       );
      304 |
    > 305 |       expect(response.status()).toBe(401);
          |                                 ^
      306 |     });
      307 |   });
      308 |
        at d:\GitHub\open-agent-builder\tests\api-endpoints.spec.ts:305:33


[1A[2K[43/453] [chromium] › tests\authentication.spec.ts:448:5 › Authentication & Authorization › Token Refresh Flow › should detect tokens nearing expiration
[1A[2K[chromium] › tests\authentication.spec.ts:448:5 › Authentication & Authorization › Token Refresh Flow › should detect tokens nearing expiration
🔐 Starting Authentication Test Suite...

[1A[2K[44/453] [chromium] › tests\authentication.spec.ts:456:5 › Authentication & Authorization › Token Refresh Flow › should handle refresh token grant
[1A[2K[dotenv@17.2.3] injecting env (0) from .env.local -- tip: ⚙️  override existing env vars with { override: true }

[1A[2K  14) [chromium] › tests\authentication.spec.ts:456:5 › Authentication & Authorization › Token Refresh Flow › should handle refresh token grant 

    Error: [2mexpect([22m[31mreceived[39m[2m).[22mnot[2m.[22mtoBe[2m([22m[32mexpected[39m[2m) // Object.is equality[22m

    Expected: not [32m"mock_access_token_test-user-auth-1_1770993938600"[39m

      461 |
      462 |       // Verify new token is different and has longer lifetime
    > 463 |       expect(refreshedToken.access_token).not.toBe(originalToken.access_token);
          |                                               ^
      464 |       expect(refreshedToken.expires_in).toBeGreaterThan(originalToken.expires_in);
      465 |     });
      466 |
        at d:\GitHub\open-agent-builder\tests\authentication.spec.ts:463:47


[1A[2K[45/453] [chromium] › tests\api-endpoints.spec.ts:543:5 › API Endpoints › Authorization › should allow user to execute own workflow
[1A[2K[chromium] › tests\api-endpoints.spec.ts:543:5 › API Endpoints › Authorization › should allow user to execute own workflow
🌐 Starting API Endpoints Test Suite...

[1A[2K[dotenv@17.2.3] injecting env (0) from .env.local -- tip: ⚙️  enable debug logging with { debug: true }

[1A[2K[dotenv@17.2.3] injecting env (0) from .env.local -- tip: 🔐 prevent building .env in docker: https://dotenvx.com/prebuild

[1A[2K[dotenv@17.2.3] injecting env (0) from .env.local -- tip: 📡 add observability to secrets: https://dotenvx.com/ops

[1A[2K[dotenv@17.2.3] injecting env (0) from .env.local -- tip: 🔐 prevent committing .env to code: https://dotenvx.com/precommit

[1A[2K[46/453] [chromium] › tests\api-endpoints.spec.ts:616:5 › API Endpoints › Input Validation › should reject XSS attempts in input
[1A[2K[chromium] › tests\api-endpoints.spec.ts:616:5 › API Endpoints › Input Validation › should reject XSS attempts in input
🌐 Starting API Endpoints Test Suite...

[1A[2K[47/453] [chromium] › tests\api-endpoints.spec.ts:482:5 › API Endpoints › GET /api/config › should return configuration
[1A[2K[48/453] [chromium] › tests\api-endpoints.spec.ts:222:5 › API Endpoints › GET /api/workflows/[id]/execute-stream › should emit node_completed events
[1A[2K[chromium] › tests\api-endpoints.spec.ts:482:5 › API Endpoints › GET /api/config › should return configuration
🌐 Starting API Endpoints Test Suite...

[1A[2K[chromium] › tests\api-endpoints.spec.ts:222:5 › API Endpoints › GET /api/workflows/[id]/execute-stream › should emit node_completed events
🌐 Starting API Endpoints Test Suite...

[1A[2K[49/453] [chromium] › tests\api-endpoints.spec.ts:136:5 › API Endpoints › POST /api/workflows/[id]/execute › should reject execution with missing required inputs
[1A[2K[chromium] › tests\api-endpoints.spec.ts:136:5 › API Endpoints › POST /api/workflows/[id]/execute › should reject execution with missing required inputs
🌐 Starting API Endpoints Test Suite...

[1A[2K  15) [chromium] › tests\api-endpoints.spec.ts:543:5 › API Endpoints › Authorization › should allow user to execute own workflow 

    Error: [2mexpect([22m[31mreceived[39m[2m).[22mtoBeTruthy[2m()[22m

    Received: [31mfalse[39m

      552 |       });
      553 |
    > 554 |       expect(response.ok()).toBeTruthy();
          |                             ^
      555 |     });
      556 |
      557 |     test('should deny execution of other users workflow', async ({ request }) => {
        at d:\GitHub\open-agent-builder\tests\api-endpoints.spec.ts:554:29


[1A[2K[dotenv@17.2.3] injecting env (0) from .env.local -- tip: 📡 add observability to secrets: https://dotenvx.com/ops

[1A[2K[dotenv@17.2.3] injecting env (0) from .env.local -- tip: ⚙️  load multiple .env files with { path: ['.env.local', '.env'] }

[1A[2K[50/453] [chromium] › tests\api-endpoints.spec.ts:312:5 › API Endpoints › POST /api/workflows/[id]/resume › should resume workflow after approval
[1A[2K[chromium] › tests\api-endpoints.spec.ts:312:5 › API Endpoints › POST /api/workflows/[id]/resume › should resume workflow after approval
🌐 Starting API Endpoints Test Suite...

[1A[2K[51/453] [chromium] › tests\authentication.spec.ts:467:5 › Authentication & Authorization › Token Refresh Flow › should preserve refresh token across refreshes
[1A[2K[chromium] › tests\authentication.spec.ts:467:5 › Authentication & Authorization › Token Refresh Flow › should preserve refresh token across refreshes
🔐 Starting Authentication Test Suite...

[1A[2K[52/453] [chromium] › tests\authentication.spec.ts:479:5 › Authentication & Authorization › Token Refresh Flow › should handle refresh token errors gracefully
[1A[2K  16) [chromium] › tests\api-endpoints.spec.ts:616:5 › API Endpoints › Input Validation › should reject XSS attempts in input 

    Error: [2mexpect([22m[31mreceived[39m[2m).[22mtoBeTruthy[2m()[22m

    Received: [31mfalse[39m

      626 |
      627 |       // Should execute, but script tags should be sanitized in output
    > 628 |       expect(response.ok()).toBeTruthy();
          |                             ^
      629 |     });
      630 |
      631 |     test('should validate workflow ID format', async ({ request }) => {
        at d:\GitHub\open-agent-builder\tests\api-endpoints.spec.ts:628:29


[1A[2K  17) [chromium] › tests\api-endpoints.spec.ts:222:5 › API Endpoints › GET /api/workflows/[id]/execute-stream › should emit node_completed events 

    Error: [2mexpect([22m[31mreceived[39m[2m).[22mtoContain[2m([22m[32mexpected[39m[2m) // indexOf[22m

    Expected substring: [32m"event: node_completed"[39m
    Received string:    [31m""[39m

      231 |
      232 |       const body = await response.text();
    > 233 |       expect(body).toContain('event: node_completed');
          |                    ^
      234 |     });
      235 |
      236 |     test('should emit workflow_completed event', async ({ request }) => {
        at d:\GitHub\open-agent-builder\tests\api-endpoints.spec.ts:233:20


[1A[2K  18) [chromium] › tests\api-endpoints.spec.ts:482:5 › API Endpoints › GET /api/config › should return configuration 

    Error: [2mexpect([22m[31mreceived[39m[2m).[22mtoHaveProperty[2m([22m[32mpath[39m[2m)[22m

    Expected path: [32m"llmProviders"[39m
    Received path: [31m[][39m

    Received value: [31m{"anthropicConfigured": true, "arcadeConfigured": false, "browserlessConfigured": true, "e2bConfigured": true, "firecrawlConfigured": true, "gammaConfigured": true, "googleConfigured": true, "groqConfigured": true, "hasKeys": true, "openaiConfigured": true, "scraperapiConfigured": false, "serpApiConfigured": false, "serperConfigured": false, "tavilyConfigured": true}[39m

      489 |       expect(response.ok()).toBeTruthy();
      490 |       const config = await response.json();
    > 491 |       expect(config).toHaveProperty('llmProviders');
          |                      ^
      492 |       expect(config).toHaveProperty('tools');
      493 |     });
      494 |
        at d:\GitHub\open-agent-builder\tests\api-endpoints.spec.ts:491:22


[1A[2K[dotenv@17.2.3] injecting env (0) from .env.local -- tip: 🔄 add secrets lifecycle management: https://dotenvx.com/ops

[1A[2K  19) [chromium] › tests\api-endpoints.spec.ts:136:5 › API Endpoints › POST /api/workflows/[id]/execute › should reject execution with missing required inputs 

    Error: [2mexpect([22m[31mreceived[39m[2m).[22mtoBe[2m([22m[32mexpected[39m[2m) // Object.is equality[22m

    Expected: [32m400[39m
    Received: [31m401[39m

      145 |       });
      146 |
    > 147 |       expect(response.status()).toBe(400);
          |                                 ^
      148 |     });
      149 |
      150 |     test('should accept API key authentication', async ({ request }) => {
        at d:\GitHub\open-agent-builder\tests\api-endpoints.spec.ts:147:33


[1A[2K[53/453] [chromium] › tests\api-endpoints.spec.ts:557:5 › API Endpoints › Authorization › should deny execution of other users workflow
[1A[2K[chromium] › tests\api-endpoints.spec.ts:557:5 › API Endpoints › Authorization › should deny execution of other users workflow
🌐 Starting API Endpoints Test Suite...

[1A[2K  20) [chromium] › tests\api-endpoints.spec.ts:312:5 › API Endpoints › POST /api/workflows/[id]/resume › should resume workflow after approval 

    Error: [Request ID: 8ea7ac2dbb6cf44f] Server Error
    ArgumentValidationError: Value does not match validator.
    Path: .edges
    Value: "[{\"id\":\"e1\",\"source\":\"start-1\",\"target\":\"approval-1\",\"sourceHandle\":null,\"targetHandle\":null},{\"id\":\"e2\",\"source\":\"approval-1\",\"target\":\"end-1\",\"sourceHandle\":null,\"targetHandle\":null}]"
    Validator: v.array(v.any())


        at ConvexHttpClient.mutationInner (d:\GitHub\open-agent-builder\node_modules\convex\src\browser\http_client.ts:383:15)
        at ConvexHttpClient.processMutationQueue (d:\GitHub\open-agent-builder\node_modules\convex\src\browser\http_client.ts:398:24)


[1A[2K[54/453] [chromium] › tests\comprehensive-regression.spec.ts:377:7 › Comprehensive Regression Suite › Model Testing › should execute basic prompt with anthropic/claude-sonnet-4
[1A[2K[chromium] › tests\comprehensive-regression.spec.ts:377:7 › Comprehensive Regression Suite › Model Testing › should execute basic prompt with anthropic/claude-sonnet-4
🚀 Starting Comprehensive Regression Test Suite...

[1A[2K🧹 [CLEANUP] Fetching workflows for cleanup...

[1A[2K[dotenv@17.2.3] injecting env (0) from .env.local -- tip: ⚙️  suppress all logs with { quiet: true }

[1A[2K[dotenv@17.2.3] injecting env (0) from .env.local -- tip: ✅ audit secrets and track compliance: https://dotenvx.com/ops

[1A[2K[55/453] [chromium] › tests\api-endpoints.spec.ts:631:5 › API Endpoints › Input Validation › should validate workflow ID format
[1A[2K[chromium] › tests\api-endpoints.spec.ts:631:5 › API Endpoints › Input Validation › should validate workflow ID format
🌐 Starting API Endpoints Test Suite...

[1A[2K[56/453] [chromium] › tests\api-endpoints.spec.ts:236:5 › API Endpoints › GET /api/workflows/[id]/execute-stream › should emit workflow_completed event
[1A[2K[chromium] › tests\api-endpoints.spec.ts:236:5 › API Endpoints › GET /api/workflows/[id]/execute-stream › should emit workflow_completed event
🌐 Starting API Endpoints Test Suite...

[1A[2K  21) [chromium] › tests\api-endpoints.spec.ts:557:5 › API Endpoints › Authorization › should deny execution of other users workflow 

    Error: [2mexpect([22m[31mreceived[39m[2m).[22mtoBe[2m([22m[32mexpected[39m[2m) // Object.is equality[22m

    Expected: [32m403[39m
    Received: [31m401[39m

      566 |       });
      567 |
    > 568 |       expect(response.status()).toBe(403);
          |                                 ^
      569 |     });
      570 |   });
      571 |
        at d:\GitHub\open-agent-builder\tests\api-endpoints.spec.ts:568:33


[1A[2K[dotenv@17.2.3] injecting env (0) from .env.local -- tip: 🔑 add access controls to secrets: https://dotenvx.com/ops

[1A[2K[chromium] › tests\comprehensive-regression.spec.ts:377:7 › Comprehensive Regression Suite › Model Testing › should execute basic prompt with anthropic/claude-sonnet-4
🧹 [CLEANUP] Found 25 total workflows

[1A[2K🧹 [CLEANUP] Found 0 test workflows to delete

[1A[2K🧹 [CLEANUP] Complete: 0 deleted, 0 errors

[1A[2K[57/453] [chromium] › tests\comprehensive-regression.spec.ts:377:7 › Comprehensive Regression Suite › Model Testing › should execute basic prompt with anthropic/claude-haiku-4
[1A[2K[chromium] › tests\comprehensive-regression.spec.ts:377:7 › Comprehensive Regression Suite › Model Testing › should execute basic prompt with anthropic/claude-haiku-4
🧹 [CLEANUP] Fetching workflows for cleanup...

[1A[2K[dotenv@17.2.3] injecting env (0) from .env.local -- tip: 🔐 prevent committing .env to code: https://dotenvx.com/precommit

[1A[2K[58/453] [chromium] › tests\api-endpoints.spec.ts:495:5 › API Endpoints › GET /api/config › should return LLM providers configuration
[1A[2K[chromium] › tests\api-endpoints.spec.ts:495:5 › API Endpoints › GET /api/config › should return LLM providers configuration
🌐 Starting API Endpoints Test Suite...

[1A[2K[59/453] [chromium] › tests\api-endpoints.spec.ts:150:5 › API Endpoints › POST /api/workflows/[id]/execute › should accept API key authentication
[1A[2K[chromium] › tests\api-endpoints.spec.ts:150:5 › API Endpoints › POST /api/workflows/[id]/execute › should accept API key authentication
🌐 Starting API Endpoints Test Suite...

[1A[2K[dotenv@17.2.3] injecting env (0) from .env.local -- tip: 🛠️  run anywhere with `dotenvx run -- yourcommand`

[1A[2K[60/453] [chromium] › tests\api-endpoints.spec.ts:376:5 › API Endpoints › POST /api/workflows/[id]/resume › should reject resume without authentication
[1A[2K[chromium] › tests\api-endpoints.spec.ts:376:5 › API Endpoints › POST /api/workflows/[id]/resume › should reject resume without authentication
🌐 Starting API Endpoints Test Suite...

[1A[2K  22) [chromium] › tests\api-endpoints.spec.ts:631:5 › API Endpoints › Input Validation › should validate workflow ID format 

    Error: [2mexpect([22m[31mreceived[39m[2m).[22mtoBe[2m([22m[32mexpected[39m[2m) // Object.is equality[22m

    Expected: [32m400[39m
    Received: [31m401[39m

      640 |       });
      641 |
    > 642 |       expect(response.status()).toBe(400);
          |                                 ^
      643 |     });
      644 |
      645 |     test('should enforce max input size', async ({ request }) => {
        at d:\GitHub\open-agent-builder\tests\api-endpoints.spec.ts:642:33


[1A[2K  23) [chromium] › tests\api-endpoints.spec.ts:236:5 › API Endpoints › GET /api/workflows/[id]/execute-stream › should emit workflow_completed event 

    Error: [2mexpect([22m[31mreceived[39m[2m).[22mtoContain[2m([22m[32mexpected[39m[2m) // indexOf[22m

    Expected substring: [32m"event: workflow_completed"[39m
    Received string:    [31m""[39m

      245 |
      246 |       const body = await response.text();
    > 247 |       expect(body).toContain('event: workflow_completed');
          |                    ^
      248 |     });
      249 |
      250 |     test('should emit error event on failure', async ({ request }) => {
        at d:\GitHub\open-agent-builder\tests\api-endpoints.spec.ts:247:20


[1A[2K[chromium] › tests\comprehensive-regression.spec.ts:377:7 › Comprehensive Regression Suite › Model Testing › should execute basic prompt with anthropic/claude-haiku-4
🧹 [CLEANUP] Found 26 total workflows

[1A[2K🧹 [CLEANUP] Found 0 test workflows to delete

[1A[2K🧹 [CLEANUP] Complete: 0 deleted, 0 errors

[1A[2K[61/453] [chromium] › tests\comprehensive-regression.spec.ts:377:7 › Comprehensive Regression Suite › Model Testing › should execute basic prompt with openai/gpt-4o
[1A[2K[chromium] › tests\comprehensive-regression.spec.ts:377:7 › Comprehensive Regression Suite › Model Testing › should execute basic prompt with openai/gpt-4o
🧹 [CLEANUP] Fetching workflows for cleanup...

[1A[2K[dotenv@17.2.3] injecting env (0) from .env.local -- tip: 🔐 prevent committing .env to code: https://dotenvx.com/precommit

[1A[2K[62/453] [chromium] › tests\api-endpoints.spec.ts:394:5 › API Endpoints › POST /api/approval/ › should create approval record
[1A[2K[63/453] [chromium] › tests\api-endpoints.spec.ts:575:5 › API Endpoints › Input Validation › should reject malformed JSON
[1A[2K🧹 [CLEANUP] Found 27 total workflows

[1A[2K🧹 [CLEANUP] Found 0 test workflows to delete

[1A[2K🧹 [CLEANUP] Complete: 0 deleted, 0 errors

[1A[2K[chromium] › tests\api-endpoints.spec.ts:575:5 › API Endpoints › Input Validation › should reject malformed JSON
🌐 Starting API Endpoints Test Suite...

[1A[2K[64/453] [chromium] › tests\comprehensive-regression.spec.ts:377:7 › Comprehensive Regression Suite › Model Testing › should execute basic prompt with openai/gpt-4o-mini
[1A[2K  24) [chromium] › tests\api-endpoints.spec.ts:495:5 › API Endpoints › GET /api/config › should return LLM providers configuration 

    Error: [2mexpect([22m[31mreceived[39m[2m).[22mtoBeInstanceOf[2m([22m[32mexpected[39m[2m)[22m

    Expected constructor: [32mArray[39m

    Received value has no prototype
    Received value: [31mundefined[39m

      501 |
      502 |       const config = await response.json();
    > 503 |       expect(config.llmProviders).toBeInstanceOf(Array);
          |                                   ^
      504 |       expect(config.llmProviders.length).toBeGreaterThan(0);
      505 |     });
      506 |
        at d:\GitHub\open-agent-builder\tests\api-endpoints.spec.ts:503:35


[1A[2K[chromium] › tests\comprehensive-regression.spec.ts:377:7 › Comprehensive Regression Suite › Model Testing › should execute basic prompt with openai/gpt-4o-mini
🧹 [CLEANUP] Fetching workflows for cleanup...

[1A[2K  25) [chromium] › tests\api-endpoints.spec.ts:150:5 › API Endpoints › POST /api/workflows/[id]/execute › should accept API key authentication 

    Error: [Request ID: 299a482d899d8b77] Server Error
    Could not find public function for 'apiKeys:generate'. Did you forget to run `npx convex dev` or `npx convex deploy`?

        at ConvexHttpClient.mutationInner (d:\GitHub\open-agent-builder\node_modules\convex\src\browser\http_client.ts:383:15)
        at ConvexHttpClient.processMutationQueue (d:\GitHub\open-agent-builder\node_modules\convex\src\browser\http_client.ts:398:24)


[1A[2K  26) [chromium] › tests\api-endpoints.spec.ts:394:5 › API Endpoints › POST /api/approval/ › should create approval record 

    Error: [2mexpect([22m[31mreceived[39m[2m).[22mtoBeTruthy[2m()[22m

    Received: [31mfalse[39m

      406 |       });
      407 |
    > 408 |       expect(response.ok()).toBeTruthy();
          |                             ^
      409 |       const result = await response.json();
      410 |       expect(result).toHaveProperty('approvalId');
      411 |     });
        at d:\GitHub\open-agent-builder\tests\api-endpoints.spec.ts:408:29


[1A[2K🧹 [CLEANUP] Found 24 total workflows

[1A[2K🧹 [CLEANUP] Found 0 test workflows to delete

[1A[2K🧹 [CLEANUP] Complete: 0 deleted, 0 errors

[1A[2K[65/453] [chromium] › tests\comprehensive-regression.spec.ts:377:7 › Comprehensive Regression Suite › Model Testing › should execute basic prompt with google/gemini-2.0-flash
[1A[2K[chromium] › tests\comprehensive-regression.spec.ts:377:7 › Comprehensive Regression Suite › Model Testing › should execute basic prompt with google/gemini-2.0-flash
🧹 [CLEANUP] Fetching workflows for cleanup...

[1A[2K[dotenv@17.2.3] injecting env (0) from .env.local -- tip: ⚙️  override existing env vars with { override: true }

[1A[2K[dotenv@17.2.3] injecting env (0) from .env.local -- tip: 🔐 prevent building .env in docker: https://dotenvx.com/prebuild

[1A[2K  27) [chromium] › tests\api-endpoints.spec.ts:678:5 › API Endpoints › Rate Limiting › should rate limit excessive requests 

    Error: [2mexpect([22m[31mreceived[39m[2m).[22mtoBeGreaterThan[2m([22m[32mexpected[39m[2m)[22m

    Expected: > [32m0[39m
    Received:   [31m0[39m

      692 |
      693 |       // At least some requests should be rate limited
    > 694 |       expect(rateLimitedResponses.length).toBeGreaterThan(0);
          |                                           ^
      695 |     });
      696 |
      697 |     test('should include rate limit headers', async ({ request }) => {
        at d:\GitHub\open-agent-builder\tests\api-endpoints.spec.ts:694:43


[1A[2K[66/453] [chromium] › tests\api-endpoints.spec.ts:645:5 › API Endpoints › Input Validation › should enforce max input size
[1A[2K[chromium] › tests\api-endpoints.spec.ts:645:5 › API Endpoints › Input Validation › should enforce max input size
🌐 Starting API Endpoints Test Suite...

[1A[2K  28) [chromium] › tests\api-endpoints.spec.ts:575:5 › API Endpoints › Input Validation › should reject malformed JSON 

    Error: [2mexpect([22m[31mreceived[39m[2m).[22mtoBe[2m([22m[32mexpected[39m[2m) // Object.is equality[22m

    Expected: [32m400[39m
    Received: [31m401[39m

      582 |       });
      583 |
    > 584 |       expect(response.status()).toBe(400);
          |                                 ^
      585 |     });
      586 |
      587 |     test('should validate input schema', async ({ request }) => {
        at d:\GitHub\open-agent-builder\tests\api-endpoints.spec.ts:584:33


[1A[2K[chromium] › tests\comprehensive-regression.spec.ts:377:7 › Comprehensive Regression Suite › Model Testing › should execute basic prompt with google/gemini-2.0-flash
🧹 [CLEANUP] Found 23 total workflows

[1A[2K🧹 [CLEANUP] Found 0 test workflows to delete

[1A[2K🧹 [CLEANUP] Complete: 0 deleted, 0 errors

[1A[2K
📄 JSON Report: d:\GitHub\open-agent-builder\test-reports\regression-1770993941370.json

[1A[2K📊 HTML Report: d:\GitHub\open-agent-builder\test-reports\regression-1770993941370.html

[1A[2K
============================================================

[1A[2K📊 REGRESSION TEST SUMMARY

[1A[2K============================================================

[1A[2KTotal Tests: 5

[1A[2K✅ Passed: 5

[1A[2K❌ Failed: 0

[1A[2K⏭️  Skipped: 0

[1A[2K📈 Pass Rate: 100.00%

[1A[2K⏱️  Duration: 2.96s

[1A[2K============================================================


[1A[2K[67/453] [chromium] › tests\comprehensive-regression.spec.ts:624:5 › Comprehensive Regression Suite › Database Operations › should update workflow
[1A[2K[chromium] › tests\comprehensive-regression.spec.ts:624:5 › Comprehensive Regression Suite › Database Operations › should update workflow
🚀 Starting Comprehensive Regression Test Suite...

[1A[2K[dotenv@17.2.3] injecting env (0) from .env.local -- tip: ⚙️  specify custom .env file path with { path: '/custom/path/.env' }

[1A[2K[dotenv@17.2.3] injecting env (0) from .env.local -- tip: 📡 add observability to secrets: https://dotenvx.com/ops

[1A[2K[dotenv@17.2.3] injecting env (0) from .env.local -- tip: 🔐 encrypt with Dotenvx: https://dotenvx.com

[1A[2K[68/453] [chromium] › tests\api-endpoints.spec.ts:507:5 › API Endpoints › GET /api/config › should return tools configuration
[1A[2K[chromium] › tests\api-endpoints.spec.ts:507:5 › API Endpoints › GET /api/config › should return tools configuration
🌐 Starting API Endpoints Test Suite...

[1A[2K  29) [chromium] › tests\api-endpoints.spec.ts:645:5 › API Endpoints › Input Validation › should enforce max input size 

    Error: [2mexpect([22m[31mreceived[39m[2m).[22mtoBe[2m([22m[32mexpected[39m[2m) // Object.is equality[22m

    Expected: [32m413[39m
    Received: [31m401[39m

      656 |       });
      657 |
    > 658 |       expect(response.status()).toBe(413); // Payload Too Large
          |                                 ^
      659 |     });
      660 |   });
      661 |
        at d:\GitHub\open-agent-builder\tests\api-endpoints.spec.ts:658:33


[1A[2K[chromium] › tests\comprehensive-regression.spec.ts:624:5 › Comprehensive Regression Suite › Database Operations › should update workflow
🧹 [CLEANUP] Fetching workflows for cleanup...

[1A[2K[dotenv@17.2.3] injecting env (0) from .env.local -- tip: 🗂️ backup and recover secrets: https://dotenvx.com/ops

[1A[2K[dotenv@17.2.3] injecting env (0) from .env.local -- tip: ⚙️  enable debug logging with { debug: true }

[1A[2K[69/453] [chromium] › tests\api-endpoints.spec.ts:697:5 › API Endpoints › Rate Limiting › should include rate limit headers
[1A[2K[chromium] › tests\api-endpoints.spec.ts:697:5 › API Endpoints › Rate Limiting › should include rate limit headers
🌐 Starting API Endpoints Test Suite...

[1A[2K[70/453] [chromium] › tests\comprehensive-regression.spec.ts:377:7 › Comprehensive Regression Suite › Model Testing › should execute basic prompt with groq/llama-3.3-70b
[1A[2K[chromium] › tests\comprehensive-regression.spec.ts:377:7 › Comprehensive Regression Suite › Model Testing › should execute basic prompt with groq/llama-3.3-70b
🚀 Starting Comprehensive Regression Test Suite...

[1A[2K🧹 [CLEANUP] Fetching workflows for cleanup...

[1A[2K[chromium] › tests\comprehensive-regression.spec.ts:624:5 › Comprehensive Regression Suite › Database Operations › should update workflow
🧹 [CLEANUP] Found 24 total workflows

[1A[2K🧹 [CLEANUP] Found 1 test workflows to delete

[1A[2K🧹 [CLEANUP] ✓ Deleted workflow k5749yf5h73hn0jr36kf5akesd812gqt (userId: test-user-regression)

[1A[2K🧹 [CLEANUP] Complete: 1 deleted, 0 errors

[1A[2K
📄 JSON Report: d:\GitHub\open-agent-builder\test-reports\regression-1770993941370.json

[1A[2K📊 HTML Report: d:\GitHub\open-agent-builder\test-reports\regression-1770993941370.html

[1A[2K
============================================================

[1A[2K📊 REGRESSION TEST SUMMARY

[1A[2K============================================================

[1A[2KTotal Tests: 6

[1A[2K✅ Passed: 5

[1A[2K❌ Failed: 1

[1A[2K⏭️  Skipped: 0

[1A[2K📈 Pass Rate: 83.33%

[1A[2K⏱️  Duration: 4.53s

[1A[2K============================================================


[1A[2K  30) [chromium] › tests\comprehensive-regression.spec.ts:624:5 › Comprehensive Regression Suite › Database Operations › should update workflow 

    Error: [Request ID: 8a5cd993e55484be] Server Error
    ArgumentValidationError: Object is missing the required field `id`. Consider wrapping the field validator in `v.optional(...)` if this is expected.

    Object: {}
    Validator: v.object({id: v.id("workflows")})



      635 |         });
      636 |
    > 637 |         const updated = await convexClient.query(api.workflows.getWorkflow, {
          |                         ^
      638 |           id: testWorkflowId,
      639 |         });
      640 |
        at ConvexHttpClient.queryInner (d:\GitHub\open-agent-builder\node_modules\convex\src\browser\http_client.ts:332:15)
        at ConvexHttpClient.query (d:\GitHub\open-agent-builder\node_modules\convex\src\browser\http_client.ts:271:12)
        at d:\GitHub\open-agent-builder\tests\comprehensive-regression.spec.ts:637:25


[1A[2K[dotenv@17.2.3] injecting env (0) from .env.local -- tip: 🔑 add access controls to secrets: https://dotenvx.com/ops

[1A[2K[71/453] [chromium] › tests\comprehensive-regression.spec.ts:432:7 › Comprehensive Regression Suite › Workflow Templates › should validate template: amazon-product-research
[1A[2K  31) [chromium] › tests\api-endpoints.spec.ts:507:5 › API Endpoints › GET /api/config › should return tools configuration 

    Error: [2mexpect([22m[31mreceived[39m[2m).[22mtoBeInstanceOf[2m([22m[32mexpected[39m[2m)[22m

    Expected constructor: [32mArray[39m

    Received value has no prototype
    Received value: [31mundefined[39m

      513 |
      514 |       const config = await response.json();
    > 515 |       expect(config.tools).toBeInstanceOf(Array);
          |                            ^
      516 |       expect(config.tools.length).toBeGreaterThan(0);
      517 |     });
      518 |   });
        at d:\GitHub\open-agent-builder\tests\api-endpoints.spec.ts:515:28


[1A[2K[chromium] › tests\comprehensive-regression.spec.ts:432:7 › Comprehensive Regression Suite › Workflow Templates › should validate template: amazon-product-research
🚀 Starting Comprehensive Regression Test Suite...

[1A[2K[72/453] [chromium] › tests\comprehensive-regression.spec.ts:467:7 › Comprehensive Regression Suite › Tool Integrations › should have tavily tool definition
[1A[2K🧹 [CLEANUP] Fetching workflows for cleanup...

[1A[2K[chromium] › tests\comprehensive-regression.spec.ts:467:7 › Comprehensive Regression Suite › Tool Integrations › should have tavily tool definition
🚀 Starting Comprehensive Regression Test Suite...

[1A[2K🧹 [CLEANUP] Fetching workflows for cleanup...

[1A[2K[chromium] › tests\comprehensive-regression.spec.ts:377:7 › Comprehensive Regression Suite › Model Testing › should execute basic prompt with groq/llama-3.3-70b
🧹 [CLEANUP] Found 24 total workflows

[1A[2K🧹 [CLEANUP] Found 0 test workflows to delete

[1A[2K🧹 [CLEANUP] Complete: 0 deleted, 0 errors

[1A[2K[73/453] [chromium] › tests\comprehensive-regression.spec.ts:417:5 › Comprehensive Regression Suite › Workflow Templates › should load all templates
[1A[2K[chromium] › tests\comprehensive-regression.spec.ts:417:5 › Comprehensive Regression Suite › Workflow Templates › should load all templates
🧹 [CLEANUP] Fetching workflows for cleanup...

[1A[2K  32) [chromium] › tests\api-endpoints.spec.ts:697:5 › API Endpoints › Rate Limiting › should include rate limit headers 

    Error: [2mexpect([22m[31mreceived[39m[2m).[22mtoHaveProperty[2m([22m[32mpath[39m[2m)[22m

    Expected path: [32m"x-ratelimit-limit"[39m
    Received path: [31m[][39m

    Received value: [31m{"connection": "keep-alive", "content-type": "application/json", "date": "Fri, 13 Feb 2026 14:45:46 GMT", "keep-alive": "timeout=5", "transfer-encoding": "chunked", "vary": "rsc, next-router-state-tree, next-router-prefetch, next-router-segment-prefetch"}[39m

      701 |
      702 |       const headers = response.headers();
    > 703 |       expect(headers).toHaveProperty('x-ratelimit-limit');
          |                       ^
      704 |       expect(headers).toHaveProperty('x-ratelimit-remaining');
      705 |     });
      706 |   });
        at d:\GitHub\open-agent-builder\tests\api-endpoints.spec.ts:703:23


[1A[2K[74/453] [chromium] › tests\comprehensive-regression.spec.ts:530:5 › Comprehensive Regression Suite › Security Testing › should prevent code injection
[1A[2K[chromium] › tests\comprehensive-regression.spec.ts:530:5 › Comprehensive Regression Suite › Security Testing › should prevent code injection
🚀 Starting Comprehensive Regression Test Suite...

[1A[2K[chromium] › tests\comprehensive-regression.spec.ts:432:7 › Comprehensive Regression Suite › Workflow Templates › should validate template: amazon-product-research
🧹 [CLEANUP] Found 23 total workflows

[1A[2K🧹 [CLEANUP] Found 0 test workflows to delete

[1A[2K🧹 [CLEANUP] Complete: 0 deleted, 0 errors

[1A[2K[75/453] [chromium] › tests\comprehensive-regression.spec.ts:432:7 › Comprehensive Regression Suite › Workflow Templates › should validate template: zillow-property-finder
[1A[2K[chromium] › tests\comprehensive-regression.spec.ts:530:5 › Comprehensive Regression Suite › Security Testing › should prevent code injection
🧹 [CLEANUP] Fetching workflows for cleanup...

[1A[2K[chromium] › tests\comprehensive-regression.spec.ts:432:7 › Comprehensive Regression Suite › Workflow Templates › should validate template: zillow-property-finder
🧹 [CLEANUP] Fetching workflows for cleanup...

[1A[2K[chromium] › tests\comprehensive-regression.spec.ts:467:7 › Comprehensive Regression Suite › Tool Integrations › should have tavily tool definition
🧹 [CLEANUP] Found 23 total workflows

[1A[2K🧹 [CLEANUP] Found 0 test workflows to delete

[1A[2K🧹 [CLEANUP] Complete: 0 deleted, 0 errors

[1A[2K[76/453] [chromium] › tests\comprehensive-regression.spec.ts:467:7 › Comprehensive Regression Suite › Tool Integrations › should have serper tool definition
[1A[2K[chromium] › tests\comprehensive-regression.spec.ts:467:7 › Comprehensive Regression Suite › Tool Integrations › should have serper tool definition
🧹 [CLEANUP] Fetching workflows for cleanup...

[1A[2K[dotenv@17.2.3] injecting env (0) from .env.local -- tip: ⚙️  suppress all logs with { quiet: true }

[1A[2K[chromium] › tests\comprehensive-regression.spec.ts:417:5 › Comprehensive Regression Suite › Workflow Templates › should load all templates
🧹 [CLEANUP] Found 23 total workflows

[1A[2K🧹 [CLEANUP] Found 0 test workflows to delete

[1A[2K🧹 [CLEANUP] Complete: 0 deleted, 0 errors

[1A[2K[77/453] [chromium] › tests\comprehensive-regression.spec.ts:432:7 › Comprehensive Regression Suite › Workflow Templates › should validate template: multi-company-stock-analysis
[1A[2K[chromium] › tests\comprehensive-regression.spec.ts:432:7 › Comprehensive Regression Suite › Workflow Templates › should validate template: multi-company-stock-analysis
🧹 [CLEANUP] Fetching workflows for cleanup...

[1A[2K[chromium] › tests\comprehensive-regression.spec.ts:467:7 › Comprehensive Regression Suite › Tool Integrations › should have serper tool definition
🧹 [CLEANUP] Found 23 total workflows

[1A[2K🧹 [CLEANUP] Found 0 test workflows to delete

[1A[2K🧹 [CLEANUP] Complete: 0 deleted, 0 errors

[1A[2K[78/453] [chromium] › tests\comprehensive-regression.spec.ts:486:5 › Comprehensive Regression Suite › Security Testing › should block SSRF: localhost
[1A[2K[chromium] › tests\comprehensive-regression.spec.ts:486:5 › Comprehensive Regression Suite › Security Testing › should block SSRF: localhost
🧹 [CLEANUP] Fetching workflows for cleanup...

[1A[2K[chromium] › tests\comprehensive-regression.spec.ts:432:7 › Comprehensive Regression Suite › Workflow Templates › should validate template: zillow-property-finder
🧹 [CLEANUP] Found 23 total workflows

[1A[2K🧹 [CLEANUP] Found 0 test workflows to delete

[1A[2K🧹 [CLEANUP] Complete: 0 deleted, 0 errors

[1A[2K[79/453] [chromium] › tests\comprehensive-regression.spec.ts:432:7 › Comprehensive Regression Suite › Workflow Templates › should validate template: human-in-loop-approval
[1A[2K[dotenv@17.2.3] injecting env (0) from .env.local -- tip: 🔄 add secrets lifecycle management: https://dotenvx.com/ops

[1A[2K[chromium] › tests\comprehensive-regression.spec.ts:432:7 › Comprehensive Regression Suite › Workflow Templates › should validate template: human-in-loop-approval
🧹 [CLEANUP] Fetching workflows for cleanup...

[1A[2K[80/453] [chromium] › tests\comprehensive-workflow-tests.spec.ts:4:3 › Comprehensive Workflow Tests › placeholder test
[1A[2K[chromium] › tests\comprehensive-regression.spec.ts:530:5 › Comprehensive Regression Suite › Security Testing › should prevent code injection
🧹 [CLEANUP] Found 23 total workflows

[1A[2K🧹 [CLEANUP] Found 0 test workflows to delete

[1A[2K🧹 [CLEANUP] Complete: 0 deleted, 0 errors

[1A[2K[81/453] [chromium] › tests\comprehensive-regression.spec.ts:552:5 › Comprehensive Regression Suite › API Endpoints › should respond to config endpoint
[1A[2K[82/453] [chromium] › tests\comprehensive-regression.spec.ts:714:5 › Comprehensive Regression Suite › File Processing › should validate Markdown file extension
[1A[2K[83/453] [chromium] › tests\database-operations.spec.ts:267:5 › Database Operations Tests › Workflow CRUD Operations › should delete workflow
[1A[2K[chromium] › tests\comprehensive-regression.spec.ts:714:5 › Comprehensive Regression Suite › File Processing › should validate Markdown file extension
🚀 Starting Comprehensive Regression Test Suite...

[1A[2K[chromium] › tests\comprehensive-regression.spec.ts:432:7 › Comprehensive Regression Suite › Workflow Templates › should validate template: multi-company-stock-analysis
🧹 [CLEANUP] Found 23 total workflows

[1A[2K🧹 [CLEANUP] Found 0 test workflows to delete

[1A[2K🧹 [CLEANUP] Complete: 0 deleted, 0 errors

[1A[2K[84/453] [chromium] › tests\comprehensive-regression.spec.ts:432:7 › Comprehensive Regression Suite › Workflow Templates › should validate template: yahoo-finance-stock-report
[1A[2K[chromium] › tests\comprehensive-regression.spec.ts:432:7 › Comprehensive Regression Suite › Workflow Templates › should validate template: yahoo-finance-stock-report
🧹 [CLEANUP] Fetching workflows for cleanup...

[1A[2K[chromium] › tests\comprehensive-regression.spec.ts:714:5 › Comprehensive Regression Suite › File Processing › should validate Markdown file extension
🧹 [CLEANUP] Fetching workflows for cleanup...

[1A[2K[dotenv@17.2.3] injecting env (0) from .env.local -- tip: 🗂️ backup and recover secrets: https://dotenvx.com/ops

[1A[2K[85/453] [chromium] › tests\database-operations.spec.ts:195:5 › Database Operations Tests › Workflow CRUD Operations › should create a new workflow
[1A[2K[chromium] › tests\comprehensive-regression.spec.ts:486:5 › Comprehensive Regression Suite › Security Testing › should block SSRF: localhost
🧹 [CLEANUP] Found 23 total workflows

[1A[2K🧹 [CLEANUP] Found 0 test workflows to delete

[1A[2K🧹 [CLEANUP] Complete: 0 deleted, 0 errors

[1A[2K[chromium] › tests\comprehensive-regression.spec.ts:432:7 › Comprehensive Regression Suite › Workflow Templates › should validate template: human-in-loop-approval
🧹 [CLEANUP] Found 23 total workflows

[1A[2K🧹 [CLEANUP] Found 0 test workflows to delete

[1A[2K🧹 [CLEANUP] Complete: 0 deleted, 0 errors

[1A[2K[86/453] [chromium] › tests\comprehensive-regression.spec.ts:500:5 › Comprehensive Regression Suite › Security Testing › should block SSRF: private IP
[1A[2K[87/453] [chromium] › tests\comprehensive-regression.spec.ts:452:5 › Comprehensive Regression Suite › Tool Integrations › should load tool registry
[1A[2K[chromium] › tests\comprehensive-regression.spec.ts:500:5 › Comprehensive Regression Suite › Security Testing › should block SSRF: private IP
🧹 [CLEANUP] Fetching workflows for cleanup...

[1A[2K[chromium] › tests\comprehensive-regression.spec.ts:452:5 › Comprehensive Regression Suite › Tool Integrations › should load tool registry
🧹 [CLEANUP] Fetching workflows for cleanup...

[1A[2K[chromium] › tests\comprehensive-regression.spec.ts:552:5 › Comprehensive Regression Suite › API Endpoints › should respond to config endpoint
🧹 [CLEANUP] Fetching workflows for cleanup...

[1A[2K[chromium] › tests\comprehensive-regression.spec.ts:432:7 › Comprehensive Regression Suite › Workflow Templates › should validate template: yahoo-finance-stock-report
🧹 [CLEANUP] Found 23 total workflows

[1A[2K🧹 [CLEANUP] Found 0 test workflows to delete

[1A[2K🧹 [CLEANUP] Complete: 0 deleted, 0 errors

[1A[2K[88/453] [chromium] › tests\comprehensive-regression.spec.ts:432:7 › Comprehensive Regression Suite › Workflow Templates › should validate template: simple-loop-test
[1A[2K[chromium] › tests\comprehensive-regression.spec.ts:432:7 › Comprehensive Regression Suite › Workflow Templates › should validate template: simple-loop-test
🧹 [CLEANUP] Fetching workflows for cleanup...

[1A[2K[chromium] › tests\comprehensive-regression.spec.ts:500:5 › Comprehensive Regression Suite › Security Testing › should block SSRF: private IP
🧹 [CLEANUP] Found 23 total workflows

[1A[2K🧹 [CLEANUP] Found 0 test workflows to delete

[1A[2K🧹 [CLEANUP] Complete: 0 deleted, 0 errors

[1A[2K[89/453] [chromium] › tests\comprehensive-regression.spec.ts:514:5 › Comprehensive Regression Suite › Security Testing › should sanitize XSS in HTML
[1A[2K[chromium] › tests\comprehensive-regression.spec.ts:514:5 › Comprehensive Regression Suite › Security Testing › should sanitize XSS in HTML
🧹 [CLEANUP] Fetching workflows for cleanup...

[1A[2K[chromium] › tests\comprehensive-regression.spec.ts:552:5 › Comprehensive Regression Suite › API Endpoints › should respond to config endpoint
🧹 [CLEANUP] Found 23 total workflows

[1A[2K🧹 [CLEANUP] Found 0 test workflows to delete

[1A[2K🧹 [CLEANUP] Complete: 0 deleted, 0 errors

[1A[2K[90/453] [chromium] › tests\comprehensive-regression.spec.ts:565:5 › Comprehensive Regression Suite › API Endpoints › should protect workflow execution endpoint
[1A[2K[chromium] › tests\comprehensive-regression.spec.ts:714:5 › Comprehensive Regression Suite › File Processing › should validate Markdown file extension
🧹 [CLEANUP] Found 23 total workflows

[1A[2K🧹 [CLEANUP] Found 0 test workflows to delete

[1A[2K🧹 [CLEANUP] Complete: 0 deleted, 0 errors

[1A[2K[91/453] [chromium] › tests\comprehensive-regression.spec.ts:731:5 › Comprehensive Regression Suite › Performance › should handle concurrent operations
[1A[2K[chromium] › tests\comprehensive-regression.spec.ts:565:5 › Comprehensive Regression Suite › API Endpoints › should protect workflow execution endpoint
🧹 [CLEANUP] Fetching workflows for cleanup...

[1A[2K[chromium] › tests\comprehensive-regression.spec.ts:452:5 › Comprehensive Regression Suite › Tool Integrations › should load tool registry
🧹 [CLEANUP] Found 23 total workflows

[1A[2K🧹 [CLEANUP] Found 0 test workflows to delete

[1A[2K🧹 [CLEANUP] Complete: 0 deleted, 0 errors

[1A[2K[92/453] [chromium] › tests\comprehensive-regression.spec.ts:467:7 › Comprehensive Regression Suite › Tool Integrations › should have firecrawl tool definition
[1A[2K[chromium] › tests\comprehensive-regression.spec.ts:467:7 › Comprehensive Regression Suite › Tool Integrations › should have firecrawl tool definition
🧹 [CLEANUP] Fetching workflows for cleanup...

[1A[2K[93/453] [chromium] › tests\comprehensive-regression.spec.ts:650:5 › Comprehensive Regression Suite › Database Operations › should delete workflow
[1A[2K[chromium] › tests\comprehensive-regression.spec.ts:650:5 › Comprehensive Regression Suite › Database Operations › should delete workflow
🚀 Starting Comprehensive Regression Test Suite...

[1A[2K[chromium] › tests\comprehensive-regression.spec.ts:432:7 › Comprehensive Regression Suite › Workflow Templates › should validate template: simple-loop-test
🧹 [CLEANUP] Found 23 total workflows

[1A[2K🧹 [CLEANUP] Found 0 test workflows to delete

[1A[2K🧹 [CLEANUP] Complete: 0 deleted, 0 errors

[1A[2K
📄 JSON Report: d:\GitHub\open-agent-builder\test-reports\regression-1770993945376.json

[1A[2K📊 HTML Report: d:\GitHub\open-agent-builder\test-reports\regression-1770993945376.html

[1A[2K
============================================================

[1A[2K📊 REGRESSION TEST SUMMARY

[1A[2K============================================================

[1A[2KTotal Tests: 5

[1A[2K✅ Passed: 5

[1A[2K❌ Failed: 0

[1A[2K⏭️  Skipped: 0

[1A[2K📈 Pass Rate: 100.00%

[1A[2K⏱️  Duration: 2.93s

[1A[2K============================================================


[1A[2K[94/453] [chromium] › tests\database-operations.spec.ts:334:5 › Database Operations Tests › Execution Tracking › should complete execution
[1A[2K[chromium] › tests\comprehensive-regression.spec.ts:514:5 › Comprehensive Regression Suite › Security Testing › should sanitize XSS in HTML
🧹 [CLEANUP] Found 23 total workflows

[1A[2K🧹 [CLEANUP] Found 0 test workflows to delete

[1A[2K🧹 [CLEANUP] Complete: 0 deleted, 0 errors

[1A[2K
📄 JSON Report: d:\GitHub\open-agent-builder\test-reports\regression-1770993946202.json

[1A[2K[chromium] › tests\comprehensive-regression.spec.ts:565:5 › Comprehensive Regression Suite › API Endpoints › should protect workflow execution endpoint
🧹 [CLEANUP] Found 23 total workflows

[1A[2K🧹 [CLEANUP] Found 0 test workflows to delete

[1A[2K🧹 [CLEANUP] Complete: 0 deleted, 0 errors

[1A[2K[95/453] [chromium] › tests\comprehensive-regression.spec.ts:588:5 › Comprehensive Regression Suite › Database Operations › should create workflow
[1A[2K[chromium] › tests\comprehensive-regression.spec.ts:514:5 › Comprehensive Regression Suite › Security Testing › should sanitize XSS in HTML
📊 HTML Report: d:\GitHub\open-agent-builder\test-reports\regression-1770993946202.html

[1A[2K
============================================================

[1A[2K📊 REGRESSION TEST SUMMARY

[1A[2K============================================================

[1A[2KTotal Tests: 5

[1A[2K✅ Passed: 5

[1A[2K❌ Failed: 0

[1A[2K⏭️  Skipped: 0

[1A[2K📈 Pass Rate: 100.00%

[1A[2K⏱️  Duration: 2.32s

[1A[2K============================================================


[1A[2K[96/453] [chromium] › tests\database-operations.spec.ts:426:5 › Database Operations Tests › User API Keys › should update existing API key
[1A[2K[chromium] › tests\comprehensive-regression.spec.ts:650:5 › Comprehensive Regression Suite › Database Operations › should delete workflow
🧹 [CLEANUP] Fetching workflows for cleanup...

[1A[2K[chromium] › tests\comprehensive-regression.spec.ts:467:7 › Comprehensive Regression Suite › Tool Integrations › should have firecrawl tool definition
🧹 [CLEANUP] Found 24 total workflows

[1A[2K🧹 [CLEANUP] Found 1 test workflows to delete

[1A[2K[chromium] › tests\comprehensive-regression.spec.ts:588:5 › Comprehensive Regression Suite › Database Operations › should create workflow
🧹 [CLEANUP] Fetching workflows for cleanup...

[1A[2K[chromium] › tests\comprehensive-regression.spec.ts:467:7 › Comprehensive Regression Suite › Tool Integrations › should have firecrawl tool definition
🧹 [CLEANUP] ✓ Deleted workflow k57egmknmk0cmpktctcyabfrts813p15 (userId: test-user-regression)

[1A[2K🧹 [CLEANUP] Complete: 1 deleted, 0 errors

[1A[2K
📄 JSON Report: d:\GitHub\open-agent-builder\test-reports\regression-1770993946133.json

[1A[2K📊 HTML Report: d:\GitHub\open-agent-builder\test-reports\regression-1770993946133.html

[1A[2K
============================================================

[1A[2K📊 REGRESSION TEST SUMMARY

[1A[2K============================================================

[1A[2KTotal Tests: 5

[1A[2K✅ Passed: 5

[1A[2K❌ Failed: 0

[1A[2K⏭️  Skipped: 0

[1A[2K📈 Pass Rate: 100.00%

[1A[2K⏱️  Duration: 2.86s

[1A[2K============================================================


[1A[2K[97/453] [chromium] › tests\database-operations.spec.ts:545:5 › Database Operations Tests › MCP Servers › should list user MCP servers
[1A[2K[chromium] › tests\comprehensive-regression.spec.ts:588:5 › Comprehensive Regression Suite › Database Operations › should create workflow
🧹 [CLEANUP] Found 26 total workflows

[1A[2K🧹 [CLEANUP] Found 3 test workflows to delete

[1A[2K[chromium] › tests\comprehensive-regression.spec.ts:650:5 › Comprehensive Regression Suite › Database Operations › should delete workflow
🧹 [CLEANUP] Found 26 total workflows

[1A[2K🧹 [CLEANUP] Found 3 test workflows to delete

[1A[2K[chromium] › tests\comprehensive-regression.spec.ts:588:5 › Comprehensive Regression Suite › Database Operations › should create workflow
🧹 [CLEANUP] ✓ Deleted workflow k57cgq5gvvf475yy0gawxqma8d8128hp (userId: test-user-regression)

[1A[2K[chromium] › tests\comprehensive-regression.spec.ts:650:5 › Comprehensive Regression Suite › Database Operations › should delete workflow
🧹 [CLEANUP] ✓ Deleted workflow k57byyqg9b5kk6g4twgc9bshed812tvg (userId: test-user-regression)

[1A[2K🧹 [CLEANUP] ✓ Deleted workflow k57362g50b5zvkajcxwvkbt0ys813w9r (userId: test-user-regression)

[1A[2K[chromium] › tests\comprehensive-regression.spec.ts:588:5 › Comprehensive Regression Suite › Database Operations › should create workflow
🧹 [CLEANUP] ✗ Failed to delete workflow k57byyqg9b5kk6g4twgc9bshed812tvg: Error: [Request ID: fadf886710fbfcc6] Server Error
Uncaught Error: Workflow not found
    at handler (../convex/workflows.ts:237:10)

    at ConvexHttpClient.mutationInner [90m(file:///d:/GitHub/open-agent-builder/[39mnode_modules/[4mconvex[24m/src/browser/http_client.ts:383:15[90m)[39m
[90m    at processTicksAndRejections (node:internal/process/task_queues:105:5)[39m
    at ConvexHttpClient.processMutationQueue [90m(file:///d:/GitHub/open-agent-builder/[39mnode_modules/[4mconvex[24m/src/browser/http_client.ts:398:24[90m)[39m

[1A[2K[chromium] › tests\comprehensive-regression.spec.ts:731:5 › Comprehensive Regression Suite › Performance › should handle concurrent operations
🧹 [CLEANUP] Fetching workflows for cleanup...

[1A[2K[chromium] › tests\comprehensive-regression.spec.ts:588:5 › Comprehensive Regression Suite › Database Operations › should create workflow
🧹 [CLEANUP] ✗ Failed to delete workflow k57362g50b5zvkajcxwvkbt0ys813w9r: Error: [Request ID: 537b7ba52167bb73] Server Error
Uncaught Error: Workflow not found
    at handler (../convex/workflows.ts:237:10)

    at ConvexHttpClient.mutationInner [90m(file:///d:/GitHub/open-agent-builder/[39mnode_modules/[4mconvex[24m/src/browser/http_client.ts:383:15[90m)[39m
[90m    at processTicksAndRejections (node:internal/process/task_queues:105:5)[39m
    at ConvexHttpClient.processMutationQueue [90m(file:///d:/GitHub/open-agent-builder/[39mnode_modules/[4mconvex[24m/src/browser/http_client.ts:398:24[90m)[39m

[1A[2K🧹 [CLEANUP] Complete: 1 deleted, 2 errors

[1A[2K[chromium] › tests\comprehensive-regression.spec.ts:650:5 › Comprehensive Regression Suite › Database Operations › should delete workflow
🧹 [CLEANUP] ✗ Failed to delete workflow k57egmknmk0cmpktctcyabfrts813p15: Error: [Request ID: 850ccfc31b316df8] Server Error
Uncaught Error: Workflow not found
    at handler (../convex/workflows.ts:237:10)

    at ConvexHttpClient.mutationInner [90m(file:///d:/GitHub/open-agent-builder/[39mnode_modules/[4mconvex[24m/src/browser/http_client.ts:383:15[90m)[39m
[90m    at processTicksAndRejections (node:internal/process/task_queues:105:5)[39m
    at ConvexHttpClient.processMutationQueue [90m(file:///d:/GitHub/open-agent-builder/[39mnode_modules/[4mconvex[24m/src/browser/http_client.ts:398:24[90m)[39m

[1A[2K🧹 [CLEANUP] Complete: 2 deleted, 1 errors

[1A[2K[98/453] [chromium] › tests\comprehensive-regression.spec.ts:607:5 › Comprehensive Regression Suite › Database Operations › should read workflow
[1A[2K
📄 JSON Report: d:\GitHub\open-agent-builder\test-reports\regression-1770993948224.json

[1A[2K📊 HTML Report: d:\GitHub\open-agent-builder\test-reports\regression-1770993948224.html

[1A[2K
============================================================

[1A[2K📊 REGRESSION TEST SUMMARY

[1A[2K============================================================

[1A[2KTotal Tests: 1

[1A[2K✅ Passed: 0

[1A[2K❌ Failed: 1

[1A[2K⏭️  Skipped: 0

[1A[2K📈 Pass Rate: 0.00%

[1A[2K⏱️  Duration: 1.95s

[1A[2K============================================================


[1A[2K  33) [chromium] › tests\comprehensive-regression.spec.ts:650:5 › Comprehensive Regression Suite › Database Operations › should delete workflow 

    Error: [Request ID: e0d1d1852dadaa7e] Server Error
    ArgumentValidationError: Object is missing the required field `id`. Consider wrapping the field validator in `v.optional(...)` if this is expected.

    Object: {}
    Validator: v.object({id: v.id("workflows")})


        at ConvexHttpClient.mutationInner (d:\GitHub\open-agent-builder\node_modules\convex\src\browser\http_client.ts:383:15)
        at ConvexHttpClient.processMutationQueue (d:\GitHub\open-agent-builder\node_modules\convex\src\browser\http_client.ts:398:24)


[1A[2K[chromium] › tests\comprehensive-regression.spec.ts:607:5 › Comprehensive Regression Suite › Database Operations › should read workflow
🧹 [CLEANUP] Fetching workflows for cleanup...

[1A[2K[chromium] › tests\comprehensive-regression.spec.ts:731:5 › Comprehensive Regression Suite › Performance › should handle concurrent operations
🧹 [CLEANUP] Found 25 total workflows

[1A[2K🧹 [CLEANUP] Found 2 test workflows to delete

[1A[2K[chromium] › tests\comprehensive-regression.spec.ts:607:5 › Comprehensive Regression Suite › Database Operations › should read workflow
🧹 [CLEANUP] Found 25 total workflows

[1A[2K🧹 [CLEANUP] Found 1 test workflows to delete

[1A[2K[dotenv@17.2.3] injecting env (0) from .env.local -- tip: 🔄 add secrets lifecycle management: https://dotenvx.com/ops

[1A[2K🧹 [CLEANUP] ✗ Failed to delete workflow k577gs8pnnt0z6f94m9bk5v5ph8133f8: Error: [Request ID: b6ba4dc889945e62] Server Error
Uncaught Error: Workflow not found
    at handler (../convex/workflows.ts:237:10)

    at ConvexHttpClient.mutationInner [90m(file:///d:/GitHub/open-agent-builder/[39mnode_modules/[4mconvex[24m/src/browser/http_client.ts:383:15[90m)[39m
[90m    at processTicksAndRejections (node:internal/process/task_queues:105:5)[39m
    at ConvexHttpClient.processMutationQueue [90m(file:///d:/GitHub/open-agent-builder/[39mnode_modules/[4mconvex[24m/src/browser/http_client.ts:398:24[90m)[39m

[1A[2K🧹 [CLEANUP] Complete: 0 deleted, 1 errors

[1A[2K
📄 JSON Report: d:\GitHub\open-agent-builder\test-reports\regression-1770993946735.json

[1A[2K📊 HTML Report: d:\GitHub\open-agent-builder\test-reports\regression-1770993946735.html

[1A[2K
============================================================

[1A[2K📊 REGRESSION TEST SUMMARY

[1A[2K============================================================

[1A[2KTotal Tests: 5

[1A[2K✅ Passed: 4

[1A[2K❌ Failed: 1

[1A[2K⏭️  Skipped: 0

[1A[2K📈 Pass Rate: 80.00%

[1A[2K⏱️  Duration: 4.38s

[1A[2K============================================================


[1A[2K  34) [chromium] › tests\comprehensive-regression.spec.ts:607:5 › Comprehensive Regression Suite › Database Operations › should read workflow 

    Error: [2mexpect([22m[31mreceived[39m[2m).[22mtoBeTruthy[2m()[22m

    Received: [31mnull[39m

      612 |         });
      613 |
    > 614 |         expect(workflow).toBeTruthy();
          |                          ^
      615 |         expect(workflow?.name).toBe('Regression Test Workflow');
      616 |
      617 |         recordTestResult('Database Operations', 'Read workflow', 'passed', Date.now() - testStart);
        at d:\GitHub\open-agent-builder\tests\comprehensive-regression.spec.ts:614:26


[1A[2K[chromium] › tests\comprehensive-regression.spec.ts:731:5 › Comprehensive Regression Suite › Performance › should handle concurrent operations
🧹 [CLEANUP] ✗ Failed to delete workflow k577gs8pnnt0z6f94m9bk5v5ph8133f8: Error: [Request ID: 16ea3e5521150d6d] Server Error
Uncaught Error: Workflow not found
    at handler (../convex/workflows.ts:237:10)

    at ConvexHttpClient.mutationInner [90m(file:///d:/GitHub/open-agent-builder/[39mnode_modules/[4mconvex[24m/src/browser/http_client.ts:383:15[90m)[39m
[90m    at processTicksAndRejections (node:internal/process/task_queues:105:5)[39m
    at ConvexHttpClient.processMutationQueue [90m(file:///d:/GitHub/open-agent-builder/[39mnode_modules/[4mconvex[24m/src/browser/http_client.ts:398:24[90m)[39m

[1A[2K🧹 [CLEANUP] ✗ Failed to delete workflow k575baz3k73w08bp46shrp0dsn81210h: Error: [Request ID: ebdb021ab43b874e] Server Error
Uncaught Error: Workflow not found
    at handler (../convex/workflows.ts:237:10)

    at ConvexHttpClient.mutationInner [90m(file:///d:/GitHub/open-agent-builder/[39mnode_modules/[4mconvex[24m/src/browser/http_client.ts:383:15[90m)[39m
[90m    at processTicksAndRejections (node:internal/process/task_queues:105:5)[39m
    at ConvexHttpClient.processMutationQueue [90m(file:///d:/GitHub/open-agent-builder/[39mnode_modules/[4mconvex[24m/src/browser/http_client.ts:398:24[90m)[39m

[1A[2K🧹 [CLEANUP] Complete: 0 deleted, 2 errors

[1A[2K
📄 JSON Report: d:\GitHub\open-agent-builder\test-reports\regression-1770993947481.json

[1A[2K📊 HTML Report: d:\GitHub\open-agent-builder\test-reports\regression-1770993947481.html

[1A[2K
============================================================

[1A[2K📊 REGRESSION TEST SUMMARY

[1A[2K============================================================

[1A[2KTotal Tests: 2

[1A[2K✅ Passed: 1

[1A[2K❌ Failed: 1

[1A[2K⏭️  Skipped: 0

[1A[2K📈 Pass Rate: 50.00%

[1A[2K⏱️  Duration: 4.09s

[1A[2K============================================================


[1A[2K  35) [chromium] › tests\comprehensive-regression.spec.ts:731:5 › Comprehensive Regression Suite › Performance › should handle concurrent operations 

    Error: [Request ID: 1422ffa9b138627f] Server Error
    Uncaught Error: Workflow not found
        at handler (../convex/workflows.ts:237:10)

        at handler (../convex/workflows.ts:237:10)
        at ConvexHttpClient.mutationInner (d:\GitHub\open-agent-builder\node_modules\convex\src\browser\http_client.ts:383:15)
        at ConvexHttpClient.processMutationQueue (d:\GitHub\open-agent-builder\node_modules\convex\src\browser\http_client.ts:398:24)


[1A[2K[dotenv@17.2.3] injecting env (0) from .env.local -- tip: ⚙️  override existing env vars with { override: true }

[1A[2K[99/453] [chromium] › tests\database-operations.spec.ts:632:5 › Database Operations Tests › Approval System › should retrieve approval by ID
[1A[2K[100/453] [chromium] › tests\comprehensive-regression.spec.ts:670:5 › Comprehensive Regression Suite › Database Operations › should list user workflows
[1A[2K[chromium] › tests\comprehensive-regression.spec.ts:670:5 › Comprehensive Regression Suite › Database Operations › should list user workflows
🚀 Starting Comprehensive Regression Test Suite...

[1A[2K[dotenv@17.2.3] injecting env (0) from .env.local -- tip: 📡 add observability to secrets: https://dotenvx.com/ops

[1A[2K🧹 [CLEANUP] Fetching workflows for cleanup...

[1A[2K🧹 [CLEANUP] Found 23 total workflows

[1A[2K🧹 [CLEANUP] Found 0 test workflows to delete

[1A[2K🧹 [CLEANUP] Complete: 0 deleted, 0 errors

[1A[2K[101/453] [chromium] › tests\comprehensive-regression.spec.ts:688:5 › Comprehensive Regression Suite › File Processing › should validate PDF file extension
[1A[2K[chromium] › tests\comprehensive-regression.spec.ts:688:5 › Comprehensive Regression Suite › File Processing › should validate PDF file extension
🧹 [CLEANUP] Fetching workflows for cleanup...

[1A[2K🧹 [CLEANUP] Found 23 total workflows

[1A[2K🧹 [CLEANUP] Found 0 test workflows to delete

[1A[2K🧹 [CLEANUP] Complete: 0 deleted, 0 errors

[1A[2K[102/453] [chromium] › tests\comprehensive-regression.spec.ts:701:5 › Comprehensive Regression Suite › File Processing › should validate DOCX file extension
[1A[2K[chromium] › tests\comprehensive-regression.spec.ts:701:5 › Comprehensive Regression Suite › File Processing › should validate DOCX file extension
🧹 [CLEANUP] Fetching workflows for cleanup...

[1A[2K[103/453] [chromium] › tests\comprehensive-regression.spec.ts:759:5 › Comprehensive Regression Suite › Performance › should complete basic workflow in reasonable time
[1A[2K[chromium] › tests\comprehensive-regression.spec.ts:759:5 › Comprehensive Regression Suite › Performance › should complete basic workflow in reasonable time
🚀 Starting Comprehensive Regression Test Suite...

[1A[2K[chromium] › tests\comprehensive-regression.spec.ts:701:5 › Comprehensive Regression Suite › File Processing › should validate DOCX file extension
🧹 [CLEANUP] Found 23 total workflows

[1A[2K🧹 [CLEANUP] Found 0 test workflows to delete

[1A[2K🧹 [CLEANUP] Complete: 0 deleted, 0 errors

[1A[2K
📄 JSON Report: d:\GitHub\open-agent-builder\test-reports\regression-1770993952203.json

[1A[2K📊 HTML Report: d:\GitHub\open-agent-builder\test-reports\regression-1770993952203.html

[1A[2K
============================================================

[1A[2K📊 REGRESSION TEST SUMMARY

[1A[2K============================================================

[1A[2KTotal Tests: 3

[1A[2K✅ Passed: 3

[1A[2K❌ Failed: 0

[1A[2K⏭️  Skipped: 0

[1A[2K📈 Pass Rate: 100.00%

[1A[2K⏱️  Duration: 1.58s

[1A[2K============================================================


[1A[2K[104/453] [chromium] › tests\database-operations.spec.ts:745:5 › Database Operations Tests › Authorization & Permissions › users can only delete their own workflows
[1A[2K[chromium] › tests\comprehensive-regression.spec.ts:759:5 › Comprehensive Regression Suite › Performance › should complete basic workflow in reasonable time
🧹 [CLEANUP] Fetching workflows for cleanup...

[1A[2K🧹 [CLEANUP] Found 23 total workflows

[1A[2K🧹 [CLEANUP] Found 0 test workflows to delete

[1A[2K🧹 [CLEANUP] Complete: 0 deleted, 0 errors

[1A[2K
📄 JSON Report: d:\GitHub\open-agent-builder\test-reports\regression-1770993953560.json

[1A[2K📊 HTML Report: d:\GitHub\open-agent-builder\test-reports\regression-1770993953560.html

[1A[2K
============================================================

[1A[2K📊 REGRESSION TEST SUMMARY

[1A[2K============================================================

[1A[2KTotal Tests: 1

[1A[2K✅ Passed: 1

[1A[2K❌ Failed: 0

[1A[2K⏭️  Skipped: 0

[1A[2K📈 Pass Rate: 100.00%

[1A[2K⏱️  Duration: 1.21s

[1A[2K============================================================


[1A[2K[105/453] [chromium] › tests\edge-cases.spec.ts:70:5 › Edge Cases & Error Handling › Empty Workflows › should handle workflow with no nodes
[1A[2K[chromium] › tests\edge-cases.spec.ts:70:5 › Edge Cases & Error Handling › Empty Workflows › should handle workflow with no nodes
⚠️ Starting Edge Cases Test Suite...

[1A[2K[106/453] [chromium] › tests\database-operations.spec.ts:455:5 › Database Operations Tests › User API Keys › should delete API key
[1A[2K[107/453] [chromium] › tests\database-operations.spec.ts:284:5 › Database Operations Tests › Workflow CRUD Operations › should handle non-existent workflow ID
[1A[2K[108/453] [chromium] › tests\database-operations.spec.ts:352:5 › Database Operations Tests › Execution Tracking › should handle execution errors
[1A[2K[109/453] [chromium] › tests\database-operations.spec.ts:569:5 › Database Operations Tests › MCP Servers › should delete MCP server
[1A[2K[110/453] [chromium] › tests\database-operations.spec.ts:210:5 › Database Operations Tests › Workflow CRUD Operations › should retrieve workflow by ID
[1A[2K[111/453] [chromium] › tests\edge-cases.spec.ts:85:5 › Edge Cases & Error Handling › Empty Workflows › should handle workflow with only start node
[1A[2K[112/453] [chromium] › tests\edge-cases.spec.ts:108:5 › Edge Cases & Error Handling › Empty Workflows › should handle workflow with only end node
[1A[2K[113/453] [chromium] › tests\edge-cases.spec.ts:131:5 › Edge Cases & Error Handling › Empty Workflows › should handle disconnected start and end nodes
[1A[2K[114/453] [chromium] › tests\edge-cases.spec.ts:165:5 › Edge Cases & Error Handling › Invalid Connections › should detect edges pointing to non-existent source nodes
[1A[2K[chromium] › tests\edge-cases.spec.ts:165:5 › Edge Cases & Error Handling › Invalid Connections › should detect edges pointing to non-existent source nodes
⚠️ Starting Edge Cases Test Suite...

[1A[2K🧹 Removing invalid edge e1: source=non-existent-node (exists: false), target=end-1 (exists: true)

[1A[2K✅ Cleaned up 1 invalid edge(s) from workflow

[1A[2K[115/453] [chromium] › tests\edge-cases.spec.ts:180:5 › Edge Cases & Error Handling › Invalid Connections › should detect edges pointing to non-existent target nodes
[1A[2K[chromium] › tests\edge-cases.spec.ts:180:5 › Edge Cases & Error Handling › Invalid Connections › should detect edges pointing to non-existent target nodes
🧹 Removing invalid edge e1: source=start-1 (exists: true), target=non-existent-node (exists: false)

[1A[2K✅ Cleaned up 1 invalid edge(s) from workflow

[1A[2K[116/453] [chromium] › tests\database-operations.spec.ts:297:5 › Database Operations Tests › Execution Tracking › should create execution record
[1A[2K[117/453] [chromium] › tests\database-operations.spec.ts:372:5 › Database Operations Tests › User API Keys › should store encrypted API key
[1A[2K[118/453] [chromium] › tests\edge-cases.spec.ts:195:5 › Edge Cases & Error Handling › Invalid Connections › should cleanup multiple invalid edges
[1A[2K[chromium] › tests\edge-cases.spec.ts:195:5 › Edge Cases & Error Handling › Invalid Connections › should cleanup multiple invalid edges
🧹 Removing invalid edge e2: source=fake-1 (exists: false), target=end-1 (exists: true)

[1A[2K🧹 Removing invalid edge e3: source=start-1 (exists: true), target=fake-2 (exists: false)

[1A[2K🧹 Removing invalid edge e4: source=fake-3 (exists: false), target=fake-4 (exists: false)

[1A[2K✅ Cleaned up 3 invalid edge(s) from workflow

[1A[2K[119/453] [chromium] › tests\database-operations.spec.ts:654:5 › Database Operations Tests › Approval System › should approve approval request
[1A[2K[120/453] [chromium] › tests\database-operations.spec.ts:592:5 › Database Operations Tests › MCP Servers › should handle different auth types
[1A[2K[121/453] [chromium] › tests\database-operations.spec.ts:488:5 › Database Operations Tests › User API Keys › should toggle key active state
[1A[2K[122/453] [chromium] › tests\database-operations.spec.ts:225:5 › Database Operations Tests › Workflow CRUD Operations › should list workflows for user
[1A[2K[123/453] [chromium] › tests\edge-cases.spec.ts:215:5 › Edge Cases & Error Handling › Invalid Connections › should preserve valid edges when cleaning up
[1A[2K[chromium] › tests\edge-cases.spec.ts:215:5 › Edge Cases & Error Handling › Invalid Connections › should preserve valid edges when cleaning up
🧹 Removing invalid edge e3: source=fake-node (exists: false), target=end-1 (exists: true)

[1A[2K✅ Cleaned up 1 invalid edge(s) from workflow

[1A[2K[124/453] [chromium] › tests\database-operations.spec.ts:759:5 › Database Operations Tests › Authorization & Permissions › users can only access their own API keys
[1A[2K[125/453] [chromium] › tests\edge-cases.spec.ts:238:5 › Edge Cases & Error Handling › Circular Dependencies › should detect simple circular flow (A → B → A)
[1A[2K[chromium] › tests\edge-cases.spec.ts:238:5 › Edge Cases & Error Handling › Circular Dependencies › should detect simple circular flow (A → B → A)
⚠️ Starting Edge Cases Test Suite...

[1A[2K[126/453] [chromium] › tests\edge-cases.spec.ts:263:5 › Edge Cases & Error Handling › Circular Dependencies › should detect complex circular flow (A → B → C → A)
[1A[2K[127/453] [chromium] › tests\edge-cases.spec.ts:289:5 › Edge Cases & Error Handling › Circular Dependencies › should handle self-referencing node
[1A[2K[128/453] [chromium] › tests\edge-cases.spec.ts:315:5 › Edge Cases & Error Handling › Malformed Data › should reject invalid JSON in nodes
[1A[2K[129/453] [chromium] › tests\edge-cases.spec.ts:332:5 › Edge Cases & Error Handling › Malformed Data › should reject invalid JSON in edges
[1A[2K[chromium] › tests\edge-cases.spec.ts:332:5 › Edge Cases & Error Handling › Malformed Data › should reject invalid JSON in edges
⚠️ Starting Edge Cases Test Suite...

[1A[2K[130/453] [chromium] › tests\edge-cases.spec.ts:348:5 › Edge Cases & Error Handling › Malformed Data › should handle missing required node fields
[1A[2K[131/453] [chromium] › tests\database-operations.spec.ts:400:5 › Database Operations Tests › User API Keys › should retrieve user API keys (metadata only)
[1A[2K[132/453] [chromium] › tests\database-operations.spec.ts:684:5 › Database Operations Tests › Approval System › should reject approval request
[1A[2K[133/453] [chromium] › tests\database-operations.spec.ts:312:5 › Database Operations Tests › Execution Tracking › should update execution state
[1A[2K[134/453] [chromium] › tests\database-operations.spec.ts:247:5 › Database Operations Tests › Workflow CRUD Operations › should update workflow
[1A[2K[135/453] [chromium] › tests\database-operations.spec.ts:523:5 › Database Operations Tests › MCP Servers › should add MCP server
[1A[2K[136/453] [chromium] › tests\database-operations.spec.ts:615:5 › Database Operations Tests › Approval System › should create approval request
[1A[2K[137/453] [chromium] › tests\database-operations.spec.ts:785:5 › Database Operations Tests › Authorization & Permissions › users can only delete their own MCP servers
[1A[2K[138/453] [chromium] › tests\edge-cases.spec.ts:367:5 › Edge Cases & Error Handling › Malformed Data › should handle null/undefined values in node data
[1A[2K[139/453] [chromium] › tests\edge-cases.spec.ts:398:5 › Edge Cases & Error Handling › Boundary Conditions › should handle very long workflow names
[1A[2K[140/453] [chromium] › tests\edge-cases.spec.ts:414:5 › Edge Cases & Error Handling › Boundary Conditions › should handle very long descriptions
[1A[2K[chromium] › tests\edge-cases.spec.ts:414:5 › Edge Cases & Error Handling › Boundary Conditions › should handle very long descriptions
⚠️ Starting Edge Cases Test Suite...

[1A[2K[141/453] [chromium] › tests\edge-cases.spec.ts:430:5 › Edge Cases & Error Handling › Boundary Conditions › should handle special characters in workflow name
[1A[2K[142/453] [chromium] › tests\database-operations.spec.ts:714:5 › Database Operations Tests › Approval System › should list pending approvals for workflow
[1A[2K[143/453] [chromium] › tests\edge-cases.spec.ts:446:5 › Edge Cases & Error Handling › Boundary Conditions › should handle unicode characters
[1A[2K[144/453] [chromium] › tests\edge-cases.spec.ts:497:5 › Edge Cases & Error Handling › Boundary Conditions › should handle empty strings
[1A[2K[chromium] › tests\edge-cases.spec.ts:497:5 › Edge Cases & Error Handling › Boundary Conditions › should handle empty strings
⚠️ Starting Edge Cases Test Suite...

[1A[2K[145/453] [chromium] › tests\edge-cases.spec.ts:575:5 › Edge Cases & Error Handling › Race Conditions › should handle concurrent workflow creations
[1A[2K[chromium] › tests\edge-cases.spec.ts:575:5 › Edge Cases & Error Handling › Race Conditions › should handle concurrent workflow creations
⚠️ Starting Edge Cases Test Suite...

[1A[2K[146/453] [chromium] › tests\executors.spec.ts:11:5 › Agent Executor › migrateMCPData should return legacy data as-is
[1A[2K[147/453] [chromium] › tests\executors.spec.ts:19:5 › Agent Executor › migrateMCPData should handle new format data
[1A[2K[148/453] [chromium] › tests\executors.spec.ts:29:5 › Agent Executor › executeAgentNode should resolve and flatten MCP tools
[1A[2K[149/453] [chromium] › tests\executors.spec.ts:79:5 › MCP Utilities › unwrapMCPResponse should extract text from content array
[1A[2K[150/453] [chromium] › tests\executors.spec.ts:89:5 › MCP Utilities › unwrapMCPResponse should handle direct result property
[1A[2K[151/453] [chromium] › tests\executors.spec.ts:101:5 › MCP Utilities › convertMcpToOpenAiTool should convert schema correctly
[1A[2K[152/453] [chromium] › tests\executors.spec.ts:125:5 › Convex MCP Mutations › addMCPServer should insert a new server
[1A[2K[153/453] [chromium] › tests\executors.spec.ts:146:5 › Convex MCP Mutations › updateMCPServer should update own server
[1A[2K[154/453] [chromium] › tests\executors.spec.ts:163:5 › Convex MCP Mutations › updateMCPServer should fail for other users server
[1A[2K[155/453] [chromium] › tests\executors.spec.ts:178:5 › Convex MCP Mutations › deleteMCPServer should remove own server
[1A[2K[156/453] [chromium] › tests\file-processing.spec.ts:145:5 › File Processing Tests › DOCX Extraction › should extract text from valid DOCX buffer
[1A[2K[157/453] [chromium] › tests\file-processing.spec.ts:105:5 › File Processing Tests › PDF Extraction › should extract text from valid PDF buffer
[1A[2K[158/453] [chromium] › tests\file-processing.spec.ts:155:5 › File Processing Tests › DOCX Extraction › should handle empty DOCX buffer
[1A[2K[chromium] › tests\file-processing.spec.ts:105:5 › File Processing Tests › PDF Extraction › should extract text from valid PDF buffer
[PDF] Starting PDF text extraction with pdf2json...

[1A[2K[PDF] Buffer size: [33m457[39m bytes

[1A[2KWarning: Setting up fake worker.

[1A[2K(while reading XRef): Error: Invalid XRef stream header

[1A[2K[159/453] [chromium] › tests\file-processing.spec.ts:162:5 › File Processing Tests › DOCX Extraction › should handle corrupted DOCX buffer
[1A[2K[chromium] › tests\file-processing.spec.ts:162:5 › File Processing Tests › DOCX Extraction › should handle corrupted DOCX buffer
[DOCX] Error extracting text: Error: Can't find end of central directory : is this a zip file ? If it is, see https://stuk.github.io/jszip/documentation/howto/read_zip.html
    at ZipEntries.readEndOfCentral [90m(d:\GitHub\open-agent-builder\[39mnode_modules\[4mjszip[24m\lib\zipEntries.js:167:23[90m)[39m
    at ZipEntries.load [90m(d:\GitHub\open-agent-builder\[39mnode_modules\[4mjszip[24m\lib\zipEntries.js:255:14[90m)[39m
    at [90md:\GitHub\open-agent-builder\[39mnode_modules\[4mjszip[24m\lib\load.js:48:24

[1A[2K[160/453] [chromium] › tests\file-processing.spec.ts:170:5 › File Processing Tests › DOCX Extraction › should detect altChunk format in DOCX
[1A[2K[161/453] [chromium] › tests\file-processing.spec.ts:309:5 › File Processing Tests › Error Handling › should handle files without filename extension
[1A[2K[162/453] [chromium] › tests\file-processing.spec.ts:181:5 › File Processing Tests › Markdown Processing › should process markdown file content
[1A[2K[163/453] [chromium] › tests\file-processing.spec.ts:321:5 › File Processing Tests › Error Handling › should handle null content type
[1A[2K[164/453] [chromium] › tests\file-processing.spec.ts:337:5 › File Processing Tests › File Type Detection › should detect PDF by content type
[1A[2K[165/453] [chromium] › tests\file-processing.spec.ts:193:5 › File Processing Tests › Markdown Processing › should handle empty markdown file
[1A[2K[166/453] [chromium] › tests\file-processing.spec.ts:342:5 › File Processing Tests › File Type Detection › should detect PDF by filename extension
[1A[2K[167/453] [chromium] › tests\file-processing.spec.ts:201:5 › File Processing Tests › Markdown Processing › should preserve markdown formatting
[1A[2K[168/453] [chromium] › tests\file-processing.spec.ts:347:5 › File Processing Tests › File Type Detection › should detect DOCX by content type
[1A[2K[169/453] [chromium] › tests\file-processing.spec.ts:223:5 › File Processing Tests › Content Injection & Variable Substitution › should inject extracted content into workflow state
[1A[2K[170/453] [chromium] › tests\file-processing.spec.ts:352:5 › File Processing Tests › File Type Detection › should detect DOCX by filename extension
[1A[2K[171/453] [chromium] › tests\file-processing.spec.ts:367:5 › File Processing Tests › File Type Detection › should handle mixed case extensions
[1A[2K[172/453] [chromium] › tests\file-processing.spec.ts:357:5 › File Processing Tests › File Type Detection › should detect Markdown by content type
[1A[2K[173/453] [chromium] › tests\file-processing.spec.ts:362:5 › File Processing Tests › File Type Detection › should detect Markdown by filename extension
[1A[2K[174/453] [chromium] › tests\file-processing.spec.ts:242:5 › File Processing Tests › Content Injection & Variable Substitution › should handle multiple file inputs
[1A[2K[175/453] [chromium] › tests\file-processing.spec.ts:264:5 › File Processing Tests › Content Injection & Variable Substitution › should handle file objects without content gracefully
[1A[2K[176/453] [chromium] › tests\file-upload-download.spec.ts:196:5 › File Upload and Download Tests › File Upload - Multipart Form Data › should handle upload without filename field
[1A[2K[177/453] [chromium] › tests\file-upload-download.spec.ts:116:5 › File Upload and Download Tests › File Upload - Multipart Form Data › should upload a PDF file successfully
[1A[2K[178/453] [chromium] › tests\file-processing.spec.ts:280:5 › File Processing Tests › Error Handling › should handle missing file metadata
[1A[2K[179/453] [chromium] › tests\file-processing.spec.ts:297:5 › File Processing Tests › Error Handling › should handle unsupported file formats
[1A[2K[chromium] › tests\file-processing.spec.ts:105:5 › File Processing Tests › PDF Extraction › should extract text from valid PDF buffer
Error: Error: Error: Invalid XRef stream header
    at error (file:///d:/GitHub/open-agent-builder/node_modules/pdf2json/lib/pdfjs-code.js:206:8)
    at e.apply (file:///d:/GitHub/open-agent-builder/node_modules/pdf2json/lib/pdfjs-code.js:4570:9)
    at ensure (file:///d:/GitHub/open-agent-builder/node_modules/pdf2json/lib/pdfjs-code.js:32761:24)
    at ensureModel (file:///d:/GitHub/open-agent-builder/node_modules/pdf2json/lib/pdfjs-code.js:32697:19)
    at Object.onResolve (file:///d:/GitHub/open-agent-builder/node_modules/pdf2json/lib/pdfjs-code.js:27371:8)
    at Object.runHandlers (file:///d:/GitHub/open-agent-builder/node_modules/pdf2json/lib/pdfjs-code.js:889:28)
    at listOnTimeout (node:internal/timers:588:17)
    at processTimers (node:internal/timers:523:7)

[1A[2KError: Error: Invalid XRef stream header

[1A[2K[PDF] Parse error: Error: Error: Invalid XRef stream header

[1A[2K[180/453] [chromium] › tests\file-processing.spec.ts:118:5 › File Processing Tests › PDF Extraction › should handle empty PDF buffer
[1A[2K[chromium] › tests\file-processing.spec.ts:118:5 › File Processing Tests › PDF Extraction › should handle empty PDF buffer
[PDF] Starting PDF text extraction with pdf2json...

[1A[2K[PDF] Buffer size: [33m0[39m bytes

[1A[2K[181/453] [chromium] › tests\file-processing.spec.ts:125:5 › File Processing Tests › PDF Extraction › should handle corrupted PDF buffer
[1A[2K[chromium] › tests\file-processing.spec.ts:125:5 › File Processing Tests › PDF Extraction › should handle corrupted PDF buffer
[PDF] Starting PDF text extraction with pdf2json...

[1A[2K[PDF] Buffer size: [33m23[39m bytes

[1A[2KWarning: Setting up fake worker.

[1A[2K(while reading XRef): Error: Invalid XRef stream header

[1A[2KError: Error: Error: Invalid XRef stream header
    at error (file:///d:/GitHub/open-agent-builder/node_modules/pdf2json/lib/pdfjs-code.js:206:8)
    at e.apply (file:///d:/GitHub/open-agent-builder/node_modules/pdf2json/lib/pdfjs-code.js:4570:9)
    at ensure (file:///d:/GitHub/open-agent-builder/node_modules/pdf2json/lib/pdfjs-code.js:32761:24)
    at ensureModel (file:///d:/GitHub/open-agent-builder/node_modules/pdf2json/lib/pdfjs-code.js:32697:19)
    at Object.onResolve (file:///d:/GitHub/open-agent-builder/node_modules/pdf2json/lib/pdfjs-code.js:27371:8)
    at Object.runHandlers (file:///d:/GitHub/open-agent-builder/node_modules/pdf2json/lib/pdfjs-code.js:889:28)
    at listOnTimeout (node:internal/timers:588:17)
    at processTimers (node:internal/timers:523:7)

[1A[2KError: Error: Invalid XRef stream header

[1A[2K[PDF] Parse error: Error: Error: Invalid XRef stream header

[1A[2K[182/453] [chromium] › tests\file-processing.spec.ts:135:5 › File Processing Tests › PDF Extraction › should handle PDF with no extractable text
[1A[2K[chromium] › tests\file-processing.spec.ts:135:5 › File Processing Tests › PDF Extraction › should handle PDF with no extractable text
[PDF] Starting PDF text extraction with pdf2json...

[1A[2K[PDF] Buffer size: [33m14[39m bytes

[1A[2KWarning: Setting up fake worker.

[1A[2K(while reading XRef): Error: Invalid XRef stream header

[1A[2KError: Error: Error: Invalid XRef stream header
    at error (file:///d:/GitHub/open-agent-builder/node_modules/pdf2json/lib/pdfjs-code.js:206:8)
    at e.apply (file:///d:/GitHub/open-agent-builder/node_modules/pdf2json/lib/pdfjs-code.js:4570:9)
    at ensure (file:///d:/GitHub/open-agent-builder/node_modules/pdf2json/lib/pdfjs-code.js:32761:24)
    at ensureModel (file:///d:/GitHub/open-agent-builder/node_modules/pdf2json/lib/pdfjs-code.js:32697:19)
    at Object.onResolve (file:///d:/GitHub/open-agent-builder/node_modules/pdf2json/lib/pdfjs-code.js:27371:8)
    at Object.runHandlers (file:///d:/GitHub/open-agent-builder/node_modules/pdf2json/lib/pdfjs-code.js:889:28)
    at listOnTimeout (node:internal/timers:588:17)
    at processTimers (node:internal/timers:523:7)

[1A[2KError: Error: Invalid XRef stream header

[1A[2K[PDF] Parse error: Error: Error: Invalid XRef stream header

[1A[2K[183/453] [chromium] › tests\file-upload-download.spec.ts:267:5 › File Upload and Download Tests › File Upload - Raw Binary › should upload raw PDF buffer
[1A[2K[184/453] [chromium] › tests\file-upload-download.spec.ts:358:5 › File Upload and Download Tests › File Download › should get download URL for uploaded file
[1A[2K  36) [chromium] › tests\file-upload-download.spec.ts:116:5 › File Upload and Download Tests › File Upload - Multipart Form Data › should upload a PDF file successfully 

    Error: [2mexpect([22m[31mreceived[39m[2m).[22mtoBeTruthy[2m()[22m

    Received: [31mfalse[39m

      130 |       });
      131 |
    > 132 |       expect(response.ok).toBeTruthy();
          |                           ^
      133 |       const result = await response.json();
      134 |
      135 |       expect(result).toHaveProperty('storageId');
        at d:\GitHub\open-agent-builder\tests\file-upload-download.spec.ts:132:27


[1A[2K  37) [chromium] › tests\file-upload-download.spec.ts:196:5 › File Upload and Download Tests › File Upload - Multipart Form Data › should handle upload without filename field 

    Error: [2mexpect([22m[31mreceived[39m[2m).[22mtoBeTruthy[2m()[22m

    Received: [31mfalse[39m

      210 |       });
      211 |
    > 212 |       expect(response.ok).toBeTruthy();
          |                           ^
      213 |       const result = await response.json();
      214 |
      215 |       expect(result).toHaveProperty('storageId');
        at d:\GitHub\open-agent-builder\tests\file-upload-download.spec.ts:212:27


[1A[2K  38) [chromium] › tests\file-upload-download.spec.ts:267:5 › File Upload and Download Tests › File Upload - Raw Binary › should upload raw PDF buffer 

    Error: [2mexpect([22m[31mreceived[39m[2m).[22mtoBeTruthy[2m()[22m

    Received: [31mfalse[39m

      276 |       });
      277 |
    > 278 |       expect(response.ok).toBeTruthy();
          |                           ^
      279 |       const result = await response.json();
      280 |
      281 |       expect(result).toHaveProperty('storageId');
        at d:\GitHub\open-agent-builder\tests\file-upload-download.spec.ts:278:27


[1A[2K[chromium] › tests\file-upload-download.spec.ts:358:5 › File Upload and Download Tests › File Download › should get download URL for uploaded file
✅ Test file uploaded for download tests: [90mundefined[39m

[1A[2K  39) [chromium] › tests\file-upload-download.spec.ts:358:5 › File Upload and Download Tests › File Download › should get download URL for uploaded file 

    Error: [Request ID: c648a8b6aeba654b] Server Error
    ArgumentValidationError: Object is missing the required field `storageId`. Consider wrapping the field validator in `v.optional(...)` if this is expected.

    Object: {}
    Validator: v.object({storageId: v.string()})



      357 |
      358 |     test('should get download URL for uploaded file', async () => {
    > 359 |       const downloadUrl = await convex.query(api.files.getDownloadUrl, {
          |                           ^
      360 |         storageId: uploadedFileId,
      361 |       });
      362 |
        at ConvexHttpClient.queryInner (d:\GitHub\open-agent-builder\node_modules\convex\src\browser\http_client.ts:332:15)
        at ConvexHttpClient.query (d:\GitHub\open-agent-builder\node_modules\convex\src\browser\http_client.ts:271:12)
        at d:\GitHub\open-agent-builder\tests\file-upload-download.spec.ts:359:27


[1A[2K[185/453] [chromium] › tests\edge-cases.spec.ts:462:5 › Edge Cases & Error Handling › Boundary Conditions › should handle large number of nodes
[1A[2K[186/453] [chromium] › tests\edge-cases.spec.ts:515:5 › Edge Cases & Error Handling › Network Failures & Timeouts › should handle network timeout simulation
[1A[2K[dotenv@17.2.3] injecting env (0) from .env.local -- tip: 🔑 add access controls to secrets: https://dotenvx.com/ops

[1A[2K[dotenv@17.2.3] injecting env (0) from .env.local -- tip: ✅ audit secrets and track compliance: https://dotenvx.com/ops

[1A[2K[dotenv@17.2.3] injecting env (0) from .env.local -- tip: 🔐 prevent committing .env to code: https://dotenvx.com/precommit

[1A[2K[187/453] [chromium] › tests\file-upload-download.spec.ts:288:5 › File Upload and Download Tests › File Upload - Raw Binary › should upload raw text buffer
[1A[2K[188/453] [chromium] › tests\file-upload-download.spec.ts:222:5 › File Upload and Download Tests › File Upload - Multipart Form Data › should reject upload without file field
[1A[2K[189/453] [chromium] › tests\file-upload-download.spec.ts:144:5 › File Upload and Download Tests › File Upload - Multipart Form Data › should upload a Markdown file successfully
[1A[2K[dotenv@17.2.3] injecting env (0) from .env.local -- tip: ⚙️  enable debug logging with { debug: true }

[1A[2K[190/453] [chromium] › tests\file-upload-download.spec.ts:370:5 › File Upload and Download Tests › File Download › should download file and verify content
[1A[2K  40) [chromium] › tests\file-upload-download.spec.ts:222:5 › File Upload and Download Tests › File Upload - Multipart Form Data › should reject upload without file field 

    Error: [2mexpect([22m[31mreceived[39m[2m).[22mtoBe[2m([22m[32mexpected[39m[2m) // Object.is equality[22m

    Expected: [32m400[39m
    Received: [31m500[39m

      230 |       });
      231 |
    > 232 |       expect(response.status).toBe(400);
          |                               ^
      233 |       const result = await response.json();
      234 |       expect(result).toHaveProperty('error');
      235 |       expect(result.error).toContain("Missing 'file' field");
        at d:\GitHub\open-agent-builder\tests\file-upload-download.spec.ts:232:31


[1A[2K  41) [chromium] › tests\file-upload-download.spec.ts:144:5 › File Upload and Download Tests › File Upload - Multipart Form Data › should upload a Markdown file successfully 

    Error: [2mexpect([22m[31mreceived[39m[2m).[22mtoBeTruthy[2m()[22m

    Received: [31mfalse[39m

      158 |       });
      159 |
    > 160 |       expect(response.ok).toBeTruthy();
          |                           ^
      161 |       const result = await response.json();
      162 |
      163 |       expect(result).toHaveProperty('storageId');
        at d:\GitHub\open-agent-builder\tests\file-upload-download.spec.ts:160:27


[1A[2K[chromium] › tests\file-upload-download.spec.ts:370:5 › File Upload and Download Tests › File Download › should download file and verify content
✅ Test file uploaded for download tests: [90mundefined[39m

[1A[2K  42) [chromium] › tests\file-upload-download.spec.ts:288:5 › File Upload and Download Tests › File Upload - Raw Binary › should upload raw text buffer 

    Error: [2mexpect([22m[31mreceived[39m[2m).[22mtoBeTruthy[2m()[22m

    Received: [31mfalse[39m

      297 |       });
      298 |
    > 299 |       expect(response.ok).toBeTruthy();
          |                           ^
      300 |       const result = await response.json();
      301 |
      302 |       expect(result).toHaveProperty('storageId');
        at d:\GitHub\open-agent-builder\tests\file-upload-download.spec.ts:299:27


[1A[2K[191/453] [chromium] › tests\file-upload-download.spec.ts:400:5 › File Upload and Download Tests › File Download › should handle non-existent file gracefully
[1A[2K  43) [chromium] › tests\file-upload-download.spec.ts:370:5 › File Upload and Download Tests › File Download › should download file and verify content 

    Error: [Request ID: aa16f01f5ccf39ea] Server Error
    ArgumentValidationError: Object is missing the required field `storageId`. Consider wrapping the field validator in `v.optional(...)` if this is expected.

    Object: {}
    Validator: v.object({storageId: v.string()})



      369 |
      370 |     test('should download file and verify content', async () => {
    > 371 |       const downloadUrl = await convex.query(api.files.getDownloadUrl, {
          |                           ^
      372 |         storageId: uploadedFileId,
      373 |       });
      374 |
        at ConvexHttpClient.queryInner (d:\GitHub\open-agent-builder\node_modules\convex\src\browser\http_client.ts:332:15)
        at ConvexHttpClient.query (d:\GitHub\open-agent-builder\node_modules\convex\src\browser\http_client.ts:271:12)
        at d:\GitHub\open-agent-builder\tests\file-upload-download.spec.ts:371:27


[1A[2K[chromium] › tests\file-upload-download.spec.ts:400:5 › File Upload and Download Tests › File Download › should handle non-existent file gracefully
✅ Test file uploaded for download tests: [90mundefined[39m

[1A[2K[192/453] [chromium] › tests\edge-cases.spec.ts:537:5 › Edge Cases & Error Handling › Network Failures & Timeouts › should handle retry logic for failed operations
[1A[2K[dotenv@17.2.3] injecting env (0) from .env.local -- tip: 📡 add observability to secrets: https://dotenvx.com/ops

[1A[2K[dotenv@17.2.3] injecting env (0) from .env.local -- tip: 🗂️ backup and recover secrets: https://dotenvx.com/ops

[1A[2K  44) [chromium] › tests\edge-cases.spec.ts:575:5 › Edge Cases & Error Handling › Race Conditions › should handle concurrent workflow creations 

    Error: [Request ID: eeb3442ec39ccd46] Server Error
    Uncaught Error: Workflow not found
        at handler (../convex/workflows.ts:237:10)

        at handler (../convex/workflows.ts:237:10)
        at ConvexHttpClient.mutationInner (d:\GitHub\open-agent-builder\node_modules\convex\src\browser\http_client.ts:383:15)
        at ConvexHttpClient.processMutationQueue (d:\GitHub\open-agent-builder\node_modules\convex\src\browser\http_client.ts:398:24)


[1A[2K✅ Non-existent file handled with error (expected)

[1A[2K[193/453] [chromium] › tests\file-upload-download.spec.ts:416:5 › File Upload and Download Tests › File Download › should handle null metadata for non-existent file
[1A[2K[194/453] [chromium] › tests\file-upload-download.spec.ts:240:5 › File Upload and Download Tests › File Upload - Multipart Form Data › should handle large file upload (1MB)
[1A[2K[195/453] [chromium] › tests\file-upload-download.spec.ts:170:5 › File Upload and Download Tests › File Upload - Multipart Form Data › should upload a text file successfully
[1A[2K[196/453] [chromium] › tests\file-upload-download.spec.ts:470:5 › File Upload and Download Tests › Multiple File Upload › should upload multiple files in parallel
[1A[2K[197/453] [chromium] › tests\edge-cases.spec.ts:564:5 › Edge Cases & Error Handling › Network Failures & Timeouts › should handle connection errors gracefully
[1A[2K[dotenv@17.2.3] injecting env (0) from .env.local -- tip: 🗂️ backup and recover secrets: https://dotenvx.com/ops

[1A[2K[chromium] › tests\file-upload-download.spec.ts:416:5 › File Upload and Download Tests › File Download › should handle null metadata for non-existent file
✅ Non-existent file metadata handled with error (expected)

[1A[2K[198/453] [chromium] › tests\file-upload-download.spec.ts:434:5 › File Upload and Download Tests › Multiple File Upload › should upload multiple files sequentially
[1A[2K[199/453] [chromium] › tests\file-upload-download.spec.ts:308:5 › File Upload and Download Tests › File Upload - Raw Binary › should handle raw upload without filename
[1A[2K[200/453] [chromium] › tests\file-upload-download.spec.ts:560:5 › File Upload and Download Tests › File Size and Validation › should handle binary content correctly
[1A[2K[dotenv@17.2.3] injecting env (0) from .env.local -- tip: 🔑 add access controls to secrets: https://dotenvx.com/ops

[1A[2K  45) [chromium] › tests\file-upload-download.spec.ts:434:5 › File Upload and Download Tests › Multiple File Upload › should upload multiple files sequentially 

    Error: [2mexpect([22m[31mreceived[39m[2m).[22mtoBeTruthy[2m()[22m

    Received: [31mfalse[39m

      454 |         });
      455 |
    > 456 |         expect(response.ok).toBeTruthy();
          |                             ^
      457 |         const result = await response.json();
      458 |         uploadResults.push(result);
      459 |       }
        at d:\GitHub\open-agent-builder\tests\file-upload-download.spec.ts:456:29


[1A[2K[201/453] [chromium] › tests\file-upload-download.spec.ts:386:5 › File Upload and Download Tests › File Download › should get file metadata
[1A[2K[dotenv@17.2.3] injecting env (0) from .env.local -- tip: 🔐 prevent building .env in docker: https://dotenvx.com/prebuild

[1A[2K  46) [chromium] › tests\file-upload-download.spec.ts:240:5 › File Upload and Download Tests › File Upload - Multipart Form Data › should handle large file upload (1MB) 

    Error: [2mexpect([22m[31mreceived[39m[2m).[22mtoBeTruthy[2m()[22m

    Received: [31mfalse[39m

      254 |       });
      255 |
    > 256 |       expect(response.ok).toBeTruthy();
          |                           ^
      257 |       const result = await response.json();
      258 |
      259 |       expect(result).toHaveProperty('storageId');
        at d:\GitHub\open-agent-builder\tests\file-upload-download.spec.ts:256:27


[1A[2K  47) [chromium] › tests\file-upload-download.spec.ts:470:5 › File Upload and Download Tests › Multiple File Upload › should upload multiple files in parallel 

    Error: [2mexpect([22m[31mreceived[39m[2m).[22mtoHaveProperty[2m([22m[32mpath[39m[2m)[22m

    Expected path: [32m"storageId"[39m
    Received path: [31m[][39m

    Received value: [31m{"error": "Error: invalid multi-part form: 'incomplete multipart stream'"}[39m

      493 |       expect(results).toHaveLength(3);
      494 |       results.forEach((result, index) => {
    > 495 |         expect(result).toHaveProperty('storageId');
          |                        ^
      496 |         expect(result.originalFilename).toBe(files[index].filename);
      497 |       });
      498 |
        at forEach (d:\GitHub\open-agent-builder\tests\file-upload-download.spec.ts:495:24)
        at d:\GitHub\open-agent-builder\tests\file-upload-download.spec.ts:494:15


[1A[2K  48) [chromium] › tests\file-upload-download.spec.ts:170:5 › File Upload and Download Tests › File Upload - Multipart Form Data › should upload a text file successfully 

    Error: [2mexpect([22m[31mreceived[39m[2m).[22mtoBeTruthy[2m()[22m

    Received: [31mfalse[39m

      184 |       });
      185 |
    > 186 |       expect(response.ok).toBeTruthy();
          |                           ^
      187 |       const result = await response.json();
      188 |
      189 |       expect(result).toHaveProperty('storageId');
        at d:\GitHub\open-agent-builder\tests\file-upload-download.spec.ts:186:27


[1A[2K  49) [chromium] › tests\file-upload-download.spec.ts:308:5 › File Upload and Download Tests › File Upload - Raw Binary › should handle raw upload without filename 

    Error: [2mexpect([22m[31mreceived[39m[2m).[22mtoBeTruthy[2m()[22m

    Received: [31mfalse[39m

      317 |       });
      318 |
    > 319 |       expect(response.ok).toBeTruthy();
          |                           ^
      320 |       const result = await response.json();
      321 |
      322 |       expect(result).toHaveProperty('storageId');
        at d:\GitHub\open-agent-builder\tests\file-upload-download.spec.ts:319:27


[1A[2K  50) [chromium] › tests\file-upload-download.spec.ts:560:5 › File Upload and Download Tests › File Size and Validation › should handle binary content correctly 

    Error: [2mexpect([22m[31mreceived[39m[2m).[22mtoBeTruthy[2m()[22m

    Received: [31mfalse[39m

      573 |       });
      574 |
    > 575 |       expect(response.ok).toBeTruthy();
          |                           ^
      576 |       const result = await response.json();
      577 |
      578 |       expect(result).toHaveProperty('storageId');
        at d:\GitHub\open-agent-builder\tests\file-upload-download.spec.ts:575:27


[1A[2K[202/453] [chromium] › tests\edge-cases.spec.ts:599:5 › Edge Cases & Error Handling › Race Conditions › should handle concurrent workflow updates
[1A[2K[chromium] › tests\edge-cases.spec.ts:599:5 › Edge Cases & Error Handling › Race Conditions › should handle concurrent workflow updates
⚠️ Starting Edge Cases Test Suite...

[1A[2K[chromium] › tests\file-upload-download.spec.ts:386:5 › File Upload and Download Tests › File Download › should get file metadata
✅ Test file uploaded for download tests: [90mundefined[39m

[1A[2K  51) [chromium] › tests\file-upload-download.spec.ts:386:5 › File Upload and Download Tests › File Download › should get file metadata 

    Error: [Request ID: 5476b25a681a8c0f] Server Error
    ArgumentValidationError: Object is missing the required field `storageId`. Consider wrapping the field validator in `v.optional(...)` if this is expected.

    Object: {}
    Validator: v.object({storageId: v.string()})



      385 |
      386 |     test('should get file metadata', async () => {
    > 387 |       const metadata = await convex.query(api.files.getFileMetadata, {
          |                        ^
      388 |         storageId: uploadedFileId,
      389 |       });
      390 |
        at ConvexHttpClient.queryInner (d:\GitHub\open-agent-builder\node_modules\convex\src\browser\http_client.ts:332:15)
        at ConvexHttpClient.query (d:\GitHub\open-agent-builder\node_modules\convex\src\browser\http_client.ts:271:12)
        at d:\GitHub\open-agent-builder\tests\file-upload-download.spec.ts:387:24


[1A[2K[dotenv@17.2.3] injecting env (0) from .env.local -- tip: ⚙️  enable debug logging with { debug: true }

[1A[2K[dotenv@17.2.3] injecting env (0) from .env.local -- tip: 🛠️  run anywhere with `dotenvx run -- yourcommand`

[1A[2K[dotenv@17.2.3] injecting env (0) from .env.local -- tip: ⚙️  specify custom .env file path with { path: '/custom/path/.env' }

[1A[2K[dotenv@17.2.3] injecting env (0) from .env.local -- tip: ⚙️  specify custom .env file path with { path: '/custom/path/.env' }

[1A[2K[dotenv@17.2.3] injecting env (0) from .env.local -- tip: 📡 add observability to secrets: https://dotenvx.com/ops

[1A[2K[dotenv@17.2.3] injecting env (0) from .env.local -- tip: 🗂️ backup and recover secrets: https://dotenvx.com/ops

[1A[2K[203/453] [chromium] › tests\file-workflow-integration.spec.ts:97:5 › File and Workflow Integration Tests › File Upload and State Injection › should upload file and inject into workflow state
[1A[2K[204/453] [chromium] › tests\file-upload-download.spec.ts:504:5 › File Upload and Download Tests › File Size and Validation › should handle empty file
[1A[2K[205/453] [chromium] › tests\file-upload-download.spec.ts:597:5 › File Upload and Download Tests › CORS and Headers › should include CORS headers in response
[1A[2K[206/453] [chromium] › tests\file-workflow-integration.spec.ts:277:5 › File and Workflow Integration Tests › Multiple File Workflow Integration › should handle multiple file inputs in workflow state
[1A[2K[207/453] [chromium] › tests\file-workflow-integration.spec.ts:188:5 › File and Workflow Integration Tests › File Upload and State Injection › should handle PDF file extraction in workflow state
[1A[2K[208/453] [chromium] › tests\file-workflow-integration.spec.ts:402:5 › File and Workflow Integration Tests › File Error Handling in Workflows › should handle missing storage ID gracefully
[1A[2K[chromium] › tests\file-workflow-integration.spec.ts:402:5 › File and Workflow Integration Tests › File Error Handling in Workflows › should handle missing storage ID gracefully
[FileUtils] ========== prefetchFileContents called ==========

[1A[2K[FileUtils] Text to scan: {{input.missingFile}}

[1A[2K[FileUtils] Found variable references: [ [32m'input.missingFile'[39m ]

[1A[2K[FileUtils] Evaluating "input.missingFile": {
  type: [32m'object'[39m,
  isObject: [33mtrue[39m,
  hasStorageId: [33mtrue[39m,
  hasContent: [33mfalse[39m,
  storageId: [32m'kg2fake_missing_id_12345'[39m
}

[1A[2K[FileUtils] 🎯 Found file to fetch: input.missingFile with storageId: kg2fake_missing_id_12345

[1A[2K[FileUtils] Prefetching content for 1 files...

[1A[2K[dotenv@17.2.3] injecting env (0) from .env.local -- tip: ✅ audit secrets and track compliance: https://dotenvx.com/ops

[1A[2K  52) [chromium] › tests\file-upload-download.spec.ts:504:5 › File Upload and Download Tests › File Size and Validation › should handle empty file 

    Error: [2mexpect([22m[31mreceived[39m[2m).[22mtoBeTruthy[2m()[22m

    Received: [31mfalse[39m

      517 |       });
      518 |
    > 519 |       expect(response.ok).toBeTruthy();
          |                           ^
      520 |       const result = await response.json();
      521 |
      522 |       expect(result).toHaveProperty('storageId');
        at d:\GitHub\open-agent-builder\tests\file-upload-download.spec.ts:519:27


[1A[2K  53) [chromium] › tests\file-upload-download.spec.ts:597:5 › File Upload and Download Tests › CORS and Headers › should include CORS headers in response 

    Error: [2mexpect([22m[31mreceived[39m[2m).[22mtoBeTruthy[2m()[22m

    Received: [31mfalse[39m

      613 |       });
      614 |
    > 615 |       expect(response.ok).toBeTruthy();
          |                           ^
      616 |
      617 |       // Check CORS headers
      618 |       const corsHeader = response.headers.get('Access-Control-Allow-Origin');
        at d:\GitHub\open-agent-builder\tests\file-upload-download.spec.ts:615:27


[1A[2K[FileUtils] ❌ Error fetching metadata for kg2fake_missing_id_12345: Error: [Request ID: ac62d1166ceec5ac] Server Error
    at ConvexHttpClient.queryInner [90m(file:///d:/GitHub/open-agent-builder/[39mnode_modules/[4mconvex[24m/src/browser/http_client.ts:332:15[90m)[39m
[90m    at processTicksAndRejections (node:internal/process/task_queues:105:5)[39m
    at ConvexHttpClient.query [90m(file:///d:/GitHub/open-agent-builder/[39mnode_modules/[4mconvex[24m/src/browser/http_client.ts:271:12[90m)[39m
    at [90mfile:///d:/GitHub/open-agent-builder/[39mlib/workflow/file-utils.ts:119:28
    at async Promise.all (index 0)
    at prefetchFileContents [90m(file:///d:/GitHub/open-agent-builder/[39mlib/workflow/file-utils.ts:110:5[90m)[39m
    at [90mfile:///d:/GitHub/open-agent-builder/[39mtests/file-workflow-integration.spec.ts:416:7
    at [90md:\GitHub\open-agent-builder\[39mnode_modules\[4mplaywright[24m\lib\worker\workerMain.js:310:9
    at [90md:\GitHub\open-agent-builder\[39mnode_modules\[4mplaywright[24m\lib\worker\testInfo.js:305:11
    at TimeoutManager.withRunnable [90m(d:\GitHub\open-agent-builder\[39mnode_modules\[4mplaywright[24m\lib\worker\timeoutManager.js:67:14[90m)[39m
    at TestInfoImpl._runWithTimeout [90m(d:\GitHub\open-agent-builder\[39mnode_modules\[4mplaywright[24m\lib\worker\testInfo.js:303:7[90m)[39m
    at [90md:\GitHub\open-agent-builder\[39mnode_modules\[4mplaywright[24m\lib\worker\workerMain.js:308:7
    at WorkerMain._runTest [90m(d:\GitHub\open-agent-builder\[39mnode_modules\[4mplaywright[24m\lib\worker\workerMain.js:283:5[90m)[39m
    at WorkerMain.runTestGroup [90m(d:\GitHub\open-agent-builder\[39mnode_modules\[4mplaywright[24m\lib\worker\workerMain.js:198:11[90m)[39m
    at process.<anonymous> [90m(d:\GitHub\open-agent-builder\[39mnode_modules\[4mplaywright[24m\lib\common\process.js:65:22[90m)[39m

[1A[2K[FileUtils] ========== prefetchFileContents completed ==========

[1A[2K✅ Missing file handled gracefully

[1A[2K[209/453] [chromium] › tests\file-workflow-integration.spec.ts:427:5 › File and Workflow Integration Tests › File Error Handling in Workflows › should handle empty file reference
[1A[2K[chromium] › tests\file-workflow-integration.spec.ts:427:5 › File and Workflow Integration Tests › File Error Handling in Workflows › should handle empty file reference
[FileUtils] ========== prefetchFileContents called ==========

[1A[2K[FileUtils] Text to scan: {{input.nonExistent}}

[1A[2K[FileUtils] Found variable references: [ [32m'input.nonExistent'[39m ]

[1A[2K[FileUtils] Evaluating "input.nonExistent": {
  type: [32m'undefined'[39m,
  isObject: [33mfalse[39m,
  hasStorageId: [33mfalse[39m,
  hasContent: [33mfalse[39m,
  storageId: [90mundefined[39m
}

[1A[2K[FileUtils] No files to fetch, returning early

[1A[2K✅ Empty file reference handled gracefully

[1A[2K[210/453] [chromium] › tests\file-workflow-integration.spec.ts:507:5 › File and Workflow Integration Tests › Variable Substitution with Files › should substitute file content in agent instructions
[1A[2K[211/453] [chromium] › tests\file-workflow-integration.spec.ts:441:5 › File and Workflow Integration Tests › File Error Handling in Workflows › should handle file without storageId
[1A[2K  54) [chromium] › tests\edge-cases.spec.ts:599:5 › Edge Cases & Error Handling › Race Conditions › should handle concurrent workflow updates 

    Error: [Request ID: a14be356b6dfeb78] Server Error
    ArgumentValidationError: Object is missing the required field `id`. Consider wrapping the field validator in `v.optional(...)` if this is expected.

    Object: {name: "Updated A", workflowId: "k575zqdrdvaks94bvkt2tmr44d812rdq"}
    Validator: v.object({description: v.optional(v.string()), edges: v.optional(v.any()), id: v.id("workflows"), name: v.optional(v.string()), nodes: v.optional(v.any())})


        at ConvexHttpClient.mutationInner (d:\GitHub\open-agent-builder\node_modules\convex\src\browser\http_client.ts:383:15)
        at ConvexHttpClient.processMutationQueue (d:\GitHub\open-agent-builder\node_modules\convex\src\browser\http_client.ts:398:24)


[1A[2K  55) [chromium] › tests\file-workflow-integration.spec.ts:97:5 › File and Workflow Integration Tests › File Upload and State Injection › should upload file and inject into workflow state 

    Error: [2mexpect([22m[31mreceived[39m[2m).[22mtoBeTruthy[2m()[22m

    Received: [31mfalse[39m

      112 |       });
      113 |
    > 114 |       expect(uploadResponse.ok).toBeTruthy();
          |                                 ^
      115 |       const uploadResult = await uploadResponse.json();
      116 |
      117 |       // Create workflow state with file reference
        at d:\GitHub\open-agent-builder\tests\file-workflow-integration.spec.ts:114:33


[1A[2K[chromium] › tests\file-workflow-integration.spec.ts:441:5 › File and Workflow Integration Tests › File Error Handling in Workflows › should handle file without storageId
[FileUtils] ========== prefetchFileContents called ==========

[1A[2K[FileUtils] Text to scan: {{input.invalidFile}}

[1A[2K[FileUtils] Found variable references: [ [32m'input.invalidFile'[39m ]

[1A[2K[FileUtils] Evaluating "input.invalidFile": {
  type: [32m'object'[39m,
  isObject: [33mtrue[39m,
  hasStorageId: [33mfalse[39m,
  hasContent: [33mfalse[39m,
  storageId: [90mundefined[39m
}

[1A[2K[FileUtils] No files to fetch, returning early

[1A[2K✅ File without storageId handled gracefully

[1A[2K[212/453] [chromium] › tests\file-workflow-integration.spec.ts:463:5 › File and Workflow Integration Tests › File Error Handling in Workflows › should handle files with existing content (no re-fetch)
[1A[2K[chromium] › tests\file-workflow-integration.spec.ts:188:5 › File and Workflow Integration Tests › File Upload and State Injection › should handle PDF file extraction in workflow state
[FileUtils] ========== prefetchFileContents called ==========

[1A[2K[FileUtils] Text to scan: {{input.pdfDoc}}

[1A[2K[FileUtils] Found variable references: [ [32m'input.pdfDoc'[39m ]

[1A[2K[FileUtils] Evaluating "input.pdfDoc": {
  type: [32m'object'[39m,
  isObject: [33mtrue[39m,
  hasStorageId: [33mfalse[39m,
  hasContent: [33mfalse[39m,
  storageId: [90mundefined[39m
}

[1A[2K[FileUtils] No files to fetch, returning early

[1A[2K  56) [chromium] › tests\file-workflow-integration.spec.ts:188:5 › File and Workflow Integration Tests › File Upload and State Injection › should handle PDF file extraction in workflow state 

    Error: [2mexpect([22m[31mreceived[39m[2m).[22mtoHaveProperty[2m([22m[32mpath[39m[2m)[22m

    Expected path: [32m"content"[39m
    Received path: [31m[][39m

    Received value: [31m{"contentType": undefined, "originalFilename": undefined, "storageId": undefined}[39m

      222 |
      223 |       // Verify PDF content was extracted
    > 224 |       expect(state.variables.input.pdfDoc).toHaveProperty('content');
          |                                            ^
      225 |       expect(state.variables.input.pdfDoc.content).toBeDefined();
      226 |       expect(typeof state.variables.input.pdfDoc.content).toBe('string');
      227 |
        at d:\GitHub\open-agent-builder\tests\file-workflow-integration.spec.ts:224:44


[1A[2K[chromium] › tests\file-workflow-integration.spec.ts:507:5 › File and Workflow Integration Tests › Variable Substitution with Files › should substitute file content in agent instructions
[FileUtils] ========== prefetchFileContents called ==========

[1A[2K[FileUtils] Text to scan: {{input.proposal}}

[1A[2K[FileUtils] Found variable references: [ [32m'input.proposal'[39m ]

[1A[2K[FileUtils] Evaluating "input.proposal": {
  type: [32m'object'[39m,
  isObject: [33mtrue[39m,
  hasStorageId: [33mfalse[39m,
  hasContent: [33mfalse[39m,
  storageId: [90mundefined[39m
}

[1A[2K[FileUtils] No files to fetch, returning early

[1A[2K  57) [chromium] › tests\file-workflow-integration.spec.ts:507:5 › File and Workflow Integration Tests › Variable Substitution with Files › should substitute file content in agent instructions 

    Error: [2mexpect([22m[31mreceived[39m[2m).[22mtoBe[2m([22m[32mexpected[39m[2m) // Object.is equality[22m

    Expected: [32m"Analyze this business proposal carefully."[39m
    Received: [31mundefined[39m

      541 |
      542 |       // Verify content available for substitution
    > 543 |       expect(state.variables.input.proposal.content).toBe(content);
          |                                                      ^
      544 |
      545 |       console.log('✅ File content ready for variable substitution');
      546 |     });
        at d:\GitHub\open-agent-builder\tests\file-workflow-integration.spec.ts:543:54


[1A[2K[chromium] › tests\file-workflow-integration.spec.ts:463:5 › File and Workflow Integration Tests › File Error Handling in Workflows › should handle files with existing content (no re-fetch)
[FileUtils] ========== prefetchFileContents called ==========

[1A[2K[FileUtils] Text to scan: {{input.fileWithContent}}

[1A[2K[FileUtils] Found variable references: [ [32m'input.fileWithContent'[39m ]

[1A[2K[FileUtils] Evaluating "input.fileWithContent": {
  type: [32m'object'[39m,
  isObject: [33mtrue[39m,
  hasStorageId: [33mfalse[39m,
  hasContent: [33mtrue[39m,
  storageId: [90mundefined[39m
}

[1A[2K[FileUtils] No files to fetch, returning early

[1A[2K✅ Existing content preserved (not re-fetched)

[1A[2K[chromium] › tests\file-workflow-integration.spec.ts:277:5 › File and Workflow Integration Tests › Multiple File Workflow Integration › should handle multiple file inputs in workflow state
[FileUtils] ========== prefetchFileContents called ==========

[1A[2K[FileUtils] Text to scan: {{input.file1}} {{input.file2}} {{input.file3}}

[1A[2K[FileUtils] Found variable references: [ [32m'input.file1'[39m, [32m'input.file2'[39m, [32m'input.file3'[39m ]

[1A[2K[FileUtils] Evaluating "input.file1": {
  type: [32m'object'[39m,
  isObject: [33mtrue[39m,
  hasStorageId: [33mfalse[39m,
  hasContent: [33mfalse[39m,
  storageId: [90mundefined[39m
}

[1A[2K[FileUtils] Evaluating "input.file2": {
  type: [32m'object'[39m,
  isObject: [33mtrue[39m,
  hasStorageId: [33mfalse[39m,
  hasContent: [33mfalse[39m,
  storageId: [90mundefined[39m
}

[1A[2K[FileUtils] Evaluating "input.file3": {
  type: [32m'object'[39m,
  isObject: [33mtrue[39m,
  hasStorageId: [33mfalse[39m,
  hasContent: [33mfalse[39m,
  storageId: [90mundefined[39m
}

[1A[2K[FileUtils] No files to fetch, returning early

[1A[2K  58) [chromium] › tests\file-workflow-integration.spec.ts:277:5 › File and Workflow Integration Tests › Multiple File Workflow Integration › should handle multiple file inputs in workflow state 

    Error: [2mexpect([22m[31mreceived[39m[2m).[22mtoHaveProperty[2m([22m[32mpath[39m[2m, [22m[32mvalue[39m[2m)[22m

    Expected path: [32m"content"[39m
    Received path: [31m[][39m

    Expected value: [32m"File 1 content"[39m
    Received value: [31m{"originalFilename": undefined, "storageId": undefined}[39m

      326 |
      327 |       // Verify all files have content
    > 328 |       expect(state.variables.input.file1).toHaveProperty('content', 'File 1 content');
          |                                           ^
      329 |       expect(state.variables.input.file2).toHaveProperty('content', 'File 2 content');
      330 |       expect(state.variables.input.file3).toHaveProperty('content', 'File 3 content');
      331 |
        at d:\GitHub\open-agent-builder\tests\file-workflow-integration.spec.ts:328:43


[1A[2K[dotenv@17.2.3] injecting env (0) from .env.local -- tip: 🔑 add access controls to secrets: https://dotenvx.com/ops

[1A[2K[dotenv@17.2.3] injecting env (0) from .env.local -- tip: ⚙️  load multiple .env files with { path: ['.env.local', '.env'] }

[1A[2K[213/453] [chromium] › tests\file-upload-download.spec.ts:528:5 › File Upload and Download Tests › File Size and Validation › should preserve file content integrity
[1A[2K[dotenv@17.2.3] injecting env (0) from .env.local -- tip: ⚙️  enable debug logging with { debug: true }

[1A[2K[dotenv@17.2.3] injecting env (0) from .env.local -- tip: ⚙️  enable debug logging with { debug: true }

[1A[2K[214/453] [chromium] › tests\file-upload-download.spec.ts:624:5 › File Upload and Download Tests › CORS and Headers › should handle OPTIONS preflight request
[1A[2K[dotenv@17.2.3] injecting env (0) from .env.local -- tip: 🗂️ backup and recover secrets: https://dotenvx.com/ops

[1A[2K[215/453] [chromium] › tests\mcp-lifecycle.spec.ts:132:5 › Custom MCP Server Lifecycle › Step 1: should add a new custom MCP server
[1A[2K[216/453] [chromium] › tests\edge-cases.spec.ts:631:5 › Edge Cases & Error Handling › Memory Limits › should handle large workflow state
[1A[2K[chromium] › tests\edge-cases.spec.ts:631:5 › Edge Cases & Error Handling › Memory Limits › should handle large workflow state
⚠️ Starting Edge Cases Test Suite...

[1A[2K[dotenv@17.2.3] injecting env (0) from .env.local -- tip: ⚙️  enable debug logging with { debug: true }

[1A[2K[217/453] [chromium] › tests\file-workflow-integration.spec.ts:139:5 › File and Workflow Integration Tests › File Upload and State Injection › should prefetch file contents for workflow execution
[1A[2K[chromium] › tests\file-upload-download.spec.ts:624:5 › File Upload and Download Tests › CORS and Headers › should handle OPTIONS preflight request
✅ OPTIONS preflight handled

[1A[2K  59) [chromium] › tests\file-upload-download.spec.ts:528:5 › File Upload and Download Tests › File Size and Validation › should preserve file content integrity 

    Error: [2mexpect([22m[31mreceived[39m[2m).[22mtoBeTruthy[2m()[22m

    Received: [31mfalse[39m

      542 |       });
      543 |
    > 544 |       expect(response.ok).toBeTruthy();
          |                           ^
      545 |       const result = await response.json();
      546 |
      547 |       // Download and verify
        at d:\GitHub\open-agent-builder\tests\file-upload-download.spec.ts:544:27


[1A[2K[218/453] [chromium] › tests\file-workflow-integration.spec.ts:232:5 › File and Workflow Integration Tests › File Upload and State Injection › should handle Markdown file in workflow state
[1A[2K[dotenv@17.2.3] injecting env (0) from .env.local -- tip: 🔐 encrypt with Dotenvx: https://dotenvx.com

[1A[2K[219/453] [chromium] › tests\file-workflow-integration.spec.ts:548:5 › File and Workflow Integration Tests › Variable Substitution with Files › should handle file references in complex expressions
[1A[2K[chromium] › tests\file-workflow-integration.spec.ts:139:5 › File and Workflow Integration Tests › File Upload and State Injection › should prefetch file contents for workflow execution
[FileUtils] ========== prefetchFileContents called ==========

[1A[2K[FileUtils] Text to scan: {{input.document}}

[1A[2K[FileUtils] Found variable references: [ [32m'input.document'[39m ]

[1A[2K[FileUtils] Evaluating "input.document": {
  type: [32m'object'[39m,
  isObject: [33mtrue[39m,
  hasStorageId: [33mfalse[39m,
  hasContent: [33mfalse[39m,
  storageId: [90mundefined[39m
}

[1A[2K[FileUtils] No files to fetch, returning early

[1A[2K  60) [chromium] › tests\file-workflow-integration.spec.ts:139:5 › File and Workflow Integration Tests › File Upload and State Injection › should prefetch file contents for workflow execution 

    Error: [2mexpect([22m[31mreceived[39m[2m).[22mtoHaveProperty[2m([22m[32mpath[39m[2m)[22m

    Expected path: [32m"content"[39m
    Received path: [31m[][39m

    Received value: [31m{"contentType": undefined, "originalFilename": undefined, "size": undefined, "storageId": undefined}[39m

      178 |
      179 |       // Verify content was injected
    > 180 |       expect(state.variables.input.document).toHaveProperty('content');
          |                                              ^
      181 |       expect(state.variables.input.document).toHaveProperty('text');
      182 |       expect(state.variables.input.document.content).toBe(textContent);
      183 |       expect((state.variables.input.document as any).text).toBe(textContent);
        at d:\GitHub\open-agent-builder\tests\file-workflow-integration.spec.ts:180:46


[1A[2K[220/453] [chromium] › tests\edge-cases.spec.ts:649:5 › Edge Cases & Error Handling › Memory Limits › should handle deeply nested objects
[1A[2K  61) [chromium] › tests\mcp-lifecycle.spec.ts:132:5 › Custom MCP Server Lifecycle › Step 1: should add a new custom MCP server 

    Error: [Request ID: ff96c36ac972250a] Server Error
    Uncaught Error: Unauthorized: Invalid test secret provided. Ensure CONVEX_TEST_SECRET is set as a Convex environment variable and passed correctly from tests.
        at checkTestSecret (../convex/mcpServers.ts:172:24)
        at handler (../convex/mcpServers.ts:195:15)

        at checkTestSecret (../convex/mcpServers.ts:172:24)
        at handler (../convex/mcpServers.ts:195:15)
        at ConvexHttpClient.mutationInner (d:\GitHub\open-agent-builder\node_modules\convex\src\browser\http_client.ts:383:15)
        at ConvexHttpClient.processMutationQueue (d:\GitHub\open-agent-builder\node_modules\convex\src\browser\http_client.ts:398:24)


[1A[2K[221/453] [chromium] › tests\mcp-lifecycle.spec.ts:137:5 › Custom MCP Server Lifecycle › Step 2: should retrieve the new custom MCP server
[1A[2K[222/453] [chromium] › tests\mcp-lifecycle.spec.ts:142:5 › Custom MCP Server Lifecycle › Step 3: should execute a workflow with the custom MCP server
[1A[2K[223/453] [chromium] › tests\mcp-lifecycle.spec.ts:191:5 › Custom MCP Server Lifecycle › Step 4: should delete the custom MCP server
[1A[2K[224/453] [chromium] › tests\mcp-lifecycle.spec.ts:198:5 › Custom MCP Server Lifecycle › Step 5: should verify the custom MCP server is deleted
[1A[2K[chromium] › tests\file-workflow-integration.spec.ts:232:5 › File and Workflow Integration Tests › File Upload and State Injection › should handle Markdown file in workflow state
[FileUtils] ========== prefetchFileContents called ==========

[1A[2K[FileUtils] Text to scan: {{input.requirements}}

[1A[2K[FileUtils] Found variable references: [ [32m'input.requirements'[39m ]

[1A[2K[FileUtils] Evaluating "input.requirements": {
  type: [32m'object'[39m,
  isObject: [33mtrue[39m,
  hasStorageId: [33mfalse[39m,
  hasContent: [33mfalse[39m,
  storageId: [90mundefined[39m
}

[1A[2K[FileUtils] No files to fetch, returning early

[1A[2K[225/453] [chromium] › tests\file-workflow-integration.spec.ts:335:5 › File and Workflow Integration Tests › Multiple File Workflow Integration › should handle mixed file types in workflow
[1A[2K  62) [chromium] › tests\file-workflow-integration.spec.ts:232:5 › File and Workflow Integration Tests › File Upload and State Injection › should handle Markdown file in workflow state 

    Error: [2mexpect([22m[31mreceived[39m[2m).[22mtoHaveProperty[2m([22m[32mpath[39m[2m)[22m

    Expected path: [32m"content"[39m
    Received path: [31m[][39m

    Received value: [31m{"contentType": undefined, "originalFilename": undefined, "storageId": undefined}[39m

      266 |
      267 |       // Verify markdown content
    > 268 |       expect(state.variables.input.requirements).toHaveProperty('content');
          |                                                  ^
      269 |       expect(state.variables.input.requirements.content).toContain('# Project Requirements');
      270 |       expect(state.variables.input.requirements.content).toContain('Budget: $100,000');
      271 |
        at d:\GitHub\open-agent-builder\tests\file-workflow-integration.spec.ts:268:50


[1A[2K[226/453] [chromium] › tests\model-regression.spec.ts:337:9 › Model Regression Tests › Provider: Anthropic › Claude Sonnet 4.5 - Basic Execution
[1A[2K[chromium] › tests\model-regression.spec.ts:337:9 › Model Regression Tests › Provider: Anthropic › Claude Sonnet 4.5 - Basic Execution

🚀 Starting Model Regression Test Suite...


[1A[2K[Agent] Available API Keys: [
  [32m'openai'[39m,    [32m'anthropic'[39m,
  [32m'google'[39m,    [32m'groq'[39m,
  [32m'firecrawl'[39m, [32m'serpapi'[39m,
  [32m'tavily'[39m,    [32m'e2b'[39m,
  [32m'arcade'[39m,    [32m'gamma'[39m
]

[1A[2K[Agent] Selected Tools Config: []

[1A[2K[Tools] Total flattened MCP tools: 0

[1A[2K[FileUtils] ========== prefetchFileContents called ==========

[1A[2K[FileUtils] Text to scan: Say hello

[1A[2K[FileUtils] Found variable references: []

[1A[2K[FileUtils] No files to fetch, returning early

[1A[2K[227/453] [chromium] › tests\model-regression.spec.ts:441:11 › Model Regression Tests › Provider: Anthropic › Claude Sonnet 4.5 - With Tools
[1A[2K[chromium] › tests\model-regression.spec.ts:441:11 › Model Regression Tests › Provider: Anthropic › Claude Sonnet 4.5 - With Tools
[Agent] Available API Keys: [
  [32m'openai'[39m,    [32m'anthropic'[39m,
  [32m'google'[39m,    [32m'groq'[39m,
  [32m'firecrawl'[39m, [32m'serpapi'[39m,
  [32m'tavily'[39m,    [32m'e2b'[39m,
  [32m'arcade'[39m,    [32m'gamma'[39m
]

[1A[2K[Agent] Selected Tools Config: [
  {
    "toolId": "firecrawl-scrape",
    "enabled": true,
    "config": {}
  }
]

[1A[2K[Tools] Total flattened MCP tools: 0

[1A[2K[FileUtils] ========== prefetchFileContents called ==========

[1A[2K[FileUtils] Text to scan: Use the test tool

[1A[2K[FileUtils] Found variable references: []

[1A[2K[FileUtils] No files to fetch, returning early

[1A[2KUnknown tool ID: firecrawl-scrape

[1A[2K[228/453] [chromium] › tests\model-regression.spec.ts:584:11 › Model Regression Tests › Provider: Anthropic › Claude Sonnet 4.5 - JSON Mode
[1A[2K[chromium] › tests\model-regression.spec.ts:584:11 › Model Regression Tests › Provider: Anthropic › Claude Sonnet 4.5 - JSON Mode
[Agent] Available API Keys: [
  [32m'openai'[39m,    [32m'anthropic'[39m,
  [32m'google'[39m,    [32m'groq'[39m,
  [32m'firecrawl'[39m, [32m'serpapi'[39m,
  [32m'tavily'[39m,    [32m'e2b'[39m,
  [32m'arcade'[39m,    [32m'gamma'[39m
]

[1A[2K[Agent] Selected Tools Config: []

[1A[2K[Tools] Total flattened MCP tools: 0

[1A[2K[FileUtils] ========== prefetchFileContents called ==========

[1A[2K[FileUtils] Text to scan: Return JSON with name and value

[1A[2K[FileUtils] Found variable references: []

[1A[2K[FileUtils] No files to fetch, returning early

[1A[2K[229/453] [chromium] › tests\model-regression.spec.ts:337:9 › Model Regression Tests › Provider: Anthropic › Claude Opus 4.6 - Basic Execution
[1A[2K[chromium] › tests\model-regression.spec.ts:337:9 › Model Regression Tests › Provider: Anthropic › Claude Opus 4.6 - Basic Execution
[Agent] Available API Keys: [
  [32m'openai'[39m,    [32m'anthropic'[39m,
  [32m'google'[39m,    [32m'groq'[39m,
  [32m'firecrawl'[39m, [32m'serpapi'[39m,
  [32m'tavily'[39m,    [32m'e2b'[39m,
  [32m'arcade'[39m,    [32m'gamma'[39m
]

[1A[2K[Agent] Selected Tools Config: []

[1A[2K[Tools] Total flattened MCP tools: 0

[1A[2K[FileUtils] ========== prefetchFileContents called ==========

[1A[2K[FileUtils] Text to scan: Say hello

[1A[2K[FileUtils] Found variable references: []

[1A[2K[FileUtils] No files to fetch, returning early

[1A[2K[230/453] [chromium] › tests\model-regression.spec.ts:441:11 › Model Regression Tests › Provider: Anthropic › Claude Opus 4.6 - With Tools
[1A[2K[chromium] › tests\model-regression.spec.ts:441:11 › Model Regression Tests › Provider: Anthropic › Claude Opus 4.6 - With Tools
[Agent] Available API Keys: [
  [32m'openai'[39m,    [32m'anthropic'[39m,
  [32m'google'[39m,    [32m'groq'[39m,
  [32m'firecrawl'[39m, [32m'serpapi'[39m,
  [32m'tavily'[39m,    [32m'e2b'[39m,
  [32m'arcade'[39m,    [32m'gamma'[39m
]

[1A[2K[Agent] Selected Tools Config: [
  {
    "toolId": "firecrawl-scrape",
    "enabled": true,
    "config": {}
  }
]

[1A[2K[Tools] Total flattened MCP tools: 0

[1A[2K[FileUtils] ========== prefetchFileContents called ==========

[1A[2K[FileUtils] Text to scan: Use the test tool

[1A[2K[FileUtils] Found variable references: []

[1A[2K[FileUtils] No files to fetch, returning early

[1A[2KUnknown tool ID: firecrawl-scrape

[1A[2K[dotenv@17.2.3] injecting env (0) from .env.local -- tip: ⚙️  specify custom .env file path with { path: '/custom/path/.env' }

[1A[2K[231/453] [chromium] › tests\model-regression.spec.ts:584:11 › Model Regression Tests › Provider: Anthropic › Claude Opus 4.6 - JSON Mode
[1A[2K[chromium] › tests\model-regression.spec.ts:584:11 › Model Regression Tests › Provider: Anthropic › Claude Opus 4.6 - JSON Mode
[Agent] Available API Keys: [
  [32m'openai'[39m,    [32m'anthropic'[39m,
  [32m'google'[39m,    [32m'groq'[39m,
  [32m'firecrawl'[39m, [32m'serpapi'[39m,
  [32m'tavily'[39m,    [32m'e2b'[39m,
  [32m'arcade'[39m,    [32m'gamma'[39m
]

[1A[2K[Agent] Selected Tools Config: []

[1A[2K[Tools] Total flattened MCP tools: 0

[1A[2K[FileUtils] ========== prefetchFileContents called ==========

[1A[2K[FileUtils] Text to scan: Return JSON with name and value

[1A[2K[FileUtils] Found variable references: []

[1A[2K[FileUtils] No files to fetch, returning early

[1A[2K[232/453] [chromium] › tests\model-regression.spec.ts:337:9 › Model Regression Tests › Provider: Anthropic › Claude Haiku 4.5 - Basic Execution
[1A[2K[chromium] › tests\file-workflow-integration.spec.ts:548:5 › File and Workflow Integration Tests › Variable Substitution with Files › should handle file references in complex expressions
✅ Complex file references structure created

[1A[2K[chromium] › tests\model-regression.spec.ts:337:9 › Model Regression Tests › Provider: Anthropic › Claude Haiku 4.5 - Basic Execution
[Agent] Available API Keys: [
  [32m'openai'[39m,    [32m'anthropic'[39m,
  [32m'google'[39m,    [32m'groq'[39m,
  [32m'firecrawl'[39m, [32m'serpapi'[39m,
  [32m'tavily'[39m,    [32m'e2b'[39m,
  [32m'arcade'[39m,    [32m'gamma'[39m
]

[1A[2K[Agent] Selected Tools Config: []

[1A[2K[Tools] Total flattened MCP tools: 0

[1A[2K[FileUtils] ========== prefetchFileContents called ==========

[1A[2K[FileUtils] Text to scan: Say hello

[1A[2K[FileUtils] Found variable references: []

[1A[2K[FileUtils] No files to fetch, returning early

[1A[2K
✅ Test report generated: d:\GitHub\open-agent-builder\test-reports\model-regression-1770993979539.json

[1A[2K✅ HTML report generated: d:\GitHub\open-agent-builder\test-reports\model-regression-1770993979539.html


[1A[2K
================================================================================

[1A[2KMODEL REGRESSION TEST REPORT

[1A[2K================================================================================

[1A[2K
Test Duration: 0.31s

[1A[2KStart Time: 2026-02-13T14:46:19.540Z

[1A[2KEnd Time: 2026-02-13T14:46:19.852Z

[1A[2K
Summary:

[1A[2K  Total Tests: 7

[1A[2K  Passed: 7 ✓

[1A[2K  Failed: 0 ✗

[1A[2K  Skipped: 0 ⊘

[1A[2K  Pass Rate: 100.00%

[1A[2K
By Provider:

[1A[2K  anthropic: 7/7 passed (100.0%)

[1A[2K
================================================================================


[1A[2K[233/453] [chromium] › tests\model-regression.spec.ts:441:11 › Model Regression Tests › Provider: Google › Gemini 2.5 Flash - With Tools
[1A[2K[chromium] › tests\model-regression.spec.ts:441:11 › Model Regression Tests › Provider: Google › Gemini 2.5 Flash - With Tools

🚀 Starting Model Regression Test Suite...


[1A[2K[Agent] Available API Keys: [
  [32m'openai'[39m,    [32m'anthropic'[39m,
  [32m'google'[39m,    [32m'groq'[39m,
  [32m'firecrawl'[39m, [32m'serpapi'[39m,
  [32m'tavily'[39m,    [32m'e2b'[39m,
  [32m'arcade'[39m,    [32m'gamma'[39m
]

[1A[2K[Agent] Selected Tools Config: [
  {
    "toolId": "firecrawl-scrape",
    "enabled": true,
    "config": {}
  }
]

[1A[2K[Tools] Total flattened MCP tools: 0

[1A[2K[FileUtils] ========== prefetchFileContents called ==========

[1A[2K[FileUtils] Text to scan: Use the test tool

[1A[2K[FileUtils] Found variable references: []

[1A[2K[FileUtils] No files to fetch, returning early

[1A[2KUnknown tool ID: firecrawl-scrape

[1A[2K[234/453] [chromium] › tests\model-regression.spec.ts:584:11 › Model Regression Tests › Provider: Google › Gemini 2.5 Flash - JSON Mode
[1A[2K[chromium] › tests\model-regression.spec.ts:584:11 › Model Regression Tests › Provider: Google › Gemini 2.5 Flash - JSON Mode
[Agent] Available API Keys: [
  [32m'openai'[39m,    [32m'anthropic'[39m,
  [32m'google'[39m,    [32m'groq'[39m,
  [32m'firecrawl'[39m, [32m'serpapi'[39m,
  [32m'tavily'[39m,    [32m'e2b'[39m,
  [32m'arcade'[39m,    [32m'gamma'[39m
]

[1A[2K[Agent] Selected Tools Config: []

[1A[2K[Tools] Total flattened MCP tools: 0

[1A[2K[FileUtils] ========== prefetchFileContents called ==========

[1A[2K[FileUtils] Text to scan: Return JSON with name and value

[1A[2K[FileUtils] Found variable references: []

[1A[2K[FileUtils] No files to fetch, returning early

[1A[2K[235/453] [chromium] › tests\model-regression.spec.ts:337:9 › Model Regression Tests › Provider: Google › Gemini 2.5 Flash Lite - Basic Execution
[1A[2K[chromium] › tests\model-regression.spec.ts:337:9 › Model Regression Tests › Provider: Google › Gemini 2.5 Flash Lite - Basic Execution
[Agent] Available API Keys: [
  [32m'openai'[39m,    [32m'anthropic'[39m,
  [32m'google'[39m,    [32m'groq'[39m,
  [32m'firecrawl'[39m, [32m'serpapi'[39m,
  [32m'tavily'[39m,    [32m'e2b'[39m,
  [32m'arcade'[39m,    [32m'gamma'[39m
]

[1A[2K[Agent] Selected Tools Config: []

[1A[2K[Tools] Total flattened MCP tools: 0

[1A[2K[FileUtils] ========== prefetchFileContents called ==========

[1A[2K[FileUtils] Text to scan: Say hello

[1A[2K[FileUtils] Found variable references: []

[1A[2K[FileUtils] No files to fetch, returning early

[1A[2K[236/453] [chromium] › tests\model-regression.spec.ts:441:11 › Model Regression Tests › Provider: Google › Gemini 2.5 Flash Lite - With Tools
[1A[2K[chromium] › tests\model-regression.spec.ts:441:11 › Model Regression Tests › Provider: Google › Gemini 2.5 Flash Lite - With Tools
[Agent] Available API Keys: [
  [32m'openai'[39m,    [32m'anthropic'[39m,
  [32m'google'[39m,    [32m'groq'[39m,
  [32m'firecrawl'[39m, [32m'serpapi'[39m,
  [32m'tavily'[39m,    [32m'e2b'[39m,
  [32m'arcade'[39m,    [32m'gamma'[39m
]

[1A[2K[Agent] Selected Tools Config: [
  {
    "toolId": "firecrawl-scrape",
    "enabled": true,
    "config": {}
  }
]

[1A[2K[Tools] Total flattened MCP tools: 0

[1A[2K[FileUtils] ========== prefetchFileContents called ==========

[1A[2K[FileUtils] Text to scan: Use the test tool

[1A[2K[FileUtils] Found variable references: []

[1A[2K[FileUtils] No files to fetch, returning early

[1A[2KUnknown tool ID: firecrawl-scrape

[1A[2K[237/453] [chromium] › tests\model-regression.spec.ts:584:11 › Model Regression Tests › Provider: Google › Gemini 2.5 Flash Lite - JSON Mode
[1A[2K[chromium] › tests\model-regression.spec.ts:584:11 › Model Regression Tests › Provider: Google › Gemini 2.5 Flash Lite - JSON Mode
[Agent] Available API Keys: [
  [32m'openai'[39m,    [32m'anthropic'[39m,
  [32m'google'[39m,    [32m'groq'[39m,
  [32m'firecrawl'[39m, [32m'serpapi'[39m,
  [32m'tavily'[39m,    [32m'e2b'[39m,
  [32m'arcade'[39m,    [32m'gamma'[39m
]

[1A[2K[Agent] Selected Tools Config: []

[1A[2K[Tools] Total flattened MCP tools: 0

[1A[2K[FileUtils] ========== prefetchFileContents called ==========

[1A[2K[FileUtils] Text to scan: Return JSON with name and value

[1A[2K[FileUtils] Found variable references: []

[1A[2K[FileUtils] No files to fetch, returning early

[1A[2K
✅ Test report generated: d:\GitHub\open-agent-builder\test-reports\model-regression-1770993979539.json

[1A[2K✅ HTML report generated: d:\GitHub\open-agent-builder\test-reports\model-regression-1770993979539.html


[1A[2K
================================================================================

[1A[2KMODEL REGRESSION TEST REPORT

[1A[2K================================================================================

[1A[2K
Test Duration: 0.72s

[1A[2KStart Time: 2026-02-13T14:46:19.540Z

[1A[2KEnd Time: 2026-02-13T14:46:20.263Z

[1A[2K
Summary:

[1A[2K  Total Tests: 12

[1A[2K  Passed: 12 ✓

[1A[2K  Failed: 0 ✗

[1A[2K  Skipped: 0 ⊘

[1A[2K  Pass Rate: 100.00%

[1A[2K
By Provider:

[1A[2K  anthropic: 7/7 passed (100.0%)

[1A[2K  google: 5/5 passed (100.0%)

[1A[2K
================================================================================


[1A[2K[238/453] [chromium] › tests\node-executors.spec.ts:121:5 › Node Executors › Transform Node (executeDataNode) › should execute JavaScript transformation successfully
[1A[2K[239/453] [chromium] › tests\node-executors.spec.ts:144:5 › Node Executors › Transform Node (executeDataNode) › should handle complex data transformations
[1A[2K[240/453] [chromium] › tests\node-executors.spec.ts:179:5 › Node Executors › Transform Node (executeDataNode) › should handle transformation errors gracefully
[1A[2K[241/453] [chromium] › tests\node-executors.spec.ts:201:5 › Node Executors › Transform Node (executeDataNode) › should access workflow variables in transform script
[1A[2K[242/453] [chromium] › tests\node-executors.spec.ts:223:5 › Node Executors › Transform Node (executeDataNode) › should handle E2B sandbox execution timeout
[1A[2K[243/453] [chromium] › tests\node-executors.spec.ts:251:5 › Node Executors › Set-State Node (executeDataNode) › should set state variable successfully
[1A[2K[244/453] [chromium] › tests\node-executors.spec.ts:275:5 › Node Executors › Set-State Node (executeDataNode) › should evaluate expressions in state value
[1A[2K[245/453] [chromium] › tests\node-executors.spec.ts:298:5 › Node Executors › Set-State Node (executeDataNode) › should update existing state variable
[1A[2K[246/453] [chromium] › tests\node-executors.spec.ts:325:5 › Node Executors › HTTP Node (executeHTTPNode) › should execute GET request successfully
[1A[2K[247/453] [chromium] › tests\node-executors.spec.ts:353:5 › Node Executors › HTTP Node (executeHTTPNode) › should execute POST request with body
[1A[2K[248/453] [chromium] › tests\node-executors.spec.ts:382:5 › Node Executors › HTTP Node (executeHTTPNode) › should add custom headers to request
[1A[2K[249/453] [chromium] › tests\node-executors.spec.ts:413:5 › Node Executors › HTTP Node (executeHTTPNode) › should substitute variables in URL
[1A[2K[250/453] [chromium] › tests\node-executors.spec.ts:441:5 › Node Executors › HTTP Node (executeHTTPNode) › should block private IP addresses (SSRF protection)
[1A[2K[251/453] [chromium] › tests\node-executors.spec.ts:463:5 › Node Executors › HTTP Node (executeHTTPNode) › should block localhost (SSRF protection)
[1A[2K[252/453] [chromium] › tests\node-executors.spec.ts:485:5 › Node Executors › HTTP Node (executeHTTPNode) › should block cloud metadata endpoints (SSRF protection)
[1A[2K[253/453] [chromium] › tests\node-executors.spec.ts:507:5 › Node Executors › HTTP Node (executeHTTPNode) › should handle HTTP errors
[1A[2K[254/453] [chromium] › tests\node-executors.spec.ts:538:5 › Node Executors › Extract Node (executeExtractNode) › should extract structured data using LLM
[1A[2K[255/453] [chromium] › tests\node-executors.spec.ts:591:5 › Node Executors › Extract Node (executeExtractNode) › should validate extracted data against schema
[1A[2K[256/453] [chromium] › tests\node-executors.spec.ts:639:5 › Node Executors › Extract Node (executeExtractNode) › should handle LLM extraction errors
[1A[2K[257/453] [chromium] › tests\node-executors.spec.ts:670:5 › Node Executors › If-Else Node (executeIfElseNode) › should evaluate true condition
[1A[2K[258/453] [chromium] › tests\node-executors.spec.ts:691:5 › Node Executors › If-Else Node (executeIfElseNode) › should evaluate false condition
[1A[2K[259/453] [chromium] › tests\node-executors.spec.ts:712:5 › Node Executors › If-Else Node (executeIfElseNode) › should handle complex boolean expressions
[1A[2K[260/453] [chromium] › tests\node-executors.spec.ts:733:5 › Node Executors › If-Else Node (executeIfElseNode) › should handle string comparisons
[1A[2K[261/453] [chromium] › tests\node-executors.spec.ts:754:5 › Node Executors › If-Else Node (executeIfElseNode) › should handle invalid condition syntax
[1A[2K[262/453] [chromium] › tests\node-executors.spec.ts:779:5 › Node Executors › While Node (executeWhileNode) › should evaluate while condition true
[1A[2K[263/453] [chromium] › tests\node-executors.spec.ts:801:5 › Node Executors › While Node (executeWhileNode) › should evaluate while condition false
[1A[2K[264/453] [chromium] › tests\node-executors.spec.ts:823:5 › Node Executors › While Node (executeWhileNode) › should enforce max iterations
[1A[2K[265/453] [chromium] › tests\node-executors.spec.ts:846:5 › Node Executors › While Node (executeWhileNode) › should track loop iterations
[1A[2K[266/453] [chromium] › tests\node-executors.spec.ts:873:5 › Node Executors › Gamma Node (executeGammaNode) › should generate presentation successfully
[1A[2K[267/453] [chromium] › tests\node-executors.spec.ts:912:5 › Node Executors › Gamma Node (executeGammaNode) › should handle PPTX export format
[1A[2K[268/453] [chromium] › tests\node-executors.spec.ts:947:5 › Node Executors › Gamma Node (executeGammaNode) › should handle Gamma API errors
[1A[2K[269/453] [chromium] › tests\node-executors.spec.ts:977:5 › Node Executors › Arcade Node (executeArcadeNode) › should execute Arcade tool successfully
[1A[2K[270/453] [chromium] › tests\node-executors.spec.ts:1012:5 › Node Executors › Arcade Node (executeArcadeNode) › should handle Arcade API errors
[1A[2K[271/453] [chromium] › tests\node-executors.spec.ts:1043:5 › Node Executors › Guardrails Node › should detect PII in content
[1A[2K[272/453] [chromium] › tests\node-executors.spec.ts:1049:5 › Node Executors › Guardrails Node › should detect inappropriate content
[1A[2K[273/453] [chromium] › tests\node-executors.spec.ts:1054:5 › Node Executors › Guardrails Node › should detect jailbreak attempts
[1A[2K[274/453] [chromium] › tests\security.spec.ts:70:5 › Security Tests › SSRF Protection › should block localhost requests
[1A[2K[275/453] [chromium] › tests\security.spec.ts:92:5 › Security Tests › SSRF Protection › should block 127.0.0.1 requests
[1A[2K[276/453] [chromium] › tests\security.spec.ts:114:5 › Security Tests › SSRF Protection › should block private IP range 10.0.0.0/8
[1A[2K[277/453] [chromium] › tests\security.spec.ts:136:5 › Security Tests › SSRF Protection › should block private IP range 192.168.0.0/16
[1A[2K[278/453] [chromium] › tests\security.spec.ts:158:5 › Security Tests › SSRF Protection › should block private IP range 172.16.0.0/12
[1A[2K[279/453] [chromium] › tests\security.spec.ts:180:5 › Security Tests › SSRF Protection › should block AWS metadata endpoint (169.254.169.254)
[1A[2K[280/453] [chromium] › tests\security.spec.ts:202:5 › Security Tests › SSRF Protection › should block GCP metadata endpoint
[1A[2K[281/453] [chromium] › tests\security.spec.ts:224:5 › Security Tests › SSRF Protection › should block link-local addresses (169.254.0.0/16)
[1A[2K[282/453] [chromium] › tests\security.spec.ts:246:5 › Security Tests › SSRF Protection › should allow public IP addresses
[1A[2K[283/453] [chromium] › tests\security.spec.ts:251:5 › Security Tests › SSRF Protection › should allow public domain names
[1A[2K[284/453] [chromium] › tests\security.spec.ts:256:5 › Security Tests › SSRF Protection › should detect private IP helper function
[1A[2K[285/453] [chromium] › tests\security.spec.ts:265:5 › Security Tests › SSRF Protection › should detect metadata IP helper function
[1A[2K[286/453] [chromium] › tests\security.spec.ts:276:5 › Security Tests › XSS Sanitization › should sanitize <script> tags
[1A[2K[287/453] [chromium] › tests\security.spec.ts:283:5 › Security Tests › XSS Sanitization › should sanitize onclick handlers
[1A[2K[288/453] [chromium] › tests\security.spec.ts:290:5 › Security Tests › XSS Sanitization › should sanitize javascript: protocol
[1A[2K[289/453] [chromium] › tests\security.spec.ts:296:5 › Security Tests › XSS Sanitization › should sanitize data: protocol with script
[1A[2K[290/453] [chromium] › tests\security.spec.ts:302:5 › Security Tests › XSS Sanitization › should sanitize onerror handlers
[1A[2K[291/453] [chromium] › tests\security.spec.ts:308:5 › Security Tests › XSS Sanitization › should sanitize iframe with javascript
[1A[2K[292/453] [chromium] › tests\security.spec.ts:314:5 › Security Tests › XSS Sanitization › should allow safe HTML
[1A[2K[293/453] [chromium] › tests\security.spec.ts:322:5 › Security Tests › XSS Sanitization › should sanitize SVG with script
[1A[2K[294/453] [chromium] › tests\security.spec.ts:328:5 › Security Tests › XSS Sanitization › should sanitize HTML entities that decode to script
[1A[2K[295/453] [chromium] › tests\security.spec.ts:339:5 › Security Tests › Code Injection Prevention › should not use eval() in condition evaluation
[1A[2K[296/453] [chromium] › tests\security.spec.ts:348:5 › Security Tests › Code Injection Prevention › should block Function() constructor in expressions
[1A[2K[297/453] [chromium] › tests\security.spec.ts:356:5 › Security Tests › Code Injection Prevention › should block require() in expressions
[1A[2K[298/453] [chromium] › tests\security.spec.ts:364:5 › Security Tests › Code Injection Prevention › should block process access in expressions
[1A[2K[299/453] [chromium] › tests\security.spec.ts:372:5 › Security Tests › Code Injection Prevention › should block global object access
[1A[2K[300/453] [chromium] › tests\security.spec.ts:380:5 › Security Tests › Code Injection Prevention › should safely evaluate arithmetic expressions
[1A[2K[301/453] [chromium] › tests\security.spec.ts:385:5 › Security Tests › Code Injection Prevention › should safely evaluate boolean expressions
[1A[2K[302/453] [chromium] › tests\security.spec.ts:390:5 › Security Tests › Code Injection Prevention › should safely evaluate comparison expressions
[1A[2K[303/453] [chromium] › tests\security.spec.ts:395:5 › Security Tests › Code Injection Prevention › should safely evaluate string operations
[1A[2K[304/453] [chromium] › tests\security.spec.ts:404:5 › Security Tests › Prototype Pollution Prevention › should not allow __proto__ pollution in transform
[1A[2K[305/453] [chromium] › tests\security.spec.ts:432:5 › Security Tests › Prototype Pollution Prevention › should not allow constructor pollution
[1A[2K[306/453] [chromium] › tests\security.spec.ts:460:5 › Security Tests › Prototype Pollution Prevention › should use clean scope in expression evaluation
[1A[2K[307/453] [chromium] › tests\security.spec.ts:473:5 › Security Tests › Input Validation › should reject invalid workflow ID format
[1A[2K[308/453] [chromium] › tests\security.spec.ts:489:5 › Security Tests › Input Validation › should reject path traversal in inputs
[1A[2K[309/453] [chromium] › tests\security.spec.ts:497:5 › Security Tests › Input Validation › should reject SQL injection patterns
[1A[2K[310/453] [chromium] › tests\security.spec.ts:511:5 › Security Tests › Input Validation › should reject NoSQL injection patterns
[1A[2K[311/453] [chromium] › tests\security.spec.ts:523:5 › Security Tests › Input Validation › should validate max string length
[1A[2K[312/453] [chromium] › tests\security.spec.ts:532:5 › Security Tests › Input Validation › should validate email format
[1A[2K[313/453] [chromium] › tests\security.spec.ts:547:5 › Security Tests › Input Validation › should validate URL format
[1A[2K[314/453] [chromium] › tests\security.spec.ts:565:5 › Security Tests › Rate Limiting › should track request counts per user
[1A[2K[315/453] [chromium] › tests\security.spec.ts:578:5 › Security Tests › Rate Limiting › should enforce rate limit per time window
[1A[2K[316/453] [chromium] › tests\security.spec.ts:586:5 › Security Tests › Rate Limiting › should reset rate limit after time window
[1A[2K[317/453] [chromium] › tests\security.spec.ts:595:5 › Security Tests › Rate Limiting › should apply different limits for different endpoints
[1A[2K[318/453] [chromium] › tests\security.spec.ts:610:5 › Security Tests › Additional Security › should not expose sensitive error details
[1A[2K[319/453] [chromium] › tests\security.spec.ts:618:5 › Security Tests › Additional Security › should sanitize logs to prevent log injection
[1A[2K[320/453] [chromium] › tests\security.spec.ts:626:5 › Security Tests › Additional Security › should validate JSON structure depth
[1A[2K[321/453] [chromium] › tests\security.spec.ts:642:5 › Security Tests › Additional Security › should validate array length
[1A[2K[322/453] [chromium] › tests\security.spec.ts:651:5 › Security Tests › Additional Security › should prevent ReDoS with regex timeouts
[1A[2K[dotenv@17.2.3] injecting env (0) from .env.local -- tip: 🛠️  run anywhere with `dotenvx run -- yourcommand`

[1A[2K[323/453] [chromium] › tests\template-verification.spec.ts:101:5 › Template Verification Tests › Template Registry › should list all available templates
[1A[2K  63) [chromium] › tests\template-verification.spec.ts:101:5 › Template Verification Tests › Template Registry › should list all available templates 

    ReferenceError: convexClient is not defined

       95 |   test.beforeAll(() => {
       96 |     convex = new ConvexHttpClient(CONVEX_URL);
    >  97 |     setTestAuth(convexClient, TEST_USER_ID);
          |                 ^
       98 |   });
       99 |
      100 |   test.describe('Template Registry', () => {
        at d:\GitHub\open-agent-builder\tests\template-verification.spec.ts:97:17


[1A[2K[324/453] [chromium] › tests\template-verification.spec.ts:109:5 › Template Verification Tests › Template Registry › all listed templates should have required metadata
[1A[2K[325/453] [chromium] › tests\template-verification.spec.ts:122:5 › Template Verification Tests › Template Registry › should retrieve individual templates by ID
[1A[2K[326/453] [chromium] › tests\template-verification.spec.ts:133:5 › Template Verification Tests › Template Registry › should return null for non-existent template ID
[1A[2K[chromium] › tests\file-workflow-integration.spec.ts:335:5 › File and Workflow Integration Tests › Multiple File Workflow Integration › should handle mixed file types in workflow
[FileUtils] ========== prefetchFileContents called ==========

[1A[2K[FileUtils] Text to scan: {{input.pdfFile}} {{input.mdFile}} {{input.txtFile}}

[1A[2K[FileUtils] Found variable references: [ [32m'input.pdfFile'[39m, [32m'input.mdFile'[39m, [32m'input.txtFile'[39m ]

[1A[2K[FileUtils] Evaluating "input.pdfFile": {
  type: [32m'object'[39m,
  isObject: [33mtrue[39m,
  hasStorageId: [33mfalse[39m,
  hasContent: [33mfalse[39m,
  storageId: [90mundefined[39m
}

[1A[2K[FileUtils] Evaluating "input.mdFile": {
  type: [32m'object'[39m,
  isObject: [33mtrue[39m,
  hasStorageId: [33mfalse[39m,
  hasContent: [33mfalse[39m,
  storageId: [90mundefined[39m
}

[1A[2K[FileUtils] Evaluating "input.txtFile": {
  type: [32m'object'[39m,
  isObject: [33mtrue[39m,
  hasStorageId: [33mfalse[39m,
  hasContent: [33mfalse[39m,
  storageId: [90mundefined[39m
}

[1A[2K[FileUtils] No files to fetch, returning early

[1A[2K  64) [chromium] › tests\file-workflow-integration.spec.ts:335:5 › File and Workflow Integration Tests › Multiple File Workflow Integration › should handle mixed file types in workflow 

    Error: [2mexpect([22m[31mreceived[39m[2m).[22mtoHaveProperty[2m([22m[32mpath[39m[2m)[22m

    Expected path: [32m"content"[39m
    Received path: [31m[][39m

    Received value: [31m{"contentType": undefined, "originalFilename": undefined, "storageId": undefined}[39m

      391 |
      392 |       // Verify all were extracted
    > 393 |       expect(state.variables.input.pdfFile).toHaveProperty('content');
          |                                             ^
      394 |       expect(state.variables.input.mdFile).toHaveProperty('content');
      395 |       expect(state.variables.input.txtFile).toHaveProperty('content', 'Plain text content');
      396 |
        at d:\GitHub\open-agent-builder\tests\file-workflow-integration.spec.ts:393:45


[1A[2K[dotenv@17.2.3] injecting env (0) from .env.local -- tip: 🔑 add access controls to secrets: https://dotenvx.com/ops

[1A[2K[dotenv@17.2.3] injecting env (0) from .env.local -- tip: 🔑 add access controls to secrets: https://dotenvx.com/ops

[1A[2K[327/453] [chromium] › tests\model-regression.spec.ts:584:11 › Model Regression Tests › Provider: Groq › GPT OSS 120B - JSON Mode
[1A[2K[chromium] › tests\model-regression.spec.ts:584:11 › Model Regression Tests › Provider: Groq › GPT OSS 120B - JSON Mode

🚀 Starting Model Regression Test Suite...


[1A[2K[Agent] Available API Keys: [
  [32m'openai'[39m,    [32m'anthropic'[39m,
  [32m'google'[39m,    [32m'groq'[39m,
  [32m'firecrawl'[39m, [32m'serpapi'[39m,
  [32m'tavily'[39m,    [32m'e2b'[39m,
  [32m'arcade'[39m,    [32m'gamma'[39m
]

[1A[2K[Agent] Selected Tools Config: []

[1A[2K[Tools] Total flattened MCP tools: 0

[1A[2K[FileUtils] ========== prefetchFileContents called ==========

[1A[2K[FileUtils] Text to scan: Return JSON with name and value

[1A[2K[FileUtils] Found variable references: []

[1A[2K[FileUtils] No files to fetch, returning early

[1A[2K[328/453] [chromium] › tests\model-regression.spec.ts:337:9 › Model Regression Tests › Provider: Google › Gemini 3 Flash (Preview) - Basic Execution
[1A[2K[chromium] › tests\model-regression.spec.ts:337:9 › Model Regression Tests › Provider: Google › Gemini 3 Flash (Preview) - Basic Execution

🚀 Starting Model Regression Test Suite...


[1A[2K[329/453] [chromium] › tests\model-regression.spec.ts:441:11 › Model Regression Tests › Provider: Anthropic › Claude Haiku 4.5 - With Tools
[1A[2K[Agent] Available API Keys: [
  [32m'openai'[39m,    [32m'anthropic'[39m,
  [32m'google'[39m,    [32m'groq'[39m,
  [32m'firecrawl'[39m, [32m'serpapi'[39m,
  [32m'tavily'[39m,    [32m'e2b'[39m,
  [32m'arcade'[39m,    [32m'gamma'[39m
]

[1A[2K[Agent] Selected Tools Config: []

[1A[2K[Tools] Total flattened MCP tools: 0

[1A[2K[FileUtils] ========== prefetchFileContents called ==========

[1A[2K[FileUtils] Text to scan: Say hello

[1A[2K[FileUtils] Found variable references: []

[1A[2K[FileUtils] No files to fetch, returning early

[1A[2K[chromium] › tests\model-regression.spec.ts:441:11 › Model Regression Tests › Provider: Anthropic › Claude Haiku 4.5 - With Tools

🚀 Starting Model Regression Test Suite...


[1A[2K[Agent] Available API Keys: [
  [32m'openai'[39m,    [32m'anthropic'[39m,
  [32m'google'[39m,    [32m'groq'[39m,
  [32m'firecrawl'[39m, [32m'serpapi'[39m,
  [32m'tavily'[39m,    [32m'e2b'[39m,
  [32m'arcade'[39m,    [32m'gamma'[39m
]

[1A[2K[Agent] Selected Tools Config: [
  {
    "toolId": "firecrawl-scrape",
    "enabled": true,
    "config": {}
  }
]

[1A[2K[Tools] Total flattened MCP tools: 0

[1A[2K[FileUtils] ========== prefetchFileContents called ==========

[1A[2K[FileUtils] Text to scan: Use the test tool

[1A[2K[FileUtils] Found variable references: []

[1A[2K[FileUtils] No files to fetch, returning early

[1A[2KUnknown tool ID: firecrawl-scrape

[1A[2K[330/453] [chromium] › tests\model-regression.spec.ts:584:11 › Model Regression Tests › Provider: Anthropic › Claude Haiku 4.5 - JSON Mode
[1A[2K[chromium] › tests\model-regression.spec.ts:584:11 › Model Regression Tests › Provider: Anthropic › Claude Haiku 4.5 - JSON Mode
[Agent] Available API Keys: [
  [32m'openai'[39m,    [32m'anthropic'[39m,
  [32m'google'[39m,    [32m'groq'[39m,
  [32m'firecrawl'[39m, [32m'serpapi'[39m,
  [32m'tavily'[39m,    [32m'e2b'[39m,
  [32m'arcade'[39m,    [32m'gamma'[39m
]

[1A[2K[Agent] Selected Tools Config: []

[1A[2K[Tools] Total flattened MCP tools: 0

[1A[2K[FileUtils] ========== prefetchFileContents called ==========

[1A[2K[FileUtils] Text to scan: Return JSON with name and value

[1A[2K[FileUtils] Found variable references: []

[1A[2K[FileUtils] No files to fetch, returning early

[1A[2K[331/453] [chromium] › tests\model-regression.spec.ts:337:9 › Model Regression Tests › Provider: OpenAI › GPT-5.2 - Basic Execution
[1A[2K[332/453] [chromium] › tests\model-regression.spec.ts:337:9 › Model Regression Tests › Provider: Groq › GPT OSS 20B - Basic Execution
[1A[2K[chromium] › tests\model-regression.spec.ts:337:9 › Model Regression Tests › Provider: OpenAI › GPT-5.2 - Basic Execution
[Agent] Available API Keys: [
  [32m'openai'[39m,    [32m'anthropic'[39m,
  [32m'google'[39m,    [32m'groq'[39m,
  [32m'firecrawl'[39m, [32m'serpapi'[39m,
  [32m'tavily'[39m,    [32m'e2b'[39m,
  [32m'arcade'[39m,    [32m'gamma'[39m
]

[1A[2K[Agent] Selected Tools Config: []

[1A[2K[Tools] Total flattened MCP tools: 0

[1A[2K[FileUtils] ========== prefetchFileContents called ==========

[1A[2K[FileUtils] Text to scan: Say hello

[1A[2K[FileUtils] Found variable references: []

[1A[2K[FileUtils] No files to fetch, returning early

[1A[2K[chromium] › tests\model-regression.spec.ts:337:9 › Model Regression Tests › Provider: Groq › GPT OSS 20B - Basic Execution
[Agent] Available API Keys: [
  [32m'openai'[39m,    [32m'anthropic'[39m,
  [32m'google'[39m,    [32m'groq'[39m,
  [32m'firecrawl'[39m, [32m'serpapi'[39m,
  [32m'tavily'[39m,    [32m'e2b'[39m,
  [32m'arcade'[39m,    [32m'gamma'[39m
]

[1A[2K[Agent] Selected Tools Config: []

[1A[2K[Tools] Total flattened MCP tools: 0

[1A[2K[FileUtils] ========== prefetchFileContents called ==========

[1A[2K[FileUtils] Text to scan: Say hello

[1A[2K[FileUtils] Found variable references: []

[1A[2K[FileUtils] No files to fetch, returning early

[1A[2K[333/453] [chromium] › tests\model-regression.spec.ts:441:11 › Model Regression Tests › Provider: Groq › GPT OSS 20B - With Tools
[1A[2K[chromium] › tests\model-regression.spec.ts:441:11 › Model Regression Tests › Provider: Groq › GPT OSS 20B - With Tools
[Agent] Available API Keys: [
  [32m'openai'[39m,    [32m'anthropic'[39m,
  [32m'google'[39m,    [32m'groq'[39m,
  [32m'firecrawl'[39m, [32m'serpapi'[39m,
  [32m'tavily'[39m,    [32m'e2b'[39m,
  [32m'arcade'[39m,    [32m'gamma'[39m
]

[1A[2K[Agent] Selected Tools Config: [
  {
    "toolId": "firecrawl-scrape",
    "enabled": true,
    "config": {}
  }
]

[1A[2K[Tools] Total flattened MCP tools: 0

[1A[2K[FileUtils] ========== prefetchFileContents called ==========

[1A[2K[FileUtils] Text to scan: Use the test tool

[1A[2K[FileUtils] Found variable references: []

[1A[2K[FileUtils] No files to fetch, returning early

[1A[2KUnknown tool ID: firecrawl-scrape

[1A[2K[334/453] [chromium] › tests\model-regression.spec.ts:584:11 › Model Regression Tests › Provider: Groq › GPT OSS 20B - JSON Mode
[1A[2K[335/453] [chromium] › tests\model-regression.spec.ts:441:11 › Model Regression Tests › Provider: Google › Gemini 3 Flash (Preview) - With Tools
[1A[2K[chromium] › tests\model-regression.spec.ts:584:11 › Model Regression Tests › Provider: Groq › GPT OSS 20B - JSON Mode
[Agent] Available API Keys: [
  [32m'openai'[39m,    [32m'anthropic'[39m,
  [32m'google'[39m,    [32m'groq'[39m,
  [32m'firecrawl'[39m, [32m'serpapi'[39m,
  [32m'tavily'[39m,    [32m'e2b'[39m,
  [32m'arcade'[39m,    [32m'gamma'[39m
]

[1A[2K[Agent] Selected Tools Config: []

[1A[2K[Tools] Total flattened MCP tools: 0

[1A[2K[FileUtils] ========== prefetchFileContents called ==========

[1A[2K[FileUtils] Text to scan: Return JSON with name and value

[1A[2K[FileUtils] Found variable references: []

[1A[2K[FileUtils] No files to fetch, returning early

[1A[2K[chromium] › tests\model-regression.spec.ts:441:11 › Model Regression Tests › Provider: Google › Gemini 3 Flash (Preview) - With Tools
[Agent] Available API Keys: [
  [32m'openai'[39m,    [32m'anthropic'[39m,
  [32m'google'[39m,    [32m'groq'[39m,
  [32m'firecrawl'[39m, [32m'serpapi'[39m,
  [32m'tavily'[39m,    [32m'e2b'[39m,
  [32m'arcade'[39m,    [32m'gamma'[39m
]

[1A[2K[Agent] Selected Tools Config: [
  {
    "toolId": "firecrawl-scrape",
    "enabled": true,
    "config": {}
  }
]

[1A[2K[Tools] Total flattened MCP tools: 0

[1A[2K[FileUtils] ========== prefetchFileContents called ==========

[1A[2K[FileUtils] Text to scan: Use the test tool

[1A[2K[FileUtils] Found variable references: []

[1A[2K[FileUtils] No files to fetch, returning early

[1A[2KUnknown tool ID: firecrawl-scrape

[1A[2K[336/453] [chromium] › tests\model-regression.spec.ts:337:9 › Model Regression Tests › Provider: Google › Gemini 3 Pro (Preview) - Basic Execution
[1A[2K[chromium] › tests\model-regression.spec.ts:337:9 › Model Regression Tests › Provider: Google › Gemini 3 Pro (Preview) - Basic Execution
[Agent] Available API Keys: [
  [32m'openai'[39m,    [32m'anthropic'[39m,
  [32m'google'[39m,    [32m'groq'[39m,
  [32m'firecrawl'[39m, [32m'serpapi'[39m,
  [32m'tavily'[39m,    [32m'e2b'[39m,
  [32m'arcade'[39m,    [32m'gamma'[39m
]

[1A[2K[Agent] Selected Tools Config: []

[1A[2K[Tools] Total flattened MCP tools: 0

[1A[2K[FileUtils] ========== prefetchFileContents called ==========

[1A[2K[FileUtils] Text to scan: Say hello

[1A[2K[FileUtils] Found variable references: []

[1A[2K[FileUtils] No files to fetch, returning early

[1A[2K[337/453] [chromium] › tests\model-regression.spec.ts:584:11 › Model Regression Tests › Provider: Google › Gemini 3 Flash (Preview) - JSON Mode
[1A[2K[chromium] › tests\model-regression.spec.ts:584:11 › Model Regression Tests › Provider: Google › Gemini 3 Flash (Preview) - JSON Mode
[Agent] Available API Keys: [
  [32m'openai'[39m,    [32m'anthropic'[39m,
  [32m'google'[39m,    [32m'groq'[39m,
  [32m'firecrawl'[39m, [32m'serpapi'[39m,
  [32m'tavily'[39m,    [32m'e2b'[39m,
  [32m'arcade'[39m,    [32m'gamma'[39m
]

[1A[2K[Agent] Selected Tools Config: []

[1A[2K[Tools] Total flattened MCP tools: 0

[1A[2K[FileUtils] ========== prefetchFileContents called ==========

[1A[2K[FileUtils] Text to scan: Return JSON with name and value

[1A[2K[FileUtils] Found variable references: []

[1A[2K[FileUtils] No files to fetch, returning early

[1A[2K[338/453] [chromium] › tests\model-regression.spec.ts:441:11 › Model Regression Tests › Provider: OpenAI › GPT-5.2 - With Tools
[1A[2K[339/453] [chromium] › tests\model-regression.spec.ts:337:9 › Model Regression Tests › Provider: Google › Gemini 2.5 Pro - Basic Execution
[1A[2K[chromium] › tests\model-regression.spec.ts:441:11 › Model Regression Tests › Provider: OpenAI › GPT-5.2 - With Tools
[Agent] Available API Keys: [
  [32m'openai'[39m,    [32m'anthropic'[39m,
  [32m'google'[39m,    [32m'groq'[39m,
  [32m'firecrawl'[39m, [32m'serpapi'[39m,
  [32m'tavily'[39m,    [32m'e2b'[39m,
  [32m'arcade'[39m,    [32m'gamma'[39m
]

[1A[2K[Agent] Selected Tools Config: [
  {
    "toolId": "firecrawl-scrape",
    "enabled": true,
    "config": {}
  }
]

[1A[2K[Tools] Total flattened MCP tools: 0

[1A[2K[FileUtils] ========== prefetchFileContents called ==========

[1A[2K[FileUtils] Text to scan: Use the test tool

[1A[2K[FileUtils] Found variable references: []

[1A[2K[FileUtils] No files to fetch, returning early

[1A[2KUnknown tool ID: firecrawl-scrape

[1A[2K[chromium] › tests\model-regression.spec.ts:337:9 › Model Regression Tests › Provider: Google › Gemini 2.5 Pro - Basic Execution
[Agent] Available API Keys: [
  [32m'openai'[39m,    [32m'anthropic'[39m,
  [32m'google'[39m,    [32m'groq'[39m,
  [32m'firecrawl'[39m, [32m'serpapi'[39m,
  [32m'tavily'[39m,    [32m'e2b'[39m,
  [32m'arcade'[39m,    [32m'gamma'[39m
]

[1A[2K[Agent] Selected Tools Config: []

[1A[2K[Tools] Total flattened MCP tools: 0

[1A[2K[FileUtils] ========== prefetchFileContents called ==========

[1A[2K[FileUtils] Text to scan: Say hello

[1A[2K[FileUtils] Found variable references: []

[1A[2K[FileUtils] No files to fetch, returning early

[1A[2K[340/453] [chromium] › tests\model-regression.spec.ts:584:11 › Model Regression Tests › Provider: OpenAI › GPT-5.2 - JSON Mode
[1A[2K[chromium] › tests\model-regression.spec.ts:584:11 › Model Regression Tests › Provider: OpenAI › GPT-5.2 - JSON Mode
[Agent] Available API Keys: [
  [32m'openai'[39m,    [32m'anthropic'[39m,
  [32m'google'[39m,    [32m'groq'[39m,
  [32m'firecrawl'[39m, [32m'serpapi'[39m,
  [32m'tavily'[39m,    [32m'e2b'[39m,
  [32m'arcade'[39m,    [32m'gamma'[39m
]

[1A[2K[Agent] Selected Tools Config: []

[1A[2K[Tools] Total flattened MCP tools: 0

[1A[2K[FileUtils] ========== prefetchFileContents called ==========

[1A[2K[FileUtils] Text to scan: Return JSON with name and value

[1A[2K[FileUtils] Found variable references: []

[1A[2K[FileUtils] No files to fetch, returning early

[1A[2K[341/453] [chromium] › tests\model-regression.spec.ts:441:11 › Model Regression Tests › Provider: Google › Gemini 2.5 Pro - With Tools
[1A[2K[342/453] [chromium] › tests\model-regression.spec.ts:337:9 › Model Regression Tests › Provider: OpenAI › o3 - Basic Execution
[1A[2K[chromium] › tests\model-regression.spec.ts:441:11 › Model Regression Tests › Provider: Google › Gemini 2.5 Pro - With Tools
[Agent] Available API Keys: [
  [32m'openai'[39m,    [32m'anthropic'[39m,
  [32m'google'[39m,    [32m'groq'[39m,
  [32m'firecrawl'[39m, [32m'serpapi'[39m,
  [32m'tavily'[39m,    [32m'e2b'[39m,
  [32m'arcade'[39m,    [32m'gamma'[39m
]

[1A[2K[Agent] Selected Tools Config: [
  {
    "toolId": "firecrawl-scrape",
    "enabled": true,
    "config": {}
  }
]

[1A[2K[Tools] Total flattened MCP tools: 0

[1A[2K[FileUtils] ========== prefetchFileContents called ==========

[1A[2K[FileUtils] Text to scan: Use the test tool

[1A[2K[FileUtils] Found variable references: []

[1A[2K[FileUtils] No files to fetch, returning early

[1A[2KUnknown tool ID: firecrawl-scrape

[1A[2K[chromium] › tests\model-regression.spec.ts:337:9 › Model Regression Tests › Provider: OpenAI › o3 - Basic Execution
[Agent] Available API Keys: [
  [32m'openai'[39m,    [32m'anthropic'[39m,
  [32m'google'[39m,    [32m'groq'[39m,
  [32m'firecrawl'[39m, [32m'serpapi'[39m,
  [32m'tavily'[39m,    [32m'e2b'[39m,
  [32m'arcade'[39m,    [32m'gamma'[39m
]

[1A[2K[Agent] Selected Tools Config: []

[1A[2K[Tools] Total flattened MCP tools: 0

[1A[2K[FileUtils] ========== prefetchFileContents called ==========

[1A[2K[FileUtils] Text to scan: Say hello

[1A[2K[FileUtils] Found variable references: []

[1A[2K[FileUtils] No files to fetch, returning early

[1A[2K[343/453] [chromium] › tests\model-regression.spec.ts:584:11 › Model Regression Tests › Provider: Google › Gemini 2.5 Pro - JSON Mode
[1A[2K[344/453] [chromium] › tests\model-regression.spec.ts:441:11 › Model Regression Tests › Provider: OpenAI › o3 - With Tools
[1A[2K[chromium] › tests\model-regression.spec.ts:441:11 › Model Regression Tests › Provider: OpenAI › o3 - With Tools
[Agent] Available API Keys: [
  [32m'openai'[39m,    [32m'anthropic'[39m,
  [32m'google'[39m,    [32m'groq'[39m,
  [32m'firecrawl'[39m, [32m'serpapi'[39m,
  [32m'tavily'[39m,    [32m'e2b'[39m,
  [32m'arcade'[39m,    [32m'gamma'[39m
]

[1A[2K[Agent] Selected Tools Config: [
  {
    "toolId": "firecrawl-scrape",
    "enabled": true,
    "config": {}
  }
]

[1A[2K[Tools] Total flattened MCP tools: 0

[1A[2K[FileUtils] ========== prefetchFileContents called ==========

[1A[2K[FileUtils] Text to scan: Use the test tool

[1A[2K[FileUtils] Found variable references: []

[1A[2K[FileUtils] No files to fetch, returning early

[1A[2KUnknown tool ID: firecrawl-scrape

[1A[2K[chromium] › tests\model-regression.spec.ts:584:11 › Model Regression Tests › Provider: Google › Gemini 2.5 Pro - JSON Mode
[Agent] Available API Keys: [
  [32m'openai'[39m,    [32m'anthropic'[39m,
  [32m'google'[39m,    [32m'groq'[39m,
  [32m'firecrawl'[39m, [32m'serpapi'[39m,
  [32m'tavily'[39m,    [32m'e2b'[39m,
  [32m'arcade'[39m,    [32m'gamma'[39m
]

[1A[2K[Agent] Selected Tools Config: []

[1A[2K[Tools] Total flattened MCP tools: 0

[1A[2K[FileUtils] ========== prefetchFileContents called ==========

[1A[2K[FileUtils] Text to scan: Return JSON with name and value

[1A[2K[FileUtils] Found variable references: []

[1A[2K[FileUtils] No files to fetch, returning early

[1A[2K[345/453] [chromium] › tests\model-regression.spec.ts:337:9 › Model Regression Tests › Provider: Google › Gemini 2.5 Flash - Basic Execution
[1A[2K[chromium] › tests\model-regression.spec.ts:441:11 › Model Regression Tests › Provider: OpenAI › o3 - With Tools

✅ Test report generated: d:\GitHub\open-agent-builder\test-reports\model-regression-1770993980928.json

[1A[2K[chromium] › tests\model-regression.spec.ts:337:9 › Model Regression Tests › Provider: Google › Gemini 2.5 Flash - Basic Execution
[Agent] Available API Keys: [
  [32m'openai'[39m,    [32m'anthropic'[39m,
  [32m'google'[39m,    [32m'groq'[39m,
  [32m'firecrawl'[39m, [32m'serpapi'[39m,
  [32m'tavily'[39m,    [32m'e2b'[39m,
  [32m'arcade'[39m,    [32m'gamma'[39m
]

[1A[2K[Agent] Selected Tools Config: []

[1A[2K[Tools] Total flattened MCP tools: 0

[1A[2K[FileUtils] ========== prefetchFileContents called ==========

[1A[2K[FileUtils] Text to scan: Say hello

[1A[2K[FileUtils] Found variable references: []

[1A[2K[FileUtils] No files to fetch, returning early

[1A[2K[chromium] › tests\model-regression.spec.ts:441:11 › Model Regression Tests › Provider: OpenAI › o3 - With Tools
✅ HTML report generated: d:\GitHub\open-agent-builder\test-reports\model-regression-1770993980928.html


[1A[2K
================================================================================

[1A[2KMODEL REGRESSION TEST REPORT

[1A[2K================================================================================

[1A[2K
Test Duration: 0.50s

[1A[2KStart Time: 2026-02-13T14:46:20.928Z

[1A[2KEnd Time: 2026-02-13T14:46:21.427Z

[1A[2K
Summary:

[1A[2K  Total Tests: 7

[1A[2K  Passed: 7 ✓

[1A[2K  Failed: 0 ✗

[1A[2K  Skipped: 0 ⊘

[1A[2K  Pass Rate: 100.00%

[1A[2K
By Provider:

[1A[2K  anthropic: 2/2 passed (100.0%)

[1A[2K  openai: 5/5 passed (100.0%)

[1A[2K
================================================================================


[1A[2K[chromium] › tests\model-regression.spec.ts:337:9 › Model Regression Tests › Provider: Google › Gemini 2.5 Flash - Basic Execution

✅ Test report generated: d:\GitHub\open-agent-builder\test-reports\model-regression-1770993980862.json

[1A[2K[346/453] [chromium] › tests\model-regression.spec.ts:441:11 › Model Regression Tests › Provider: Google › Gemini 3 Pro (Preview) - With Tools
[1A[2K[chromium] › tests\model-regression.spec.ts:441:11 › Model Regression Tests › Provider: Google › Gemini 3 Pro (Preview) - With Tools
[Agent] Available API Keys: [
  [32m'openai'[39m,    [32m'anthropic'[39m,
  [32m'google'[39m,    [32m'groq'[39m,
  [32m'firecrawl'[39m, [32m'serpapi'[39m,
  [32m'tavily'[39m,    [32m'e2b'[39m,
  [32m'arcade'[39m,    [32m'gamma'[39m
]

[1A[2K[Agent] Selected Tools Config: [
  {
    "toolId": "firecrawl-scrape",
    "enabled": true,
    "config": {}
  }
]

[1A[2K[Tools] Total flattened MCP tools: 0

[1A[2K[FileUtils] ========== prefetchFileContents called ==========

[1A[2K[FileUtils] Text to scan: Use the test tool

[1A[2K[FileUtils] Found variable references: []

[1A[2K[FileUtils] No files to fetch, returning early

[1A[2KUnknown tool ID: firecrawl-scrape

[1A[2K[chromium] › tests\model-regression.spec.ts:337:9 › Model Regression Tests › Provider: Google › Gemini 2.5 Flash - Basic Execution
✅ HTML report generated: d:\GitHub\open-agent-builder\test-reports\model-regression-1770993980862.html


[1A[2K
================================================================================

[1A[2K[347/453] [chromium] › tests\model-regression.spec.ts:584:11 › Model Regression Tests › Provider: Google › Gemini 3 Pro (Preview) - JSON Mode
[1A[2KMODEL REGRESSION TEST REPORT

[1A[2K================================================================================

[1A[2K
Test Duration: 0.60s

[1A[2KStart Time: 2026-02-13T14:46:20.862Z

[1A[2KEnd Time: 2026-02-13T14:46:21.460Z

[1A[2K
Summary:

[1A[2K  Total Tests: 7

[1A[2K  Passed: 7 ✓

[1A[2K  Failed: 0 ✗

[1A[2K  Skipped: 0 ⊘

[1A[2K  Pass Rate: 100.00%

[1A[2K
By Provider:

[1A[2K  google: 7/7 passed (100.0%)

[1A[2K
================================================================================


[1A[2K[chromium] › tests\model-regression.spec.ts:584:11 › Model Regression Tests › Provider: Google › Gemini 3 Pro (Preview) - JSON Mode
[Agent] Available API Keys: [
  [32m'openai'[39m,    [32m'anthropic'[39m,
  [32m'google'[39m,    [32m'groq'[39m,
  [32m'firecrawl'[39m, [32m'serpapi'[39m,
  [32m'tavily'[39m,    [32m'e2b'[39m,
  [32m'arcade'[39m,    [32m'gamma'[39m
]

[1A[2K[Agent] Selected Tools Config: []

[1A[2K[Tools] Total flattened MCP tools: 0

[1A[2K[FileUtils] ========== prefetchFileContents called ==========

[1A[2K[FileUtils] Text to scan: Return JSON with name and value

[1A[2K[FileUtils] Found variable references: []

[1A[2K[FileUtils] No files to fetch, returning early

[1A[2K[348/453] [chromium] › tests\model-regression.spec.ts:584:11 › Model Regression Tests › Provider: OpenAI › o3 - JSON Mode
[1A[2K[349/453] [chromium] › tests\template-verification.spec.ts:300:5 › Template Verification Tests › Node Type Coverage › while nodes should have valid conditions
[1A[2K
✅ Test report generated: d:\GitHub\open-agent-builder\test-reports\model-regression-1770993980747.json

[1A[2K[350/453] [chromium] › tests\template-verification.spec.ts:390:5 › Template Verification Tests › Template Categories & Tags › templates should have categories
[1A[2K[chromium] › tests\model-regression.spec.ts:584:11 › Model Regression Tests › Provider: OpenAI › o3 - JSON Mode

🚀 Starting Model Regression Test Suite...


[1A[2K  65) [chromium] › tests\template-verification.spec.ts:300:5 › Template Verification Tests › Node Type Coverage › while nodes should have valid conditions 

    ReferenceError: convexClient is not defined

       95 |   test.beforeAll(() => {
       96 |     convex = new ConvexHttpClient(CONVEX_URL);
    >  97 |     setTestAuth(convexClient, TEST_USER_ID);
          |                 ^
       98 |   });
       99 |
      100 |   test.describe('Template Registry', () => {
        at d:\GitHub\open-agent-builder\tests\template-verification.spec.ts:97:17


[1A[2K[351/453] [chromium] › tests\template-verification.spec.ts:323:5 › Template Verification Tests › Variable Reference Validation › should use valid variable reference syntax
[1A[2K[352/453] [chromium] › tests\template-verification.spec.ts:339:5 › Template Verification Tests › Variable Reference Validation › should reference valid input variables in start node
[1A[2K[353/453] [chromium] › tests\template-verification.spec.ts:369:5 › Template Verification Tests › Variable Reference Validation › should have valid lastOutput references
[1A[2K[chromium] › tests\model-regression.spec.ts:584:11 › Model Regression Tests › Provider: Google › Gemini 3 Pro (Preview) - JSON Mode
✅ HTML report generated: d:\GitHub\open-agent-builder\test-reports\model-regression-1770993980747.html


[1A[2K
================================================================================

[1A[2KMODEL REGRESSION TEST REPORT

[1A[2K================================================================================

[1A[2K
Test Duration: 0.78s

[1A[2KStart Time: 2026-02-13T14:46:20.747Z

[1A[2KEnd Time: 2026-02-13T14:46:21.530Z

[1A[2K
Summary:

[1A[2K  Total Tests: 7

[1A[2K  Passed: 7 ✓

[1A[2K  Failed: 0 ✗

[1A[2K  Skipped: 0 ⊘

[1A[2K  Pass Rate: 100.00%

[1A[2K
By Provider:

[1A[2K  groq: 4/4 passed (100.0%)

[1A[2K  google: 3/3 passed (100.0%)

[1A[2K
================================================================================


[1A[2K[chromium] › tests\model-regression.spec.ts:584:11 › Model Regression Tests › Provider: OpenAI › o3 - JSON Mode
[Agent] Available API Keys: [
  [32m'openai'[39m,    [32m'anthropic'[39m,
  [32m'google'[39m,    [32m'groq'[39m,
  [32m'firecrawl'[39m, [32m'serpapi'[39m,
  [32m'tavily'[39m,    [32m'e2b'[39m,
  [32m'arcade'[39m,    [32m'gamma'[39m
]

[1A[2K[Agent] Selected Tools Config: []

[1A[2K[Tools] Total flattened MCP tools: 0

[1A[2K[FileUtils] ========== prefetchFileContents called ==========

[1A[2K[FileUtils] Text to scan: Return JSON with name and value

[1A[2K[FileUtils] Found variable references: []

[1A[2K[FileUtils] No files to fetch, returning early

[1A[2K  66) [chromium] › tests\template-verification.spec.ts:390:5 › Template Verification Tests › Template Categories & Tags › templates should have categories 

    ReferenceError: convexClient is not defined

       95 |   test.beforeAll(() => {
       96 |     convex = new ConvexHttpClient(CONVEX_URL);
    >  97 |     setTestAuth(convexClient, TEST_USER_ID);
          |                 ^
       98 |   });
       99 |
      100 |   test.describe('Template Registry', () => {
        at d:\GitHub\open-agent-builder\tests\template-verification.spec.ts:97:17


[1A[2K[354/453] [chromium] › tests\template-verification.spec.ts:404:5 › Template Verification Tests › Template Categories & Tags › templates should have tags
[1A[2K[355/453] [chromium] › tests\template-verification.spec.ts:419:5 › Template Verification Tests › Template Categories & Tags › templates should have difficulty levels
[1A[2K[356/453] [chromium] › tests\template-verification.spec.ts:435:5 › Template Verification Tests › Input Variables Validation › start node input variables should have required fields
[1A[2K[357/453] [chromium] › tests\tool-integrations.spec.ts:177:5 › Tool Integrations Tests › Tool Utils - Result Normalization › should normalize plain text result
[1A[2K[358/453] [chromium] › tests\tool-integrations.spec.ts:185:5 › Tool Integrations Tests › Tool Utils - Result Normalization › should normalize JSON object result
[1A[2K[359/453] [chromium] › tests\tool-integrations.spec.ts:193:5 › Tool Integrations Tests › Tool Utils - Result Normalization › should normalize array result
[1A[2K[360/453] [chromium] › tests\tool-integrations.spec.ts:201:5 › Tool Integrations Tests › Tool Utils - Result Normalization › should handle null result
[1A[2K[361/453] [chromium] › tests\tool-integrations.spec.ts:208:5 › Tool Integrations Tests › Tool Utils - Result Normalization › should handle undefined result
[1A[2K[362/453] [chromium] › tests\tool-integrations.spec.ts:215:5 › Tool Integrations Tests › Tool Utils - Result Normalization › should parse JSON string when preferJson is true
[1A[2K[363/453] [chromium] › tests\tool-integrations.spec.ts:223:5 › Tool Integrations Tests › Tool Utils - Result Normalization › should include raw response when requested
[1A[2K[364/453] [chromium] › tests\tool-integrations.spec.ts:233:5 › Tool Integrations Tests › Tool Utils - Format for LLM › should format string result
[1A[2K[365/453] [chromium] › tests\tool-integrations.spec.ts:240:5 › Tool Integrations Tests › Tool Utils - Format for LLM › should format JSON object result
[1A[2K[366/453] [chromium] › tests\tool-integrations.spec.ts:249:5 › Tool Integrations Tests › Tool Utils - Format for LLM › should format error result
[1A[2K[367/453] [chromium] › tests\tool-integrations.spec.ts:256:5 › Tool Integrations Tests › Tool Utils - Format for LLM › should handle null result
[1A[2K[368/453] [chromium] › tests\tool-integrations.spec.ts:265:5 › Tool Integrations Tests › Tool Utils - Safe JSON Parse › should parse valid JSON string
[1A[2K[369/453] [chromium] › tests\tool-integrations.spec.ts:272:5 › Tool Integrations Tests › Tool Utils - Safe JSON Parse › should return raw string for invalid JSON when fallback enabled
[1A[2K[370/453] [chromium] › tests\tool-integrations.spec.ts:279:5 › Tool Integrations Tests › Tool Utils - Safe JSON Parse › should throw error for invalid JSON when fallback disabled
[1A[2K[371/453] [chromium] › tests\tool-integrations.spec.ts:285:5 › Tool Integrations Tests › Tool Utils - Safe JSON Parse › should handle empty string
[1A[2K[372/453] [chromium] › tests\tool-integrations.spec.ts:293:5 › Tool Integrations Tests › Tool Utils - Validate Result › should validate result with required fields
[1A[2K[373/453] [chromium] › tests\tool-integrations.spec.ts:303:5 › Tool Integrations Tests › Tool Utils - Validate Result › should fail validation for missing required field
[1A[2K[374/453] [chromium] › tests\tool-integrations.spec.ts:313:5 › Tool Integrations Tests › Tool Utils - Validate Result › should validate result type
[1A[2K[375/453] [chromium] › tests\tool-integrations.spec.ts:322:5 › Tool Integrations Tests › Tool Utils - Validate Result › should fail validation for wrong type
[1A[2K[376/453] [chromium] › tests\tool-integrations.spec.ts:332:5 › Tool Integrations Tests › Tool Utils - Validate Result › should fail for null result
[1A[2K[377/453] [chromium] › tests\tool-integrations.spec.ts:338:5 › Tool Integrations Tests › Tool Utils - Validate Result › should fail for empty string in required field
[1A[2K[378/453] [chromium] › tests\tool-integrations.spec.ts:350:5 › Tool Integrations Tests › Tool Utils - Wrap Tool Function › should wrap successful tool execution
[1A[2K[379/453] [chromium] › tests\tool-integrations.spec.ts:361:5 › Tool Integrations Tests › Tool Utils - Wrap Tool Function › should handle tool errors gracefully
[1A[2K[380/453] [chromium] › tests\tool-integrations.spec.ts:373:5 › Tool Integrations Tests › Tool Utils - Wrap Tool Function › should normalize results when enabled
[1A[2K[381/453] [chromium] › tests\tool-integrations.spec.ts:387:5 › Tool Integrations Tests › Firecrawl Tool › should create Firecrawl scrape tool
[1A[2K[382/453] [chromium] › tests\tool-integrations.spec.ts:397:5 › Tool Integrations Tests › Firecrawl Tool › should scrape single page
[1A[2K[383/453] [chromium] › tests\tool-integrations.spec.ts:407:5 › Tool Integrations Tests › Firecrawl Tool › should crawl multiple pages
[1A[2K[384/453] [chromium] › tests\tool-integrations.spec.ts:417:5 › Tool Integrations Tests › Firecrawl Tool › should return null when API key missing
[1A[2K[385/453] [chromium] › tests\tool-integrations.spec.ts:428:5 › Tool Integrations Tests › Tavily Tool › should create Tavily search tool
[1A[2K[386/453] [chromium] › tests\tool-integrations.spec.ts:438:5 › Tool Integrations Tests › Tavily Tool › should return null when API key missing
[1A[2K[387/453] [chromium] › tests\tool-integrations.spec.ts:449:5 › Tool Integrations Tests › Serper Tool › should create Serper search tool
[1A[2K[388/453] [chromium] › tests\tool-integrations.spec.ts:459:5 › Tool Integrations Tests › Serper Tool › should return null when API key missing
[1A[2K[389/453] [chromium] › tests\tool-integrations.spec.ts:470:5 › Tool Integrations Tests › Content Extractor Tool › should create content extractor tool
[1A[2K[390/453] [chromium] › tests\tool-integrations.spec.ts:480:5 › Tool Integrations Tests › Content Extractor Tool › should extract text from HTML
[1A[2K[391/453] [chromium] › tests\tool-integrations.spec.ts:494:5 › Tool Integrations Tests › Content Extractor Tool › should remove script and style tags
[1A[2K[392/453] [chromium] › tests\tool-integrations.spec.ts:510:5 › Tool Integrations Tests › Tool Error Handling › should handle API timeout
[1A[2K[393/453] [chromium] › tests\tool-integrations.spec.ts:523:5 › Tool Integrations Tests › Tool Error Handling › should handle API error response
[1A[2K[394/453] [chromium] › tests\tool-integrations.spec.ts:535:5 › Tool Integrations Tests › Tool Error Handling › should handle malformed JSON response
[1A[2K[395/453] [chromium] › tests\tool-integrations.spec.ts:540:5 › Tool Integrations Tests › Tool Error Handling › should handle network errors
[1A[2K[396/453] [chromium] › tests\tool-integrations.spec.ts:547:5 › Tool Integrations Tests › Tool Response Size Handling › should handle large responses
[1A[2K[397/453] [chromium] › tests\tool-integrations.spec.ts:564:5 › Tool Integrations Tests › Tool Response Size Handling › should not truncate small responses
[1A[2K[398/453] [chromium] › tests\tool-integrations.spec.ts:582:5 › Tool Integrations Tests › Tool Registry - Unknown Tool › should return null for unknown tool ID
[1A[2K[399/453] [chromium] › tests\tool-integrations.spec.ts:591:5 › Tool Integrations Tests › Tool Registry - Unknown Tool › should handle missing tool ID
[1A[2K[400/453] [chromium] › tests\template-verification.spec.ts:553:5 › Template Verification Tests › Template Execution Readiness › all nodes except end should have outgoing edges
[1A[2K[401/453] [chromium] › tests\model-regression.spec.ts:337:9 › Model Regression Tests › Provider: Groq › Llama 4 Maverick 17B - Basic Execution
[1A[2K  67) [chromium] › tests\template-verification.spec.ts:553:5 › Template Verification Tests › Template Execution Readiness › all nodes except end should have outgoing edges 

    ReferenceError: convexClient is not defined

       95 |   test.beforeAll(() => {
       96 |     convex = new ConvexHttpClient(CONVEX_URL);
    >  97 |     setTestAuth(convexClient, TEST_USER_ID);
          |                 ^
       98 |   });
       99 |
      100 |   test.describe('Template Registry', () => {
        at d:\GitHub\open-agent-builder\tests\template-verification.spec.ts:97:17


[1A[2K[402/453] [chromium] › tests\model-regression.spec.ts:441:11 › Model Regression Tests › Provider: Groq › Llama 3.3 70B Versatile - With Tools
[1A[2K[403/453] [chromium] › tests\template-verification.spec.ts:577:5 › Template Verification Tests › Template Execution Readiness › all nodes except start should have incoming edges
[1A[2K[chromium] › tests\model-regression.spec.ts:337:9 › Model Regression Tests › Provider: Groq › Llama 4 Maverick 17B - Basic Execution

🚀 Starting Model Regression Test Suite...


[1A[2K[chromium] › tests\model-regression.spec.ts:441:11 › Model Regression Tests › Provider: Groq › Llama 3.3 70B Versatile - With Tools

🚀 Starting Model Regression Test Suite...


[1A[2K[chromium] › tests\model-regression.spec.ts:337:9 › Model Regression Tests › Provider: Groq › Llama 4 Maverick 17B - Basic Execution
[Agent] Available API Keys: [
  [32m'openai'[39m,    [32m'anthropic'[39m,
  [32m'google'[39m,    [32m'groq'[39m,
  [32m'firecrawl'[39m, [32m'serpapi'[39m,
  [32m'tavily'[39m,    [32m'e2b'[39m,
  [32m'arcade'[39m,    [32m'gamma'[39m
]

[1A[2K[Agent] Selected Tools Config: []

[1A[2K[Tools] Total flattened MCP tools: 0

[1A[2K[chromium] › tests\model-regression.spec.ts:441:11 › Model Regression Tests › Provider: Groq › Llama 3.3 70B Versatile - With Tools
[Agent] Available API Keys: [
  [32m'openai'[39m,    [32m'anthropic'[39m,
  [32m'google'[39m,    [32m'groq'[39m,
  [32m'firecrawl'[39m, [32m'serpapi'[39m,
  [32m'tavily'[39m,    [32m'e2b'[39m,
  [32m'arcade'[39m,    [32m'gamma'[39m
]

[1A[2K[chromium] › tests\model-regression.spec.ts:337:9 › Model Regression Tests › Provider: Groq › Llama 4 Maverick 17B - Basic Execution
[FileUtils] ========== prefetchFileContents called ==========

[1A[2K[chromium] › tests\model-regression.spec.ts:441:11 › Model Regression Tests › Provider: Groq › Llama 3.3 70B Versatile - With Tools
[Agent] Selected Tools Config: [
  {
    "toolId": "firecrawl-scrape",
    "enabled": true,
    "config": {}
  }
]

[1A[2K[chromium] › tests\model-regression.spec.ts:337:9 › Model Regression Tests › Provider: Groq › Llama 4 Maverick 17B - Basic Execution
[FileUtils] Text to scan: Say hello

[1A[2K[chromium] › tests\model-regression.spec.ts:441:11 › Model Regression Tests › Provider: Groq › Llama 3.3 70B Versatile - With Tools
[Tools] Total flattened MCP tools: 0

[1A[2K[chromium] › tests\model-regression.spec.ts:337:9 › Model Regression Tests › Provider: Groq › Llama 4 Maverick 17B - Basic Execution
[FileUtils] Found variable references: []

[1A[2K[chromium] › tests\model-regression.spec.ts:441:11 › Model Regression Tests › Provider: Groq › Llama 3.3 70B Versatile - With Tools
[FileUtils] ========== prefetchFileContents called ==========

[1A[2K[chromium] › tests\model-regression.spec.ts:337:9 › Model Regression Tests › Provider: Groq › Llama 4 Maverick 17B - Basic Execution
[FileUtils] No files to fetch, returning early

[1A[2K[chromium] › tests\model-regression.spec.ts:441:11 › Model Regression Tests › Provider: Groq › Llama 3.3 70B Versatile - With Tools
[FileUtils] Text to scan: Use the test tool

[1A[2K[FileUtils] Found variable references: []

[1A[2K[FileUtils] No files to fetch, returning early

[1A[2KUnknown tool ID: firecrawl-scrape

[1A[2K[404/453] [chromium] › tests\model-regression.spec.ts:337:9 › Model Regression Tests › Provider: OpenAI › GPT-4.5 - Basic Execution
[1A[2K[chromium] › tests\model-regression.spec.ts:337:9 › Model Regression Tests › Provider: OpenAI › GPT-4.5 - Basic Execution
[Agent] Available API Keys: [
  [32m'openai'[39m,    [32m'anthropic'[39m,
  [32m'google'[39m,    [32m'groq'[39m,
  [32m'firecrawl'[39m, [32m'serpapi'[39m,
  [32m'tavily'[39m,    [32m'e2b'[39m,
  [32m'arcade'[39m,    [32m'gamma'[39m
]

[1A[2K[Agent] Selected Tools Config: []

[1A[2K[Tools] Total flattened MCP tools: 0

[1A[2K[FileUtils] ========== prefetchFileContents called ==========

[1A[2K[FileUtils] Text to scan: Say hello

[1A[2K[FileUtils] Found variable references: []

[1A[2K[FileUtils] No files to fetch, returning early

[1A[2K[dotenv@17.2.3] injecting env (0) from .env.local -- tip: ⚙️  suppress all logs with { quiet: true }

[1A[2K[405/453] [chromium] › tests\model-regression.spec.ts:441:11 › Model Regression Tests › Provider: OpenAI › GPT-4.5 - With Tools
[1A[2K[chromium] › tests\model-regression.spec.ts:441:11 › Model Regression Tests › Provider: OpenAI › GPT-4.5 - With Tools
[Agent] Available API Keys: [
  [32m'openai'[39m,    [32m'anthropic'[39m,
  [32m'google'[39m,    [32m'groq'[39m,
  [32m'firecrawl'[39m, [32m'serpapi'[39m,
  [32m'tavily'[39m,    [32m'e2b'[39m,
  [32m'arcade'[39m,    [32m'gamma'[39m
]

[1A[2K[Agent] Selected Tools Config: [
  {
    "toolId": "firecrawl-scrape",
    "enabled": true,
    "config": {}
  }
]

[1A[2K[Tools] Total flattened MCP tools: 0

[1A[2K[FileUtils] ========== prefetchFileContents called ==========

[1A[2K[FileUtils] Text to scan: Use the test tool

[1A[2K[FileUtils] Found variable references: []

[1A[2K[FileUtils] No files to fetch, returning early

[1A[2KUnknown tool ID: firecrawl-scrape

[1A[2K[406/453] [chromium] › tests\model-regression.spec.ts:584:11 › Model Regression Tests › Provider: OpenAI › GPT-4.5 - JSON Mode
[1A[2K[chromium] › tests\model-regression.spec.ts:584:11 › Model Regression Tests › Provider: OpenAI › GPT-4.5 - JSON Mode
[Agent] Available API Keys: [
  [32m'openai'[39m,    [32m'anthropic'[39m,
  [32m'google'[39m,    [32m'groq'[39m,
  [32m'firecrawl'[39m, [32m'serpapi'[39m,
  [32m'tavily'[39m,    [32m'e2b'[39m,
  [32m'arcade'[39m,    [32m'gamma'[39m
]

[1A[2K[Agent] Selected Tools Config: []

[1A[2K[Tools] Total flattened MCP tools: 0

[1A[2K[FileUtils] ========== prefetchFileContents called ==========

[1A[2K[FileUtils] Text to scan: Return JSON with name and value

[1A[2K[FileUtils] Found variable references: []

[1A[2K[FileUtils] No files to fetch, returning early

[1A[2K[dotenv@17.2.3] injecting env (0) from .env.local -- tip: 📡 add observability to secrets: https://dotenvx.com/ops

[1A[2K[407/453] [chromium] › tests\model-regression.spec.ts:337:9 › Model Regression Tests › Provider: OpenAI › GPT-4o Mini - Basic Execution
[1A[2K[chromium] › tests\model-regression.spec.ts:337:9 › Model Regression Tests › Provider: OpenAI › GPT-4o Mini - Basic Execution
[Agent] Available API Keys: [
  [32m'openai'[39m,    [32m'anthropic'[39m,
  [32m'google'[39m,    [32m'groq'[39m,
  [32m'firecrawl'[39m, [32m'serpapi'[39m,
  [32m'tavily'[39m,    [32m'e2b'[39m,
  [32m'arcade'[39m,    [32m'gamma'[39m
]

[1A[2K[Agent] Selected Tools Config: []

[1A[2K[Tools] Total flattened MCP tools: 0

[1A[2K[FileUtils] ========== prefetchFileContents called ==========

[1A[2K[FileUtils] Text to scan: Say hello

[1A[2K[FileUtils] Found variable references: []

[1A[2K[FileUtils] No files to fetch, returning early

[1A[2K[408/453] [chromium] › tests\model-regression.spec.ts:441:11 › Model Regression Tests › Provider: OpenAI › GPT-4o Mini - With Tools
[1A[2K[409/453] [chromium] › tests\model-regression.spec.ts:441:11 › Model Regression Tests › Provider: Groq › Llama 4 Maverick 17B - With Tools
[1A[2K[410/453] [chromium] › tests\model-regression.spec.ts:584:11 › Model Regression Tests › Provider: Groq › Llama 3.3 70B Versatile - JSON Mode
[1A[2K[chromium] › tests\model-regression.spec.ts:441:11 › Model Regression Tests › Provider: OpenAI › GPT-4o Mini - With Tools
[Agent] Available API Keys: [
  [32m'openai'[39m,    [32m'anthropic'[39m,
  [32m'google'[39m,    [32m'groq'[39m,
  [32m'firecrawl'[39m, [32m'serpapi'[39m,
  [32m'tavily'[39m,    [32m'e2b'[39m,
  [32m'arcade'[39m,    [32m'gamma'[39m
]

[1A[2K[Agent] Selected Tools Config: [
  {
    "toolId": "firecrawl-scrape",
    "enabled": true,
    "config": {}
  }
]

[1A[2K[Tools] Total flattened MCP tools: 0

[1A[2K[FileUtils] ========== prefetchFileContents called ==========

[1A[2K[FileUtils] Text to scan: Use the test tool

[1A[2K[FileUtils] Found variable references: []

[1A[2K[FileUtils] No files to fetch, returning early

[1A[2KUnknown tool ID: firecrawl-scrape

[1A[2K[411/453] [chromium] › tests\model-regression.spec.ts:584:11 › Model Regression Tests › Provider: OpenAI › GPT-4o Mini - JSON Mode
[1A[2K[chromium] › tests\model-regression.spec.ts:441:11 › Model Regression Tests › Provider: Groq › Llama 4 Maverick 17B - With Tools
[Agent] Available API Keys: [
  [32m'openai'[39m,    [32m'anthropic'[39m,
  [32m'google'[39m,    [32m'groq'[39m,
  [32m'firecrawl'[39m, [32m'serpapi'[39m,
  [32m'tavily'[39m,    [32m'e2b'[39m,
  [32m'arcade'[39m,    [32m'gamma'[39m
]

[1A[2K[Agent] Selected Tools Config: [
  {
    "toolId": "firecrawl-scrape",
    "enabled": true,
    "config": {}
  }
]

[1A[2K[Tools] Total flattened MCP tools: 0

[1A[2K[FileUtils] ========== prefetchFileContents called ==========

[1A[2K[FileUtils] Text to scan: Use the test tool

[1A[2K[FileUtils] Found variable references: []

[1A[2K[FileUtils] No files to fetch, returning early

[1A[2KUnknown tool ID: firecrawl-scrape

[1A[2K[chromium] › tests\model-regression.spec.ts:584:11 › Model Regression Tests › Provider: Groq › Llama 3.3 70B Versatile - JSON Mode
[Agent] Available API Keys: [
  [32m'openai'[39m,    [32m'anthropic'[39m,
  [32m'google'[39m,    [32m'groq'[39m,
  [32m'firecrawl'[39m, [32m'serpapi'[39m,
  [32m'tavily'[39m,    [32m'e2b'[39m,
  [32m'arcade'[39m,    [32m'gamma'[39m
]

[1A[2K[Agent] Selected Tools Config: []

[1A[2K[Tools] Total flattened MCP tools: 0

[1A[2K[FileUtils] ========== prefetchFileContents called ==========

[1A[2K[FileUtils] Text to scan: Return JSON with name and value

[1A[2K[FileUtils] Found variable references: []

[1A[2K[FileUtils] No files to fetch, returning early

[1A[2K[chromium] › tests\model-regression.spec.ts:584:11 › Model Regression Tests › Provider: OpenAI › GPT-4o Mini - JSON Mode
[Agent] Available API Keys: [
  [32m'openai'[39m,    [32m'anthropic'[39m,
  [32m'google'[39m,    [32m'groq'[39m,
  [32m'firecrawl'[39m, [32m'serpapi'[39m,
  [32m'tavily'[39m,    [32m'e2b'[39m,
  [32m'arcade'[39m,    [32m'gamma'[39m
]

[1A[2K[Agent] Selected Tools Config: []

[1A[2K[Tools] Total flattened MCP tools: 0

[1A[2K[FileUtils] ========== prefetchFileContents called ==========

[1A[2K[FileUtils] Text to scan: Return JSON with name and value

[1A[2K[FileUtils] Found variable references: []

[1A[2K[FileUtils] No files to fetch, returning early

[1A[2K[412/453] [chromium] › tests\model-regression.spec.ts:584:11 › Model Regression Tests › Provider: Groq › Llama 4 Maverick 17B - JSON Mode
[1A[2K
✅ Test report generated: d:\GitHub\open-agent-builder\test-reports\model-regression-1770993981474.json

[1A[2K[chromium] › tests\model-regression.spec.ts:584:11 › Model Regression Tests › Provider: Groq › Llama 4 Maverick 17B - JSON Mode
[Agent] Available API Keys: [
  [32m'openai'[39m,    [32m'anthropic'[39m,
  [32m'google'[39m,    [32m'groq'[39m,
  [32m'firecrawl'[39m, [32m'serpapi'[39m,
  [32m'tavily'[39m,    [32m'e2b'[39m,
  [32m'arcade'[39m,    [32m'gamma'[39m
]

[1A[2K[Agent] Selected Tools Config: []

[1A[2K[Tools] Total flattened MCP tools: 0

[1A[2K[FileUtils] ========== prefetchFileContents called ==========

[1A[2K[FileUtils] Text to scan: Return JSON with name and value

[1A[2K[FileUtils] Found variable references: []

[1A[2K[FileUtils] No files to fetch, returning early

[1A[2K[413/453] [chromium] › tests\model-regression.spec.ts:337:9 › Model Regression Tests › Provider: Groq › Llama 3.1 8B Instant - Basic Execution
[1A[2K[chromium] › tests\model-regression.spec.ts:337:9 › Model Regression Tests › Provider: Groq › Llama 3.1 8B Instant - Basic Execution
[Agent] Available API Keys: [
  [32m'openai'[39m,    [32m'anthropic'[39m,
  [32m'google'[39m,    [32m'groq'[39m,
  [32m'firecrawl'[39m, [32m'serpapi'[39m,
  [32m'tavily'[39m,    [32m'e2b'[39m,
  [32m'arcade'[39m,    [32m'gamma'[39m
]

[1A[2K[Agent] Selected Tools Config: []

[1A[2K[Tools] Total flattened MCP tools: 0

[1A[2K[FileUtils] ========== prefetchFileContents called ==========

[1A[2K[FileUtils] Text to scan: Say hello

[1A[2K[FileUtils] Found variable references: []

[1A[2K[FileUtils] No files to fetch, returning early

[1A[2K[414/453] [chromium] › tests\model-regression.spec.ts:337:9 › Model Regression Tests › Provider: Groq › Llama 4 Scout 17B - Basic Execution
[1A[2K[chromium] › tests\model-regression.spec.ts:584:11 › Model Regression Tests › Provider: OpenAI › GPT-4o Mini - JSON Mode
✅ HTML report generated: d:\GitHub\open-agent-builder\test-reports\model-regression-1770993981474.html


[1A[2K
================================================================================

[1A[2KMODEL REGRESSION TEST REPORT

[1A[2K================================================================================

[1A[2K
Test Duration: 0.40s

[1A[2KStart Time: 2026-02-13T14:46:21.475Z

[1A[2KEnd Time: 2026-02-13T14:46:21.872Z

[1A[2K
Summary:

[1A[2K  Total Tests: 7

[1A[2K  Passed: 7 ✓

[1A[2K  Failed: 0 ✗

[1A[2K  Skipped: 0 ⊘

[1A[2K  Pass Rate: 100.00%

[1A[2K
By Provider:

[1A[2K  openai: 7/7 passed (100.0%)

[1A[2K
================================================================================


[1A[2K[chromium] › tests\model-regression.spec.ts:337:9 › Model Regression Tests › Provider: Groq › Llama 4 Scout 17B - Basic Execution
[Agent] Available API Keys: [
  [32m'openai'[39m,    [32m'anthropic'[39m,
  [32m'google'[39m,    [32m'groq'[39m,
  [32m'firecrawl'[39m, [32m'serpapi'[39m,
  [32m'tavily'[39m,    [32m'e2b'[39m,
  [32m'arcade'[39m,    [32m'gamma'[39m
]

[1A[2K[Agent] Selected Tools Config: []

[1A[2K[Tools] Total flattened MCP tools: 0

[1A[2K[FileUtils] ========== prefetchFileContents called ==========

[1A[2K[FileUtils] Text to scan: Say hello

[1A[2K[FileUtils] Found variable references: []

[1A[2K[FileUtils] No files to fetch, returning early

[1A[2K[415/453] [chromium] › tests\model-regression.spec.ts:441:11 › Model Regression Tests › Provider: Groq › Llama 3.1 8B Instant - With Tools
[1A[2K[416/453] [chromium] › tests\model-regression.spec.ts:441:11 › Model Regression Tests › Provider: Groq › Llama 4 Scout 17B - With Tools
[1A[2K[chromium] › tests\model-regression.spec.ts:441:11 › Model Regression Tests › Provider: Groq › Llama 3.1 8B Instant - With Tools
[Agent] Available API Keys: [
  [32m'openai'[39m,    [32m'anthropic'[39m,
  [32m'google'[39m,    [32m'groq'[39m,
  [32m'firecrawl'[39m, [32m'serpapi'[39m,
  [32m'tavily'[39m,    [32m'e2b'[39m,
  [32m'arcade'[39m,    [32m'gamma'[39m
]

[1A[2K[Agent] Selected Tools Config: [
  {
    "toolId": "firecrawl-scrape",
    "enabled": true,
    "config": {}
  }
]

[1A[2K[Tools] Total flattened MCP tools: 0

[1A[2K[FileUtils] ========== prefetchFileContents called ==========

[1A[2K[FileUtils] Text to scan: Use the test tool

[1A[2K[FileUtils] Found variable references: []

[1A[2K[FileUtils] No files to fetch, returning early

[1A[2KUnknown tool ID: firecrawl-scrape

[1A[2K[chromium] › tests\model-regression.spec.ts:441:11 › Model Regression Tests › Provider: Groq › Llama 4 Scout 17B - With Tools
[Agent] Available API Keys: [
  [32m'openai'[39m,    [32m'anthropic'[39m,
  [32m'google'[39m,    [32m'groq'[39m,
  [32m'firecrawl'[39m, [32m'serpapi'[39m,
  [32m'tavily'[39m,    [32m'e2b'[39m,
  [32m'arcade'[39m,    [32m'gamma'[39m
]

[1A[2K[Agent] Selected Tools Config: [
  {
    "toolId": "firecrawl-scrape",
    "enabled": true,
    "config": {}
  }
]

[1A[2K[Tools] Total flattened MCP tools: 0

[1A[2K[FileUtils] ========== prefetchFileContents called ==========

[1A[2K[FileUtils] Text to scan: Use the test tool

[1A[2K[FileUtils] Found variable references: []

[1A[2K[FileUtils] No files to fetch, returning early

[1A[2KUnknown tool ID: firecrawl-scrape

[1A[2K[417/453] [chromium] › tests\template-verification.spec.ts:218:5 › Template Verification Tests › Template Structure Validation › template edges should not have circular dependencies
[1A[2K[418/453] [chromium] › tests\model-regression.spec.ts:584:11 › Model Regression Tests › Provider: Groq › Llama 3.1 8B Instant - JSON Mode
[1A[2K[419/453] [chromium] › tests\model-regression.spec.ts:584:11 › Model Regression Tests › Provider: Groq › Llama 4 Scout 17B - JSON Mode
[1A[2K[chromium] › tests\model-regression.spec.ts:584:11 › Model Regression Tests › Provider: Groq › Llama 3.1 8B Instant - JSON Mode
[Agent] Available API Keys: [
  [32m'openai'[39m,    [32m'anthropic'[39m,
  [32m'google'[39m,    [32m'groq'[39m,
  [32m'firecrawl'[39m, [32m'serpapi'[39m,
  [32m'tavily'[39m,    [32m'e2b'[39m,
  [32m'arcade'[39m,    [32m'gamma'[39m
]

[1A[2K[Agent] Selected Tools Config: []

[1A[2K[Tools] Total flattened MCP tools: 0

[1A[2K[FileUtils] ========== prefetchFileContents called ==========

[1A[2K[FileUtils] Text to scan: Return JSON with name and value

[1A[2K[FileUtils] Found variable references: []

[1A[2K[FileUtils] No files to fetch, returning early

[1A[2K[chromium] › tests\model-regression.spec.ts:584:11 › Model Regression Tests › Provider: Groq › Llama 4 Scout 17B - JSON Mode
[Agent] Available API Keys: [
  [32m'openai'[39m,    [32m'anthropic'[39m,
  [32m'google'[39m,    [32m'groq'[39m,
  [32m'firecrawl'[39m, [32m'serpapi'[39m,
  [32m'tavily'[39m,    [32m'e2b'[39m,
  [32m'arcade'[39m,    [32m'gamma'[39m
]

[1A[2K[Agent] Selected Tools Config: []

[1A[2K[Tools] Total flattened MCP tools: 0

[1A[2K[FileUtils] ========== prefetchFileContents called ==========

[1A[2K[FileUtils] Text to scan: Return JSON with name and value

[1A[2K[FileUtils] Found variable references: []

[1A[2K[FileUtils] No files to fetch, returning early

[1A[2K[420/453] [chromium] › tests\template-verification.spec.ts:140:5 › Template Verification Tests › Template Structure Validation › all templates should have required fields
[1A[2K[421/453] [chromium] › tests\model-regression.spec.ts:337:9 › Model Regression Tests › Provider: Groq › Llama 3.3 70B Versatile - Basic Execution
[1A[2K[422/453] [chromium] › tests\model-regression.spec.ts:337:9 › Model Regression Tests › Provider: Groq › GPT OSS 120B - Basic Execution
[1A[2K[chromium] › tests\model-regression.spec.ts:337:9 › Model Regression Tests › Provider: Groq › GPT OSS 120B - Basic Execution
[Agent] Available API Keys: [
  [32m'openai'[39m,    [32m'anthropic'[39m,
  [32m'google'[39m,    [32m'groq'[39m,
  [32m'firecrawl'[39m, [32m'serpapi'[39m,
  [32m'tavily'[39m,    [32m'e2b'[39m,
  [32m'arcade'[39m,    [32m'gamma'[39m
]

[1A[2K[Agent] Selected Tools Config: []

[1A[2K[Tools] Total flattened MCP tools: 0

[1A[2K[FileUtils] ========== prefetchFileContents called ==========

[1A[2K[FileUtils] Text to scan: Say hello

[1A[2K[FileUtils] Found variable references: []

[1A[2K[FileUtils] No files to fetch, returning early

[1A[2K[chromium] › tests\model-regression.spec.ts:337:9 › Model Regression Tests › Provider: Groq › Llama 3.3 70B Versatile - Basic Execution
[Agent] Available API Keys: [
  [32m'openai'[39m,    [32m'anthropic'[39m,
  [32m'google'[39m,    [32m'groq'[39m,
  [32m'firecrawl'[39m, [32m'serpapi'[39m,
  [32m'tavily'[39m,    [32m'e2b'[39m,
  [32m'arcade'[39m,    [32m'gamma'[39m
]

[1A[2K[Agent] Selected Tools Config: []

[1A[2K[Tools] Total flattened MCP tools: 0

[1A[2K[FileUtils] ========== prefetchFileContents called ==========

[1A[2K[FileUtils] Text to scan: Say hello

[1A[2K[FileUtils] Found variable references: []

[1A[2K[FileUtils] No files to fetch, returning early

[1A[2K[423/453] [chromium] › tests\model-regression.spec.ts:441:11 › Model Regression Tests › Provider: Groq › GPT OSS 120B - With Tools
[1A[2K
✅ Test report generated: d:\GitHub\open-agent-builder\test-reports\model-regression-1770993981596.json

[1A[2K[chromium] › tests\model-regression.spec.ts:441:11 › Model Regression Tests › Provider: Groq › GPT OSS 120B - With Tools
[Agent] Available API Keys: [
  [32m'openai'[39m,    [32m'anthropic'[39m,
  [32m'google'[39m,    [32m'groq'[39m,
  [32m'firecrawl'[39m, [32m'serpapi'[39m,
  [32m'tavily'[39m,    [32m'e2b'[39m,
  [32m'arcade'[39m,    [32m'gamma'[39m
]

[1A[2K[Agent] Selected Tools Config: [
  {
    "toolId": "firecrawl-scrape",
    "enabled": true,
    "config": {}
  }
]

[1A[2K[Tools] Total flattened MCP tools: 0

[1A[2K[FileUtils] ========== prefetchFileContents called ==========

[1A[2K[FileUtils] Text to scan: Use the test tool

[1A[2K[FileUtils] Found variable references: []

[1A[2K[FileUtils] No files to fetch, returning early

[1A[2KUnknown tool ID: firecrawl-scrape

[1A[2K[chromium] › tests\model-regression.spec.ts:337:9 › Model Regression Tests › Provider: Groq › Llama 3.3 70B Versatile - Basic Execution
✅ HTML report generated: d:\GitHub\open-agent-builder\test-reports\model-regression-1770993981596.html


[1A[2K
================================================================================

[1A[2K[chromium] › tests\model-regression.spec.ts:441:11 › Model Regression Tests › Provider: Groq › GPT OSS 120B - With Tools

✅ Test report generated: d:\GitHub\open-agent-builder\test-reports\model-regression-1770993981601.json

[1A[2K[chromium] › tests\model-regression.spec.ts:337:9 › Model Regression Tests › Provider: Groq › Llama 3.3 70B Versatile - Basic Execution
MODEL REGRESSION TEST REPORT

[1A[2K================================================================================

[1A[2K  68) [chromium] › tests\template-verification.spec.ts:218:5 › Template Verification Tests › Template Structure Validation › template edges should not have circular dependencies 

    ReferenceError: convexClient is not defined

       95 |   test.beforeAll(() => {
       96 |     convex = new ConvexHttpClient(CONVEX_URL);
    >  97 |     setTestAuth(convexClient, TEST_USER_ID);
          |                 ^
       98 |   });
       99 |
      100 |   test.describe('Template Registry', () => {
        at d:\GitHub\open-agent-builder\tests\template-verification.spec.ts:97:17


[1A[2K
Test Duration: 0.39s

[1A[2K[424/453] [chromium] › tests\template-verification.spec.ts:237:5 › Template Verification Tests › Node Type Coverage › should have templates using various node types
[1A[2K[425/453] [chromium] › tests\template-verification.spec.ts:259:5 › Template Verification Tests › Node Type Coverage › agent nodes should have valid model configuration
[1A[2K[426/453] [chromium] › tests\template-verification.spec.ts:282:5 › Template Verification Tests › Node Type Coverage › transform nodes should have valid scripts
[1A[2KStart Time: 2026-02-13T14:46:21.596Z

[1A[2K  69) [chromium] › tests\template-verification.spec.ts:140:5 › Template Verification Tests › Template Structure Validation › all templates should have required fields 

    ReferenceError: convexClient is not defined

       95 |   test.beforeAll(() => {
       96 |     convex = new ConvexHttpClient(CONVEX_URL);
    >  97 |     setTestAuth(convexClient, TEST_USER_ID);
          |                 ^
       98 |   });
       99 |
      100 |   test.describe('Template Registry', () => {
        at d:\GitHub\open-agent-builder\tests\template-verification.spec.ts:97:17


[1A[2KEnd Time: 2026-02-13T14:46:21.986Z

[1A[2K[chromium] › tests\model-regression.spec.ts:441:11 › Model Regression Tests › Provider: Groq › GPT OSS 120B - With Tools
✅ HTML report generated: d:\GitHub\open-agent-builder\test-reports\model-regression-1770993981601.html


[1A[2K[427/453] [chromium] › tests\template-verification.spec.ts:165:5 › Template Verification Tests › Template Structure Validation › all templates should have start and end nodes
[1A[2K[428/453] [chromium] › tests\template-verification.spec.ts:180:5 › Template Verification Tests › Template Structure Validation › all template nodes should be valid
[1A[2K[429/453] [chromium] › tests\template-verification.spec.ts:199:5 › Template Verification Tests › Template Structure Validation › all template edges should be valid
[1A[2K[chromium] › tests\model-regression.spec.ts:337:9 › Model Regression Tests › Provider: Groq › Llama 3.3 70B Versatile - Basic Execution

Summary:

[1A[2K[chromium] › tests\model-regression.spec.ts:441:11 › Model Regression Tests › Provider: Groq › GPT OSS 120B - With Tools

================================================================================

[1A[2K[chromium] › tests\model-regression.spec.ts:337:9 › Model Regression Tests › Provider: Groq › Llama 3.3 70B Versatile - Basic Execution
  Total Tests: 7

[1A[2K[chromium] › tests\model-regression.spec.ts:441:11 › Model Regression Tests › Provider: Groq › GPT OSS 120B - With Tools
MODEL REGRESSION TEST REPORT

[1A[2K[chromium] › tests\model-regression.spec.ts:337:9 › Model Regression Tests › Provider: Groq › Llama 3.3 70B Versatile - Basic Execution
  Passed: 7 ✓

[1A[2K[chromium] › tests\model-regression.spec.ts:441:11 › Model Regression Tests › Provider: Groq › GPT OSS 120B - With Tools
================================================================================

[1A[2K[chromium] › tests\model-regression.spec.ts:337:9 › Model Regression Tests › Provider: Groq › Llama 3.3 70B Versatile - Basic Execution
  Failed: 0 ✗

[1A[2K[chromium] › tests\model-regression.spec.ts:441:11 › Model Regression Tests › Provider: Groq › GPT OSS 120B - With Tools

Test Duration: 0.40s

[1A[2K[chromium] › tests\model-regression.spec.ts:337:9 › Model Regression Tests › Provider: Groq › Llama 3.3 70B Versatile - Basic Execution
  Skipped: 0 ⊘

[1A[2K[chromium] › tests\model-regression.spec.ts:441:11 › Model Regression Tests › Provider: Groq › GPT OSS 120B - With Tools
Start Time: 2026-02-13T14:46:21.601Z

[1A[2K[chromium] › tests\model-regression.spec.ts:337:9 › Model Regression Tests › Provider: Groq › Llama 3.3 70B Versatile - Basic Execution
  Pass Rate: 100.00%

[1A[2K[chromium] › tests\model-regression.spec.ts:441:11 › Model Regression Tests › Provider: Groq › GPT OSS 120B - With Tools
End Time: 2026-02-13T14:46:22.005Z

[1A[2K[chromium] › tests\model-regression.spec.ts:337:9 › Model Regression Tests › Provider: Groq › Llama 3.3 70B Versatile - Basic Execution

By Provider:

[1A[2K[chromium] › tests\model-regression.spec.ts:441:11 › Model Regression Tests › Provider: Groq › GPT OSS 120B - With Tools

Summary:

[1A[2K[chromium] › tests\model-regression.spec.ts:337:9 › Model Regression Tests › Provider: Groq › Llama 3.3 70B Versatile - Basic Execution
  groq: 7/7 passed (100.0%)

[1A[2K[chromium] › tests\model-regression.spec.ts:441:11 › Model Regression Tests › Provider: Groq › GPT OSS 120B - With Tools
  Total Tests: 7

[1A[2K[chromium] › tests\model-regression.spec.ts:337:9 › Model Regression Tests › Provider: Groq › Llama 3.3 70B Versatile - Basic Execution

================================================================================


[1A[2K[chromium] › tests\model-regression.spec.ts:441:11 › Model Regression Tests › Provider: Groq › GPT OSS 120B - With Tools
  Passed: 7 ✓

[1A[2K  Failed: 0 ✗

[1A[2K  Skipped: 0 ⊘

[1A[2K  Pass Rate: 100.00%

[1A[2K
By Provider:

[1A[2K  groq: 7/7 passed (100.0%)

[1A[2K
================================================================================


[1A[2K[dotenv@17.2.3] injecting env (0) from .env.local -- tip: 🔑 add access controls to secrets: https://dotenvx.com/ops

[1A[2K[dotenv@17.2.3] injecting env (0) from .env.local -- tip: 👥 sync secrets across teammates & machines: https://dotenvx.com/ops

[1A[2K[dotenv@17.2.3] injecting env (0) from .env.local -- tip: 🗂️ backup and recover secrets: https://dotenvx.com/ops

[1A[2K[430/453] [chromium] › tests\template-verification.spec.ts:463:5 › Template Verification Tests › Input Variables Validation › required input variables should have default values
[1A[2K  70) [chromium] › tests\template-verification.spec.ts:463:5 › Template Verification Tests › Input Variables Validation › required input variables should have default values 

    ReferenceError: convexClient is not defined

       95 |   test.beforeAll(() => {
       96 |     convex = new ConvexHttpClient(CONVEX_URL);
    >  97 |     setTestAuth(convexClient, TEST_USER_ID);
          |                 ^
       98 |   });
       99 |
      100 |   test.describe('Template Registry', () => {
        at d:\GitHub\open-agent-builder\tests\template-verification.spec.ts:97:17


[1A[2K[431/453] [chromium] › tests\template-verification.spec.ts:487:5 › Template Verification Tests › Loop Templates › templates with while loops should have break edges
[1A[2K[432/453] [chromium] › tests\template-verification.spec.ts:507:5 › Template Verification Tests › Loop Templates › templates with while loops should have loop-back edges
[1A[2K[433/453] [chromium] › tests\template-verification.spec.ts:528:5 › Template Verification Tests › Template Execution Readiness › templates should have executable structure
[1A[2K[dotenv@17.2.3] injecting env (0) from .env.local -- tip: ⚙️  override existing env vars with { override: true }

[1A[2K[dotenv@17.2.3] injecting env (0) from .env.local -- tip: 🔐 prevent building .env in docker: https://dotenvx.com/prebuild

[1A[2K✅ LangSmith tracing enabled

[1A[2K   Project: open-agent-builder-prod

[1A[2K   Endpoint: https://api.smith.langchain.com

[1A[2K[434/453] [chromium] › tests\workflow-execution.spec.ts:452:5 › Workflow Execution - End-to-End Tests › Conditional Logic › should execute if-else branch (false path)
[1A[2K[chromium] › tests\workflow-execution.spec.ts:452:5 › Workflow Execution - End-to-End Tests › Conditional Logic › should execute if-else branch (false path)
🚀 Starting Workflow Execution Test Suite...

[1A[2K✅ LangSmith tracing enabled

[1A[2K   Project: open-agent-builder-prod

[1A[2K   Endpoint: https://api.smith.langchain.com

[1A[2K[435/453] [chromium] › tests\workflow-execution.spec.ts:869:5 › Workflow Execution - End-to-End Tests › Human-in-the-Loop Approval › should pause execution at approval node
[1A[2KBuilding LangGraph from workflow: {
  workflowId: [32m'test-workflow'[39m,
  workflowName: [90mundefined[39m,
  nodes: [33m0[39m,
  edges: [33m0[39m,
  nodeIds: [],
  nodeTypes: [],
  edgeSources: [],
  edgeTargets: [],
  fullNodes: [],
  fullEdges: []
}

[1A[2KEdges by source: {}

[1A[2KConnecting LangGraph START to workflow start node...

[1A[2K[chromium] › tests\workflow-execution.spec.ts:869:5 › Workflow Execution - End-to-End Tests › Human-in-the-Loop Approval › should pause execution at approval node
🚀 Starting Workflow Execution Test Suite...

[1A[2K[chromium] › tests\workflow-execution.spec.ts:452:5 › Workflow Execution - End-to-End Tests › Conditional Logic › should execute if-else branch (false path)
[LangSmith] Tracing enabled for project: open-agent-builder-prod

[1A[2K✅ LangSmith tracing enabled

[1A[2K   Project: open-agent-builder-prod

[1A[2K   Endpoint: https://api.smith.langchain.com

[1A[2K[436/453] [chromium] › tests\workflow-execution.spec.ts:946:5 › Workflow Execution - End-to-End Tests › Edge Validation › should detect circular dependencies
[1A[2K[chromium] › tests\workflow-execution.spec.ts:946:5 › Workflow Execution - End-to-End Tests › Edge Validation › should detect circular dependencies
🚀 Starting Workflow Execution Test Suite...

[1A[2K[chromium] › tests\workflow-execution.spec.ts:869:5 › Workflow Execution - End-to-End Tests › Human-in-the-Loop Approval › should pause execution at approval node
Building LangGraph from workflow: {
  workflowId: [32m'test-workflow'[39m,
  workflowName: [90mundefined[39m,
  nodes: [33m0[39m,
  edges: [33m0[39m,
  nodeIds: [],
  nodeTypes: [],
  edgeSources: [],
  edgeTargets: [],
  fullNodes: [],
  fullEdges: []
}

[1A[2KEdges by source: {}

[1A[2KConnecting LangGraph START to workflow start node...

[1A[2K[LangSmith] Tracing enabled for project: open-agent-builder-prod

[1A[2K[chromium] › tests\workflow-execution.spec.ts:946:5 › Workflow Execution - End-to-End Tests › Edge Validation › should detect circular dependencies
Building LangGraph from workflow: {
  workflowId: [32m'test-workflow'[39m,
  workflowName: [90mundefined[39m,
  nodes: [33m0[39m,
  edges: [33m0[39m,
  nodeIds: [],
  nodeTypes: [],
  edgeSources: [],
  edgeTargets: [],
  fullNodes: [],
  fullEdges: []
}

[1A[2KEdges by source: {}

[1A[2KConnecting LangGraph START to workflow start node...

[1A[2K[LangSmith] Tracing enabled for project: open-agent-builder-prod

[1A[2K✅ LangSmith tracing enabled

[1A[2K   Project: open-agent-builder-prod

[1A[2K   Endpoint: https://api.smith.langchain.com

[1A[2K[437/453] [chromium] › tests\workflow-execution.spec.ts:153:5 › Workflow Execution - End-to-End Tests › Basic Workflow Flows › should execute simple Start → Agent → End workflow
[1A[2K[chromium] › tests\workflow-execution.spec.ts:153:5 › Workflow Execution - End-to-End Tests › Basic Workflow Flows › should execute simple Start → Agent → End workflow
🚀 Starting Workflow Execution Test Suite...

[1A[2K✅ LangSmith tracing enabled

[1A[2K   Project: open-agent-builder-prod

[1A[2K   Endpoint: https://api.smith.langchain.com

[1A[2K[438/453] [chromium] › tests\workflow-execution.spec.ts:269:5 › Workflow Execution - End-to-End Tests › Multi-Node Workflows › should execute Start → HTTP → Transform → Extract → End
[1A[2K[chromium] › tests\workflow-execution.spec.ts:269:5 › Workflow Execution - End-to-End Tests › Multi-Node Workflows › should execute Start → HTTP → Transform → Extract → End
🚀 Starting Workflow Execution Test Suite...

[1A[2KBuilding LangGraph from workflow: {
  workflowId: [32m'test-workflow'[39m,
  workflowName: [90mundefined[39m,
  nodes: [33m0[39m,
  edges: [33m0[39m,
  nodeIds: [],
  nodeTypes: [],
  edgeSources: [],
  edgeTargets: [],
  fullNodes: [],
  fullEdges: []
}

[1A[2KEdges by source: {}

[1A[2KConnecting LangGraph START to workflow start node...

[1A[2K[LangSmith] Tracing enabled for project: open-agent-builder-prod

[1A[2K[chromium] › tests\workflow-execution.spec.ts:153:5 › Workflow Execution - End-to-End Tests › Basic Workflow Flows › should execute simple Start → Agent → End workflow
Building LangGraph from workflow: {
  workflowId: [32m'test-workflow'[39m,
  workflowName: [90mundefined[39m,
  nodes: [33m0[39m,
  edges: [33m0[39m,
  nodeIds: [],
  nodeTypes: [],
  edgeSources: [],
  edgeTargets: [],
  fullNodes: [],
  fullEdges: []
}

[1A[2KEdges by source: {}

[1A[2KConnecting LangGraph START to workflow start node...

[1A[2K[LangSmith] Tracing enabled for project: open-agent-builder-prod

[1A[2K✅ LangSmith tracing enabled

[1A[2K   Project: open-agent-builder-prod

[1A[2K   Endpoint: https://api.smith.langchain.com

[1A[2K✅ LangSmith tracing enabled

[1A[2K   Project: open-agent-builder-prod

[1A[2K   Endpoint: https://api.smith.langchain.com

[1A[2K[439/453] [chromium] › tests\workflow-execution.spec.ts:753:5 › Workflow Execution - End-to-End Tests › Error Handling › should handle node execution failure gracefully
[1A[2K[440/453] [chromium] › tests\workflow-execution.spec.ts:600:5 › Workflow Execution - End-to-End Tests › State Management › should pass variables between nodes using {{input.*}}
[1A[2K[chromium] › tests\workflow-execution.spec.ts:753:5 › Workflow Execution - End-to-End Tests › Error Handling › should handle node execution failure gracefully
🚀 Starting Workflow Execution Test Suite...

[1A[2K[chromium] › tests\workflow-execution.spec.ts:600:5 › Workflow Execution - End-to-End Tests › State Management › should pass variables between nodes using {{input.*}}
🚀 Starting Workflow Execution Test Suite...

[1A[2K[chromium] › tests\workflow-execution.spec.ts:452:5 › Workflow Execution - End-to-End Tests › Conditional Logic › should execute if-else branch (false path)
Failed to Failed to send multipart request. Received status [403]: Forbidden. Message:

Context: trace=019c5777-a97a-766f-bd80-f272ad7acb35,id=019c5777-a97a-766f-bd80-f272ad7acb35

[1A[2K[chromium] › tests\workflow-execution.spec.ts:753:5 › Workflow Execution - End-to-End Tests › Error Handling › should handle node execution failure gracefully
Building LangGraph from workflow: {
  workflowId: [32m'test-workflow'[39m,
  workflowName: [90mundefined[39m,
  nodes: [33m0[39m,
  edges: [33m0[39m,
  nodeIds: [],
  nodeTypes: [],
  edgeSources: [],
  edgeTargets: [],
  fullNodes: [],
  fullEdges: []
}

[1A[2KEdges by source: {}

[1A[2KConnecting LangGraph START to workflow start node...

[1A[2K[LangSmith] Tracing enabled for project: open-agent-builder-prod

[1A[2K[chromium] › tests\workflow-execution.spec.ts:600:5 › Workflow Execution - End-to-End Tests › State Management › should pass variables between nodes using {{input.*}}
Building LangGraph from workflow: {
  workflowId: [32m'test-workflow'[39m,
  workflowName: [90mundefined[39m,
  nodes: [33m0[39m,
  edges: [33m0[39m,
  nodeIds: [],
  nodeTypes: [],
  edgeSources: [],
  edgeTargets: [],
  fullNodes: [],
  fullEdges: []
}

[1A[2KEdges by source: {}

[1A[2KConnecting LangGraph START to workflow start node...

[1A[2K[LangSmith] Tracing enabled for project: open-agent-builder-prod

[1A[2K[chromium] › tests\workflow-execution.spec.ts:452:5 › Workflow Execution - End-to-End Tests › Conditional Logic › should execute if-else branch (false path)
Failed to Failed to send multipart request. Received status [403]: Forbidden. Message:

Context: trace=019c5777-a97a-766f-bd80-f272ad7acb35,id=019c5777-a97a-766f-bd80-f272ad7acb35

[1A[2K[chromium] › tests\workflow-execution.spec.ts:869:5 › Workflow Execution - End-to-End Tests › Human-in-the-Loop Approval › should pause execution at approval node
Failed to Failed to send multipart request. Received status [403]: Forbidden. Message:

Context: trace=019c5777-a9dd-7774-a119-1dc2e6dd09ab,id=019c5777-a9dd-7774-a119-1dc2e6dd09ab

[1A[2K[chromium] › tests\workflow-execution.spec.ts:946:5 › Workflow Execution - End-to-End Tests › Edge Validation › should detect circular dependencies
Failed to Failed to send multipart request. Received status [403]: Forbidden. Message:

Context: trace=019c5777-aa28-7dd6-851e-65484b08d9ae,id=019c5777-aa28-7dd6-851e-65484b08d9ae

[1A[2K  71) [chromium] › tests\workflow-execution.spec.ts:452:5 › Workflow Execution - End-to-End Tests › Conditional Logic › should execute if-else branch (false path) 

    Error: [2mexpect([22m[31mreceived[39m[2m).[22mtoBe[2m([22m[32mexpected[39m[2m) // Object.is equality[22m

    Expected: [32mtrue[39m
    Received: [31mundefined[39m

      495 |       const result = await executor.execute({ nodes, edges }, { value: 5 }, mockApiKeys);
      496 |
    > 497 |       expect(result.success).toBe(true);
          |                              ^
      498 |       expect(result.executionPath).toContain('end-false');
      499 |       expect(result.executionPath).not.toContain('end-true');
      500 |     });
        at d:\GitHub\open-agent-builder\tests\workflow-execution.spec.ts:497:30


[1A[2K  72) [chromium] › tests\workflow-execution.spec.ts:869:5 › Workflow Execution - End-to-End Tests › Human-in-the-Loop Approval › should pause execution at approval node 

    Error: [2mexpect([22m[31mreceived[39m[2m).[22mtoBe[2m([22m[32mexpected[39m[2m) // Object.is equality[22m

    Expected: [32mtrue[39m
    Received: [31mundefined[39m

      901 |
      902 |       // Should pause at approval node
    > 903 |       expect(result.paused).toBe(true);
          |                             ^
      904 |       expect(result.pausedAt).toBe('approval-1');
      905 |     });
      906 |
        at d:\GitHub\open-agent-builder\tests\workflow-execution.spec.ts:903:29


[1A[2K  73) [chromium] › tests\workflow-execution.spec.ts:946:5 › Workflow Execution - End-to-End Tests › Edge Validation › should detect circular dependencies 

    Error: [2mexpect([22m[31mreceived[39m[2m).[22mrejects[2m.[22mtoThrow[2m()[22m

    Received promise resolved instead of rejected
    Resolved to value: [31mundefined[39m

      984 |
      985 |       // Should detect cycle and fail or handle gracefully
    > 986 |       await expect(async () => {
          |             ^
      987 |         await executor.execute({ nodes, edges }, {}, mockApiKeys);
      988 |       }).rejects.toThrow();
      989 |     });
        at d:\GitHub\open-agent-builder\tests\workflow-execution.spec.ts:986:13


[1A[2K[dotenv@17.2.3] injecting env (0) from .env.local -- tip: ⚙️  load multiple .env files with { path: ['.env.local', '.env'] }

[1A[2K[dotenv@17.2.3] injecting env (0) from .env.local -- tip: ⚙️  load multiple .env files with { path: ['.env.local', '.env'] }

[1A[2K[dotenv@17.2.3] injecting env (0) from .env.local -- tip: 🔄 add secrets lifecycle management: https://dotenvx.com/ops

[1A[2K[chromium] › tests\workflow-execution.spec.ts:269:5 › Workflow Execution - End-to-End Tests › Multi-Node Workflows › should execute Start → HTTP → Transform → Extract → End
Failed to Failed to send multipart request. Received status [403]: Forbidden. Message:

Context: trace=019c5777-af6a-7999-bd7e-3e54e949f95b,id=019c5777-af6a-7999-bd7e-3e54e949f95b

[1A[2K  74) [chromium] › tests\workflow-execution.spec.ts:269:5 › Workflow Execution - End-to-End Tests › Multi-Node Workflows › should execute Start → HTTP → Transform → Extract → End 

    Error: [2mexpect([22m[31mreceived[39m[2m).[22mtoBe[2m([22m[32mexpected[39m[2m) // Object.is equality[22m

    Expected: [32mtrue[39m
    Received: [31mundefined[39m

      334 |       const result = await executor.execute({ nodes, edges }, {}, mockApiKeys);
      335 |
    > 336 |       expect(result.success).toBe(true);
          |                              ^
      337 |       expect(result.variables.lastOutput).toBeDefined();
      338 |     });
      339 |
        at d:\GitHub\open-agent-builder\tests\workflow-execution.spec.ts:336:30


[1A[2K[chromium] › tests\workflow-execution.spec.ts:153:5 › Workflow Execution - End-to-End Tests › Basic Workflow Flows › should execute simple Start → Agent → End workflow
Failed to Failed to send multipart request. Received status [403]: Forbidden. Message:

Context: trace=019c5777-b04f-733f-9436-f10ab2530359,id=019c5777-b04f-733f-9436-f10ab2530359

[1A[2K  75) [chromium] › tests\workflow-execution.spec.ts:153:5 › Workflow Execution - End-to-End Tests › Basic Workflow Flows › should execute simple Start → Agent → End workflow 

    Error: [2mexpect([22m[31mreceived[39m[2m).[22mtoBe[2m([22m[32mexpected[39m[2m) // Object.is equality[22m

    Expected: [32mtrue[39m
    Received: [31mundefined[39m

      210 |
      211 |       expect(result).toBeDefined();
    > 212 |       expect(result.success).toBe(true);
          |                              ^
      213 |       expect(result.variables.lastOutput).toContain('Hello from agent!');
      214 |     });
      215 |
        at d:\GitHub\open-agent-builder\tests\workflow-execution.spec.ts:212:30


[1A[2K  76) [chromium] › tests\workflow-execution.spec.ts:753:5 › Workflow Execution - End-to-End Tests › Error Handling › should handle node execution failure gracefully 

    Error: [2mexpect([22m[31mreceived[39m[2m).[22mrejects[2m.[22mtoThrow[2m()[22m

    Received promise resolved instead of rejected
    Resolved to value: [31mundefined[39m

      789 |       const executor = new LangGraphExecutor();
      790 |
    > 791 |       await expect(async () => {
          |             ^
      792 |         await executor.execute({ nodes, edges }, {}, mockApiKeys);
      793 |       }).rejects.toThrow();
      794 |     });
        at d:\GitHub\open-agent-builder\tests\workflow-execution.spec.ts:791:13


[1A[2K[chromium] › tests\workflow-execution.spec.ts:600:5 › Workflow Execution - End-to-End Tests › State Management › should pass variables between nodes using {{input.*}}
Failed to Failed to send multipart request. Received status [403]: Forbidden. Message:

Context: trace=019c5777-b140-7994-862c-8ae0b23af430,id=019c5777-b140-7994-862c-8ae0b23af430

[1A[2K  77) [chromium] › tests\workflow-execution.spec.ts:600:5 › Workflow Execution - End-to-End Tests › State Management › should pass variables between nodes using {{input.*}} 

    Error: [2mexpect([22m[31mreceived[39m[2m).[22mtoBe[2m([22m[32mexpected[39m[2m) // Object.is equality[22m

    Expected: [32mtrue[39m
    Received: [31mundefined[39m

      642 |       const result = await executor.execute({ nodes, edges }, { userName: 'Test User' }, mockApiKeys);
      643 |
    > 644 |       expect(result.success).toBe(true);
          |                              ^
      645 |       expect(result.variables.input.userName).toBe('Test User');
      646 |     });
      647 |
        at d:\GitHub\open-agent-builder\tests\workflow-execution.spec.ts:644:30


[1A[2K[dotenv@17.2.3] injecting env (0) from .env.local -- tip: 👥 sync secrets across teammates & machines: https://dotenvx.com/ops

[1A[2K[dotenv@17.2.3] injecting env (0) from .env.local -- tip: ⚙️  suppress all logs with { quiet: true }

[1A[2K[dotenv@17.2.3] injecting env (0) from .env.local -- tip: 📡 add observability to secrets: https://dotenvx.com/ops

[1A[2K[dotenv@17.2.3] injecting env (0) from .env.local -- tip: ⚙️  enable debug logging with { debug: true }

[1A[2K✅ LangSmith tracing enabled

[1A[2K   Project: open-agent-builder-prod

[1A[2K   Endpoint: https://api.smith.langchain.com

[1A[2K✅ LangSmith tracing enabled

[1A[2K   Project: open-agent-builder-prod

[1A[2K   Endpoint: https://api.smith.langchain.com

[1A[2K[441/453] [chromium] › tests\workflow-execution.spec.ts:991:5 › Workflow Execution - End-to-End Tests › Edge Validation › should validate end node has no outgoing edges
[1A[2K✅ LangSmith tracing enabled

[1A[2K   Project: open-agent-builder-prod

[1A[2K   Endpoint: https://api.smith.langchain.com

[1A[2K[chromium] › tests\workflow-execution.spec.ts:991:5 › Workflow Execution - End-to-End Tests › Edge Validation › should validate end node has no outgoing edges
🚀 Starting Workflow Execution Test Suite...

[1A[2K[442/453] [chromium] › tests\workflow-execution.spec.ts:907:5 › Workflow Execution - End-to-End Tests › Human-in-the-Loop Approval › should resume workflow after approval
[1A[2K[443/453] [chromium] › tests\workflow-execution.spec.ts:502:5 › Workflow Execution - End-to-End Tests › Conditional Logic › should execute while loop with iteration limit
[1A[2K[chromium] › tests\workflow-execution.spec.ts:907:5 › Workflow Execution - End-to-End Tests › Human-in-the-Loop Approval › should resume workflow after approval
🚀 Starting Workflow Execution Test Suite...

[1A[2K[chromium] › tests\workflow-execution.spec.ts:502:5 › Workflow Execution - End-to-End Tests › Conditional Logic › should execute while loop with iteration limit
🚀 Starting Workflow Execution Test Suite...

[1A[2K[444/453] [chromium] › tests\workflow-execution.spec.ts:917:5 › Workflow Execution - End-to-End Tests › Edge Validation › should detect and clean invalid edges
[1A[2K[chromium] › tests\workflow-execution.spec.ts:991:5 › Workflow Execution - End-to-End Tests › Edge Validation › should validate end node has no outgoing edges
Building LangGraph from workflow: {
  workflowId: [32m'test-workflow'[39m,
  workflowName: [90mundefined[39m,
  nodes: [33m0[39m,
  edges: [33m0[39m,
  nodeIds: [],
  nodeTypes: [],
  edgeSources: [],
  edgeTargets: [],
  fullNodes: [],
  fullEdges: []
}

[1A[2KEdges by source: {}

[1A[2KConnecting LangGraph START to workflow start node...

[1A[2K[chromium] › tests\workflow-execution.spec.ts:917:5 › Workflow Execution - End-to-End Tests › Edge Validation › should detect and clean invalid edges
🧹 Removing invalid edge e2: source=nonexistent (exists: false), target=end-1 (exists: true)

[1A[2K🧹 Removing invalid edge e3: source=start-1 (exists: true), target=nonexistent (exists: false)

[1A[2K✅ Cleaned up 2 invalid edge(s) from workflow

[1A[2K[chromium] › tests\workflow-execution.spec.ts:991:5 › Workflow Execution - End-to-End Tests › Edge Validation › should validate end node has no outgoing edges
[LangSmith] Tracing enabled for project: open-agent-builder-prod

[1A[2K[chromium] › tests\workflow-execution.spec.ts:502:5 › Workflow Execution - End-to-End Tests › Conditional Logic › should execute while loop with iteration limit
Building LangGraph from workflow: {
  workflowId: [32m'test-workflow'[39m,
  workflowName: [90mundefined[39m,
  nodes: [33m0[39m,
  edges: [33m0[39m,
  nodeIds: [],
  nodeTypes: [],
  edgeSources: [],
  edgeTargets: [],
  fullNodes: [],
  fullEdges: []
}

[1A[2KEdges by source: {}

[1A[2KConnecting LangGraph START to workflow start node...

[1A[2K[LangSmith] Tracing enabled for project: open-agent-builder-prod

[1A[2K✅ LangSmith tracing enabled

[1A[2K   Project: open-agent-builder-prod

[1A[2K   Endpoint: https://api.smith.langchain.com

[1A[2K[445/453] [chromium] › tests\workflow-execution.spec.ts:340:5 › Workflow Execution - End-to-End Tests › Multi-Node Workflows › should handle parallel execution branches
[1A[2K[chromium] › tests\workflow-execution.spec.ts:340:5 › Workflow Execution - End-to-End Tests › Multi-Node Workflows › should handle parallel execution branches
🚀 Starting Workflow Execution Test Suite...

[1A[2KBuilding LangGraph from workflow: {
  workflowId: [32m'test-workflow'[39m,
  workflowName: [90mundefined[39m,
  nodes: [33m0[39m,
  edges: [33m0[39m,
  nodeIds: [],
  nodeTypes: [],
  edgeSources: [],
  edgeTargets: [],
  fullNodes: [],
  fullEdges: []
}

[1A[2KEdges by source: {}

[1A[2KConnecting LangGraph START to workflow start node...

[1A[2K[LangSmith] Tracing enabled for project: open-agent-builder-prod

[1A[2K✅ LangSmith tracing enabled

[1A[2K   Project: open-agent-builder-prod

[1A[2K   Endpoint: https://api.smith.langchain.com

[1A[2K✅ LangSmith tracing enabled

[1A[2K   Project: open-agent-builder-prod

[1A[2K   Endpoint: https://api.smith.langchain.com

[1A[2K[446/453] [chromium] › tests\workflow-execution.spec.ts:796:5 › Workflow Execution - End-to-End Tests › Error Handling › should handle missing required input variables
[1A[2K[447/453] [chromium] › tests\workflow-execution.spec.ts:216:5 › Workflow Execution - End-to-End Tests › Basic Workflow Flows › should handle workflow with no edges (single node)
[1A[2K[chromium] › tests\workflow-execution.spec.ts:796:5 › Workflow Execution - End-to-End Tests › Error Handling › should handle missing required input variables
🚀 Starting Workflow Execution Test Suite...

[1A[2K[chromium] › tests\workflow-execution.spec.ts:216:5 › Workflow Execution - End-to-End Tests › Basic Workflow Flows › should handle workflow with no edges (single node)
🚀 Starting Workflow Execution Test Suite...

[1A[2K✅ LangSmith tracing enabled

[1A[2K   Project: open-agent-builder-prod

[1A[2K   Endpoint: https://api.smith.langchain.com

[1A[2K[448/453] [chromium] › tests\workflow-execution.spec.ts:648:5 › Workflow Execution - End-to-End Tests › State Management › should use {{lastOutput}} to reference previous node result
[1A[2K[chromium] › tests\workflow-execution.spec.ts:796:5 › Workflow Execution - End-to-End Tests › Error Handling › should handle missing required input variables
Building LangGraph from workflow: {
  workflowId: [32m'test-workflow'[39m,
  workflowName: [90mundefined[39m,
  nodes: [33m0[39m,
  edges: [33m0[39m,
  nodeIds: [],
  nodeTypes: [],
  edgeSources: [],
  edgeTargets: [],
  fullNodes: [],
  fullEdges: []
}

[1A[2KEdges by source: {}

[1A[2KConnecting LangGraph START to workflow start node...

[1A[2K[LangSmith] Tracing enabled for project: open-agent-builder-prod

[1A[2K[chromium] › tests\workflow-execution.spec.ts:648:5 › Workflow Execution - End-to-End Tests › State Management › should use {{lastOutput}} to reference previous node result
🚀 Starting Workflow Execution Test Suite...

[1A[2K[chromium] › tests\workflow-execution.spec.ts:216:5 › Workflow Execution - End-to-End Tests › Basic Workflow Flows › should handle workflow with no edges (single node)
Building LangGraph from workflow: {
  workflowId: [32m'test-workflow'[39m,
  workflowName: [90mundefined[39m,
  nodes: [33m0[39m,
  edges: [33m0[39m,
  nodeIds: [],
  nodeTypes: [],
  edgeSources: [],
  edgeTargets: [],
  fullNodes: [],
  fullEdges: []
}

[1A[2KEdges by source: {}

[1A[2KConnecting LangGraph START to workflow start node...

[1A[2K[LangSmith] Tracing enabled for project: open-agent-builder-prod

[1A[2K[chromium] › tests\workflow-execution.spec.ts:648:5 › Workflow Execution - End-to-End Tests › State Management › should use {{lastOutput}} to reference previous node result
Building LangGraph from workflow: {
  workflowId: [32m'test-workflow'[39m,
  workflowName: [90mundefined[39m,
  nodes: [33m0[39m,
  edges: [33m0[39m,
  nodeIds: [],
  nodeTypes: [],
  edgeSources: [],
  edgeTargets: [],
  fullNodes: [],
  fullEdges: []
}

[1A[2KEdges by source: {}

[1A[2KConnecting LangGraph START to workflow start node...

[1A[2K[LangSmith] Tracing enabled for project: open-agent-builder-prod

[1A[2K  78) [chromium] › tests\workflow-execution.spec.ts:991:5 › Workflow Execution - End-to-End Tests › Edge Validation › should validate end node has no outgoing edges 

    Error: [2mexpect([22m[31mreceived[39m[2m).[22mrejects[2m.[22mtoThrow[2m()[22m

    Received promise resolved instead of rejected
    Resolved to value: [31mundefined[39m

      1023 |       const executor = new LangGraphExecutor();
      1024 |
    > 1025 |       await expect(async () => {
           |             ^
      1026 |         await executor.execute({ nodes, edges }, {}, mockApiKeys);
      1027 |       }).rejects.toThrow();
      1028 |     });
        at d:\GitHub\open-agent-builder\tests\workflow-execution.spec.ts:1025:13


[1A[2K[chromium] › tests\workflow-execution.spec.ts:502:5 › Workflow Execution - End-to-End Tests › Conditional Logic › should execute while loop with iteration limit
Failed to Failed to send multipart request. Received status [403]: Forbidden. Message:

Context: trace=019c5777-c839-7ff2-b0b4-63ced3d9df51,id=019c5777-c839-7ff2-b0b4-63ced3d9df51

[1A[2K  79) [chromium] › tests\workflow-execution.spec.ts:502:5 › Workflow Execution - End-to-End Tests › Conditional Logic › should execute while loop with iteration limit 

    Error: [2mexpect([22m[31mreceived[39m[2m).[22mtoBe[2m([22m[32mexpected[39m[2m) // Object.is equality[22m

    Expected: [32mtrue[39m
    Received: [31mundefined[39m

      551 |       const result = await executor.execute({ nodes, edges }, { counter: 0 }, mockApiKeys);
      552 |
    > 553 |       expect(result.success).toBe(true);
          |                              ^
      554 |       expect(result.variables.counter).toBe(5);
      555 |     });
      556 |
        at d:\GitHub\open-agent-builder\tests\workflow-execution.spec.ts:553:30


[1A[2K[449/453] [chromium] › tests\workflow-execution.spec.ts:557:5 › Workflow Execution - End-to-End Tests › Conditional Logic › should prevent infinite loops with max iterations
[1A[2K[chromium] › tests\workflow-execution.spec.ts:557:5 › Workflow Execution - End-to-End Tests › Conditional Logic › should prevent infinite loops with max iterations
🚀 Starting Workflow Execution Test Suite...

[1A[2KBuilding LangGraph from workflow: {
  workflowId: [32m'test-workflow'[39m,
  workflowName: [90mundefined[39m,
  nodes: [33m0[39m,
  edges: [33m0[39m,
  nodeIds: [],
  nodeTypes: [],
  edgeSources: [],
  edgeTargets: [],
  fullNodes: [],
  fullEdges: []
}

[1A[2KEdges by source: {}

[1A[2KConnecting LangGraph START to workflow start node...

[1A[2K[LangSmith] Tracing enabled for project: open-agent-builder-prod

[1A[2K  80) [chromium] › tests\workflow-execution.spec.ts:340:5 › Workflow Execution - End-to-End Tests › Multi-Node Workflows › should handle parallel execution branches 

    Error: [2mexpect([22m[31mreceived[39m[2m).[22mtoBe[2m([22m[32mexpected[39m[2m) // Object.is equality[22m

    Expected: [32mtrue[39m
    Received: [31mundefined[39m

      390 |       const result = await executor.execute({ nodes, edges }, {}, mockApiKeys);
      391 |
    > 392 |       expect(result.success).toBe(true);
          |                              ^
      393 |     });
      394 |   });
      395 |
        at d:\GitHub\open-agent-builder\tests\workflow-execution.spec.ts:392:30


[1A[2K  81) [chromium] › tests\workflow-execution.spec.ts:216:5 › Workflow Execution - End-to-End Tests › Basic Workflow Flows › should handle workflow with no edges (single node) 

    Error: [2mexpect([22m[31mreceived[39m[2m).[22mtoBe[2m([22m[32mexpected[39m[2m) // Object.is equality[22m

    Expected: [32mtrue[39m
    Received: [31mundefined[39m

      237 |
      238 |       expect(result).toBeDefined();
    > 239 |       expect(result.success).toBe(true);
          |                              ^
      240 |     });
      241 |
      242 |     test('should fail when start node is missing', async () => {
        at d:\GitHub\open-agent-builder\tests\workflow-execution.spec.ts:239:30


[1A[2K[chromium] › tests\workflow-execution.spec.ts:796:5 › Workflow Execution - End-to-End Tests › Error Handling › should handle missing required input variables
Failed to Failed to send multipart request. Received status [403]: Forbidden. Message:

Context: trace=019c5777-ce78-7550-8d0d-0f6e2121dbb4,id=019c5777-ce78-7550-8d0d-0f6e2121dbb4

[1A[2K  82) [chromium] › tests\workflow-execution.spec.ts:648:5 › Workflow Execution - End-to-End Tests › State Management › should use {{lastOutput}} to reference previous node result 

    Error: [2mexpect([22m[31mreceived[39m[2m).[22mtoBe[2m([22m[32mexpected[39m[2m) // Object.is equality[22m

    Expected: [32mtrue[39m
    Received: [31mundefined[39m

      701 |       const result = await executor.execute({ nodes, edges }, {}, mockApiKeys);
      702 |
    > 703 |       expect(result.success).toBe(true);
          |                              ^
      704 |     });
      705 |
      706 |     test('should use set-state node to update variables', async () => {
        at d:\GitHub\open-agent-builder\tests\workflow-execution.spec.ts:703:30


[1A[2K  83) [chromium] › tests\workflow-execution.spec.ts:796:5 › Workflow Execution - End-to-End Tests › Error Handling › should handle missing required input variables 

    Error: [2mexpect([22m[31mreceived[39m[2m).[22mrejects[2m.[22mtoThrow[2m()[22m

    Received promise resolved instead of rejected
    Resolved to value: [31mundefined[39m

      821 |       const executor = new LangGraphExecutor();
      822 |
    > 823 |       await expect(async () => {
          |             ^
      824 |         await executor.execute({ nodes, edges }, {}, mockApiKeys);
      825 |       }).rejects.toThrow();
      826 |     });
        at d:\GitHub\open-agent-builder\tests\workflow-execution.spec.ts:823:13


[1A[2K  84) [chromium] › tests\workflow-execution.spec.ts:557:5 › Workflow Execution - End-to-End Tests › Conditional Logic › should prevent infinite loops with max iterations 

    Error: [2mexpect([22m[31mreceived[39m[2m).[22mtoBe[2m([22m[32mexpected[39m[2m) // Object.is equality[22m

    Expected: [32mtrue[39m
    Received: [31mundefined[39m

      591 |
      592 |       // Should exit after max iterations
    > 593 |       expect(result.success).toBe(true);
          |                              ^
      594 |     });
      595 |   });
      596 |
        at d:\GitHub\open-agent-builder\tests\workflow-execution.spec.ts:593:30


[1A[2KFailed to Failed to send multipart request. Received status [403]: Forbidden. Message:

Context: trace=019c5777-d067-7556-9edb-9cc0e5f8c782,id=019c5777-d067-7556-9edb-9cc0e5f8c782

[1A[2K[dotenv@17.2.3] injecting env (0) from .env.local -- tip: ✅ audit secrets and track compliance: https://dotenvx.com/ops

[1A[2K[dotenv@17.2.3] injecting env (0) from .env.local -- tip: 🗂️ backup and recover secrets: https://dotenvx.com/ops

[1A[2K[dotenv@17.2.3] injecting env (0) from .env.local -- tip: 🔐 prevent committing .env to code: https://dotenvx.com/precommit

[1A[2K[dotenv@17.2.3] injecting env (0) from .env.local -- tip: ⚙️  enable debug logging with { debug: true }

[1A[2K✅ LangSmith tracing enabled

[1A[2K   Project: open-agent-builder-prod

[1A[2K   Endpoint: https://api.smith.langchain.com

[1A[2K[450/453] [chromium] › tests\workflow-execution.spec.ts:399:5 › Workflow Execution - End-to-End Tests › Conditional Logic › should execute if-else branch (true path)
[1A[2K[chromium] › tests\workflow-execution.spec.ts:399:5 › Workflow Execution - End-to-End Tests › Conditional Logic › should execute if-else branch (true path)
🚀 Starting Workflow Execution Test Suite...

[1A[2KBuilding LangGraph from workflow: {
  workflowId: [32m'test-workflow'[39m,
  workflowName: [90mundefined[39m,
  nodes: [33m0[39m,
  edges: [33m0[39m,
  nodeIds: [],
  nodeTypes: [],
  edgeSources: [],
  edgeTargets: [],
  fullNodes: [],
  fullEdges: []
}

[1A[2KEdges by source: {}

[1A[2KConnecting LangGraph START to workflow start node...

[1A[2K[LangSmith] Tracing enabled for project: open-agent-builder-prod

[1A[2K✅ LangSmith tracing enabled

[1A[2K   Project: open-agent-builder-prod

[1A[2K   Endpoint: https://api.smith.langchain.com

[1A[2K[451/453] [chromium] › tests\workflow-execution.spec.ts:242:5 › Workflow Execution - End-to-End Tests › Basic Workflow Flows › should fail when start node is missing
[1A[2K[chromium] › tests\workflow-execution.spec.ts:242:5 › Workflow Execution - End-to-End Tests › Basic Workflow Flows › should fail when start node is missing
🚀 Starting Workflow Execution Test Suite...

[1A[2K✅ LangSmith tracing enabled

[1A[2K   Project: open-agent-builder-prod

[1A[2K   Endpoint: https://api.smith.langchain.com

[1A[2K[452/453] [chromium] › tests\workflow-execution.spec.ts:828:5 › Workflow Execution - End-to-End Tests › Error Handling › should handle invalid condition expression in if-else
[1A[2K✅ LangSmith tracing enabled

[1A[2K   Project: open-agent-builder-prod

[1A[2K   Endpoint: https://api.smith.langchain.com

[1A[2K[chromium] › tests\workflow-execution.spec.ts:828:5 › Workflow Execution - End-to-End Tests › Error Handling › should handle invalid condition expression in if-else
🚀 Starting Workflow Execution Test Suite...

[1A[2K[chromium] › tests\workflow-execution.spec.ts:242:5 › Workflow Execution - End-to-End Tests › Basic Workflow Flows › should fail when start node is missing
Building LangGraph from workflow: {
  workflowId: [32m'test-workflow'[39m,
  workflowName: [90mundefined[39m,
  nodes: [33m0[39m,
  edges: [33m0[39m,
  nodeIds: [],
  nodeTypes: [],
  edgeSources: [],
  edgeTargets: [],
  fullNodes: [],
  fullEdges: []
}

[1A[2KEdges by source: {}

[1A[2KConnecting LangGraph START to workflow start node...

[1A[2K[LangSmith] Tracing enabled for project: open-agent-builder-prod

[1A[2K[453/453] [chromium] › tests\workflow-execution.spec.ts:706:5 › Workflow Execution - End-to-End Tests › State Management › should use set-state node to update variables
[1A[2K[chromium] › tests\workflow-execution.spec.ts:706:5 › Workflow Execution - End-to-End Tests › State Management › should use set-state node to update variables
🚀 Starting Workflow Execution Test Suite...

[1A[2K[chromium] › tests\workflow-execution.spec.ts:828:5 › Workflow Execution - End-to-End Tests › Error Handling › should handle invalid condition expression in if-else
Building LangGraph from workflow: {
  workflowId: [32m'test-workflow'[39m,
  workflowName: [90mundefined[39m,
  nodes: [33m0[39m,
  edges: [33m0[39m,
  nodeIds: [],
  nodeTypes: [],
  edgeSources: [],
  edgeTargets: [],
  fullNodes: [],
  fullEdges: []
}

[1A[2KEdges by source: {}

[1A[2KConnecting LangGraph START to workflow start node...

[1A[2K[LangSmith] Tracing enabled for project: open-agent-builder-prod

[1A[2K[chromium] › tests\workflow-execution.spec.ts:706:5 › Workflow Execution - End-to-End Tests › State Management › should use set-state node to update variables
Building LangGraph from workflow: {
  workflowId: [32m'test-workflow'[39m,
  workflowName: [90mundefined[39m,
  nodes: [33m0[39m,
  edges: [33m0[39m,
  nodeIds: [],
  nodeTypes: [],
  edgeSources: [],
  edgeTargets: [],
  fullNodes: [],
  fullEdges: []
}

[1A[2KEdges by source: {}

[1A[2KConnecting LangGraph START to workflow start node...

[1A[2K[LangSmith] Tracing enabled for project: open-agent-builder-prod

[1A[2K  85) [chromium] › tests\workflow-execution.spec.ts:399:5 › Workflow Execution - End-to-End Tests › Conditional Logic › should execute if-else branch (true path) 

    Error: [2mexpect([22m[31mreceived[39m[2m).[22mtoBe[2m([22m[32mexpected[39m[2m) // Object.is equality[22m

    Expected: [32mtrue[39m
    Received: [31mundefined[39m

      444 |       const result = await executor.execute({ nodes, edges }, { value: 15 }, mockApiKeys);
      445 |
    > 446 |       expect(result.success).toBe(true);
          |                              ^
      447 |       expect(result.executionPath).toContain('if-1');
      448 |       expect(result.executionPath).toContain('end-true');
      449 |       expect(result.executionPath).not.toContain('end-false');
        at d:\GitHub\open-agent-builder\tests\workflow-execution.spec.ts:446:30


[1A[2KFailed to Failed to send multipart request. Received status [403]: Forbidden. Message:

Context: trace=019c5777-e68b-7557-8c82-f35b4a8f25ac,id=019c5777-e68b-7557-8c82-f35b4a8f25ac

[1A[2K  86) [chromium] › tests\workflow-execution.spec.ts:828:5 › Workflow Execution - End-to-End Tests › Error Handling › should handle invalid condition expression in if-else 

    Error: [2mexpect([22m[31mreceived[39m[2m).[22mrejects[2m.[22mtoThrow[2m()[22m

    Received promise resolved instead of rejected
    Resolved to value: [31mundefined[39m

      858 |       const executor = new LangGraphExecutor();
      859 |
    > 860 |       await expect(async () => {
          |             ^
      861 |         await executor.execute({ nodes, edges }, {}, mockApiKeys);
      862 |       }).rejects.toThrow();
      863 |     });
        at d:\GitHub\open-agent-builder\tests\workflow-execution.spec.ts:860:13


[1A[2K  87) [chromium] › tests\workflow-execution.spec.ts:242:5 › Workflow Execution - End-to-End Tests › Basic Workflow Flows › should fail when start node is missing 

    Error: [2mexpect([22m[31mreceived[39m[2m).[22mrejects[2m.[22mtoThrow[2m()[22m

    Received promise resolved instead of rejected
    Resolved to value: [31mundefined[39m

      258 |       const executor = new LangGraphExecutor();
      259 |
    > 260 |       await expect(async () => {
          |             ^
      261 |         await executor.execute({ nodes, edges }, {}, mockApiKeys);
      262 |       }).rejects.toThrow();
      263 |     });
        at d:\GitHub\open-agent-builder\tests\workflow-execution.spec.ts:260:13


[1A[2K  88) [chromium] › tests\workflow-execution.spec.ts:706:5 › Workflow Execution - End-to-End Tests › State Management › should use set-state node to update variables 

    Error: [2mexpect([22m[31mreceived[39m[2m).[22mtoBe[2m([22m[32mexpected[39m[2m) // Object.is equality[22m

    Expected: [32mtrue[39m
    Received: [31mundefined[39m

      743 |       const result = await executor.execute({ nodes, edges }, { initialValue: 10 }, mockApiKeys);
      744 |
    > 745 |       expect(result.success).toBe(true);
          |                              ^
      746 |       expect(result.variables.finalValue).toBe(20);
      747 |     });
      748 |   });
        at d:\GitHub\open-agent-builder\tests\workflow-execution.spec.ts:745:30


[1A[2K  88 failed
    [chromium] › tests\api-endpoints.spec.ts:92:5 › API Endpoints › POST /api/workflows/[id]/execute › should execute workflow with valid input 
    [chromium] › tests\api-endpoints.spec.ts:122:5 › API Endpoints › POST /api/workflows/[id]/execute › should reject execution with invalid workflow ID 
    [chromium] › tests\api-endpoints.spec.ts:136:5 › API Endpoints › POST /api/workflows/[id]/execute › should reject execution with missing required inputs 
    [chromium] › tests\api-endpoints.spec.ts:150:5 › API Endpoints › POST /api/workflows/[id]/execute › should accept API key authentication 
    [chromium] › tests\api-endpoints.spec.ts:191:5 › API Endpoints › GET /api/workflows/[id]/execute-stream › should stream workflow execution events 
    [chromium] › tests\api-endpoints.spec.ts:208:5 › API Endpoints › GET /api/workflows/[id]/execute-stream › should emit node_started events 
    [chromium] › tests\api-endpoints.spec.ts:222:5 › API Endpoints › GET /api/workflows/[id]/execute-stream › should emit node_completed events 
    [chromium] › tests\api-endpoints.spec.ts:236:5 › API Endpoints › GET /api/workflows/[id]/execute-stream › should emit workflow_completed event 
    [chromium] › tests\api-endpoints.spec.ts:250:5 › API Endpoints › GET /api/workflows/[id]/execute-stream › should emit error event on failure 
    [chromium] › tests\api-endpoints.spec.ts:295:5 › API Endpoints › GET /api/workflows/[id]/execute-stream › should reject streaming without authentication 
    [chromium] › tests\api-endpoints.spec.ts:312:5 › API Endpoints › POST /api/workflows/[id]/resume › should resume workflow after approval 
    [chromium] › tests\api-endpoints.spec.ts:394:5 › API Endpoints › POST /api/approval/ › should create approval record 
    [chromium] › tests\api-endpoints.spec.ts:413:5 › API Endpoints › POST /api/approval/ › should get approval status 
    [chromium] › tests\api-endpoints.spec.ts:443:5 › API Endpoints › POST /api/approval/ › should approve approval 
    [chromium] › tests\api-endpoints.spec.ts:482:5 › API Endpoints › GET /api/config › should return configuration 
    [chromium] › tests\api-endpoints.spec.ts:495:5 › API Endpoints › GET /api/config › should return LLM providers configuration 
    [chromium] › tests\api-endpoints.spec.ts:507:5 › API Endpoints › GET /api/config › should return tools configuration 
    [chromium] › tests\api-endpoints.spec.ts:533:5 › API Endpoints › Authorization › should deny access to other users workflow 
    [chromium] › tests\api-endpoints.spec.ts:543:5 › API Endpoints › Authorization › should allow user to execute own workflow 
    [chromium] › tests\api-endpoints.spec.ts:557:5 › API Endpoints › Authorization › should deny execution of other users workflow 
    [chromium] › tests\api-endpoints.spec.ts:575:5 › API Endpoints › Input Validation › should reject malformed JSON 
    [chromium] › tests\api-endpoints.spec.ts:587:5 › API Endpoints › Input Validation › should validate input schema 
    [chromium] › tests\api-endpoints.spec.ts:601:5 › API Endpoints › Input Validation › should reject SQL injection attempts 
    [chromium] › tests\api-endpoints.spec.ts:616:5 › API Endpoints › Input Validation › should reject XSS attempts in input 
    [chromium] › tests\api-endpoints.spec.ts:631:5 › API Endpoints › Input Validation › should validate workflow ID format 
    [chromium] › tests\api-endpoints.spec.ts:645:5 › API Endpoints › Input Validation › should enforce max input size 
    [chromium] › tests\api-endpoints.spec.ts:678:5 › API Endpoints › Rate Limiting › should rate limit excessive requests 
    [chromium] › tests\api-endpoints.spec.ts:697:5 › API Endpoints › Rate Limiting › should include rate limit headers 
    [chromium] › tests\authentication.spec.ts:154:5 › Authentication & Authorization › Token Management › should refresh tokens before expiration 
    [chromium] › tests\authentication.spec.ts:386:5 › Authentication & Authorization › Authorization & Resource Access › should enforce workflow ownership 
    [chromium] › tests\authentication.spec.ts:456:5 › Authentication & Authorization › Token Refresh Flow › should handle refresh token grant 
    [chromium] › tests\comprehensive-regression.spec.ts:607:5 › Comprehensive Regression Suite › Database Operations › should read workflow 
    [chromium] › tests\comprehensive-regression.spec.ts:624:5 › Comprehensive Regression Suite › Database Operations › should update workflow 
    [chromium] › tests\comprehensive-regression.spec.ts:650:5 › Comprehensive Regression Suite › Database Operations › should delete workflow 
    [chromium] › tests\comprehensive-regression.spec.ts:731:5 › Comprehensive Regression Suite › Performance › should handle concurrent operations 
    [chromium] › tests\edge-cases.spec.ts:575:5 › Edge Cases & Error Handling › Race Conditions › should handle concurrent workflow creations 
    [chromium] › tests\edge-cases.spec.ts:599:5 › Edge Cases & Error Handling › Race Conditions › should handle concurrent workflow updates 
    [chromium] › tests\file-upload-download.spec.ts:116:5 › File Upload and Download Tests › File Upload - Multipart Form Data › should upload a PDF file successfully 
    [chromium] › tests\file-upload-download.spec.ts:144:5 › File Upload and Download Tests › File Upload - Multipart Form Data › should upload a Markdown file successfully 
    [chromium] › tests\file-upload-download.spec.ts:170:5 › File Upload and Download Tests › File Upload - Multipart Form Data › should upload a text file successfully 
    [chromium] › tests\file-upload-download.spec.ts:196:5 › File Upload and Download Tests › File Upload - Multipart Form Data › should handle upload without filename field 
    [chromium] › tests\file-upload-download.spec.ts:222:5 › File Upload and Download Tests › File Upload - Multipart Form Data › should reject upload without file field 
    [chromium] › tests\file-upload-download.spec.ts:240:5 › File Upload and Download Tests › File Upload - Multipart Form Data › should handle large file upload (1MB) 
    [chromium] › tests\file-upload-download.spec.ts:267:5 › File Upload and Download Tests › File Upload - Raw Binary › should upload raw PDF buffer 
    [chromium] › tests\file-upload-download.spec.ts:288:5 › File Upload and Download Tests › File Upload - Raw Binary › should upload raw text buffer 
    [chromium] › tests\file-upload-download.spec.ts:308:5 › File Upload and Download Tests › File Upload - Raw Binary › should handle raw upload without filename 
    [chromium] › tests\file-upload-download.spec.ts:358:5 › File Upload and Download Tests › File Download › should get download URL for uploaded file 
    [chromium] › tests\file-upload-download.spec.ts:370:5 › File Upload and Download Tests › File Download › should download file and verify content 
    [chromium] › tests\file-upload-download.spec.ts:386:5 › File Upload and Download Tests › File Download › should get file metadata 
    [chromium] › tests\file-upload-download.spec.ts:434:5 › File Upload and Download Tests › Multiple File Upload › should upload multiple files sequentially 
    [chromium] › tests\file-upload-download.spec.ts:470:5 › File Upload and Download Tests › Multiple File Upload › should upload multiple files in parallel 
    [chromium] › tests\file-upload-download.spec.ts:504:5 › File Upload and Download Tests › File Size and Validation › should handle empty file 
    [chromium] › tests\file-upload-download.spec.ts:528:5 › File Upload and Download Tests › File Size and Validation › should preserve file content integrity 
    [chromium] › tests\file-upload-download.spec.ts:560:5 › File Upload and Download Tests › File Size and Validation › should handle binary content correctly 
    [chromium] › tests\file-upload-download.spec.ts:597:5 › File Upload and Download Tests › CORS and Headers › should include CORS headers in response 
    [chromium] › tests\file-workflow-integration.spec.ts:97:5 › File and Workflow Integration Tests › File Upload and State Injection › should upload file and inject into workflow state 
    [chromium] › tests\file-workflow-integration.spec.ts:139:5 › File and Workflow Integration Tests › File Upload and State Injection › should prefetch file contents for workflow execution 
    [chromium] › tests\file-workflow-integration.spec.ts:188:5 › File and Workflow Integration Tests › File Upload and State Injection › should handle PDF file extraction in workflow state 
    [chromium] › tests\file-workflow-integration.spec.ts:232:5 › File and Workflow Integration Tests › File Upload and State Injection › should handle Markdown file in workflow state 
    [chromium] › tests\file-workflow-integration.spec.ts:277:5 › File and Workflow Integration Tests › Multiple File Workflow Integration › should handle multiple file inputs in workflow state 
    [chromium] › tests\file-workflow-integration.spec.ts:335:5 › File and Workflow Integration Tests › Multiple File Workflow Integration › should handle mixed file types in workflow 
    [chromium] › tests\file-workflow-integration.spec.ts:507:5 › File and Workflow Integration Tests › Variable Substitution with Files › should substitute file content in agent instructions 
    [chromium] › tests\mcp-lifecycle.spec.ts:132:5 › Custom MCP Server Lifecycle › Step 1: should add a new custom MCP server 
    [chromium] › tests\template-verification.spec.ts:101:5 › Template Verification Tests › Template Registry › should list all available templates 
    [chromium] › tests\template-verification.spec.ts:140:5 › Template Verification Tests › Template Structure Validation › all templates should have required fields 
    [chromium] › tests\template-verification.spec.ts:218:5 › Template Verification Tests › Template Structure Validation › template edges should not have circular dependencies 
    [chromium] › tests\template-verification.spec.ts:300:5 › Template Verification Tests › Node Type Coverage › while nodes should have valid conditions 
    [chromium] › tests\template-verification.spec.ts:390:5 › Template Verification Tests › Template Categories & Tags › templates should have categories 
    [chromium] › tests\template-verification.spec.ts:463:5 › Template Verification Tests › Input Variables Validation › required input variables should have default values 
    [chromium] › tests\template-verification.spec.ts:553:5 › Template Verification Tests › Template Execution Readiness › all nodes except end should have outgoing edges 
    [chromium] › tests\workflow-execution.spec.ts:153:5 › Workflow Execution - End-to-End Tests › Basic Workflow Flows › should execute simple Start → Agent → End workflow 
    [chromium] › tests\workflow-execution.spec.ts:216:5 › Workflow Execution - End-to-End Tests › Basic Workflow Flows › should handle workflow with no edges (single node) 
    [chromium] › tests\workflow-execution.spec.ts:242:5 › Workflow Execution - End-to-End Tests › Basic Workflow Flows › should fail when start node is missing 
    [chromium] › tests\workflow-execution.spec.ts:269:5 › Workflow Execution - End-to-End Tests › Multi-Node Workflows › should execute Start → HTTP → Transform → Extract → End 
    [chromium] › tests\workflow-execution.spec.ts:340:5 › Workflow Execution - End-to-End Tests › Multi-Node Workflows › should handle parallel execution branches 
    [chromium] › tests\workflow-execution.spec.ts:399:5 › Workflow Execution - End-to-End Tests › Conditional Logic › should execute if-else branch (true path) 
    [chromium] › tests\workflow-execution.spec.ts:452:5 › Workflow Execution - End-to-End Tests › Conditional Logic › should execute if-else branch (false path) 
    [chromium] › tests\workflow-execution.spec.ts:502:5 › Workflow Execution - End-to-End Tests › Conditional Logic › should execute while loop with iteration limit 
    [chromium] › tests\workflow-execution.spec.ts:557:5 › Workflow Execution - End-to-End Tests › Conditional Logic › should prevent infinite loops with max iterations 
    [chromium] › tests\workflow-execution.spec.ts:600:5 › Workflow Execution - End-to-End Tests › State Management › should pass variables between nodes using {{input.*}} 
    [chromium] › tests\workflow-execution.spec.ts:648:5 › Workflow Execution - End-to-End Tests › State Management › should use {{lastOutput}} to reference previous node result 
    [chromium] › tests\workflow-execution.spec.ts:706:5 › Workflow Execution - End-to-End Tests › State Management › should use set-state node to update variables 
    [chromium] › tests\workflow-execution.spec.ts:753:5 › Workflow Execution - End-to-End Tests › Error Handling › should handle node execution failure gracefully 
    [chromium] › tests\workflow-execution.spec.ts:796:5 › Workflow Execution - End-to-End Tests › Error Handling › should handle missing required input variables 
    [chromium] › tests\workflow-execution.spec.ts:828:5 › Workflow Execution - End-to-End Tests › Error Handling › should handle invalid condition expression in if-else 
    [chromium] › tests\workflow-execution.spec.ts:869:5 › Workflow Execution - End-to-End Tests › Human-in-the-Loop Approval › should pause execution at approval node 
    [chromium] › tests\workflow-execution.spec.ts:946:5 › Workflow Execution - End-to-End Tests › Edge Validation › should detect circular dependencies 
    [chromium] › tests\workflow-execution.spec.ts:991:5 › Workflow Execution - End-to-End Tests › Edge Validation › should validate end node has no outgoing edges 
  138 skipped
  26 did not run
  201 passed (1.2m)

[36m  Serving HTML report at http://localhost:52899. Press Ctrl+C to quit.[39m
