
> firecrawl-style-guide@1.0.0 test
> playwright test

[dotenv@17.2.3] injecting env (14) from .env.local -- tip: ⚙️  specify custom .env file path with { path: '/custom/path/.env' }
🔧 Test environment configured: server-only imports enabled
🔑 Mock API keys configured for tests
🎭 Global fetch mocking enabled
🔒 Starting Security Test Suite...
✅ LangSmith tracing enabled
   Project: open-agent-builder-prod
   Endpoint: https://api.smith.langchain.com

Running 453 tests using 8 workers

[1A[2K[dotenv@17.2.3] injecting env (0) from .env.local -- tip: 🔐 prevent building .env in docker: https://dotenvx.com/prebuild

[1A[2K[dotenv@17.2.3] injecting env (0) from .env.local -- tip: 🔐 encrypt with Dotenvx: https://dotenvx.com

[1A[2K[dotenv@17.2.3] injecting env (0) from .env.local -- tip: ⚙️  override existing env vars with { override: true }

[1A[2K[1/453] [chromium] › tests\add-deepwiki-mcp.spec.ts:4:3 › Add DeepWiki MCP Tests › placeholder test
[1A[2K[dotenv@17.2.3] injecting env (0) from .env.local -- tip: 🔐 prevent building .env in docker: https://dotenvx.com/prebuild

[1A[2K[dotenv@17.2.3] injecting env (0) from .env.local -- tip: 🔐 prevent committing .env to code: https://dotenvx.com/precommit

[1A[2K[2/453] [chromium] › tests\add-remote-mcp.spec.ts:4:3 › Add Remote MCP Tests › placeholder test
[1A[2K[dotenv@17.2.3] injecting env (0) from .env.local -- tip: 👥 sync secrets across teammates & machines: https://dotenvx.com/ops

[1A[2K[dotenv@17.2.3] injecting env (0) from .env.local -- tip: ⚙️  suppress all logs with { quiet: true }

[1A[2K[dotenv@17.2.3] injecting env (0) from .env.local -- tip: ⚙️  enable debug logging with { debug: true }

[1A[2K[3/453] [chromium] › tests\api-endpoints.spec.ts:523:5 › API Endpoints › Authorization › should allow user to access own workflow
[1A[2K[4/453] [chromium] › tests\api-endpoints.spec.ts:173:5 › API Endpoints › POST /api/workflows/[id]/execute › should reject invalid API key
[1A[2K[chromium] › tests\api-endpoints.spec.ts:523:5 › API Endpoints › Authorization › should allow user to access own workflow
🌐 Starting API Endpoints Test Suite...

[1A[2K[chromium] › tests\api-endpoints.spec.ts:173:5 › API Endpoints › POST /api/workflows/[id]/execute › should reject invalid API key
🌐 Starting API Endpoints Test Suite...

[1A[2K[5/453] [chromium] › tests\api-endpoints.spec.ts:250:5 › API Endpoints › GET /api/workflows/[id]/execute-stream › should emit error event on failure
[1A[2K[6/453] [chromium] › tests\api-endpoints.spec.ts:665:5 › API Endpoints › Rate Limiting › should allow requests within rate limit
[1A[2K[chromium] › tests\api-endpoints.spec.ts:665:5 › API Endpoints › Rate Limiting › should allow requests within rate limit
🌐 Starting API Endpoints Test Suite...

[1A[2K[7/453] [chromium] › tests\authentication.spec.ts:89:5 › Authentication & Authorization › Azure AD Authentication › should create valid token structure from Azure AD response
[1A[2K[chromium] › tests\api-endpoints.spec.ts:250:5 › API Endpoints › GET /api/workflows/[id]/execute-stream › should emit error event on failure
🌐 Starting API Endpoints Test Suite...

[1A[2K[8/453] [chromium] › tests\api-endpoints.spec.ts:92:5 › API Endpoints › POST /api/workflows/[id]/execute › should execute workflow with valid input
[1A[2K[chromium] › tests\authentication.spec.ts:89:5 › Authentication & Authorization › Azure AD Authentication › should create valid token structure from Azure AD response
🔐 Starting Authentication Test Suite...

[1A[2K[9/453] [chromium] › tests\api-endpoints.spec.ts:413:5 › API Endpoints › POST /api/approval/ › should get approval status
[1A[2K[chromium] › tests\api-endpoints.spec.ts:92:5 › API Endpoints › POST /api/workflows/[id]/execute › should execute workflow with valid input
🌐 Starting API Endpoints Test Suite...

[1A[2K[10/453] [chromium] › tests\authentication.spec.ts:101:5 › Authentication & Authorization › Azure AD Authentication › should handle short-lived tokens
[1A[2K[chromium] › tests\api-endpoints.spec.ts:413:5 › API Endpoints › POST /api/approval/ › should get approval status
🌐 Starting API Endpoints Test Suite...

[1A[2K[11/453] [chromium] › tests\authentication.spec.ts:111:5 › Authentication & Authorization › Azure AD Authentication › should generate unique tokens for different users
[1A[2K[12/453] [chromium] › tests\api-endpoints.spec.ts:587:5 › API Endpoints › Input Validation › should validate input schema
[1A[2K[13/453] [chromium] › tests\authentication.spec.ts:124:5 › Authentication & Authorization › Token Management › should detect expired tokens
[1A[2K[chromium] › tests\api-endpoints.spec.ts:587:5 › API Endpoints › Input Validation › should validate input schema
🌐 Starting API Endpoints Test Suite...

[1A[2K[14/453] [chromium] › tests\authentication.spec.ts:133:5 › Authentication & Authorization › Token Management › should detect valid tokens
[1A[2K[chromium] › tests\authentication.spec.ts:133:5 › Authentication & Authorization › Token Management › should detect valid tokens
🔐 Starting Authentication Test Suite...

[1A[2K[15/453] [chromium] › tests\authentication.spec.ts:142:5 › Authentication & Authorization › Token Management › should calculate token expiration correctly
[1A[2K[16/453] [chromium] › tests\authentication.spec.ts:154:5 › Authentication & Authorization › Token Management › should refresh tokens before expiration
[1A[2K  1) [chromium] › tests\authentication.spec.ts:154:5 › Authentication & Authorization › Token Management › should refresh tokens before expiration 

    Error: [2mexpect([22m[31mreceived[39m[2m).[22mnot[2m.[22mtoBe[2m([22m[32mexpected[39m[2m) // Object.is equality[22m

    Expected: not [32m"mock_access_token_test-user-auth-1_1770989867993"[39m

      160 |
      161 |       // Refreshed token should have different access token
    > 162 |       expect(refreshedToken.access_token).not.toBe(originalToken.access_token);
          |                                               ^
      163 |     });
      164 |   });
      165 |
        at d:\GitHub\open-agent-builder\tests\authentication.spec.ts:162:47


[1A[2K[dotenv@17.2.3] injecting env (0) from .env.local -- tip: ⚙️  specify custom .env file path with { path: '/custom/path/.env' }

[1A[2K[17/453] [chromium] › tests\authentication.spec.ts:169:5 › Authentication & Authorization › Session Management › should create valid session structure
[1A[2K[chromium] › tests\authentication.spec.ts:169:5 › Authentication & Authorization › Session Management › should create valid session structure
🔐 Starting Authentication Test Suite...

[1A[2K  2) [chromium] › tests\api-endpoints.spec.ts:250:5 › API Endpoints › GET /api/workflows/[id]/execute-stream › should emit error event on failure 

    Error: [Request ID: 7f1f0c4995be1dbe] Server Error
    ArgumentValidationError: Value does not match validator.
    Path: .edges
    Value: "[{\"id\":\"e1\",\"source\":\"start-1\",\"target\":\"http-1\",\"sourceHandle\":null,\"targetHandle\":null}]"
    Validator: v.array(v.any())


        at ConvexHttpClient.mutationInner (d:\GitHub\open-agent-builder\node_modules\convex\src\browser\http_client.ts:383:15)
        at ConvexHttpClient.processMutationQueue (d:\GitHub\open-agent-builder\node_modules\convex\src\browser\http_client.ts:398:24)


[1A[2K[18/453] [chromium] › tests\authentication.spec.ts:181:5 › Authentication & Authorization › Session Management › should set session expiration to 24 hours by default
[1A[2K[chromium] › tests\authentication.spec.ts:181:5 › Authentication & Authorization › Session Management › should set session expiration to 24 hours by default
🔐 Starting Authentication Test Suite...

[1A[2K[19/453] [chromium] › tests\authentication.spec.ts:191:5 › Authentication & Authorization › Session Management › should allow custom session expiration
[1A[2K[20/453] [chromium] › tests\authentication.spec.ts:200:5 › Authentication & Authorization › Session Management › should validate session expiration
[1A[2K[21/453] [chromium] › tests\authentication.spec.ts:216:5 › Authentication & Authorization › API Key Authentication › should generate valid API key structure
[1A[2K[22/453] [chromium] › tests\authentication.spec.ts:223:5 › Authentication & Authorization › API Key Authentication › should create API key in database
[1A[2K[chromium] › tests\authentication.spec.ts:223:5 › Authentication & Authorization › API Key Authentication › should create API key in database
🔐 Starting Authentication Test Suite...

[1A[2K[23/453] [chromium] › tests\authentication.spec.ts:232:5 › Authentication & Authorization › API Key Authentication › should validate API key format
[1A[2K[24/453] [chromium] › tests\authentication.spec.ts:252:5 › Authentication & Authorization › API Key Authentication › should reject expired API keys
[1A[2K[25/453] [chromium] › tests\authentication.spec.ts:262:5 › Authentication & Authorization › API Key Authentication › should reject revoked API keys
[1A[2K[26/453] [chromium] › tests\authentication.spec.ts:272:5 › Authentication & Authorization › API Key Authentication › should track API key usage
[1A[2K[chromium] › tests\authentication.spec.ts:272:5 › Authentication & Authorization › API Key Authentication › should track API key usage
🔐 Starting Authentication Test Suite...

[1A[2K[27/453] [chromium] › tests\authentication.spec.ts:290:5 › Authentication & Authorization › Middleware Protection › should allow access to public routes without authentication
[1A[2K[dotenv@17.2.3] injecting env (0) from .env.local -- tip: 🔄 add secrets lifecycle management: https://dotenvx.com/ops

[1A[2K  3) [chromium] › tests\api-endpoints.spec.ts:587:5 › API Endpoints › Input Validation › should validate input schema 

    Error: [2mexpect([22m[31mreceived[39m[2m).[22mtoBe[2m([22m[32mexpected[39m[2m) // Object.is equality[22m

    Expected: [32m400[39m
    Received: [31m401[39m

      596 |       });
      597 |
    > 598 |       expect(response.status()).toBe(400);
          |                                 ^
      599 |     });
      600 |
      601 |     test('should reject SQL injection attempts', async ({ request }) => {
        at d:\GitHub\open-agent-builder\tests\api-endpoints.spec.ts:598:33


[1A[2K[28/453] [chromium] › tests\authentication.spec.ts:305:5 › Authentication & Authorization › Middleware Protection › should protect authenticated routes
[1A[2K  4) [chromium] › tests\api-endpoints.spec.ts:413:5 › API Endpoints › POST /api/approval/ › should get approval status 

    Error: [2mexpect([22m[31mreceived[39m[2m).[22mtoBeTruthy[2m()[22m

    Received: [31mfalse[39m

      436 |       });
      437 |
    > 438 |       expect(getResponse.ok()).toBeTruthy();
          |                                ^
      439 |       const result = await getResponse.json();
      440 |       expect(result.status).toBe('pending');
      441 |     });
        at d:\GitHub\open-agent-builder\tests\api-endpoints.spec.ts:438:32


[1A[2K[29/453] [chromium] › tests\api-endpoints.spec.ts:295:5 › API Endpoints › GET /api/workflows/[id]/execute-stream › should reject streaming without authentication
[1A[2K[chromium] › tests\api-endpoints.spec.ts:295:5 › API Endpoints › GET /api/workflows/[id]/execute-stream › should reject streaming without authentication
🌐 Starting API Endpoints Test Suite...

[1A[2K[30/453] [chromium] › tests\authentication.spec.ts:325:5 › Authentication & Authorization › Middleware Protection › should allow API key authentication for workflow execution
[1A[2K[31/453] [chromium] › tests\authentication.spec.ts:386:5 › Authentication & Authorization › Authorization & Resource Access › should enforce workflow ownership
[1A[2K[chromium] › tests\authentication.spec.ts:386:5 › Authentication & Authorization › Authorization & Resource Access › should enforce workflow ownership
🔐 Starting Authentication Test Suite...

[1A[2K[32/453] [chromium] › tests\api-endpoints.spec.ts:678:5 › API Endpoints › Rate Limiting › should rate limit excessive requests
[1A[2K[33/453] [chromium] › tests\api-endpoints.spec.ts:533:5 › API Endpoints › Authorization › should deny access to other users workflow
[1A[2K  5) [chromium] › tests\api-endpoints.spec.ts:92:5 › API Endpoints › POST /api/workflows/[id]/execute › should execute workflow with valid input 

    Error: [2mexpect([22m[31mreceived[39m[2m).[22mtoBeTruthy[2m()[22m

    Received: [31mfalse[39m

      101 |       });
      102 |
    > 103 |       expect(response.ok()).toBeTruthy();
          |                             ^
      104 |       const result = await response.json();
      105 |       expect(result).toHaveProperty('success');
      106 |       expect(result).toHaveProperty('executionId');
        at d:\GitHub\open-agent-builder\tests\api-endpoints.spec.ts:103:29


[1A[2K[34/453] [chromium] › tests\api-endpoints.spec.ts:191:5 › API Endpoints › GET /api/workflows/[id]/execute-stream › should stream workflow execution events
[1A[2K  6) [chromium] › tests\authentication.spec.ts:386:5 › Authentication & Authorization › Authorization & Resource Access › should enforce workflow ownership 

    Error: [Request ID: c6379f43d917b7c0] Server Error
    ArgumentValidationError: Value does not match validator.
    Path: .edges
    Value: "[{\"id\":\"e1\",\"source\":\"start\",\"target\":\"end\"}]"
    Validator: v.array(v.any())


        at ConvexHttpClient.mutationInner (d:\GitHub\open-agent-builder\node_modules\convex\src\browser\http_client.ts:383:15)
        at ConvexHttpClient.processMutationQueue (d:\GitHub\open-agent-builder\node_modules\convex\src\browser\http_client.ts:398:24)


[1A[2K[35/453] [chromium] › tests\authentication.spec.ts:396:5 › Authentication & Authorization › Authorization & Resource Access › should isolate user workflows
[1A[2K[36/453] [chromium] › tests\authentication.spec.ts:409:5 › Authentication & Authorization › Authorization & Resource Access › should prevent unauthorized workflow modification
[1A[2K[37/453] [chromium] › tests\authentication.spec.ts:428:5 › Authentication & Authorization › Authorization & Resource Access › should prevent unauthorized workflow deletion
[1A[2K[dotenv@17.2.3] injecting env (0) from .env.local -- tip: 🔐 prevent committing .env to code: https://dotenvx.com/precommit

[1A[2K[dotenv@17.2.3] injecting env (0) from .env.local -- tip: ⚙️  override existing env vars with { override: true }

[1A[2K[38/453] [chromium] › tests\api-endpoints.spec.ts:601:5 › API Endpoints › Input Validation › should reject SQL injection attempts
[1A[2K[chromium] › tests\api-endpoints.spec.ts:601:5 › API Endpoints › Input Validation › should reject SQL injection attempts
🌐 Starting API Endpoints Test Suite...

[1A[2K[39/453] [chromium] › tests\api-endpoints.spec.ts:443:5 › API Endpoints › POST /api/approval/ › should approve approval
[1A[2K[chromium] › tests\api-endpoints.spec.ts:443:5 › API Endpoints › POST /api/approval/ › should approve approval
🌐 Starting API Endpoints Test Suite...

[1A[2K[dotenv@17.2.3] injecting env (0) from .env.local -- tip: 🔐 encrypt with Dotenvx: https://dotenvx.com

[1A[2K[40/453] [chromium] › tests\api-endpoints.spec.ts:109:5 › API Endpoints › POST /api/workflows/[id]/execute › should reject execution without authentication
[1A[2K[dotenv@17.2.3] injecting env (0) from .env.local -- tip: ⚙️  suppress all logs with { quiet: true }

[1A[2K[chromium] › tests\api-endpoints.spec.ts:109:5 › API Endpoints › POST /api/workflows/[id]/execute › should reject execution without authentication
🌐 Starting API Endpoints Test Suite...

[1A[2K[41/453] [chromium] › tests\authentication.spec.ts:448:5 › Authentication & Authorization › Token Refresh Flow › should detect tokens nearing expiration
[1A[2K[chromium] › tests\authentication.spec.ts:448:5 › Authentication & Authorization › Token Refresh Flow › should detect tokens nearing expiration
🔐 Starting Authentication Test Suite...

[1A[2K  7) [chromium] › tests\api-endpoints.spec.ts:191:5 › API Endpoints › GET /api/workflows/[id]/execute-stream › should stream workflow execution events 

    Error: [2mexpect([22m[31mreceived[39m[2m).[22mtoBeTruthy[2m()[22m

    Received: [31mfalse[39m

      199 |       );
      200 |
    > 201 |       expect(response.ok()).toBeTruthy();
          |                             ^
      202 |       expect(response.headers()['content-type']).toContain('text/event-stream');
      203 |
      204 |       const body = await response.text();
        at d:\GitHub\open-agent-builder\tests\api-endpoints.spec.ts:201:29


[1A[2K[42/453] [chromium] › tests\authentication.spec.ts:456:5 › Authentication & Authorization › Token Refresh Flow › should handle refresh token grant
[1A[2K  8) [chromium] › tests\authentication.spec.ts:456:5 › Authentication & Authorization › Token Refresh Flow › should handle refresh token grant 

    Error: [2mexpect([22m[31mreceived[39m[2m).[22mnot[2m.[22mtoBe[2m([22m[32mexpected[39m[2m) // Object.is equality[22m

    Expected: not [32m"mock_access_token_test-user-auth-1_1770989872019"[39m

      461 |
      462 |       // Verify new token is different and has longer lifetime
    > 463 |       expect(refreshedToken.access_token).not.toBe(originalToken.access_token);
          |                                               ^
      464 |       expect(refreshedToken.expires_in).toBeGreaterThan(originalToken.expires_in);
      465 |     });
      466 |
        at d:\GitHub\open-agent-builder\tests\authentication.spec.ts:463:47


[1A[2K[dotenv@17.2.3] injecting env (0) from .env.local -- tip: ⚙️  load multiple .env files with { path: ['.env.local', '.env'] }

[1A[2K[dotenv@17.2.3] injecting env (0) from .env.local -- tip: ⚙️  load multiple .env files with { path: ['.env.local', '.env'] }

[1A[2K  9) [chromium] › tests\api-endpoints.spec.ts:295:5 › API Endpoints › GET /api/workflows/[id]/execute-stream › should reject streaming without authentication 

    Error: [2mexpect([22m[31mreceived[39m[2m).[22mtoBe[2m([22m[32mexpected[39m[2m) // Object.is equality[22m

    Expected: [32m401[39m
    Received: [31m405[39m

      303 |       );
      304 |
    > 305 |       expect(response.status()).toBe(401);
          |                                 ^
      306 |     });
      307 |   });
      308 |
        at d:\GitHub\open-agent-builder\tests\api-endpoints.spec.ts:305:33


[1A[2K[43/453] [chromium] › tests\api-endpoints.spec.ts:208:5 › API Endpoints › GET /api/workflows/[id]/execute-stream › should emit node_started events
[1A[2K[44/453] [chromium] › tests\authentication.spec.ts:467:5 › Authentication & Authorization › Token Refresh Flow › should preserve refresh token across refreshes
[1A[2K[chromium] › tests\api-endpoints.spec.ts:208:5 › API Endpoints › GET /api/workflows/[id]/execute-stream › should emit node_started events
🌐 Starting API Endpoints Test Suite...

[1A[2K[chromium] › tests\authentication.spec.ts:467:5 › Authentication & Authorization › Token Refresh Flow › should preserve refresh token across refreshes
🔐 Starting Authentication Test Suite...

[1A[2K[45/453] [chromium] › tests\authentication.spec.ts:479:5 › Authentication & Authorization › Token Refresh Flow › should handle refresh token errors gracefully
[1A[2K[46/453] [chromium] › tests\api-endpoints.spec.ts:122:5 › API Endpoints › POST /api/workflows/[id]/execute › should reject execution with invalid workflow ID
[1A[2K  10) [chromium] › tests\api-endpoints.spec.ts:601:5 › API Endpoints › Input Validation › should reject SQL injection attempts 

    Error: [2mexpect([22m[31mreceived[39m[2m).[22mtoBeTruthy[2m()[22m

    Received: [31mfalse[39m

      611 |
      612 |       // Should still execute (input is sanitized), but no SQL injection should occur
    > 613 |       expect(response.ok()).toBeTruthy();
          |                             ^
      614 |     });
      615 |
      616 |     test('should reject XSS attempts in input', async ({ request }) => {
        at d:\GitHub\open-agent-builder\tests\api-endpoints.spec.ts:613:29


[1A[2K  11) [chromium] › tests\api-endpoints.spec.ts:533:5 › API Endpoints › Authorization › should deny access to other users workflow 

    Error: [2mexpect([22m[31mreceived[39m[2m).[22mtoBe[2m([22m[32mexpected[39m[2m) // Object.is equality[22m

    Expected: [32m403[39m
    Received: [31m200[39m

      538 |       });
      539 |
    > 540 |       expect(response.status()).toBe(403);
          |                                 ^
      541 |     });
      542 |
      543 |     test('should allow user to execute own workflow', async ({ request }) => {
        at d:\GitHub\open-agent-builder\tests\api-endpoints.spec.ts:540:33


[1A[2K  12) [chromium] › tests\api-endpoints.spec.ts:443:5 › API Endpoints › POST /api/approval/ › should approve approval 

    Error: [2mexpect([22m[31mreceived[39m[2m).[22mtoBeTruthy[2m()[22m

    Received: [31mfalse[39m

      471 |       });
      472 |
    > 473 |       expect(approveResponse.ok()).toBeTruthy();
          |                                    ^
      474 |       const result = await approveResponse.json();
      475 |       expect(result.status).toBe('approved');
      476 |     });
        at d:\GitHub\open-agent-builder\tests\api-endpoints.spec.ts:473:36


[1A[2K  13) [chromium] › tests\api-endpoints.spec.ts:122:5 › API Endpoints › POST /api/workflows/[id]/execute › should reject execution with invalid workflow ID 

    Error: [2mexpect([22m[31mreceived[39m[2m).[22mtoBe[2m([22m[32mexpected[39m[2m) // Object.is equality[22m

    Expected: [32m400[39m
    Received: [31m401[39m

      131 |       });
      132 |
    > 133 |       expect(response.status()).toBe(400);
          |                                 ^
      134 |     });
      135 |
      136 |     test('should reject execution with missing required inputs', async ({ request }) => {
        at d:\GitHub\open-agent-builder\tests\api-endpoints.spec.ts:133:33


[1A[2K  14) [chromium] › tests\api-endpoints.spec.ts:208:5 › API Endpoints › GET /api/workflows/[id]/execute-stream › should emit node_started events 

    Error: [2mexpect([22m[31mreceived[39m[2m).[22mtoContain[2m([22m[32mexpected[39m[2m) // indexOf[22m

    Expected substring: [32m"event: node_started"[39m
    Received string:    [31m""[39m

      217 |
      218 |       const body = await response.text();
    > 219 |       expect(body).toContain('event: node_started');
          |                    ^
      220 |     });
      221 |
      222 |     test('should emit node_completed events', async ({ request }) => {
        at d:\GitHub\open-agent-builder\tests\api-endpoints.spec.ts:219:20


[1A[2K[dotenv@17.2.3] injecting env (0) from .env.local -- tip: 🔐 encrypt with Dotenvx: https://dotenvx.com

[1A[2K[47/453] [chromium] › tests\api-endpoints.spec.ts:312:5 › API Endpoints › POST /api/workflows/[id]/resume › should resume workflow after approval
[1A[2K[chromium] › tests\api-endpoints.spec.ts:312:5 › API Endpoints › POST /api/workflows/[id]/resume › should resume workflow after approval
🌐 Starting API Endpoints Test Suite...

[1A[2K[dotenv@17.2.3] injecting env (0) from .env.local -- tip: ⚙️  load multiple .env files with { path: ['.env.local', '.env'] }

[1A[2K[48/453] [chromium] › tests\comprehensive-regression.spec.ts:360:7 › Comprehensive Regression Suite › Model Testing › should execute basic prompt with anthropic/claude-sonnet-4
[1A[2K[chromium] › tests\comprehensive-regression.spec.ts:360:7 › Comprehensive Regression Suite › Model Testing › should execute basic prompt with anthropic/claude-sonnet-4
🚀 Starting Comprehensive Regression Test Suite...

[1A[2K[dotenv@17.2.3] injecting env (0) from .env.local -- tip: 🔐 prevent building .env in docker: https://dotenvx.com/prebuild

[1A[2K  15) [chromium] › tests\api-endpoints.spec.ts:678:5 › API Endpoints › Rate Limiting › should rate limit excessive requests 

    Error: [2mexpect([22m[31mreceived[39m[2m).[22mtoBeGreaterThan[2m([22m[32mexpected[39m[2m)[22m

    Expected: > [32m0[39m
    Received:   [31m0[39m

      692 |
      693 |       // At least some requests should be rate limited
    > 694 |       expect(rateLimitedResponses.length).toBeGreaterThan(0);
          |                                           ^
      695 |     });
      696 |
      697 |     test('should include rate limit headers', async ({ request }) => {
        at d:\GitHub\open-agent-builder\tests\api-endpoints.spec.ts:694:43


[1A[2K[dotenv@17.2.3] injecting env (0) from .env.local -- tip: ⚙️  enable debug logging with { debug: true }

[1A[2K[49/453] [chromium] › tests\api-endpoints.spec.ts:616:5 › API Endpoints › Input Validation › should reject XSS attempts in input
[1A[2K[chromium] › tests\api-endpoints.spec.ts:616:5 › API Endpoints › Input Validation › should reject XSS attempts in input
🌐 Starting API Endpoints Test Suite...

[1A[2K[50/453] [chromium] › tests\api-endpoints.spec.ts:543:5 › API Endpoints › Authorization › should allow user to execute own workflow
[1A[2K[dotenv@17.2.3] injecting env (0) from .env.local -- tip: ⚙️  write to custom object with { processEnv: myObject }

[1A[2K[chromium] › tests\api-endpoints.spec.ts:543:5 › API Endpoints › Authorization › should allow user to execute own workflow
🌐 Starting API Endpoints Test Suite...

[1A[2K[dotenv@17.2.3] injecting env (0) from .env.local -- tip: ⚙️  write to custom object with { processEnv: myObject }

[1A[2K[51/453] [chromium] › tests\api-endpoints.spec.ts:482:5 › API Endpoints › GET /api/config › should return configuration
[1A[2K[chromium] › tests\api-endpoints.spec.ts:482:5 › API Endpoints › GET /api/config › should return configuration
🌐 Starting API Endpoints Test Suite...

[1A[2K[52/453] [chromium] › tests\api-endpoints.spec.ts:136:5 › API Endpoints › POST /api/workflows/[id]/execute › should reject execution with missing required inputs
[1A[2K[chromium] › tests\api-endpoints.spec.ts:136:5 › API Endpoints › POST /api/workflows/[id]/execute › should reject execution with missing required inputs
🌐 Starting API Endpoints Test Suite...

[1A[2K[53/453] [chromium] › tests\api-endpoints.spec.ts:222:5 › API Endpoints › GET /api/workflows/[id]/execute-stream › should emit node_completed events
[1A[2K[chromium] › tests\api-endpoints.spec.ts:222:5 › API Endpoints › GET /api/workflows/[id]/execute-stream › should emit node_completed events
🌐 Starting API Endpoints Test Suite...

[1A[2K[54/453] [chromium] › tests\comprehensive-regression.spec.ts:360:7 › Comprehensive Regression Suite › Model Testing › should execute basic prompt with anthropic/claude-haiku-4
[1A[2K  16) [chromium] › tests\api-endpoints.spec.ts:312:5 › API Endpoints › POST /api/workflows/[id]/resume › should resume workflow after approval 

    Error: [Request ID: 79722fbbe60f79ef] Server Error
    ArgumentValidationError: Value does not match validator.
    Path: .edges
    Value: "[{\"id\":\"e1\",\"source\":\"start-1\",\"target\":\"approval-1\",\"sourceHandle\":null,\"targetHandle\":null},{\"id\":\"e2\",\"source\":\"approval-1\",\"target\":\"end-1\",\"sourceHandle\":null,\"targetHandle\":null}]"
    Validator: v.array(v.any())


        at ConvexHttpClient.mutationInner (d:\GitHub\open-agent-builder\node_modules\convex\src\browser\http_client.ts:383:15)
        at ConvexHttpClient.processMutationQueue (d:\GitHub\open-agent-builder\node_modules\convex\src\browser\http_client.ts:398:24)


[1A[2K[55/453] [chromium] › tests\comprehensive-regression.spec.ts:360:7 › Comprehensive Regression Suite › Model Testing › should execute basic prompt with openai/gpt-4o
[1A[2K  17) [chromium] › tests\api-endpoints.spec.ts:616:5 › API Endpoints › Input Validation › should reject XSS attempts in input 

    Error: [2mexpect([22m[31mreceived[39m[2m).[22mtoBeTruthy[2m()[22m

    Received: [31mfalse[39m

      626 |
      627 |       // Should execute, but script tags should be sanitized in output
    > 628 |       expect(response.ok()).toBeTruthy();
          |                             ^
      629 |     });
      630 |
      631 |     test('should validate workflow ID format', async ({ request }) => {
        at d:\GitHub\open-agent-builder\tests\api-endpoints.spec.ts:628:29


[1A[2K  18) [chromium] › tests\api-endpoints.spec.ts:543:5 › API Endpoints › Authorization › should allow user to execute own workflow 

    Error: [2mexpect([22m[31mreceived[39m[2m).[22mtoBeTruthy[2m()[22m

    Received: [31mfalse[39m

      552 |       });
      553 |
    > 554 |       expect(response.ok()).toBeTruthy();
          |                             ^
      555 |     });
      556 |
      557 |     test('should deny execution of other users workflow', async ({ request }) => {
        at d:\GitHub\open-agent-builder\tests\api-endpoints.spec.ts:554:29


[1A[2K[dotenv@17.2.3] injecting env (0) from .env.local -- tip: ⚙️  specify custom .env file path with { path: '/custom/path/.env' }

[1A[2K  19) [chromium] › tests\api-endpoints.spec.ts:136:5 › API Endpoints › POST /api/workflows/[id]/execute › should reject execution with missing required inputs 

    Error: [2mexpect([22m[31mreceived[39m[2m).[22mtoBe[2m([22m[32mexpected[39m[2m) // Object.is equality[22m

    Expected: [32m400[39m
    Received: [31m401[39m

      145 |       });
      146 |
    > 147 |       expect(response.status()).toBe(400);
          |                                 ^
      148 |     });
      149 |
      150 |     test('should accept API key authentication', async ({ request }) => {
        at d:\GitHub\open-agent-builder\tests\api-endpoints.spec.ts:147:33


[1A[2K  20) [chromium] › tests\api-endpoints.spec.ts:222:5 › API Endpoints › GET /api/workflows/[id]/execute-stream › should emit node_completed events 

    Error: [2mexpect([22m[31mreceived[39m[2m).[22mtoContain[2m([22m[32mexpected[39m[2m) // indexOf[22m

    Expected substring: [32m"event: node_completed"[39m
    Received string:    [31m""[39m

      231 |
      232 |       const body = await response.text();
    > 233 |       expect(body).toContain('event: node_completed');
          |                    ^
      234 |     });
      235 |
      236 |     test('should emit workflow_completed event', async ({ request }) => {
        at d:\GitHub\open-agent-builder\tests\api-endpoints.spec.ts:233:20


[1A[2K[56/453] [chromium] › tests\api-endpoints.spec.ts:697:5 › API Endpoints › Rate Limiting › should include rate limit headers
[1A[2K[chromium] › tests\api-endpoints.spec.ts:697:5 › API Endpoints › Rate Limiting › should include rate limit headers
🌐 Starting API Endpoints Test Suite...

[1A[2K[57/453] [chromium] › tests\comprehensive-regression.spec.ts:360:7 › Comprehensive Regression Suite › Model Testing › should execute basic prompt with openai/gpt-4o-mini
[1A[2K  21) [chromium] › tests\api-endpoints.spec.ts:482:5 › API Endpoints › GET /api/config › should return configuration 

    Error: [2mexpect([22m[31mreceived[39m[2m).[22mtoHaveProperty[2m([22m[32mpath[39m[2m)[22m

    Expected path: [32m"llmProviders"[39m
    Received path: [31m[][39m

    Received value: [31m{"anthropicConfigured": true, "arcadeConfigured": false, "browserlessConfigured": true, "e2bConfigured": true, "firecrawlConfigured": true, "gammaConfigured": true, "googleConfigured": true, "groqConfigured": true, "hasKeys": true, "openaiConfigured": true, "scraperapiConfigured": false, "serpApiConfigured": false, "serperConfigured": false, "tavilyConfigured": true}[39m

      489 |       expect(response.ok()).toBeTruthy();
      490 |       const config = await response.json();
    > 491 |       expect(config).toHaveProperty('llmProviders');
          |                      ^
      492 |       expect(config).toHaveProperty('tools');
      493 |     });
      494 |
        at d:\GitHub\open-agent-builder\tests\api-endpoints.spec.ts:491:22


[1A[2K[dotenv@17.2.3] injecting env (0) from .env.local -- tip: 🗂️ backup and recover secrets: https://dotenvx.com/ops

[1A[2K[58/453] [chromium] › tests\api-endpoints.spec.ts:376:5 › API Endpoints › POST /api/workflows/[id]/resume › should reject resume without authentication
[1A[2K[59/453] [chromium] › tests\comprehensive-regression.spec.ts:360:7 › Comprehensive Regression Suite › Model Testing › should execute basic prompt with google/gemini-2.0-flash
[1A[2K[chromium] › tests\api-endpoints.spec.ts:376:5 › API Endpoints › POST /api/workflows/[id]/resume › should reject resume without authentication
🌐 Starting API Endpoints Test Suite...

[1A[2K[dotenv@17.2.3] injecting env (0) from .env.local -- tip: ⚙️  write to custom object with { processEnv: myObject }

[1A[2K[dotenv@17.2.3] injecting env (0) from .env.local -- tip: ✅ audit secrets and track compliance: https://dotenvx.com/ops

[1A[2K  22) [chromium] › tests\api-endpoints.spec.ts:697:5 › API Endpoints › Rate Limiting › should include rate limit headers 

    Error: [2mexpect([22m[31mreceived[39m[2m).[22mtoHaveProperty[2m([22m[32mpath[39m[2m)[22m

    Expected path: [32m"x-ratelimit-limit"[39m
    Received path: [31m[][39m

    Received value: [31m{"connection": "keep-alive", "content-type": "application/json", "date": "Fri, 13 Feb 2026 13:37:57 GMT", "keep-alive": "timeout=5", "transfer-encoding": "chunked", "vary": "rsc, next-router-state-tree, next-router-prefetch, next-router-segment-prefetch"}[39m

      701 |
      702 |       const headers = response.headers();
    > 703 |       expect(headers).toHaveProperty('x-ratelimit-limit');
          |                       ^
      704 |       expect(headers).toHaveProperty('x-ratelimit-remaining');
      705 |     });
      706 |   });
        at d:\GitHub\open-agent-builder\tests\api-endpoints.spec.ts:703:23


[1A[2K[60/453] [chromium] › tests\api-endpoints.spec.ts:631:5 › API Endpoints › Input Validation › should validate workflow ID format
[1A[2K[chromium] › tests\comprehensive-regression.spec.ts:360:7 › Comprehensive Regression Suite › Model Testing › should execute basic prompt with google/gemini-2.0-flash

📄 JSON Report: d:\GitHub\open-agent-builder\test-reports\regression-1770989874943.json

[1A[2K[61/453] [chromium] › tests\api-endpoints.spec.ts:557:5 › API Endpoints › Authorization › should deny execution of other users workflow
[1A[2K[dotenv@17.2.3] injecting env (0) from .env.local -- tip: 🗂️ backup and recover secrets: https://dotenvx.com/ops

[1A[2K[dotenv@17.2.3] injecting env (0) from .env.local -- tip: 📡 add observability to secrets: https://dotenvx.com/ops

[1A[2K📊 HTML Report: d:\GitHub\open-agent-builder\test-reports\regression-1770989874943.html

[1A[2K
============================================================

[1A[2K📊 REGRESSION TEST SUMMARY

[1A[2K============================================================

[1A[2KTotal Tests: 5

[1A[2K✅ Passed: 5

[1A[2K❌ Failed: 0

[1A[2K⏭️  Skipped: 0

[1A[2K📈 Pass Rate: 100.00%

[1A[2K⏱️  Duration: 2.59s

[1A[2K============================================================


[1A[2K[62/453] [chromium] › tests\comprehensive-regression.spec.ts:415:7 › Comprehensive Regression Suite › Workflow Templates › should validate template: amazon-product-research
[1A[2K[chromium] › tests\api-endpoints.spec.ts:631:5 › API Endpoints › Input Validation › should validate workflow ID format
🌐 Starting API Endpoints Test Suite...

[1A[2K[chromium] › tests\comprehensive-regression.spec.ts:415:7 › Comprehensive Regression Suite › Workflow Templates › should validate template: amazon-product-research
🚀 Starting Comprehensive Regression Test Suite...

[1A[2K[chromium] › tests\api-endpoints.spec.ts:557:5 › API Endpoints › Authorization › should deny execution of other users workflow
🌐 Starting API Endpoints Test Suite...

[1A[2K[63/453] [chromium] › tests\api-endpoints.spec.ts:236:5 › API Endpoints › GET /api/workflows/[id]/execute-stream › should emit workflow_completed event
[1A[2K[chromium] › tests\api-endpoints.spec.ts:236:5 › API Endpoints › GET /api/workflows/[id]/execute-stream › should emit workflow_completed event
🌐 Starting API Endpoints Test Suite...

[1A[2K[dotenv@17.2.3] injecting env (0) from .env.local -- tip: 🔄 add secrets lifecycle management: https://dotenvx.com/ops

[1A[2K[64/453] [chromium] › tests\api-endpoints.spec.ts:150:5 › API Endpoints › POST /api/workflows/[id]/execute › should accept API key authentication
[1A[2K[65/453] [chromium] › tests\comprehensive-regression.spec.ts:415:7 › Comprehensive Regression Suite › Workflow Templates › should validate template: zillow-property-finder
[1A[2K[chromium] › tests\api-endpoints.spec.ts:150:5 › API Endpoints › POST /api/workflows/[id]/execute › should accept API key authentication
🌐 Starting API Endpoints Test Suite...

[1A[2K[66/453] [chromium] › tests\api-endpoints.spec.ts:495:5 › API Endpoints › GET /api/config › should return LLM providers configuration
[1A[2K[chromium] › tests\api-endpoints.spec.ts:495:5 › API Endpoints › GET /api/config › should return LLM providers configuration
🌐 Starting API Endpoints Test Suite...

[1A[2K[67/453] [chromium] › tests\comprehensive-regression.spec.ts:415:7 › Comprehensive Regression Suite › Workflow Templates › should validate template: human-in-loop-approval
[1A[2K[68/453] [chromium] › tests\comprehensive-regression.spec.ts:435:5 › Comprehensive Regression Suite › Tool Integrations › should load tool registry
[1A[2K[69/453] [chromium] › tests\api-endpoints.spec.ts:394:5 › API Endpoints › POST /api/approval/ › should create approval record
[1A[2K[dotenv@17.2.3] injecting env (0) from .env.local -- tip: ⚙️  enable debug logging with { debug: true }

[1A[2K[70/453] [chromium] › tests\comprehensive-regression.spec.ts:450:7 › Comprehensive Regression Suite › Tool Integrations › should have firecrawl tool definition
[1A[2K  23) [chromium] › tests\api-endpoints.spec.ts:557:5 › API Endpoints › Authorization › should deny execution of other users workflow 

    Error: [2mexpect([22m[31mreceived[39m[2m).[22mtoBe[2m([22m[32mexpected[39m[2m) // Object.is equality[22m

    Expected: [32m403[39m
    Received: [31m401[39m

      566 |       });
      567 |
    > 568 |       expect(response.status()).toBe(403);
          |                                 ^
      569 |     });
      570 |   });
      571 |
        at d:\GitHub\open-agent-builder\tests\api-endpoints.spec.ts:568:33


[1A[2K  24) [chromium] › tests\api-endpoints.spec.ts:236:5 › API Endpoints › GET /api/workflows/[id]/execute-stream › should emit workflow_completed event 

    Error: [2mexpect([22m[31mreceived[39m[2m).[22mtoContain[2m([22m[32mexpected[39m[2m) // indexOf[22m

    Expected substring: [32m"event: workflow_completed"[39m
    Received string:    [31m""[39m

      245 |
      246 |       const body = await response.text();
    > 247 |       expect(body).toContain('event: workflow_completed');
          |                    ^
      248 |     });
      249 |
      250 |     test('should emit error event on failure', async ({ request }) => {
        at d:\GitHub\open-agent-builder\tests\api-endpoints.spec.ts:247:20


[1A[2K  25) [chromium] › tests\api-endpoints.spec.ts:631:5 › API Endpoints › Input Validation › should validate workflow ID format 

    Error: [2mexpect([22m[31mreceived[39m[2m).[22mtoBe[2m([22m[32mexpected[39m[2m) // Object.is equality[22m

    Expected: [32m400[39m
    Received: [31m401[39m

      640 |       });
      641 |
    > 642 |       expect(response.status()).toBe(400);
          |                                 ^
      643 |     });
      644 |
      645 |     test('should enforce max input size', async ({ request }) => {
        at d:\GitHub\open-agent-builder\tests\api-endpoints.spec.ts:642:33


[1A[2K  26) [chromium] › tests\api-endpoints.spec.ts:394:5 › API Endpoints › POST /api/approval/ › should create approval record 

    Error: [2mexpect([22m[31mreceived[39m[2m).[22mtoBeTruthy[2m()[22m

    Received: [31mfalse[39m

      406 |       });
      407 |
    > 408 |       expect(response.ok()).toBeTruthy();
          |                             ^
      409 |       const result = await response.json();
      410 |       expect(result).toHaveProperty('approvalId');
      411 |     });
        at d:\GitHub\open-agent-builder\tests\api-endpoints.spec.ts:408:29


[1A[2K  27) [chromium] › tests\api-endpoints.spec.ts:150:5 › API Endpoints › POST /api/workflows/[id]/execute › should accept API key authentication 

    Error: [Request ID: 412f957dab59b7a2] Server Error
    Could not find public function for 'apiKeys:generate'. Did you forget to run `npx convex dev` or `npx convex deploy`?

        at ConvexHttpClient.mutationInner (d:\GitHub\open-agent-builder\node_modules\convex\src\browser\http_client.ts:383:15)
        at ConvexHttpClient.processMutationQueue (d:\GitHub\open-agent-builder\node_modules\convex\src\browser\http_client.ts:398:24)


[1A[2K[chromium] › tests\comprehensive-regression.spec.ts:450:7 › Comprehensive Regression Suite › Tool Integrations › should have firecrawl tool definition

📄 JSON Report: d:\GitHub\open-agent-builder\test-reports\regression-1770989874943.json

[1A[2K📊 HTML Report: d:\GitHub\open-agent-builder\test-reports\regression-1770989874943.html

[1A[2K
============================================================

[1A[2K📊 REGRESSION TEST SUMMARY

[1A[2K============================================================

[1A[2KTotal Tests: 10

[1A[2K✅ Passed: 10

[1A[2K❌ Failed: 0

[1A[2K⏭️  Skipped: 0

[1A[2K📈 Pass Rate: 100.00%

[1A[2K⏱️  Duration: 4.31s

[1A[2K============================================================


[1A[2K[71/453] [chromium] › tests\comprehensive-regression.spec.ts:695:5 › Comprehensive Regression Suite › File Processing › should validate Markdown file extension
[1A[2K[chromium] › tests\comprehensive-regression.spec.ts:695:5 › Comprehensive Regression Suite › File Processing › should validate Markdown file extension
🚀 Starting Comprehensive Regression Test Suite...

[1A[2K  28) [chromium] › tests\api-endpoints.spec.ts:495:5 › API Endpoints › GET /api/config › should return LLM providers configuration 

    Error: [2mexpect([22m[31mreceived[39m[2m).[22mtoBeInstanceOf[2m([22m[32mexpected[39m[2m)[22m

    Expected constructor: [32mArray[39m

    Received value has no prototype
    Received value: [31mundefined[39m

      501 |
      502 |       const config = await response.json();
    > 503 |       expect(config.llmProviders).toBeInstanceOf(Array);
          |                                   ^
      504 |       expect(config.llmProviders.length).toBeGreaterThan(0);
      505 |     });
      506 |
        at d:\GitHub\open-agent-builder\tests\api-endpoints.spec.ts:503:35


[1A[2K[72/453] [chromium] › tests\comprehensive-regression.spec.ts:712:5 › Comprehensive Regression Suite › Performance › should handle concurrent operations
[1A[2K[73/453] [chromium] › tests\comprehensive-regression.spec.ts:360:7 › Comprehensive Regression Suite › Model Testing › should execute basic prompt with groq/llama-3.3-70b
[1A[2K[dotenv@17.2.3] injecting env (0) from .env.local -- tip: ⚙️  suppress all logs with { quiet: true }

[1A[2K[chromium] › tests\comprehensive-regression.spec.ts:360:7 › Comprehensive Regression Suite › Model Testing › should execute basic prompt with groq/llama-3.3-70b
🚀 Starting Comprehensive Regression Test Suite...

[1A[2K[dotenv@17.2.3] injecting env (0) from .env.local -- tip: ⚙️  suppress all logs with { quiet: true }

[1A[2K[dotenv@17.2.3] injecting env (0) from .env.local -- tip: 🔄 add secrets lifecycle management: https://dotenvx.com/ops

[1A[2K[dotenv@17.2.3] injecting env (0) from .env.local -- tip: ⚙️  enable debug logging with { debug: true }

[1A[2K[dotenv@17.2.3] injecting env (0) from .env.local -- tip: 📡 add observability to secrets: https://dotenvx.com/ops

[1A[2K[74/453] [chromium] › tests\api-endpoints.spec.ts:575:5 › API Endpoints › Input Validation › should reject malformed JSON
[1A[2K[chromium] › tests\api-endpoints.spec.ts:575:5 › API Endpoints › Input Validation › should reject malformed JSON
🌐 Starting API Endpoints Test Suite...

[1A[2K[75/453] [chromium] › tests\api-endpoints.spec.ts:645:5 › API Endpoints › Input Validation › should enforce max input size
[1A[2K[chromium] › tests\api-endpoints.spec.ts:645:5 › API Endpoints › Input Validation › should enforce max input size
🌐 Starting API Endpoints Test Suite...

[1A[2K[dotenv@17.2.3] injecting env (0) from .env.local -- tip: 🗂️ backup and recover secrets: https://dotenvx.com/ops

[1A[2K[76/453] [chromium] › tests\comprehensive-regression.spec.ts:400:5 › Comprehensive Regression Suite › Workflow Templates › should load all templates
[1A[2K[77/453] [chromium] › tests\api-endpoints.spec.ts:507:5 › API Endpoints › GET /api/config › should return tools configuration
[1A[2K[chromium] › tests\api-endpoints.spec.ts:507:5 › API Endpoints › GET /api/config › should return tools configuration
🌐 Starting API Endpoints Test Suite...

[1A[2K[78/453] [chromium] › tests\comprehensive-regression.spec.ts:415:7 › Comprehensive Regression Suite › Workflow Templates › should validate template: multi-company-stock-analysis
[1A[2K  29) [chromium] › tests\api-endpoints.spec.ts:575:5 › API Endpoints › Input Validation › should reject malformed JSON 

    Error: [2mexpect([22m[31mreceived[39m[2m).[22mtoBe[2m([22m[32mexpected[39m[2m) // Object.is equality[22m

    Expected: [32m400[39m
    Received: [31m401[39m

      582 |       });
      583 |
    > 584 |       expect(response.status()).toBe(400);
          |                                 ^
      585 |     });
      586 |
      587 |     test('should validate input schema', async ({ request }) => {
        at d:\GitHub\open-agent-builder\tests\api-endpoints.spec.ts:584:33


[1A[2K  30) [chromium] › tests\api-endpoints.spec.ts:645:5 › API Endpoints › Input Validation › should enforce max input size 

    Error: [2mexpect([22m[31mreceived[39m[2m).[22mtoBe[2m([22m[32mexpected[39m[2m) // Object.is equality[22m

    Expected: [32m413[39m
    Received: [31m401[39m

      656 |       });
      657 |
    > 658 |       expect(response.status()).toBe(413); // Payload Too Large
          |                                 ^
      659 |     });
      660 |   });
      661 |
        at d:\GitHub\open-agent-builder\tests\api-endpoints.spec.ts:658:33


[1A[2K[79/453] [chromium] › tests\comprehensive-regression.spec.ts:415:7 › Comprehensive Regression Suite › Workflow Templates › should validate template: yahoo-finance-stock-report
[1A[2K[80/453] [chromium] › tests\comprehensive-regression.spec.ts:513:5 › Comprehensive Regression Suite › Security Testing › should prevent code injection
[1A[2K[81/453] [chromium] › tests\comprehensive-regression.spec.ts:606:5 › Comprehensive Regression Suite › Database Operations › should update workflow
[1A[2K[chromium] › tests\comprehensive-regression.spec.ts:513:5 › Comprehensive Regression Suite › Security Testing › should prevent code injection
🚀 Starting Comprehensive Regression Test Suite...

[1A[2K[chromium] › tests\comprehensive-regression.spec.ts:606:5 › Comprehensive Regression Suite › Database Operations › should update workflow
🚀 Starting Comprehensive Regression Test Suite...

[1A[2K[82/453] [chromium] › tests\comprehensive-regression.spec.ts:450:7 › Comprehensive Regression Suite › Tool Integrations › should have tavily tool definition
[1A[2K[chromium] › tests\comprehensive-regression.spec.ts:450:7 › Comprehensive Regression Suite › Tool Integrations › should have tavily tool definition
🚀 Starting Comprehensive Regression Test Suite...

[1A[2K  31) [chromium] › tests\api-endpoints.spec.ts:507:5 › API Endpoints › GET /api/config › should return tools configuration 

    Error: [2mexpect([22m[31mreceived[39m[2m).[22mtoBeInstanceOf[2m([22m[32mexpected[39m[2m)[22m

    Expected constructor: [32mArray[39m

    Received value has no prototype
    Received value: [31mundefined[39m

      513 |
      514 |       const config = await response.json();
    > 515 |       expect(config.tools).toBeInstanceOf(Array);
          |                            ^
      516 |       expect(config.tools.length).toBeGreaterThan(0);
      517 |     });
      518 |   });
        at d:\GitHub\open-agent-builder\tests\api-endpoints.spec.ts:515:28


[1A[2K[83/453] [chromium] › tests\comprehensive-regression.spec.ts:415:7 › Comprehensive Regression Suite › Workflow Templates › should validate template: simple-loop-test
[1A[2K[dotenv@17.2.3] injecting env (0) from .env.local -- tip: ⚙️  override existing env vars with { override: true }

[1A[2K[84/453] [chromium] › tests\comprehensive-regression.spec.ts:450:7 › Comprehensive Regression Suite › Tool Integrations › should have serper tool definition
[1A[2K[85/453] [chromium] › tests\comprehensive-workflow-tests.spec.ts:4:3 › Comprehensive Workflow Tests › placeholder test
[1A[2K[dotenv@17.2.3] injecting env (0) from .env.local -- tip: ⚙️  write to custom object with { processEnv: myObject }

[1A[2K[86/453] [chromium] › tests\comprehensive-regression.spec.ts:535:5 › Comprehensive Regression Suite › API Endpoints › should respond to config endpoint
[1A[2K[chromium] › tests\comprehensive-regression.spec.ts:415:7 › Comprehensive Regression Suite › Workflow Templates › should validate template: simple-loop-test

📄 JSON Report: d:\GitHub\open-agent-builder\test-reports\regression-1770989880544.json

[1A[2K📊 HTML Report: d:\GitHub\open-agent-builder\test-reports\regression-1770989880544.html

[1A[2K
============================================================

[1A[2K📊 REGRESSION TEST SUMMARY

[1A[2K============================================================

[1A[2KTotal Tests: 5

[1A[2K✅ Passed: 5

[1A[2K❌ Failed: 0

[1A[2K⏭️  Skipped: 0

[1A[2K📈 Pass Rate: 100.00%

[1A[2K⏱️  Duration: 2.55s

[1A[2K============================================================


[1A[2K[87/453] [chromium] › tests\database-operations.spec.ts:426:5 › Database Operations Tests › User API Keys › should update existing API key
[1A[2K[88/453] [chromium] › tests\database-operations.spec.ts:334:5 › Database Operations Tests › Execution Tracking › should complete execution
[1A[2K[89/453] [chromium] › tests\database-operations.spec.ts:195:5 › Database Operations Tests › Workflow CRUD Operations › should create a new workflow
[1A[2K[90/453] [chromium] › tests\comprehensive-regression.spec.ts:739:5 › Comprehensive Regression Suite › Performance › should complete basic workflow in reasonable time
[1A[2K[91/453] [chromium] › tests\comprehensive-regression.spec.ts:469:5 › Comprehensive Regression Suite › Security Testing › should block SSRF: localhost
[1A[2K[chromium] › tests\comprehensive-regression.spec.ts:606:5 › Comprehensive Regression Suite › Database Operations › should update workflow

📄 JSON Report: d:\GitHub\open-agent-builder\test-reports\regression-1770989882331.json

[1A[2K📊 HTML Report: d:\GitHub\open-agent-builder\test-reports\regression-1770989882331.html

[1A[2K
============================================================

[1A[2K📊 REGRESSION TEST SUMMARY

[1A[2K============================================================

[1A[2KTotal Tests: 1

[1A[2K✅ Passed: 0

[1A[2K❌ Failed: 1

[1A[2K⏭️  Skipped: 0

[1A[2K📈 Pass Rate: 0.00%

[1A[2K⏱️  Duration: 1.03s

[1A[2K============================================================


[1A[2K  32) [chromium] › tests\comprehensive-regression.spec.ts:606:5 › Comprehensive Regression Suite › Database Operations › should update workflow 

    Error: [Request ID: 23bcc90e6ec877c7] Server Error
    ArgumentValidationError: Object is missing the required field `id`. Consider wrapping the field validator in `v.optional(...)` if this is expected.

    Object: {}
    Validator: v.object({id: v.id("workflows")})



      616 |         });
      617 |
    > 618 |         const updated = await convexClient.query(api.workflows.getWorkflow, {
          |                         ^
      619 |           id: testWorkflowId,
      620 |         });
      621 |
        at ConvexHttpClient.queryInner (d:\GitHub\open-agent-builder\node_modules\convex\src\browser\http_client.ts:332:15)
        at ConvexHttpClient.query (d:\GitHub\open-agent-builder\node_modules\convex\src\browser\http_client.ts:271:12)
        at d:\GitHub\open-agent-builder\tests\comprehensive-regression.spec.ts:618:25


[1A[2K[92/453] [chromium] › tests\comprehensive-regression.spec.ts:483:5 › Comprehensive Regression Suite › Security Testing › should block SSRF: private IP
[1A[2K[93/453] [chromium] › tests\comprehensive-regression.spec.ts:548:5 › Comprehensive Regression Suite › API Endpoints › should protect workflow execution endpoint
[1A[2K[dotenv@17.2.3] injecting env (0) from .env.local -- tip: ⚙️  load multiple .env files with { path: ['.env.local', '.env'] }

[1A[2K[94/453] [chromium] › tests\database-operations.spec.ts:267:5 › Database Operations Tests › Workflow CRUD Operations › should delete workflow
[1A[2K[chromium] › tests\comprehensive-regression.spec.ts:739:5 › Comprehensive Regression Suite › Performance › should complete basic workflow in reasonable time

📄 JSON Report: d:\GitHub\open-agent-builder\test-reports\regression-1770989874943.json

[1A[2K📊 HTML Report: d:\GitHub\open-agent-builder\test-reports\regression-1770989874943.html

[1A[2K
============================================================

[1A[2K📊 REGRESSION TEST SUMMARY

[1A[2K============================================================

[1A[2KTotal Tests: 13

[1A[2K✅ Passed: 13

[1A[2K❌ Failed: 0

[1A[2K⏭️  Skipped: 0

[1A[2K📈 Pass Rate: 100.00%

[1A[2K⏱️  Duration: 9.14s

[1A[2K============================================================


[1A[2K[95/453] [chromium] › tests\database-operations.spec.ts:545:5 › Database Operations Tests › MCP Servers › should list user MCP servers
[1A[2K[96/453] [chromium] › tests\comprehensive-regression.spec.ts:497:5 › Comprehensive Regression Suite › Security Testing › should sanitize XSS in HTML
[1A[2K[dotenv@17.2.3] injecting env (0) from .env.local -- tip: ⚙️  enable debug logging with { debug: true }

[1A[2K[97/453] [chromium] › tests\comprehensive-regression.spec.ts:571:5 › Comprehensive Regression Suite › Database Operations › should create workflow
[1A[2K[chromium] › tests\comprehensive-regression.spec.ts:497:5 › Comprehensive Regression Suite › Security Testing › should sanitize XSS in HTML

📄 JSON Report: d:\GitHub\open-agent-builder\test-reports\regression-1770989882409.json

[1A[2K📊 HTML Report: d:\GitHub\open-agent-builder\test-reports\regression-1770989882409.html

[1A[2K
============================================================

[1A[2K📊 REGRESSION TEST SUMMARY

[1A[2K============================================================

[1A[2KTotal Tests: 5

[1A[2K✅ Passed: 5

[1A[2K❌ Failed: 0

[1A[2K⏭️  Skipped: 0

[1A[2K📈 Pass Rate: 100.00%

[1A[2K⏱️  Duration: 2.34s

[1A[2K============================================================


[1A[2K[98/453] [chromium] › tests\database-operations.spec.ts:632:5 › Database Operations Tests › Approval System › should retrieve approval by ID
[1A[2K[99/453] [chromium] › tests\comprehensive-regression.spec.ts:589:5 › Comprehensive Regression Suite › Database Operations › should read workflow
[1A[2K[100/453] [chromium] › tests\comprehensive-regression.spec.ts:631:5 › Comprehensive Regression Suite › Database Operations › should delete workflow
[1A[2K[chromium] › tests\comprehensive-regression.spec.ts:631:5 › Comprehensive Regression Suite › Database Operations › should delete workflow
🚀 Starting Comprehensive Regression Test Suite...

[1A[2K[chromium] › tests\comprehensive-regression.spec.ts:589:5 › Comprehensive Regression Suite › Database Operations › should read workflow

📄 JSON Report: d:\GitHub\open-agent-builder\test-reports\regression-1770989882315.json

[1A[2K📊 HTML Report: d:\GitHub\open-agent-builder\test-reports\regression-1770989882315.html

[1A[2K
============================================================

[1A[2K📊 REGRESSION TEST SUMMARY

[1A[2K============================================================

[1A[2KTotal Tests: 5

[1A[2K✅ Passed: 5

[1A[2K❌ Failed: 0

[1A[2K⏭️  Skipped: 0

[1A[2K📈 Pass Rate: 100.00%

[1A[2K⏱️  Duration: 3.38s

[1A[2K============================================================


[1A[2K[101/453] [chromium] › tests\database-operations.spec.ts:745:5 › Database Operations Tests › Authorization & Permissions › users can only delete their own workflows
[1A[2K[chromium] › tests\comprehensive-regression.spec.ts:631:5 › Comprehensive Regression Suite › Database Operations › should delete workflow

📄 JSON Report: d:\GitHub\open-agent-builder\test-reports\regression-1770989885597.json

[1A[2K📊 HTML Report: d:\GitHub\open-agent-builder\test-reports\regression-1770989885597.html

[1A[2K
============================================================

[1A[2K📊 REGRESSION TEST SUMMARY

[1A[2K============================================================

[1A[2KTotal Tests: 1

[1A[2K✅ Passed: 0

[1A[2K❌ Failed: 1

[1A[2K⏭️  Skipped: 0

[1A[2K📈 Pass Rate: 0.00%

[1A[2K⏱️  Duration: 0.93s

[1A[2K============================================================


[1A[2K  33) [chromium] › tests\comprehensive-regression.spec.ts:631:5 › Comprehensive Regression Suite › Database Operations › should delete workflow 

    Error: [Request ID: 8b4be801de4d4369] Server Error
    ArgumentValidationError: Object is missing the required field `id`. Consider wrapping the field validator in `v.optional(...)` if this is expected.

    Object: {}
    Validator: v.object({id: v.id("workflows")})


        at ConvexHttpClient.mutationInner (d:\GitHub\open-agent-builder\node_modules\convex\src\browser\http_client.ts:383:15)
        at ConvexHttpClient.processMutationQueue (d:\GitHub\open-agent-builder\node_modules\convex\src\browser\http_client.ts:398:24)


[1A[2K[dotenv@17.2.3] injecting env (0) from .env.local -- tip: 📡 add observability to secrets: https://dotenvx.com/ops

[1A[2K[102/453] [chromium] › tests\comprehensive-regression.spec.ts:651:5 › Comprehensive Regression Suite › Database Operations › should list user workflows
[1A[2K[chromium] › tests\comprehensive-regression.spec.ts:651:5 › Comprehensive Regression Suite › Database Operations › should list user workflows
🚀 Starting Comprehensive Regression Test Suite...

[1A[2K[103/453] [chromium] › tests\comprehensive-regression.spec.ts:669:5 › Comprehensive Regression Suite › File Processing › should validate PDF file extension
[1A[2K[104/453] [chromium] › tests\comprehensive-regression.spec.ts:682:5 › Comprehensive Regression Suite › File Processing › should validate DOCX file extension
[1A[2K[chromium] › tests\comprehensive-regression.spec.ts:682:5 › Comprehensive Regression Suite › File Processing › should validate DOCX file extension

📄 JSON Report: d:\GitHub\open-agent-builder\test-reports\regression-1770989888408.json

[1A[2K📊 HTML Report: d:\GitHub\open-agent-builder\test-reports\regression-1770989888408.html

[1A[2K
============================================================

[1A[2K📊 REGRESSION TEST SUMMARY

[1A[2K============================================================

[1A[2KTotal Tests: 3

[1A[2K✅ Passed: 3

[1A[2K❌ Failed: 0

[1A[2K⏭️  Skipped: 0

[1A[2K📈 Pass Rate: 100.00%

[1A[2K⏱️  Duration: 1.70s

[1A[2K============================================================


[1A[2K[105/453] [chromium] › tests\edge-cases.spec.ts:70:5 › Edge Cases & Error Handling › Empty Workflows › should handle workflow with no nodes
[1A[2K[chromium] › tests\edge-cases.spec.ts:70:5 › Edge Cases & Error Handling › Empty Workflows › should handle workflow with no nodes
⚠️ Starting Edge Cases Test Suite...

[1A[2K[106/453] [chromium] › tests\database-operations.spec.ts:210:5 › Database Operations Tests › Workflow CRUD Operations › should retrieve workflow by ID
[1A[2K[107/453] [chromium] › tests\database-operations.spec.ts:569:5 › Database Operations Tests › MCP Servers › should delete MCP server
[1A[2K[108/453] [chromium] › tests\database-operations.spec.ts:455:5 › Database Operations Tests › User API Keys › should delete API key
[1A[2K[109/453] [chromium] › tests\database-operations.spec.ts:654:5 › Database Operations Tests › Approval System › should approve approval request
[1A[2K[110/453] [chromium] › tests\database-operations.spec.ts:352:5 › Database Operations Tests › Execution Tracking › should handle execution errors
[1A[2K[111/453] [chromium] › tests\database-operations.spec.ts:284:5 › Database Operations Tests › Workflow CRUD Operations › should handle non-existent workflow ID
[1A[2K[112/453] [chromium] › tests\edge-cases.spec.ts:85:5 › Edge Cases & Error Handling › Empty Workflows › should handle workflow with only start node
[1A[2K[113/453] [chromium] › tests\edge-cases.spec.ts:108:5 › Edge Cases & Error Handling › Empty Workflows › should handle workflow with only end node
[1A[2K[114/453] [chromium] › tests\database-operations.spec.ts:759:5 › Database Operations Tests › Authorization & Permissions › users can only access their own API keys
[1A[2K[115/453] [chromium] › tests\edge-cases.spec.ts:131:5 › Edge Cases & Error Handling › Empty Workflows › should handle disconnected start and end nodes
[1A[2K[116/453] [chromium] › tests\database-operations.spec.ts:225:5 › Database Operations Tests › Workflow CRUD Operations › should list workflows for user
[1A[2K[117/453] [chromium] › tests\edge-cases.spec.ts:165:5 › Edge Cases & Error Handling › Invalid Connections › should detect edges pointing to non-existent source nodes
[1A[2K[chromium] › tests\edge-cases.spec.ts:165:5 › Edge Cases & Error Handling › Invalid Connections › should detect edges pointing to non-existent source nodes
⚠️ Starting Edge Cases Test Suite...

[1A[2K🧹 Removing invalid edge e1: source=non-existent-node (exists: false), target=end-1 (exists: true)

[1A[2K✅ Cleaned up 1 invalid edge(s) from workflow

[1A[2K[118/453] [chromium] › tests\edge-cases.spec.ts:180:5 › Edge Cases & Error Handling › Invalid Connections › should detect edges pointing to non-existent target nodes
[1A[2K[chromium] › tests\edge-cases.spec.ts:180:5 › Edge Cases & Error Handling › Invalid Connections › should detect edges pointing to non-existent target nodes
🧹 Removing invalid edge e1: source=start-1 (exists: true), target=non-existent-node (exists: false)

[1A[2K✅ Cleaned up 1 invalid edge(s) from workflow

[1A[2K[119/453] [chromium] › tests\database-operations.spec.ts:372:5 › Database Operations Tests › User API Keys › should store encrypted API key
[1A[2K[120/453] [chromium] › tests\database-operations.spec.ts:684:5 › Database Operations Tests › Approval System › should reject approval request
[1A[2K[121/453] [chromium] › tests\edge-cases.spec.ts:195:5 › Edge Cases & Error Handling › Invalid Connections › should cleanup multiple invalid edges
[1A[2K[chromium] › tests\edge-cases.spec.ts:195:5 › Edge Cases & Error Handling › Invalid Connections › should cleanup multiple invalid edges
🧹 Removing invalid edge e2: source=fake-1 (exists: false), target=end-1 (exists: true)

[1A[2K🧹 Removing invalid edge e3: source=start-1 (exists: true), target=fake-2 (exists: false)

[1A[2K🧹 Removing invalid edge e4: source=fake-3 (exists: false), target=fake-4 (exists: false)

[1A[2K✅ Cleaned up 3 invalid edge(s) from workflow

[1A[2K[122/453] [chromium] › tests\database-operations.spec.ts:488:5 › Database Operations Tests › User API Keys › should toggle key active state
[1A[2K[123/453] [chromium] › tests\database-operations.spec.ts:592:5 › Database Operations Tests › MCP Servers › should handle different auth types
[1A[2K[124/453] [chromium] › tests\database-operations.spec.ts:297:5 › Database Operations Tests › Execution Tracking › should create execution record
[1A[2K[125/453] [chromium] › tests\edge-cases.spec.ts:215:5 › Edge Cases & Error Handling › Invalid Connections › should preserve valid edges when cleaning up
[1A[2K[chromium] › tests\edge-cases.spec.ts:215:5 › Edge Cases & Error Handling › Invalid Connections › should preserve valid edges when cleaning up
🧹 Removing invalid edge e3: source=fake-node (exists: false), target=end-1 (exists: true)

[1A[2K✅ Cleaned up 1 invalid edge(s) from workflow

[1A[2K[126/453] [chromium] › tests\database-operations.spec.ts:785:5 › Database Operations Tests › Authorization & Permissions › users can only delete their own MCP servers
[1A[2K[127/453] [chromium] › tests\edge-cases.spec.ts:238:5 › Edge Cases & Error Handling › Circular Dependencies › should detect simple circular flow (A → B → A)
[1A[2K[chromium] › tests\edge-cases.spec.ts:238:5 › Edge Cases & Error Handling › Circular Dependencies › should detect simple circular flow (A → B → A)
⚠️ Starting Edge Cases Test Suite...

[1A[2K[128/453] [chromium] › tests\edge-cases.spec.ts:263:5 › Edge Cases & Error Handling › Circular Dependencies › should detect complex circular flow (A → B → C → A)
[1A[2K[129/453] [chromium] › tests\edge-cases.spec.ts:289:5 › Edge Cases & Error Handling › Circular Dependencies › should handle self-referencing node
[1A[2K[130/453] [chromium] › tests\edge-cases.spec.ts:315:5 › Edge Cases & Error Handling › Malformed Data › should reject invalid JSON in nodes
[1A[2K[131/453] [chromium] › tests\edge-cases.spec.ts:332:5 › Edge Cases & Error Handling › Malformed Data › should reject invalid JSON in edges
[1A[2K[chromium] › tests\edge-cases.spec.ts:332:5 › Edge Cases & Error Handling › Malformed Data › should reject invalid JSON in edges
⚠️ Starting Edge Cases Test Suite...

[1A[2K[132/453] [chromium] › tests\database-operations.spec.ts:247:5 › Database Operations Tests › Workflow CRUD Operations › should update workflow
[1A[2K[133/453] [chromium] › tests\edge-cases.spec.ts:348:5 › Edge Cases & Error Handling › Malformed Data › should handle missing required node fields
[1A[2K[134/453] [chromium] › tests\database-operations.spec.ts:312:5 › Database Operations Tests › Execution Tracking › should update execution state
[1A[2K[135/453] [chromium] › tests\database-operations.spec.ts:523:5 › Database Operations Tests › MCP Servers › should add MCP server
[1A[2K[136/453] [chromium] › tests\database-operations.spec.ts:714:5 › Database Operations Tests › Approval System › should list pending approvals for workflow
[1A[2K[137/453] [chromium] › tests\database-operations.spec.ts:615:5 › Database Operations Tests › Approval System › should create approval request
[1A[2K[138/453] [chromium] › tests\database-operations.spec.ts:400:5 › Database Operations Tests › User API Keys › should retrieve user API keys (metadata only)
[1A[2K[139/453] [chromium] › tests\edge-cases.spec.ts:414:5 › Edge Cases & Error Handling › Boundary Conditions › should handle very long descriptions
[1A[2K[chromium] › tests\edge-cases.spec.ts:414:5 › Edge Cases & Error Handling › Boundary Conditions › should handle very long descriptions
⚠️ Starting Edge Cases Test Suite...

[1A[2K[140/453] [chromium] › tests\edge-cases.spec.ts:367:5 › Edge Cases & Error Handling › Malformed Data › should handle null/undefined values in node data
[1A[2K[141/453] [chromium] › tests\edge-cases.spec.ts:430:5 › Edge Cases & Error Handling › Boundary Conditions › should handle special characters in workflow name
[1A[2K[142/453] [chromium] › tests\edge-cases.spec.ts:446:5 › Edge Cases & Error Handling › Boundary Conditions › should handle unicode characters
[1A[2K[143/453] [chromium] › tests\edge-cases.spec.ts:398:5 › Edge Cases & Error Handling › Boundary Conditions › should handle very long workflow names
[1A[2K[144/453] [chromium] › tests\edge-cases.spec.ts:462:5 › Edge Cases & Error Handling › Boundary Conditions › should handle large number of nodes
[1A[2K[145/453] [chromium] › tests\edge-cases.spec.ts:497:5 › Edge Cases & Error Handling › Boundary Conditions › should handle empty strings
[1A[2K[chromium] › tests\edge-cases.spec.ts:497:5 › Edge Cases & Error Handling › Boundary Conditions › should handle empty strings
⚠️ Starting Edge Cases Test Suite...

[1A[2K[146/453] [chromium] › tests\edge-cases.spec.ts:575:5 › Edge Cases & Error Handling › Race Conditions › should handle concurrent workflow creations
[1A[2K[chromium] › tests\edge-cases.spec.ts:575:5 › Edge Cases & Error Handling › Race Conditions › should handle concurrent workflow creations
⚠️ Starting Edge Cases Test Suite...

[1A[2K[147/453] [chromium] › tests\edge-cases.spec.ts:515:5 › Edge Cases & Error Handling › Network Failures & Timeouts › should handle network timeout simulation
[1A[2K[148/453] [chromium] › tests\executors.spec.ts:11:5 › Agent Executor › migrateMCPData should return legacy data as-is
[1A[2K[149/453] [chromium] › tests\executors.spec.ts:19:5 › Agent Executor › migrateMCPData should handle new format data
[1A[2K[150/453] [chromium] › tests\executors.spec.ts:29:5 › Agent Executor › executeAgentNode should resolve and flatten MCP tools
[1A[2K[151/453] [chromium] › tests\executors.spec.ts:79:5 › MCP Utilities › unwrapMCPResponse should extract text from content array
[1A[2K[152/453] [chromium] › tests\executors.spec.ts:89:5 › MCP Utilities › unwrapMCPResponse should handle direct result property
[1A[2K[153/453] [chromium] › tests\executors.spec.ts:101:5 › MCP Utilities › convertMcpToOpenAiTool should convert schema correctly
[1A[2K[154/453] [chromium] › tests\executors.spec.ts:125:5 › Convex MCP Mutations › addMCPServer should insert a new server
[1A[2K[155/453] [chromium] › tests\executors.spec.ts:146:5 › Convex MCP Mutations › updateMCPServer should update own server
[1A[2K[156/453] [chromium] › tests\executors.spec.ts:163:5 › Convex MCP Mutations › updateMCPServer should fail for other users server
[1A[2K[157/453] [chromium] › tests\executors.spec.ts:178:5 › Convex MCP Mutations › deleteMCPServer should remove own server
[1A[2K[158/453] [chromium] › tests\file-processing.spec.ts:104:5 › File Processing Tests › PDF Extraction › should extract text from valid PDF buffer
[1A[2K  34) [chromium] › tests\file-processing.spec.ts:104:5 › File Processing Tests › PDF Extraction › should extract text from valid PDF buffer 

    ReferenceError: setTestAuth is not defined

       98 |   test.beforeAll(() => {
       99 |     convex = new ConvexHttpClient(CONVEX_URL);
    > 100 |     setTestAuth(convex, TEST_USER_ID);
          |     ^
      101 |   });
      102 |
      103 |   test.describe('PDF Extraction', () => {
        at d:\GitHub\open-agent-builder\tests\file-processing.spec.ts:100:5


[1A[2K[159/453] [chromium] › tests\file-processing.spec.ts:117:5 › File Processing Tests › PDF Extraction › should handle empty PDF buffer
[1A[2K[160/453] [chromium] › tests\file-processing.spec.ts:124:5 › File Processing Tests › PDF Extraction › should handle corrupted PDF buffer
[1A[2K[161/453] [chromium] › tests\file-processing.spec.ts:134:5 › File Processing Tests › PDF Extraction › should handle PDF with no extractable text
[1A[2K[162/453] [chromium] › tests\file-processing.spec.ts:144:5 › File Processing Tests › DOCX Extraction › should extract text from valid DOCX buffer
[1A[2K[163/453] [chromium] › tests\file-processing.spec.ts:180:5 › File Processing Tests › Markdown Processing › should process markdown file content
[1A[2K[164/453] [chromium] › tests\file-processing.spec.ts:241:5 › File Processing Tests › Content Injection & Variable Substitution › should handle multiple file inputs
[1A[2K  35) [chromium] › tests\file-processing.spec.ts:144:5 › File Processing Tests › DOCX Extraction › should extract text from valid DOCX buffer 

    ReferenceError: setTestAuth is not defined

       98 |   test.beforeAll(() => {
       99 |     convex = new ConvexHttpClient(CONVEX_URL);
    > 100 |     setTestAuth(convex, TEST_USER_ID);
          |     ^
      101 |   });
      102 |
      103 |   test.describe('PDF Extraction', () => {
        at d:\GitHub\open-agent-builder\tests\file-processing.spec.ts:100:5


[1A[2K[165/453] [chromium] › tests\file-processing.spec.ts:154:5 › File Processing Tests › DOCX Extraction › should handle empty DOCX buffer
[1A[2K[166/453] [chromium] › tests\file-processing.spec.ts:161:5 › File Processing Tests › DOCX Extraction › should handle corrupted DOCX buffer
[1A[2K[167/453] [chromium] › tests\file-processing.spec.ts:169:5 › File Processing Tests › DOCX Extraction › should detect altChunk format in DOCX
[1A[2K  36) [chromium] › tests\file-processing.spec.ts:180:5 › File Processing Tests › Markdown Processing › should process markdown file content 

    ReferenceError: setTestAuth is not defined

       98 |   test.beforeAll(() => {
       99 |     convex = new ConvexHttpClient(CONVEX_URL);
    > 100 |     setTestAuth(convex, TEST_USER_ID);
          |     ^
      101 |   });
      102 |
      103 |   test.describe('PDF Extraction', () => {
        at d:\GitHub\open-agent-builder\tests\file-processing.spec.ts:100:5


[1A[2K  37) [chromium] › tests\file-processing.spec.ts:241:5 › File Processing Tests › Content Injection & Variable Substitution › should handle multiple file inputs 

    ReferenceError: setTestAuth is not defined

       98 |   test.beforeAll(() => {
       99 |     convex = new ConvexHttpClient(CONVEX_URL);
    > 100 |     setTestAuth(convex, TEST_USER_ID);
          |     ^
      101 |   });
      102 |
      103 |   test.describe('PDF Extraction', () => {
        at d:\GitHub\open-agent-builder\tests\file-processing.spec.ts:100:5


[1A[2K[168/453] [chromium] › tests\file-processing.spec.ts:192:5 › File Processing Tests › Markdown Processing › should handle empty markdown file
[1A[2K[169/453] [chromium] › tests\file-processing.spec.ts:200:5 › File Processing Tests › Markdown Processing › should preserve markdown formatting
[1A[2K[170/453] [chromium] › tests\file-processing.spec.ts:222:5 › File Processing Tests › Content Injection & Variable Substitution › should inject extracted content into workflow state
[1A[2K[171/453] [chromium] › tests\file-processing.spec.ts:263:5 › File Processing Tests › Content Injection & Variable Substitution › should handle file objects without content gracefully
[1A[2K[172/453] [chromium] › tests\file-processing.spec.ts:279:5 › File Processing Tests › Error Handling › should handle missing file metadata
[1A[2K[173/453] [chromium] › tests\file-processing.spec.ts:296:5 › File Processing Tests › Error Handling › should handle unsupported file formats
[1A[2K[174/453] [chromium] › tests\file-processing.spec.ts:308:5 › File Processing Tests › Error Handling › should handle files without filename extension
[1A[2K  38) [chromium] › tests\file-processing.spec.ts:308:5 › File Processing Tests › Error Handling › should handle files without filename extension 

    ReferenceError: setTestAuth is not defined

       98 |   test.beforeAll(() => {
       99 |     convex = new ConvexHttpClient(CONVEX_URL);
    > 100 |     setTestAuth(convex, TEST_USER_ID);
          |     ^
      101 |   });
      102 |
      103 |   test.describe('PDF Extraction', () => {
        at d:\GitHub\open-agent-builder\tests\file-processing.spec.ts:100:5


[1A[2K[175/453] [chromium] › tests\file-processing.spec.ts:320:5 › File Processing Tests › Error Handling › should handle null content type
[1A[2K[176/453] [chromium] › tests\file-processing.spec.ts:336:5 › File Processing Tests › File Type Detection › should detect PDF by content type
[1A[2K[177/453] [chromium] › tests\file-processing.spec.ts:341:5 › File Processing Tests › File Type Detection › should detect PDF by filename extension
[1A[2K[178/453] [chromium] › tests\file-processing.spec.ts:366:5 › File Processing Tests › File Type Detection › should handle mixed case extensions
[1A[2K  39) [chromium] › tests\file-processing.spec.ts:366:5 › File Processing Tests › File Type Detection › should handle mixed case extensions 

    ReferenceError: setTestAuth is not defined

       98 |   test.beforeAll(() => {
       99 |     convex = new ConvexHttpClient(CONVEX_URL);
    > 100 |     setTestAuth(convex, TEST_USER_ID);
          |     ^
      101 |   });
      102 |
      103 |   test.describe('PDF Extraction', () => {
        at d:\GitHub\open-agent-builder\tests\file-processing.spec.ts:100:5


[1A[2K[dotenv@17.2.3] injecting env (0) from .env.local -- tip: 🔐 prevent building .env in docker: https://dotenvx.com/prebuild

[1A[2K[dotenv@17.2.3] injecting env (0) from .env.local -- tip: ⚙️  override existing env vars with { override: true }

[1A[2K[dotenv@17.2.3] injecting env (0) from .env.local -- tip: ⚙️  load multiple .env files with { path: ['.env.local', '.env'] }

[1A[2K[dotenv@17.2.3] injecting env (0) from .env.local -- tip: 🔐 prevent building .env in docker: https://dotenvx.com/prebuild

[1A[2K[dotenv@17.2.3] injecting env (0) from .env.local -- tip: 🛠️  run anywhere with `dotenvx run -- yourcommand`

[1A[2K[179/453] [chromium] › tests\file-upload-download.spec.ts:114:5 › File Upload and Download Tests › File Upload - Multipart Form Data › should upload a PDF file successfully
[1A[2K[180/453] [chromium] › tests\file-upload-download.spec.ts:265:5 › File Upload and Download Tests › File Upload - Raw Binary › should upload raw PDF buffer
[1A[2K[181/453] [chromium] › tests\file-upload-download.spec.ts:194:5 › File Upload and Download Tests › File Upload - Multipart Form Data › should handle upload without filename field
[1A[2K  40) [chromium] › tests\file-upload-download.spec.ts:114:5 › File Upload and Download Tests › File Upload - Multipart Form Data › should upload a PDF file successfully 

    ReferenceError: setTestAuth is not defined

      108 |   test.beforeAll(() => {
      109 |     convex = new ConvexHttpClient(CONVEX_URL);
    > 110 |     setTestAuth(convex, TEST_USER_ID);
          |     ^
      111 |   });
      112 |
      113 |   test.describe('File Upload - Multipart Form Data', () => {
        at d:\GitHub\open-agent-builder\tests\file-upload-download.spec.ts:110:5


[1A[2K[182/453] [chromium] › tests\file-upload-download.spec.ts:142:5 › File Upload and Download Tests › File Upload - Multipart Form Data › should upload a Markdown file successfully
[1A[2K[183/453] [chromium] › tests\file-upload-download.spec.ts:168:5 › File Upload and Download Tests › File Upload - Multipart Form Data › should upload a text file successfully
[1A[2K  41) [chromium] › tests\file-upload-download.spec.ts:265:5 › File Upload and Download Tests › File Upload - Raw Binary › should upload raw PDF buffer 

    ReferenceError: setTestAuth is not defined

      108 |   test.beforeAll(() => {
      109 |     convex = new ConvexHttpClient(CONVEX_URL);
    > 110 |     setTestAuth(convex, TEST_USER_ID);
          |     ^
      111 |   });
      112 |
      113 |   test.describe('File Upload - Multipart Form Data', () => {
        at d:\GitHub\open-agent-builder\tests\file-upload-download.spec.ts:110:5


[1A[2K[184/453] [chromium] › tests\file-upload-download.spec.ts:286:5 › File Upload and Download Tests › File Upload - Raw Binary › should upload raw text buffer
[1A[2K[185/453] [chromium] › tests\file-upload-download.spec.ts:306:5 › File Upload and Download Tests › File Upload - Raw Binary › should handle raw upload without filename
[1A[2K[186/453] [chromium] › tests\file-processing.spec.ts:346:5 › File Processing Tests › File Type Detection › should detect DOCX by content type
[1A[2K  42) [chromium] › tests\file-upload-download.spec.ts:194:5 › File Upload and Download Tests › File Upload - Multipart Form Data › should handle upload without filename field 

    ReferenceError: setTestAuth is not defined

      108 |   test.beforeAll(() => {
      109 |     convex = new ConvexHttpClient(CONVEX_URL);
    > 110 |     setTestAuth(convex, TEST_USER_ID);
          |     ^
      111 |   });
      112 |
      113 |   test.describe('File Upload - Multipart Form Data', () => {
        at d:\GitHub\open-agent-builder\tests\file-upload-download.spec.ts:110:5


[1A[2K[187/453] [chromium] › tests\file-upload-download.spec.ts:220:5 › File Upload and Download Tests › File Upload - Multipart Form Data › should reject upload without file field
[1A[2K[188/453] [chromium] › tests\file-upload-download.spec.ts:238:5 › File Upload and Download Tests › File Upload - Multipart Form Data › should handle large file upload (1MB)
[1A[2K[189/453] [chromium] › tests\file-upload-download.spec.ts:356:5 › File Upload and Download Tests › File Download › should get download URL for uploaded file
[1A[2K  43) [chromium] › tests\file-processing.spec.ts:346:5 › File Processing Tests › File Type Detection › should detect DOCX by content type 

    ReferenceError: setTestAuth is not defined

       98 |   test.beforeAll(() => {
       99 |     convex = new ConvexHttpClient(CONVEX_URL);
    > 100 |     setTestAuth(convex, TEST_USER_ID);
          |     ^
      101 |   });
      102 |
      103 |   test.describe('PDF Extraction', () => {
        at d:\GitHub\open-agent-builder\tests\file-processing.spec.ts:100:5


[1A[2K[190/453] [chromium] › tests\file-processing.spec.ts:351:5 › File Processing Tests › File Type Detection › should detect DOCX by filename extension
[1A[2K[191/453] [chromium] › tests\file-processing.spec.ts:356:5 › File Processing Tests › File Type Detection › should detect Markdown by content type
[1A[2K[192/453] [chromium] › tests\file-processing.spec.ts:361:5 › File Processing Tests › File Type Detection › should detect Markdown by filename extension
[1A[2K[dotenv@17.2.3] injecting env (0) from .env.local -- tip: ⚙️  write to custom object with { processEnv: myObject }

[1A[2K  44) [chromium] › tests\file-upload-download.spec.ts:356:5 › File Upload and Download Tests › File Download › should get download URL for uploaded file 

    ReferenceError: setTestAuth is not defined

      108 |   test.beforeAll(() => {
      109 |     convex = new ConvexHttpClient(CONVEX_URL);
    > 110 |     setTestAuth(convex, TEST_USER_ID);
          |     ^
      111 |   });
      112 |
      113 |   test.describe('File Upload - Multipart Form Data', () => {
        at d:\GitHub\open-agent-builder\tests\file-upload-download.spec.ts:110:5


[1A[2K[193/453] [chromium] › tests\file-upload-download.spec.ts:368:5 › File Upload and Download Tests › File Download › should download file and verify content
[1A[2K[194/453] [chromium] › tests\file-upload-download.spec.ts:384:5 › File Upload and Download Tests › File Download › should get file metadata
[1A[2K[195/453] [chromium] › tests\file-upload-download.spec.ts:398:5 › File Upload and Download Tests › File Download › should handle non-existent file gracefully
[1A[2K  45) [chromium] › tests\file-upload-download.spec.ts:398:5 › File Upload and Download Tests › File Download › should handle non-existent file gracefully 

    ReferenceError: setTestAuth is not defined

      108 |   test.beforeAll(() => {
      109 |     convex = new ConvexHttpClient(CONVEX_URL);
    > 110 |     setTestAuth(convex, TEST_USER_ID);
          |     ^
      111 |   });
      112 |
      113 |   test.describe('File Upload - Multipart Form Data', () => {
        at d:\GitHub\open-agent-builder\tests\file-upload-download.spec.ts:110:5


[1A[2K[196/453] [chromium] › tests\file-upload-download.spec.ts:414:5 › File Upload and Download Tests › File Download › should handle null metadata for non-existent file
[1A[2K[197/453] [chromium] › tests\file-upload-download.spec.ts:432:5 › File Upload and Download Tests › Multiple File Upload › should upload multiple files sequentially
[1A[2K[198/453] [chromium] › tests\edge-cases.spec.ts:537:5 › Edge Cases & Error Handling › Network Failures & Timeouts › should handle retry logic for failed operations
[1A[2K[199/453] [chromium] › tests\edge-cases.spec.ts:564:5 › Edge Cases & Error Handling › Network Failures & Timeouts › should handle connection errors gracefully
[1A[2K[dotenv@17.2.3] injecting env (0) from .env.local -- tip: 🔐 prevent building .env in docker: https://dotenvx.com/prebuild

[1A[2K  46) [chromium] › tests\edge-cases.spec.ts:575:5 › Edge Cases & Error Handling › Race Conditions › should handle concurrent workflow creations 

    Error: [Request ID: e60c7b7f17fd30cc] Server Error
    Uncaught Error: Workflow not found
        at handler (../convex/workflows.ts:237:10)

        at handler (../convex/workflows.ts:237:10)
        at ConvexHttpClient.mutationInner (d:\GitHub\open-agent-builder\node_modules\convex\src\browser\http_client.ts:383:15)
        at ConvexHttpClient.processMutationQueue (d:\GitHub\open-agent-builder\node_modules\convex\src\browser\http_client.ts:398:24)


[1A[2K[dotenv@17.2.3] injecting env (0) from .env.local -- tip: ⚙️  suppress all logs with { quiet: true }

[1A[2K[dotenv@17.2.3] injecting env (0) from .env.local -- tip: ✅ audit secrets and track compliance: https://dotenvx.com/ops

[1A[2K[dotenv@17.2.3] injecting env (0) from .env.local -- tip: 🔐 prevent committing .env to code: https://dotenvx.com/precommit

[1A[2K[dotenv@17.2.3] injecting env (0) from .env.local -- tip: ⚙️  enable debug logging with { debug: true }

[1A[2K[200/453] [chromium] › tests\file-upload-download.spec.ts:468:5 › File Upload and Download Tests › Multiple File Upload › should upload multiple files in parallel
[1A[2K[201/453] [chromium] › tests\file-upload-download.spec.ts:558:5 › File Upload and Download Tests › File Size and Validation › should handle binary content correctly
[1A[2K  47) [chromium] › tests\file-upload-download.spec.ts:468:5 › File Upload and Download Tests › Multiple File Upload › should upload multiple files in parallel 

    ReferenceError: setTestAuth is not defined

      108 |   test.beforeAll(() => {
      109 |     convex = new ConvexHttpClient(CONVEX_URL);
    > 110 |     setTestAuth(convex, TEST_USER_ID);
          |     ^
      111 |   });
      112 |
      113 |   test.describe('File Upload - Multipart Form Data', () => {
        at d:\GitHub\open-agent-builder\tests\file-upload-download.spec.ts:110:5


[1A[2K[202/453] [chromium] › tests\file-upload-download.spec.ts:502:5 › File Upload and Download Tests › File Size and Validation › should handle empty file
[1A[2K[203/453] [chromium] › tests\file-upload-download.spec.ts:526:5 › File Upload and Download Tests › File Size and Validation › should preserve file content integrity
[1A[2K  48) [chromium] › tests\file-upload-download.spec.ts:558:5 › File Upload and Download Tests › File Size and Validation › should handle binary content correctly 

    ReferenceError: setTestAuth is not defined

      108 |   test.beforeAll(() => {
      109 |     convex = new ConvexHttpClient(CONVEX_URL);
    > 110 |     setTestAuth(convex, TEST_USER_ID);
          |     ^
      111 |   });
      112 |
      113 |   test.describe('File Upload - Multipart Form Data', () => {
        at d:\GitHub\open-agent-builder\tests\file-upload-download.spec.ts:110:5


[1A[2K[204/453] [chromium] › tests\file-upload-download.spec.ts:595:5 › File Upload and Download Tests › CORS and Headers › should include CORS headers in response
[1A[2K[205/453] [chromium] › tests\file-upload-download.spec.ts:622:5 › File Upload and Download Tests › CORS and Headers › should handle OPTIONS preflight request
[1A[2K[dotenv@17.2.3] injecting env (0) from .env.local -- tip: ⚙️  override existing env vars with { override: true }

[1A[2K[206/453] [chromium] › tests\file-workflow-integration.spec.ts:439:5 › File and Workflow Integration Tests › File Error Handling in Workflows › should handle file without storageId
[1A[2K  49) [chromium] › tests\file-workflow-integration.spec.ts:439:5 › File and Workflow Integration Tests › File Error Handling in Workflows › should handle file without storageId 

    ReferenceError: setTestAuth is not defined

      89 |   test.beforeAll(() => {
      90 |     convex = new ConvexHttpClient(CONVEX_URL);
    > 91 |     setTestAuth(convex, TEST_USER_ID);
         |     ^
      92 |   });
      93 |
      94 |   test.describe('File Upload and State Injection', () => {
        at d:\GitHub\open-agent-builder\tests\file-workflow-integration.spec.ts:91:5


[1A[2K[207/453] [chromium] › tests\file-workflow-integration.spec.ts:461:5 › File and Workflow Integration Tests › File Error Handling in Workflows › should handle files with existing content (no re-fetch)
[1A[2K[208/453] [chromium] › tests\file-workflow-integration.spec.ts:95:5 › File and Workflow Integration Tests › File Upload and State Injection › should upload file and inject into workflow state
[1A[2K[209/453] [chromium] › tests\file-workflow-integration.spec.ts:186:5 › File and Workflow Integration Tests › File Upload and State Injection › should handle PDF file extraction in workflow state
[1A[2K  50) [chromium] › tests\file-workflow-integration.spec.ts:95:5 › File and Workflow Integration Tests › File Upload and State Injection › should upload file and inject into workflow state 

    ReferenceError: setTestAuth is not defined

      89 |   test.beforeAll(() => {
      90 |     convex = new ConvexHttpClient(CONVEX_URL);
    > 91 |     setTestAuth(convex, TEST_USER_ID);
         |     ^
      92 |   });
      93 |
      94 |   test.describe('File Upload and State Injection', () => {
        at d:\GitHub\open-agent-builder\tests\file-workflow-integration.spec.ts:91:5


[1A[2K[210/453] [chromium] › tests\file-workflow-integration.spec.ts:137:5 › File and Workflow Integration Tests › File Upload and State Injection › should prefetch file contents for workflow execution
[1A[2K[211/453] [chromium] › tests\file-workflow-integration.spec.ts:275:5 › File and Workflow Integration Tests › Multiple File Workflow Integration › should handle multiple file inputs in workflow state
[1A[2K  51) [chromium] › tests\file-workflow-integration.spec.ts:186:5 › File and Workflow Integration Tests › File Upload and State Injection › should handle PDF file extraction in workflow state 

    ReferenceError: setTestAuth is not defined

      89 |   test.beforeAll(() => {
      90 |     convex = new ConvexHttpClient(CONVEX_URL);
    > 91 |     setTestAuth(convex, TEST_USER_ID);
         |     ^
      92 |   });
      93 |
      94 |   test.describe('File Upload and State Injection', () => {
        at d:\GitHub\open-agent-builder\tests\file-workflow-integration.spec.ts:91:5


[1A[2K[212/453] [chromium] › tests\file-workflow-integration.spec.ts:230:5 › File and Workflow Integration Tests › File Upload and State Injection › should handle Markdown file in workflow state
[1A[2K  52) [chromium] › tests\file-workflow-integration.spec.ts:275:5 › File and Workflow Integration Tests › Multiple File Workflow Integration › should handle multiple file inputs in workflow state 

    ReferenceError: setTestAuth is not defined

      89 |   test.beforeAll(() => {
      90 |     convex = new ConvexHttpClient(CONVEX_URL);
    > 91 |     setTestAuth(convex, TEST_USER_ID);
         |     ^
      92 |   });
      93 |
      94 |   test.describe('File Upload and State Injection', () => {
        at d:\GitHub\open-agent-builder\tests\file-workflow-integration.spec.ts:91:5


[1A[2K[213/453] [chromium] › tests\file-workflow-integration.spec.ts:333:5 › File and Workflow Integration Tests › Multiple File Workflow Integration › should handle mixed file types in workflow
[1A[2K[214/453] [chromium] › tests\file-workflow-integration.spec.ts:400:5 › File and Workflow Integration Tests › File Error Handling in Workflows › should handle missing storage ID gracefully
[1A[2K  53) [chromium] › tests\file-workflow-integration.spec.ts:400:5 › File and Workflow Integration Tests › File Error Handling in Workflows › should handle missing storage ID gracefully 

    ReferenceError: setTestAuth is not defined

      89 |   test.beforeAll(() => {
      90 |     convex = new ConvexHttpClient(CONVEX_URL);
    > 91 |     setTestAuth(convex, TEST_USER_ID);
         |     ^
      92 |   });
      93 |
      94 |   test.describe('File Upload and State Injection', () => {
        at d:\GitHub\open-agent-builder\tests\file-workflow-integration.spec.ts:91:5


[1A[2K[215/453] [chromium] › tests\file-workflow-integration.spec.ts:425:5 › File and Workflow Integration Tests › File Error Handling in Workflows › should handle empty file reference
[1A[2K[dotenv@17.2.3] injecting env (0) from .env.local -- tip: 🔑 add access controls to secrets: https://dotenvx.com/ops

[1A[2K[dotenv@17.2.3] injecting env (0) from .env.local -- tip: ⚙️  enable debug logging with { debug: true }

[1A[2K[dotenv@17.2.3] injecting env (0) from .env.local -- tip: 🛠️  run anywhere with `dotenvx run -- yourcommand`

[1A[2K[216/453] [chromium] › tests\edge-cases.spec.ts:599:5 › Edge Cases & Error Handling › Race Conditions › should handle concurrent workflow updates
[1A[2K[chromium] › tests\edge-cases.spec.ts:599:5 › Edge Cases & Error Handling › Race Conditions › should handle concurrent workflow updates
⚠️ Starting Edge Cases Test Suite...

[1A[2K[dotenv@17.2.3] injecting env (0) from .env.local -- tip: 🔑 add access controls to secrets: https://dotenvx.com/ops

[1A[2K[dotenv@17.2.3] injecting env (0) from .env.local -- tip: 📡 add observability to secrets: https://dotenvx.com/ops

[1A[2K[dotenv@17.2.3] injecting env (0) from .env.local -- tip: ⚙️  suppress all logs with { quiet: true }

[1A[2K[dotenv@17.2.3] injecting env (0) from .env.local -- tip: 🔑 add access controls to secrets: https://dotenvx.com/ops

[1A[2K[217/453] [chromium] › tests\file-workflow-integration.spec.ts:505:5 › File and Workflow Integration Tests › Variable Substitution with Files › should substitute file content in agent instructions
[1A[2K  54) [chromium] › tests\file-workflow-integration.spec.ts:505:5 › File and Workflow Integration Tests › Variable Substitution with Files › should substitute file content in agent instructions 

    ReferenceError: setTestAuth is not defined

      89 |   test.beforeAll(() => {
      90 |     convex = new ConvexHttpClient(CONVEX_URL);
    > 91 |     setTestAuth(convex, TEST_USER_ID);
         |     ^
      92 |   });
      93 |
      94 |   test.describe('File Upload and State Injection', () => {
        at d:\GitHub\open-agent-builder\tests\file-workflow-integration.spec.ts:91:5


[1A[2K[218/453] [chromium] › tests\file-workflow-integration.spec.ts:546:5 › File and Workflow Integration Tests › Variable Substitution with Files › should handle file references in complex expressions
[1A[2K[dotenv@17.2.3] injecting env (0) from .env.local -- tip: ✅ audit secrets and track compliance: https://dotenvx.com/ops

[1A[2K[219/453] [chromium] › tests\mcp-lifecycle.spec.ts:129:5 › Custom MCP Server Lifecycle › Step 1: should add a new custom MCP server
[1A[2K[220/453] [chromium] › tests\model-regression.spec.ts:337:9 › Model Regression Tests › Provider: Anthropic › Claude Sonnet 4.5 - Basic Execution
[1A[2K[chromium] › tests\model-regression.spec.ts:337:9 › Model Regression Tests › Provider: Anthropic › Claude Sonnet 4.5 - Basic Execution

🚀 Starting Model Regression Test Suite...


[1A[2K[221/453] [chromium] › tests\model-regression.spec.ts:441:11 › Model Regression Tests › Provider: Anthropic › Claude Haiku 4.5 - With Tools
[1A[2K[Agent] Available API Keys: [
  [32m'openai'[39m,    [32m'anthropic'[39m,
  [32m'google'[39m,    [32m'groq'[39m,
  [32m'firecrawl'[39m, [32m'serpapi'[39m,
  [32m'tavily'[39m,    [32m'e2b'[39m,
  [32m'arcade'[39m,    [32m'gamma'[39m
]

[1A[2K[Agent] Selected Tools Config: []

[1A[2K[Tools] Total flattened MCP tools: 0

[1A[2K[FileUtils] ========== prefetchFileContents called ==========

[1A[2K[FileUtils] Text to scan: Say hello

[1A[2K[FileUtils] Found variable references: []

[1A[2K[FileUtils] No files to fetch, returning early

[1A[2K[chromium] › tests\model-regression.spec.ts:441:11 › Model Regression Tests › Provider: Anthropic › Claude Haiku 4.5 - With Tools

🚀 Starting Model Regression Test Suite...


[1A[2K[Agent] Available API Keys: [
  [32m'openai'[39m,    [32m'anthropic'[39m,
  [32m'google'[39m,    [32m'groq'[39m,
  [32m'firecrawl'[39m, [32m'serpapi'[39m,
  [32m'tavily'[39m,    [32m'e2b'[39m,
  [32m'arcade'[39m,    [32m'gamma'[39m
]

[1A[2K[Agent] Selected Tools Config: [
  {
    "toolId": "firecrawl-scrape",
    "enabled": true,
    "config": {}
  }
]

[1A[2K[Tools] Total flattened MCP tools: 0

[1A[2K[FileUtils] ========== prefetchFileContents called ==========

[1A[2K[FileUtils] Text to scan: Use the test tool

[1A[2K[FileUtils] Found variable references: []

[1A[2K[FileUtils] No files to fetch, returning early

[1A[2KUnknown tool ID: firecrawl-scrape

[1A[2K[222/453] [chromium] › tests\model-regression.spec.ts:584:11 › Model Regression Tests › Provider: OpenAI › o3 - JSON Mode
[1A[2K[223/453] [chromium] › tests\model-regression.spec.ts:441:11 › Model Regression Tests › Provider: Anthropic › Claude Sonnet 4.5 - With Tools
[1A[2K[chromium] › tests\model-regression.spec.ts:584:11 › Model Regression Tests › Provider: OpenAI › o3 - JSON Mode

🚀 Starting Model Regression Test Suite...


[1A[2K[chromium] › tests\model-regression.spec.ts:441:11 › Model Regression Tests › Provider: Anthropic › Claude Sonnet 4.5 - With Tools
[Agent] Available API Keys: [
  [32m'openai'[39m,    [32m'anthropic'[39m,
  [32m'google'[39m,    [32m'groq'[39m,
  [32m'firecrawl'[39m, [32m'serpapi'[39m,
  [32m'tavily'[39m,    [32m'e2b'[39m,
  [32m'arcade'[39m,    [32m'gamma'[39m
]

[1A[2K[Agent] Selected Tools Config: [
  {
    "toolId": "firecrawl-scrape",
    "enabled": true,
    "config": {}
  }
]

[1A[2K[Tools] Total flattened MCP tools: 0

[1A[2K[FileUtils] ========== prefetchFileContents called ==========

[1A[2K[FileUtils] Text to scan: Use the test tool

[1A[2K[FileUtils] Found variable references: []

[1A[2K[FileUtils] No files to fetch, returning early

[1A[2KUnknown tool ID: firecrawl-scrape

[1A[2K[224/453] [chromium] › tests\model-regression.spec.ts:584:11 › Model Regression Tests › Provider: Anthropic › Claude Sonnet 4.5 - JSON Mode
[1A[2K[chromium] › tests\model-regression.spec.ts:584:11 › Model Regression Tests › Provider: OpenAI › o3 - JSON Mode
[Agent] Available API Keys: [
  [32m'openai'[39m,    [32m'anthropic'[39m,
  [32m'google'[39m,    [32m'groq'[39m,
  [32m'firecrawl'[39m, [32m'serpapi'[39m,
  [32m'tavily'[39m,    [32m'e2b'[39m,
  [32m'arcade'[39m,    [32m'gamma'[39m
]

[1A[2K[Agent] Selected Tools Config: []

[1A[2K[Tools] Total flattened MCP tools: 0

[1A[2K[FileUtils] ========== prefetchFileContents called ==========

[1A[2K[FileUtils] Text to scan: Return JSON with name and value

[1A[2K[FileUtils] Found variable references: []

[1A[2K[FileUtils] No files to fetch, returning early

[1A[2K[chromium] › tests\model-regression.spec.ts:584:11 › Model Regression Tests › Provider: Anthropic › Claude Sonnet 4.5 - JSON Mode
[Agent] Available API Keys: [
  [32m'openai'[39m,    [32m'anthropic'[39m,
  [32m'google'[39m,    [32m'groq'[39m,
  [32m'firecrawl'[39m, [32m'serpapi'[39m,
  [32m'tavily'[39m,    [32m'e2b'[39m,
  [32m'arcade'[39m,    [32m'gamma'[39m
]

[1A[2K[Agent] Selected Tools Config: []

[1A[2K[Tools] Total flattened MCP tools: 0

[1A[2K[FileUtils] ========== prefetchFileContents called ==========

[1A[2K[FileUtils] Text to scan: Return JSON with name and value

[1A[2K[FileUtils] Found variable references: []

[1A[2K[FileUtils] No files to fetch, returning early

[1A[2K[225/453] [chromium] › tests\model-regression.spec.ts:584:11 › Model Regression Tests › Provider: Anthropic › Claude Haiku 4.5 - JSON Mode
[1A[2K[226/453] [chromium] › tests\model-regression.spec.ts:337:9 › Model Regression Tests › Provider: Groq › Llama 4 Maverick 17B - Basic Execution
[1A[2K[227/453] [chromium] › tests\model-regression.spec.ts:337:9 › Model Regression Tests › Provider: Anthropic › Claude Opus 4.6 - Basic Execution
[1A[2K[chromium] › tests\model-regression.spec.ts:584:11 › Model Regression Tests › Provider: Anthropic › Claude Haiku 4.5 - JSON Mode
[Agent] Available API Keys: [
  [32m'openai'[39m,    [32m'anthropic'[39m,
  [32m'google'[39m,    [32m'groq'[39m,
  [32m'firecrawl'[39m, [32m'serpapi'[39m,
  [32m'tavily'[39m,    [32m'e2b'[39m,
  [32m'arcade'[39m,    [32m'gamma'[39m
]

[1A[2K[Agent] Selected Tools Config: []

[1A[2K[Tools] Total flattened MCP tools: 0

[1A[2K[FileUtils] ========== prefetchFileContents called ==========

[1A[2K[FileUtils] Text to scan: Return JSON with name and value

[1A[2K[FileUtils] Found variable references: []

[1A[2K[FileUtils] No files to fetch, returning early

[1A[2K[chromium] › tests\model-regression.spec.ts:337:9 › Model Regression Tests › Provider: Anthropic › Claude Opus 4.6 - Basic Execution
[Agent] Available API Keys: [
  [32m'openai'[39m,    [32m'anthropic'[39m,
  [32m'google'[39m,    [32m'groq'[39m,
  [32m'firecrawl'[39m, [32m'serpapi'[39m,
  [32m'tavily'[39m,    [32m'e2b'[39m,
  [32m'arcade'[39m,    [32m'gamma'[39m
]

[1A[2K[Agent] Selected Tools Config: []

[1A[2K[Tools] Total flattened MCP tools: 0

[1A[2K[FileUtils] ========== prefetchFileContents called ==========

[1A[2K[FileUtils] Text to scan: Say hello

[1A[2K[FileUtils] Found variable references: []

[1A[2K[FileUtils] No files to fetch, returning early

[1A[2K[chromium] › tests\model-regression.spec.ts:337:9 › Model Regression Tests › Provider: Groq › Llama 4 Maverick 17B - Basic Execution

🚀 Starting Model Regression Test Suite...


[1A[2K[228/453] [chromium] › tests\model-regression.spec.ts:337:9 › Model Regression Tests › Provider: OpenAI › GPT-5.2 - Basic Execution
[1A[2K[229/453] [chromium] › tests\model-regression.spec.ts:441:11 › Model Regression Tests › Provider: Anthropic › Claude Opus 4.6 - With Tools
[1A[2K[chromium] › tests\model-regression.spec.ts:337:9 › Model Regression Tests › Provider: OpenAI › GPT-5.2 - Basic Execution
[Agent] Available API Keys: [
  [32m'openai'[39m,    [32m'anthropic'[39m,
  [32m'google'[39m,    [32m'groq'[39m,
  [32m'firecrawl'[39m, [32m'serpapi'[39m,
  [32m'tavily'[39m,    [32m'e2b'[39m,
  [32m'arcade'[39m,    [32m'gamma'[39m
]

[1A[2K[Agent] Selected Tools Config: []

[1A[2K[Tools] Total flattened MCP tools: 0

[1A[2K[FileUtils] ========== prefetchFileContents called ==========

[1A[2K[FileUtils] Text to scan: Say hello

[1A[2K[FileUtils] Found variable references: []

[1A[2K[FileUtils] No files to fetch, returning early

[1A[2K[chromium] › tests\model-regression.spec.ts:441:11 › Model Regression Tests › Provider: Anthropic › Claude Opus 4.6 - With Tools
[Agent] Available API Keys: [
  [32m'openai'[39m,    [32m'anthropic'[39m,
  [32m'google'[39m,    [32m'groq'[39m,
  [32m'firecrawl'[39m, [32m'serpapi'[39m,
  [32m'tavily'[39m,    [32m'e2b'[39m,
  [32m'arcade'[39m,    [32m'gamma'[39m
]

[1A[2K[Agent] Selected Tools Config: [
  {
    "toolId": "firecrawl-scrape",
    "enabled": true,
    "config": {}
  }
]

[1A[2K[Tools] Total flattened MCP tools: 0

[1A[2K[FileUtils] ========== prefetchFileContents called ==========

[1A[2K[FileUtils] Text to scan: Use the test tool

[1A[2K[FileUtils] Found variable references: []

[1A[2K[FileUtils] No files to fetch, returning early

[1A[2KUnknown tool ID: firecrawl-scrape

[1A[2K[chromium] › tests\model-regression.spec.ts:337:9 › Model Regression Tests › Provider: Groq › Llama 4 Maverick 17B - Basic Execution
[Agent] Available API Keys: [
  [32m'openai'[39m,    [32m'anthropic'[39m,
  [32m'google'[39m,    [32m'groq'[39m,
  [32m'firecrawl'[39m, [32m'serpapi'[39m,
  [32m'tavily'[39m,    [32m'e2b'[39m,
  [32m'arcade'[39m,    [32m'gamma'[39m
]

[1A[2K[Agent] Selected Tools Config: []

[1A[2K[Tools] Total flattened MCP tools: 0

[1A[2K[FileUtils] ========== prefetchFileContents called ==========

[1A[2K[FileUtils] Text to scan: Say hello

[1A[2K[FileUtils] Found variable references: []

[1A[2K[FileUtils] No files to fetch, returning early

[1A[2K[230/453] [chromium] › tests\model-regression.spec.ts:584:11 › Model Regression Tests › Provider: Anthropic › Claude Opus 4.6 - JSON Mode
[1A[2K[chromium] › tests\model-regression.spec.ts:584:11 › Model Regression Tests › Provider: Anthropic › Claude Opus 4.6 - JSON Mode
[Agent] Available API Keys: [
  [32m'openai'[39m,    [32m'anthropic'[39m,
  [32m'google'[39m,    [32m'groq'[39m,
  [32m'firecrawl'[39m, [32m'serpapi'[39m,
  [32m'tavily'[39m,    [32m'e2b'[39m,
  [32m'arcade'[39m,    [32m'gamma'[39m
]

[1A[2K[Agent] Selected Tools Config: []

[1A[2K[Tools] Total flattened MCP tools: 0

[1A[2K[FileUtils] ========== prefetchFileContents called ==========

[1A[2K[FileUtils] Text to scan: Return JSON with name and value

[1A[2K[FileUtils] Found variable references: []

[1A[2K[FileUtils] No files to fetch, returning early

[1A[2K[231/453] [chromium] › tests\model-regression.spec.ts:337:9 › Model Regression Tests › Provider: Anthropic › Claude Haiku 4.5 - Basic Execution
[1A[2K[chromium] › tests\model-regression.spec.ts:337:9 › Model Regression Tests › Provider: Anthropic › Claude Haiku 4.5 - Basic Execution
[Agent] Available API Keys: [
  [32m'openai'[39m,    [32m'anthropic'[39m,
  [32m'google'[39m,    [32m'groq'[39m,
  [32m'firecrawl'[39m, [32m'serpapi'[39m,
  [32m'tavily'[39m,    [32m'e2b'[39m,
  [32m'arcade'[39m,    [32m'gamma'[39m
]

[1A[2K[Agent] Selected Tools Config: []

[1A[2K[Tools] Total flattened MCP tools: 0

[1A[2K[FileUtils] ========== prefetchFileContents called ==========

[1A[2K[FileUtils] Text to scan: Say hello

[1A[2K[FileUtils] Found variable references: []

[1A[2K[FileUtils] No files to fetch, returning early

[1A[2K
✅ Test report generated: d:\GitHub\open-agent-builder\test-reports\model-regression-1770989910774.json

[1A[2K  55) [chromium] › tests\mcp-lifecycle.spec.ts:129:5 › Custom MCP Server Lifecycle › Step 1: should add a new custom MCP server 

    ReferenceError: require is not defined

      116 |         // This is the definitive fix for the state pollution that occurs when Playwright
      117 |         // runs test files sequentially in the same worker process (as it does in CI).
    > 118 |         Object.keys(require.cache).forEach(key => {
          |                     ^
      119 |             if (
      120 |                 key.includes('lib/workflow/executors/agent') ||
      121 |                 key.includes('lib/tools/registry') ||
        at d:\GitHub\open-agent-builder\tests\mcp-lifecycle.spec.ts:118:21


[1A[2K[232/453] [chromium] › tests\mcp-lifecycle.spec.ts:134:5 › Custom MCP Server Lifecycle › Step 2: should retrieve the new custom MCP server
[1A[2K[233/453] [chromium] › tests\mcp-lifecycle.spec.ts:139:5 › Custom MCP Server Lifecycle › Step 3: should execute a workflow with the custom MCP server
[1A[2K[234/453] [chromium] › tests\mcp-lifecycle.spec.ts:188:5 › Custom MCP Server Lifecycle › Step 4: should delete the custom MCP server
[1A[2K[235/453] [chromium] › tests\mcp-lifecycle.spec.ts:195:5 › Custom MCP Server Lifecycle › Step 5: should verify the custom MCP server is deleted
[1A[2K✅ HTML report generated: d:\GitHub\open-agent-builder\test-reports\model-regression-1770989910774.html


[1A[2K
================================================================================

[1A[2KMODEL REGRESSION TEST REPORT

[1A[2K================================================================================

[1A[2K
Test Duration: 0.30s

[1A[2KStart Time: 2026-02-13T13:38:30.774Z

[1A[2KEnd Time: 2026-02-13T13:38:31.078Z

[1A[2K
Summary:

[1A[2K  Total Tests: 7

[1A[2K  Passed: 7 ✓

[1A[2K  Failed: 0 ✗

[1A[2K  Skipped: 0 ⊘

[1A[2K  Pass Rate: 100.00%

[1A[2K
By Provider:

[1A[2K  anthropic: 7/7 passed (100.0%)

[1A[2K
================================================================================


[1A[2K[dotenv@17.2.3] injecting env (0) from .env.local -- tip: 🔑 add access controls to secrets: https://dotenvx.com/ops

[1A[2K[236/453] [chromium] › tests\model-regression.spec.ts:337:9 › Model Regression Tests › Provider: OpenAI › GPT-4.5 - Basic Execution
[1A[2K[chromium] › tests\model-regression.spec.ts:337:9 › Model Regression Tests › Provider: OpenAI › GPT-4.5 - Basic Execution
[Agent] Available API Keys: [
  [32m'openai'[39m,    [32m'anthropic'[39m,
  [32m'google'[39m,    [32m'groq'[39m,
  [32m'firecrawl'[39m, [32m'serpapi'[39m,
  [32m'tavily'[39m,    [32m'e2b'[39m,
  [32m'arcade'[39m,    [32m'gamma'[39m
]

[1A[2K[237/453] [chromium] › tests\model-regression.spec.ts:441:11 › Model Regression Tests › Provider: Groq › Llama 4 Maverick 17B - With Tools
[1A[2K[238/453] [chromium] › tests\model-regression.spec.ts:441:11 › Model Regression Tests › Provider: OpenAI › GPT-5.2 - With Tools
[1A[2K[Agent] Selected Tools Config: []

[1A[2K[Tools] Total flattened MCP tools: 0

[1A[2K[FileUtils] ========== prefetchFileContents called ==========

[1A[2K[FileUtils] Text to scan: Say hello

[1A[2K[FileUtils] Found variable references: []

[1A[2K[chromium] › tests\model-regression.spec.ts:441:11 › Model Regression Tests › Provider: Groq › Llama 4 Maverick 17B - With Tools
[Agent] Available API Keys: [
  [32m'openai'[39m,    [32m'anthropic'[39m,
  [32m'google'[39m,    [32m'groq'[39m,
  [32m'firecrawl'[39m, [32m'serpapi'[39m,
  [32m'tavily'[39m,    [32m'e2b'[39m,
  [32m'arcade'[39m,    [32m'gamma'[39m
]

[1A[2K[chromium] › tests\model-regression.spec.ts:441:11 › Model Regression Tests › Provider: OpenAI › GPT-5.2 - With Tools
[Agent] Available API Keys: [
  [32m'openai'[39m,    [32m'anthropic'[39m,
  [32m'google'[39m,    [32m'groq'[39m,
  [32m'firecrawl'[39m, [32m'serpapi'[39m,
  [32m'tavily'[39m,    [32m'e2b'[39m,
  [32m'arcade'[39m,    [32m'gamma'[39m
]

[1A[2K[chromium] › tests\model-regression.spec.ts:337:9 › Model Regression Tests › Provider: OpenAI › GPT-4.5 - Basic Execution
[FileUtils] No files to fetch, returning early

[1A[2K[chromium] › tests\model-regression.spec.ts:441:11 › Model Regression Tests › Provider: Groq › Llama 4 Maverick 17B - With Tools
[Agent] Selected Tools Config: [
  {
    "toolId": "firecrawl-scrape",
    "enabled": true,
    "config": {}
  }
]

[1A[2K[chromium] › tests\model-regression.spec.ts:441:11 › Model Regression Tests › Provider: OpenAI › GPT-5.2 - With Tools
[Agent] Selected Tools Config: [
  {
    "toolId": "firecrawl-scrape",
    "enabled": true,
    "config": {}
  }
]

[1A[2K[chromium] › tests\model-regression.spec.ts:441:11 › Model Regression Tests › Provider: Groq › Llama 4 Maverick 17B - With Tools
[Tools] Total flattened MCP tools: 0

[1A[2K[chromium] › tests\model-regression.spec.ts:441:11 › Model Regression Tests › Provider: OpenAI › GPT-5.2 - With Tools
[Tools] Total flattened MCP tools: 0

[1A[2K[chromium] › tests\model-regression.spec.ts:441:11 › Model Regression Tests › Provider: Groq › Llama 4 Maverick 17B - With Tools
[FileUtils] ========== prefetchFileContents called ==========

[1A[2K[chromium] › tests\model-regression.spec.ts:441:11 › Model Regression Tests › Provider: OpenAI › GPT-5.2 - With Tools
[FileUtils] ========== prefetchFileContents called ==========

[1A[2K[chromium] › tests\model-regression.spec.ts:441:11 › Model Regression Tests › Provider: Groq › Llama 4 Maverick 17B - With Tools
[FileUtils] Text to scan: Use the test tool

[1A[2K[chromium] › tests\model-regression.spec.ts:441:11 › Model Regression Tests › Provider: OpenAI › GPT-5.2 - With Tools
[FileUtils] Text to scan: Use the test tool

[1A[2K[chromium] › tests\model-regression.spec.ts:441:11 › Model Regression Tests › Provider: Groq › Llama 4 Maverick 17B - With Tools
[FileUtils] Found variable references: []

[1A[2K[chromium] › tests\model-regression.spec.ts:441:11 › Model Regression Tests › Provider: OpenAI › GPT-5.2 - With Tools
[FileUtils] Found variable references: []

[1A[2K[chromium] › tests\model-regression.spec.ts:441:11 › Model Regression Tests › Provider: Groq › Llama 4 Maverick 17B - With Tools
[FileUtils] No files to fetch, returning early

[1A[2K[chromium] › tests\model-regression.spec.ts:441:11 › Model Regression Tests › Provider: OpenAI › GPT-5.2 - With Tools
[FileUtils] No files to fetch, returning early

[1A[2K[chromium] › tests\model-regression.spec.ts:441:11 › Model Regression Tests › Provider: Groq › Llama 4 Maverick 17B - With Tools
Unknown tool ID: firecrawl-scrape

[1A[2K[chromium] › tests\model-regression.spec.ts:441:11 › Model Regression Tests › Provider: OpenAI › GPT-5.2 - With Tools
Unknown tool ID: firecrawl-scrape

[1A[2K[239/453] [chromium] › tests\model-regression.spec.ts:441:11 › Model Regression Tests › Provider: OpenAI › GPT-4.5 - With Tools
[1A[2K[240/453] [chromium] › tests\model-regression.spec.ts:584:11 › Model Regression Tests › Provider: Groq › Llama 4 Maverick 17B - JSON Mode
[1A[2K[241/453] [chromium] › tests\model-regression.spec.ts:584:11 › Model Regression Tests › Provider: OpenAI › GPT-5.2 - JSON Mode
[1A[2K[chromium] › tests\model-regression.spec.ts:441:11 › Model Regression Tests › Provider: OpenAI › GPT-4.5 - With Tools
[Agent] Available API Keys: [
  [32m'openai'[39m,    [32m'anthropic'[39m,
  [32m'google'[39m,    [32m'groq'[39m,
  [32m'firecrawl'[39m, [32m'serpapi'[39m,
  [32m'tavily'[39m,    [32m'e2b'[39m,
  [32m'arcade'[39m,    [32m'gamma'[39m
]

[1A[2K[242/453] [chromium] › tests\model-regression.spec.ts:441:11 › Model Regression Tests › Provider: Google › Gemini 2.5 Flash - With Tools
[1A[2K[Agent] Selected Tools Config: [
  {
    "toolId": "firecrawl-scrape",
    "enabled": true,
    "config": {}
  }
]

[1A[2K[Tools] Total flattened MCP tools: 0

[1A[2K[FileUtils] ========== prefetchFileContents called ==========

[1A[2K[FileUtils] Text to scan: Use the test tool

[1A[2K[chromium] › tests\model-regression.spec.ts:584:11 › Model Regression Tests › Provider: Groq › Llama 4 Maverick 17B - JSON Mode
[Agent] Available API Keys: [
  [32m'openai'[39m,    [32m'anthropic'[39m,
  [32m'google'[39m,    [32m'groq'[39m,
  [32m'firecrawl'[39m, [32m'serpapi'[39m,
  [32m'tavily'[39m,    [32m'e2b'[39m,
  [32m'arcade'[39m,    [32m'gamma'[39m
]

[1A[2K[chromium] › tests\model-regression.spec.ts:584:11 › Model Regression Tests › Provider: OpenAI › GPT-5.2 - JSON Mode
[Agent] Available API Keys: [
  [32m'openai'[39m,    [32m'anthropic'[39m,
  [32m'google'[39m,    [32m'groq'[39m,
  [32m'firecrawl'[39m, [32m'serpapi'[39m,
  [32m'tavily'[39m,    [32m'e2b'[39m,
  [32m'arcade'[39m,    [32m'gamma'[39m
]

[1A[2K[chromium] › tests\model-regression.spec.ts:441:11 › Model Regression Tests › Provider: OpenAI › GPT-4.5 - With Tools
[FileUtils] Found variable references: []

[1A[2K[chromium] › tests\model-regression.spec.ts:584:11 › Model Regression Tests › Provider: Groq › Llama 4 Maverick 17B - JSON Mode
[Agent] Selected Tools Config: []

[1A[2K[chromium] › tests\model-regression.spec.ts:584:11 › Model Regression Tests › Provider: OpenAI › GPT-5.2 - JSON Mode
[Agent] Selected Tools Config: []

[1A[2K[chromium] › tests\model-regression.spec.ts:441:11 › Model Regression Tests › Provider: OpenAI › GPT-4.5 - With Tools
[FileUtils] No files to fetch, returning early

[1A[2K[chromium] › tests\model-regression.spec.ts:584:11 › Model Regression Tests › Provider: Groq › Llama 4 Maverick 17B - JSON Mode
[Tools] Total flattened MCP tools: 0

[1A[2K[chromium] › tests\model-regression.spec.ts:584:11 › Model Regression Tests › Provider: OpenAI › GPT-5.2 - JSON Mode
[Tools] Total flattened MCP tools: 0

[1A[2K[chromium] › tests\model-regression.spec.ts:441:11 › Model Regression Tests › Provider: OpenAI › GPT-4.5 - With Tools
Unknown tool ID: firecrawl-scrape

[1A[2K[chromium] › tests\model-regression.spec.ts:584:11 › Model Regression Tests › Provider: Groq › Llama 4 Maverick 17B - JSON Mode
[FileUtils] ========== prefetchFileContents called ==========

[1A[2K[chromium] › tests\model-regression.spec.ts:584:11 › Model Regression Tests › Provider: OpenAI › GPT-5.2 - JSON Mode
[FileUtils] ========== prefetchFileContents called ==========

[1A[2K[chromium] › tests\model-regression.spec.ts:584:11 › Model Regression Tests › Provider: Groq › Llama 4 Maverick 17B - JSON Mode
[FileUtils] Text to scan: Return JSON with name and value

[1A[2K[chromium] › tests\model-regression.spec.ts:584:11 › Model Regression Tests › Provider: OpenAI › GPT-5.2 - JSON Mode
[FileUtils] Text to scan: Return JSON with name and value

[1A[2K[chromium] › tests\model-regression.spec.ts:584:11 › Model Regression Tests › Provider: Groq › Llama 4 Maverick 17B - JSON Mode
[FileUtils] Found variable references: []

[1A[2K[chromium] › tests\model-regression.spec.ts:584:11 › Model Regression Tests › Provider: OpenAI › GPT-5.2 - JSON Mode
[FileUtils] Found variable references: []

[1A[2K[chromium] › tests\model-regression.spec.ts:584:11 › Model Regression Tests › Provider: Groq › Llama 4 Maverick 17B - JSON Mode
[FileUtils] No files to fetch, returning early

[1A[2K[chromium] › tests\model-regression.spec.ts:584:11 › Model Regression Tests › Provider: OpenAI › GPT-5.2 - JSON Mode
[FileUtils] No files to fetch, returning early

[1A[2K[243/453] [chromium] › tests\model-regression.spec.ts:584:11 › Model Regression Tests › Provider: OpenAI › GPT-4.5 - JSON Mode
[1A[2K[chromium] › tests\model-regression.spec.ts:584:11 › Model Regression Tests › Provider: OpenAI › GPT-4.5 - JSON Mode
[Agent] Available API Keys: [
  [32m'openai'[39m,    [32m'anthropic'[39m,
  [32m'google'[39m,    [32m'groq'[39m,
  [32m'firecrawl'[39m, [32m'serpapi'[39m,
  [32m'tavily'[39m,    [32m'e2b'[39m,
  [32m'arcade'[39m,    [32m'gamma'[39m
]

[1A[2K[244/453] [chromium] › tests\model-regression.spec.ts:337:9 › Model Regression Tests › Provider: OpenAI › o3 - Basic Execution
[1A[2K[Agent] Selected Tools Config: []

[1A[2K[Tools] Total flattened MCP tools: 0

[1A[2K[FileUtils] ========== prefetchFileContents called ==========

[1A[2K[FileUtils] Text to scan: Return JSON with name and value

[1A[2K[FileUtils] Found variable references: []

[1A[2K[chromium] › tests\model-regression.spec.ts:337:9 › Model Regression Tests › Provider: OpenAI › o3 - Basic Execution
[Agent] Available API Keys: [
  [32m'openai'[39m,    [32m'anthropic'[39m,
  [32m'google'[39m,    [32m'groq'[39m,
  [32m'firecrawl'[39m, [32m'serpapi'[39m,
  [32m'tavily'[39m,    [32m'e2b'[39m,
  [32m'arcade'[39m,    [32m'gamma'[39m
]

[1A[2K[chromium] › tests\model-regression.spec.ts:584:11 › Model Regression Tests › Provider: OpenAI › GPT-4.5 - JSON Mode
[FileUtils] No files to fetch, returning early

[1A[2K[chromium] › tests\model-regression.spec.ts:337:9 › Model Regression Tests › Provider: OpenAI › o3 - Basic Execution
[Agent] Selected Tools Config: []

[1A[2K[Tools] Total flattened MCP tools: 0

[1A[2K[FileUtils] ========== prefetchFileContents called ==========

[1A[2K[FileUtils] Text to scan: Say hello

[1A[2K[FileUtils] Found variable references: []

[1A[2K[FileUtils] No files to fetch, returning early

[1A[2K[245/453] [chromium] › tests\model-regression.spec.ts:337:9 › Model Regression Tests › Provider: OpenAI › GPT-4o Mini - Basic Execution
[1A[2K[246/453] [chromium] › tests\model-regression.spec.ts:337:9 › Model Regression Tests › Provider: Groq › Llama 4 Scout 17B - Basic Execution
[1A[2K[chromium] › tests\model-regression.spec.ts:441:11 › Model Regression Tests › Provider: Google › Gemini 2.5 Flash - With Tools

🚀 Starting Model Regression Test Suite...


[1A[2K[247/453] [chromium] › tests\model-regression.spec.ts:441:11 › Model Regression Tests › Provider: OpenAI › o3 - With Tools
[1A[2K[chromium] › tests\model-regression.spec.ts:337:9 › Model Regression Tests › Provider: OpenAI › GPT-4o Mini - Basic Execution
[Agent] Available API Keys: [
  [32m'openai'[39m,    [32m'anthropic'[39m,
  [32m'google'[39m,    [32m'groq'[39m,
  [32m'firecrawl'[39m, [32m'serpapi'[39m,
  [32m'tavily'[39m,    [32m'e2b'[39m,
  [32m'arcade'[39m,    [32m'gamma'[39m
]

[1A[2K[Agent] Selected Tools Config: []

[1A[2K[Tools] Total flattened MCP tools: 0

[1A[2K[FileUtils] ========== prefetchFileContents called ==========

[1A[2K[FileUtils] Text to scan: Say hello

[1A[2K[FileUtils] Found variable references: []

[1A[2K[FileUtils] No files to fetch, returning early

[1A[2K[chromium] › tests\model-regression.spec.ts:337:9 › Model Regression Tests › Provider: Groq › Llama 4 Scout 17B - Basic Execution
[Agent] Available API Keys: [
  [32m'openai'[39m,    [32m'anthropic'[39m,
  [32m'google'[39m,    [32m'groq'[39m,
  [32m'firecrawl'[39m, [32m'serpapi'[39m,
  [32m'tavily'[39m,    [32m'e2b'[39m,
  [32m'arcade'[39m,    [32m'gamma'[39m
]

[1A[2K[Agent] Selected Tools Config: []

[1A[2K[Tools] Total flattened MCP tools: 0

[1A[2K[FileUtils] ========== prefetchFileContents called ==========

[1A[2K[FileUtils] Text to scan: Say hello

[1A[2K[FileUtils] Found variable references: []

[1A[2K[FileUtils] No files to fetch, returning early

[1A[2K[248/453] [chromium] › tests\model-regression.spec.ts:441:11 › Model Regression Tests › Provider: Groq › Llama 3.3 70B Versatile - With Tools
[1A[2K[chromium] › tests\model-regression.spec.ts:441:11 › Model Regression Tests › Provider: Google › Gemini 2.5 Flash - With Tools
[Agent] Available API Keys: [
  [32m'openai'[39m,    [32m'anthropic'[39m,
  [32m'google'[39m,    [32m'groq'[39m,
  [32m'firecrawl'[39m, [32m'serpapi'[39m,
  [32m'tavily'[39m,    [32m'e2b'[39m,
  [32m'arcade'[39m,    [32m'gamma'[39m
]

[1A[2K[Agent] Selected Tools Config: [
  {
    "toolId": "firecrawl-scrape",
    "enabled": true,
    "config": {}
  }
]

[1A[2K[Tools] Total flattened MCP tools: 0

[1A[2K[FileUtils] ========== prefetchFileContents called ==========

[1A[2K[FileUtils] Text to scan: Use the test tool

[1A[2K[FileUtils] Found variable references: []

[1A[2K[FileUtils] No files to fetch, returning early

[1A[2KUnknown tool ID: firecrawl-scrape

[1A[2K[chromium] › tests\model-regression.spec.ts:441:11 › Model Regression Tests › Provider: OpenAI › o3 - With Tools
[Agent] Available API Keys: [
  [32m'openai'[39m,    [32m'anthropic'[39m,
  [32m'google'[39m,    [32m'groq'[39m,
  [32m'firecrawl'[39m, [32m'serpapi'[39m,
  [32m'tavily'[39m,    [32m'e2b'[39m,
  [32m'arcade'[39m,    [32m'gamma'[39m
]

[1A[2K[Agent] Selected Tools Config: [
  {
    "toolId": "firecrawl-scrape",
    "enabled": true,
    "config": {}
  }
]

[1A[2K[Tools] Total flattened MCP tools: 0

[1A[2K[FileUtils] ========== prefetchFileContents called ==========

[1A[2K[FileUtils] Text to scan: Use the test tool

[1A[2K[FileUtils] Found variable references: []

[1A[2K[FileUtils] No files to fetch, returning early

[1A[2KUnknown tool ID: firecrawl-scrape

[1A[2K[249/453] [chromium] › tests\model-regression.spec.ts:441:11 › Model Regression Tests › Provider: OpenAI › GPT-4o Mini - With Tools
[1A[2K[250/453] [chromium] › tests\model-regression.spec.ts:441:11 › Model Regression Tests › Provider: Groq › Llama 4 Scout 17B - With Tools
[1A[2K[chromium] › tests\model-regression.spec.ts:441:11 › Model Regression Tests › Provider: Groq › Llama 4 Scout 17B - With Tools
[Agent] Available API Keys: [
  [32m'openai'[39m,    [32m'anthropic'[39m,
  [32m'google'[39m,    [32m'groq'[39m,
  [32m'firecrawl'[39m, [32m'serpapi'[39m,
  [32m'tavily'[39m,    [32m'e2b'[39m,
  [32m'arcade'[39m,    [32m'gamma'[39m
]

[1A[2K[Agent] Selected Tools Config: [
  {
    "toolId": "firecrawl-scrape",
    "enabled": true,
    "config": {}
  }
]

[1A[2K[Tools] Total flattened MCP tools: 0

[1A[2K[FileUtils] ========== prefetchFileContents called ==========

[1A[2K[FileUtils] Text to scan: Use the test tool

[1A[2K[FileUtils] Found variable references: []

[1A[2K[FileUtils] No files to fetch, returning early

[1A[2KUnknown tool ID: firecrawl-scrape

[1A[2K[chromium] › tests\model-regression.spec.ts:441:11 › Model Regression Tests › Provider: OpenAI › GPT-4o Mini - With Tools
[Agent] Available API Keys: [
  [32m'openai'[39m,    [32m'anthropic'[39m,
  [32m'google'[39m,    [32m'groq'[39m,
  [32m'firecrawl'[39m, [32m'serpapi'[39m,
  [32m'tavily'[39m,    [32m'e2b'[39m,
  [32m'arcade'[39m,    [32m'gamma'[39m
]

[1A[2K[Agent] Selected Tools Config: [
  {
    "toolId": "firecrawl-scrape",
    "enabled": true,
    "config": {}
  }
]

[1A[2K[Tools] Total flattened MCP tools: 0

[1A[2K[FileUtils] ========== prefetchFileContents called ==========

[1A[2K[FileUtils] Text to scan: Use the test tool

[1A[2K[FileUtils] Found variable references: []

[1A[2K[FileUtils] No files to fetch, returning early

[1A[2KUnknown tool ID: firecrawl-scrape

[1A[2K[chromium] › tests\model-regression.spec.ts:441:11 › Model Regression Tests › Provider: Groq › Llama 3.3 70B Versatile - With Tools

🚀 Starting Model Regression Test Suite...


[1A[2K[251/453] [chromium] › tests\model-regression.spec.ts:584:11 › Model Regression Tests › Provider: OpenAI › GPT-4o Mini - JSON Mode
[1A[2K[252/453] [chromium] › tests\model-regression.spec.ts:584:11 › Model Regression Tests › Provider: Groq › Llama 4 Scout 17B - JSON Mode
[1A[2K[chromium] › tests\model-regression.spec.ts:584:11 › Model Regression Tests › Provider: OpenAI › GPT-4o Mini - JSON Mode
[Agent] Available API Keys: [
  [32m'openai'[39m,    [32m'anthropic'[39m,
  [32m'google'[39m,    [32m'groq'[39m,
  [32m'firecrawl'[39m, [32m'serpapi'[39m,
  [32m'tavily'[39m,    [32m'e2b'[39m,
  [32m'arcade'[39m,    [32m'gamma'[39m
]

[1A[2K[Agent] Selected Tools Config: []

[1A[2K[Tools] Total flattened MCP tools: 0

[1A[2K[FileUtils] ========== prefetchFileContents called ==========

[1A[2K[FileUtils] Text to scan: Return JSON with name and value

[1A[2K[FileUtils] Found variable references: []

[1A[2K[FileUtils] No files to fetch, returning early

[1A[2K[chromium] › tests\model-regression.spec.ts:441:11 › Model Regression Tests › Provider: OpenAI › o3 - With Tools

✅ Test report generated: d:\GitHub\open-agent-builder\test-reports\model-regression-1770989910811.json

[1A[2K[chromium] › tests\model-regression.spec.ts:584:11 › Model Regression Tests › Provider: Groq › Llama 4 Scout 17B - JSON Mode
[Agent] Available API Keys: [
  [32m'openai'[39m,    [32m'anthropic'[39m,
  [32m'google'[39m,    [32m'groq'[39m,
  [32m'firecrawl'[39m, [32m'serpapi'[39m,
  [32m'tavily'[39m,    [32m'e2b'[39m,
  [32m'arcade'[39m,    [32m'gamma'[39m
]

[1A[2K[Agent] Selected Tools Config: []

[1A[2K[Tools] Total flattened MCP tools: 0

[1A[2K[FileUtils] ========== prefetchFileContents called ==========

[1A[2K[FileUtils] Text to scan: Return JSON with name and value

[1A[2K[FileUtils] Found variable references: []

[1A[2K[FileUtils] No files to fetch, returning early

[1A[2K[chromium] › tests\model-regression.spec.ts:441:11 › Model Regression Tests › Provider: Groq › Llama 3.3 70B Versatile - With Tools
[Agent] Available API Keys: [
  [32m'openai'[39m,    [32m'anthropic'[39m,
  [32m'google'[39m,    [32m'groq'[39m,
  [32m'firecrawl'[39m, [32m'serpapi'[39m,
  [32m'tavily'[39m,    [32m'e2b'[39m,
  [32m'arcade'[39m,    [32m'gamma'[39m
]

[1A[2K[Agent] Selected Tools Config: [
  {
    "toolId": "firecrawl-scrape",
    "enabled": true,
    "config": {}
  }
]

[1A[2K[Tools] Total flattened MCP tools: 0

[1A[2K[FileUtils] ========== prefetchFileContents called ==========

[1A[2K[FileUtils] Text to scan: Use the test tool

[1A[2K[FileUtils] Found variable references: []

[1A[2K[FileUtils] No files to fetch, returning early

[1A[2KUnknown tool ID: firecrawl-scrape

[1A[2K[chromium] › tests\model-regression.spec.ts:584:11 › Model Regression Tests › Provider: OpenAI › GPT-4o Mini - JSON Mode

✅ Test report generated: d:\GitHub\open-agent-builder\test-reports\model-regression-1770989910873.json

[1A[2K[253/453] [chromium] › tests\model-regression.spec.ts:337:9 › Model Regression Tests › Provider: Groq › Llama 3.3 70B Versatile - Basic Execution
[1A[2K[chromium] › tests\model-regression.spec.ts:441:11 › Model Regression Tests › Provider: OpenAI › o3 - With Tools
✅ HTML report generated: d:\GitHub\open-agent-builder\test-reports\model-regression-1770989910811.html


[1A[2K
================================================================================

[1A[2KMODEL REGRESSION TEST REPORT

[1A[2K================================================================================

[1A[2K
Test Duration: 0.46s

[1A[2KStart Time: 2026-02-13T13:38:30.811Z

[1A[2KEnd Time: 2026-02-13T13:38:31.267Z

[1A[2K
Summary:

[1A[2K  Total Tests: 7

[1A[2K  Passed: 7 ✓

[1A[2K  Failed: 0 ✗

[1A[2K  Skipped: 0 ⊘

[1A[2K  Pass Rate: 100.00%

[1A[2K
By Provider:

[1A[2K  anthropic: 2/2 passed (100.0%)

[1A[2K  openai: 5/5 passed (100.0%)

[1A[2K
================================================================================


[1A[2K[chromium] › tests\model-regression.spec.ts:337:9 › Model Regression Tests › Provider: Groq › Llama 3.3 70B Versatile - Basic Execution
[Agent] Available API Keys: [
  [32m'openai'[39m,    [32m'anthropic'[39m,
  [32m'google'[39m,    [32m'groq'[39m,
  [32m'firecrawl'[39m, [32m'serpapi'[39m,
  [32m'tavily'[39m,    [32m'e2b'[39m,
  [32m'arcade'[39m,    [32m'gamma'[39m
]

[1A[2K[Agent] Selected Tools Config: []

[1A[2K[Tools] Total flattened MCP tools: 0

[1A[2K[FileUtils] ========== prefetchFileContents called ==========

[1A[2K[FileUtils] Text to scan: Say hello

[1A[2K[FileUtils] Found variable references: []

[1A[2K[FileUtils] No files to fetch, returning early

[1A[2K[254/453] [chromium] › tests\node-executors.spec.ts:121:5 › Node Executors › Transform Node (executeDataNode) › should execute JavaScript transformation successfully
[1A[2K[255/453] [chromium] › tests\node-executors.spec.ts:144:5 › Node Executors › Transform Node (executeDataNode) › should handle complex data transformations
[1A[2K[256/453] [chromium] › tests\node-executors.spec.ts:179:5 › Node Executors › Transform Node (executeDataNode) › should handle transformation errors gracefully
[1A[2K[257/453] [chromium] › tests\node-executors.spec.ts:201:5 › Node Executors › Transform Node (executeDataNode) › should access workflow variables in transform script
[1A[2K[258/453] [chromium] › tests\node-executors.spec.ts:223:5 › Node Executors › Transform Node (executeDataNode) › should handle E2B sandbox execution timeout
[1A[2K[259/453] [chromium] › tests\node-executors.spec.ts:251:5 › Node Executors › Set-State Node (executeDataNode) › should set state variable successfully
[1A[2K[260/453] [chromium] › tests\node-executors.spec.ts:275:5 › Node Executors › Set-State Node (executeDataNode) › should evaluate expressions in state value
[1A[2K[261/453] [chromium] › tests\node-executors.spec.ts:298:5 › Node Executors › Set-State Node (executeDataNode) › should update existing state variable
[1A[2K[262/453] [chromium] › tests\node-executors.spec.ts:325:5 › Node Executors › HTTP Node (executeHTTPNode) › should execute GET request successfully
[1A[2K[263/453] [chromium] › tests\node-executors.spec.ts:353:5 › Node Executors › HTTP Node (executeHTTPNode) › should execute POST request with body
[1A[2K[264/453] [chromium] › tests\node-executors.spec.ts:382:5 › Node Executors › HTTP Node (executeHTTPNode) › should add custom headers to request
[1A[2K[265/453] [chromium] › tests\node-executors.spec.ts:413:5 › Node Executors › HTTP Node (executeHTTPNode) › should substitute variables in URL
[1A[2K[266/453] [chromium] › tests\node-executors.spec.ts:441:5 › Node Executors › HTTP Node (executeHTTPNode) › should block private IP addresses (SSRF protection)
[1A[2K[267/453] [chromium] › tests\node-executors.spec.ts:463:5 › Node Executors › HTTP Node (executeHTTPNode) › should block localhost (SSRF protection)
[1A[2K[268/453] [chromium] › tests\node-executors.spec.ts:485:5 › Node Executors › HTTP Node (executeHTTPNode) › should block cloud metadata endpoints (SSRF protection)
[1A[2K[269/453] [chromium] › tests\node-executors.spec.ts:507:5 › Node Executors › HTTP Node (executeHTTPNode) › should handle HTTP errors
[1A[2K[270/453] [chromium] › tests\node-executors.spec.ts:538:5 › Node Executors › Extract Node (executeExtractNode) › should extract structured data using LLM
[1A[2K[271/453] [chromium] › tests\node-executors.spec.ts:591:5 › Node Executors › Extract Node (executeExtractNode) › should validate extracted data against schema
[1A[2K[272/453] [chromium] › tests\node-executors.spec.ts:639:5 › Node Executors › Extract Node (executeExtractNode) › should handle LLM extraction errors
[1A[2K[273/453] [chromium] › tests\node-executors.spec.ts:670:5 › Node Executors › If-Else Node (executeIfElseNode) › should evaluate true condition
[1A[2K[274/453] [chromium] › tests\node-executors.spec.ts:691:5 › Node Executors › If-Else Node (executeIfElseNode) › should evaluate false condition
[1A[2K[275/453] [chromium] › tests\node-executors.spec.ts:712:5 › Node Executors › If-Else Node (executeIfElseNode) › should handle complex boolean expressions
[1A[2K[276/453] [chromium] › tests\node-executors.spec.ts:733:5 › Node Executors › If-Else Node (executeIfElseNode) › should handle string comparisons
[1A[2K[277/453] [chromium] › tests\node-executors.spec.ts:754:5 › Node Executors › If-Else Node (executeIfElseNode) › should handle invalid condition syntax
[1A[2K[278/453] [chromium] › tests\node-executors.spec.ts:779:5 › Node Executors › While Node (executeWhileNode) › should evaluate while condition true
[1A[2K[279/453] [chromium] › tests\node-executors.spec.ts:801:5 › Node Executors › While Node (executeWhileNode) › should evaluate while condition false
[1A[2K[280/453] [chromium] › tests\node-executors.spec.ts:823:5 › Node Executors › While Node (executeWhileNode) › should enforce max iterations
[1A[2K[281/453] [chromium] › tests\node-executors.spec.ts:846:5 › Node Executors › While Node (executeWhileNode) › should track loop iterations
[1A[2K[282/453] [chromium] › tests\node-executors.spec.ts:873:5 › Node Executors › Gamma Node (executeGammaNode) › should generate presentation successfully
[1A[2K[283/453] [chromium] › tests\node-executors.spec.ts:912:5 › Node Executors › Gamma Node (executeGammaNode) › should handle PPTX export format
[1A[2K[284/453] [chromium] › tests\node-executors.spec.ts:947:5 › Node Executors › Gamma Node (executeGammaNode) › should handle Gamma API errors
[1A[2K[285/453] [chromium] › tests\node-executors.spec.ts:977:5 › Node Executors › Arcade Node (executeArcadeNode) › should execute Arcade tool successfully
[1A[2K[286/453] [chromium] › tests\node-executors.spec.ts:1012:5 › Node Executors › Arcade Node (executeArcadeNode) › should handle Arcade API errors
[1A[2K[287/453] [chromium] › tests\node-executors.spec.ts:1043:5 › Node Executors › Guardrails Node › should detect PII in content
[1A[2K[288/453] [chromium] › tests\node-executors.spec.ts:1049:5 › Node Executors › Guardrails Node › should detect inappropriate content
[1A[2K[289/453] [chromium] › tests\node-executors.spec.ts:1054:5 › Node Executors › Guardrails Node › should detect jailbreak attempts
[1A[2K[290/453] [chromium] › tests\security.spec.ts:70:5 › Security Tests › SSRF Protection › should block localhost requests
[1A[2K[291/453] [chromium] › tests\security.spec.ts:92:5 › Security Tests › SSRF Protection › should block 127.0.0.1 requests
[1A[2K[292/453] [chromium] › tests\security.spec.ts:114:5 › Security Tests › SSRF Protection › should block private IP range 10.0.0.0/8
[1A[2K[293/453] [chromium] › tests\security.spec.ts:136:5 › Security Tests › SSRF Protection › should block private IP range 192.168.0.0/16
[1A[2K[294/453] [chromium] › tests\security.spec.ts:158:5 › Security Tests › SSRF Protection › should block private IP range 172.16.0.0/12
[1A[2K[295/453] [chromium] › tests\security.spec.ts:180:5 › Security Tests › SSRF Protection › should block AWS metadata endpoint (169.254.169.254)
[1A[2K[296/453] [chromium] › tests\security.spec.ts:202:5 › Security Tests › SSRF Protection › should block GCP metadata endpoint
[1A[2K[297/453] [chromium] › tests\security.spec.ts:224:5 › Security Tests › SSRF Protection › should block link-local addresses (169.254.0.0/16)
[1A[2K[298/453] [chromium] › tests\security.spec.ts:246:5 › Security Tests › SSRF Protection › should allow public IP addresses
[1A[2K[299/453] [chromium] › tests\security.spec.ts:251:5 › Security Tests › SSRF Protection › should allow public domain names
[1A[2K[300/453] [chromium] › tests\security.spec.ts:256:5 › Security Tests › SSRF Protection › should detect private IP helper function
[1A[2K[301/453] [chromium] › tests\security.spec.ts:265:5 › Security Tests › SSRF Protection › should detect metadata IP helper function
[1A[2K[302/453] [chromium] › tests\security.spec.ts:276:5 › Security Tests › XSS Sanitization › should sanitize <script> tags
[1A[2K[303/453] [chromium] › tests\security.spec.ts:283:5 › Security Tests › XSS Sanitization › should sanitize onclick handlers
[1A[2K[304/453] [chromium] › tests\security.spec.ts:290:5 › Security Tests › XSS Sanitization › should sanitize javascript: protocol
[1A[2K[305/453] [chromium] › tests\security.spec.ts:296:5 › Security Tests › XSS Sanitization › should sanitize data: protocol with script
[1A[2K[306/453] [chromium] › tests\security.spec.ts:302:5 › Security Tests › XSS Sanitization › should sanitize onerror handlers
[1A[2K[307/453] [chromium] › tests\security.spec.ts:308:5 › Security Tests › XSS Sanitization › should sanitize iframe with javascript
[1A[2K[308/453] [chromium] › tests\security.spec.ts:314:5 › Security Tests › XSS Sanitization › should allow safe HTML
[1A[2K[309/453] [chromium] › tests\security.spec.ts:322:5 › Security Tests › XSS Sanitization › should sanitize SVG with script
[1A[2K[310/453] [chromium] › tests\security.spec.ts:328:5 › Security Tests › XSS Sanitization › should sanitize HTML entities that decode to script
[1A[2K[311/453] [chromium] › tests\security.spec.ts:339:5 › Security Tests › Code Injection Prevention › should not use eval() in condition evaluation
[1A[2K[312/453] [chromium] › tests\security.spec.ts:348:5 › Security Tests › Code Injection Prevention › should block Function() constructor in expressions
[1A[2K[313/453] [chromium] › tests\security.spec.ts:356:5 › Security Tests › Code Injection Prevention › should block require() in expressions
[1A[2K[314/453] [chromium] › tests\security.spec.ts:364:5 › Security Tests › Code Injection Prevention › should block process access in expressions
[1A[2K[315/453] [chromium] › tests\security.spec.ts:372:5 › Security Tests › Code Injection Prevention › should block global object access
[1A[2K[316/453] [chromium] › tests\security.spec.ts:380:5 › Security Tests › Code Injection Prevention › should safely evaluate arithmetic expressions
[1A[2K[317/453] [chromium] › tests\security.spec.ts:385:5 › Security Tests › Code Injection Prevention › should safely evaluate boolean expressions
[1A[2K[318/453] [chromium] › tests\security.spec.ts:390:5 › Security Tests › Code Injection Prevention › should safely evaluate comparison expressions
[1A[2K[319/453] [chromium] › tests\security.spec.ts:395:5 › Security Tests › Code Injection Prevention › should safely evaluate string operations
[1A[2K[320/453] [chromium] › tests\security.spec.ts:404:5 › Security Tests › Prototype Pollution Prevention › should not allow __proto__ pollution in transform
[1A[2K[321/453] [chromium] › tests\security.spec.ts:432:5 › Security Tests › Prototype Pollution Prevention › should not allow constructor pollution
[1A[2K[322/453] [chromium] › tests\security.spec.ts:460:5 › Security Tests › Prototype Pollution Prevention › should use clean scope in expression evaluation
[1A[2K[323/453] [chromium] › tests\security.spec.ts:473:5 › Security Tests › Input Validation › should reject invalid workflow ID format
[1A[2K[324/453] [chromium] › tests\security.spec.ts:489:5 › Security Tests › Input Validation › should reject path traversal in inputs
[1A[2K[325/453] [chromium] › tests\security.spec.ts:497:5 › Security Tests › Input Validation › should reject SQL injection patterns
[1A[2K[326/453] [chromium] › tests\security.spec.ts:511:5 › Security Tests › Input Validation › should reject NoSQL injection patterns
[1A[2K[327/453] [chromium] › tests\security.spec.ts:523:5 › Security Tests › Input Validation › should validate max string length
[1A[2K[328/453] [chromium] › tests\security.spec.ts:532:5 › Security Tests › Input Validation › should validate email format
[1A[2K[329/453] [chromium] › tests\security.spec.ts:547:5 › Security Tests › Input Validation › should validate URL format
[1A[2K[330/453] [chromium] › tests\security.spec.ts:565:5 › Security Tests › Rate Limiting › should track request counts per user
[1A[2K[331/453] [chromium] › tests\security.spec.ts:578:5 › Security Tests › Rate Limiting › should enforce rate limit per time window
[1A[2K[332/453] [chromium] › tests\security.spec.ts:586:5 › Security Tests › Rate Limiting › should reset rate limit after time window
[1A[2K[333/453] [chromium] › tests\security.spec.ts:595:5 › Security Tests › Rate Limiting › should apply different limits for different endpoints
[1A[2K[334/453] [chromium] › tests\security.spec.ts:610:5 › Security Tests › Additional Security › should not expose sensitive error details
[1A[2K[335/453] [chromium] › tests\security.spec.ts:618:5 › Security Tests › Additional Security › should sanitize logs to prevent log injection
[1A[2K[336/453] [chromium] › tests\security.spec.ts:626:5 › Security Tests › Additional Security › should validate JSON structure depth
[1A[2K[337/453] [chromium] › tests\security.spec.ts:642:5 › Security Tests › Additional Security › should validate array length
[1A[2K[338/453] [chromium] › tests\security.spec.ts:651:5 › Security Tests › Additional Security › should prevent ReDoS with regex timeouts
[1A[2K
✅ Test report generated: d:\GitHub\open-agent-builder\test-reports\model-regression-1770989910936.json

[1A[2K[chromium] › tests\model-regression.spec.ts:584:11 › Model Regression Tests › Provider: OpenAI › GPT-4o Mini - JSON Mode
✅ HTML report generated: d:\GitHub\open-agent-builder\test-reports\model-regression-1770989910873.html


[1A[2K
================================================================================

[1A[2KMODEL REGRESSION TEST REPORT

[1A[2K================================================================================

[1A[2K
Test Duration: 0.41s

[1A[2KStart Time: 2026-02-13T13:38:30.874Z

[1A[2KEnd Time: 2026-02-13T13:38:31.289Z

[1A[2K
Summary:

[1A[2K  Total Tests: 7

[1A[2K  Passed: 7 ✓

[1A[2K  Failed: 0 ✗

[1A[2K  Skipped: 0 ⊘

[1A[2K  Pass Rate: 100.00%

[1A[2K
By Provider:

[1A[2K  openai: 7/7 passed (100.0%)

[1A[2K
================================================================================


[1A[2K  56) [chromium] › tests\edge-cases.spec.ts:599:5 › Edge Cases & Error Handling › Race Conditions › should handle concurrent workflow updates 

    Error: [Request ID: 46eac25207d033fc] Server Error
    ArgumentValidationError: Object is missing the required field `id`. Consider wrapping the field validator in `v.optional(...)` if this is expected.

    Object: {name: "Updated A", workflowId: "k57cjk25q0m8rz59z9exa8dw25812kch"}
    Validator: v.object({description: v.optional(v.string()), edges: v.optional(v.any()), id: v.id("workflows"), name: v.optional(v.string()), nodes: v.optional(v.any())})


        at ConvexHttpClient.mutationInner (d:\GitHub\open-agent-builder\node_modules\convex\src\browser\http_client.ts:383:15)
        at ConvexHttpClient.processMutationQueue (d:\GitHub\open-agent-builder\node_modules\convex\src\browser\http_client.ts:398:24)


[1A[2K[339/453] [chromium] › tests\template-verification.spec.ts:99:5 › Template Verification Tests › Template Registry › should list all available templates
[1A[2K[chromium] › tests\model-regression.spec.ts:337:9 › Model Regression Tests › Provider: Groq › Llama 3.3 70B Versatile - Basic Execution
✅ HTML report generated: d:\GitHub\open-agent-builder\test-reports\model-regression-1770989910936.html


[1A[2K
================================================================================

[1A[2KMODEL REGRESSION TEST REPORT

[1A[2K================================================================================

[1A[2K
Test Duration: 0.39s

[1A[2KStart Time: 2026-02-13T13:38:30.936Z

[1A[2K  57) [chromium] › tests\template-verification.spec.ts:99:5 › Template Verification Tests › Template Registry › should list all available templates 

    ReferenceError: setTestAuth is not defined

      93 |   test.beforeAll(() => {
      94 |     convex = new ConvexHttpClient(CONVEX_URL);
    > 95 |     setTestAuth(convexClient, TEST_USER_ID);
         |     ^
      96 |   });
      97 |
      98 |   test.describe('Template Registry', () => {
        at d:\GitHub\open-agent-builder\tests\template-verification.spec.ts:95:5


[1A[2KEnd Time: 2026-02-13T13:38:31.323Z

[1A[2K[340/453] [chromium] › tests\template-verification.spec.ts:107:5 › Template Verification Tests › Template Registry › all listed templates should have required metadata
[1A[2K[341/453] [chromium] › tests\template-verification.spec.ts:120:5 › Template Verification Tests › Template Registry › should retrieve individual templates by ID
[1A[2K[342/453] [chromium] › tests\template-verification.spec.ts:131:5 › Template Verification Tests › Template Registry › should return null for non-existent template ID
[1A[2K
Summary:

[1A[2K  Total Tests: 7

[1A[2K  Passed: 7 ✓

[1A[2K  Failed: 0 ✗

[1A[2K  Skipped: 0 ⊘

[1A[2K  Pass Rate: 100.00%

[1A[2K
By Provider:

[1A[2K  groq: 7/7 passed (100.0%)

[1A[2K
================================================================================


[1A[2K[343/453] [chromium] › tests\template-verification.spec.ts:138:5 › Template Verification Tests › Template Structure Validation › all templates should have required fields
[1A[2K[344/453] [chromium] › tests\model-regression.spec.ts:584:11 › Model Regression Tests › Provider: Google › Gemini 2.5 Flash - JSON Mode
[1A[2K[345/453] [chromium] › tests\template-verification.spec.ts:298:5 › Template Verification Tests › Node Type Coverage › while nodes should have valid conditions
[1A[2K[chromium] › tests\model-regression.spec.ts:584:11 › Model Regression Tests › Provider: Google › Gemini 2.5 Flash - JSON Mode
[Agent] Available API Keys: [
  [32m'openai'[39m,    [32m'anthropic'[39m,
  [32m'google'[39m,    [32m'groq'[39m,
  [32m'firecrawl'[39m, [32m'serpapi'[39m,
  [32m'tavily'[39m,    [32m'e2b'[39m,
  [32m'arcade'[39m,    [32m'gamma'[39m
]

[1A[2K[Agent] Selected Tools Config: []

[1A[2K[Tools] Total flattened MCP tools: 0

[1A[2K[FileUtils] ========== prefetchFileContents called ==========

[1A[2K  58) [chromium] › tests\template-verification.spec.ts:138:5 › Template Verification Tests › Template Structure Validation › all templates should have required fields 

    ReferenceError: setTestAuth is not defined

      93 |   test.beforeAll(() => {
      94 |     convex = new ConvexHttpClient(CONVEX_URL);
    > 95 |     setTestAuth(convexClient, TEST_USER_ID);
         |     ^
      96 |   });
      97 |
      98 |   test.describe('Template Registry', () => {
        at d:\GitHub\open-agent-builder\tests\template-verification.spec.ts:95:5


[1A[2K[FileUtils] Text to scan: Return JSON with name and value

[1A[2K[346/453] [chromium] › tests\template-verification.spec.ts:163:5 › Template Verification Tests › Template Structure Validation › all templates should have start and end nodes
[1A[2K[347/453] [chromium] › tests\template-verification.spec.ts:178:5 › Template Verification Tests › Template Structure Validation › all template nodes should be valid
[1A[2K[348/453] [chromium] › tests\template-verification.spec.ts:197:5 › Template Verification Tests › Template Structure Validation › all template edges should be valid
[1A[2K[FileUtils] Found variable references: []

[1A[2K[FileUtils] No files to fetch, returning early

[1A[2K[349/453] [chromium] › tests\model-regression.spec.ts:584:11 › Model Regression Tests › Provider: Groq › Llama 3.3 70B Versatile - JSON Mode
[1A[2K[350/453] [chromium] › tests\model-regression.spec.ts:337:9 › Model Regression Tests › Provider: Google › Gemini 2.5 Flash Lite - Basic Execution
[1A[2K  59) [chromium] › tests\template-verification.spec.ts:298:5 › Template Verification Tests › Node Type Coverage › while nodes should have valid conditions 

    ReferenceError: setTestAuth is not defined

      93 |   test.beforeAll(() => {
      94 |     convex = new ConvexHttpClient(CONVEX_URL);
    > 95 |     setTestAuth(convexClient, TEST_USER_ID);
         |     ^
      96 |   });
      97 |
      98 |   test.describe('Template Registry', () => {
        at d:\GitHub\open-agent-builder\tests\template-verification.spec.ts:95:5


[1A[2K[351/453] [chromium] › tests\template-verification.spec.ts:321:5 › Template Verification Tests › Variable Reference Validation › should use valid variable reference syntax
[1A[2K[352/453] [chromium] › tests\template-verification.spec.ts:337:5 › Template Verification Tests › Variable Reference Validation › should reference valid input variables in start node
[1A[2K[353/453] [chromium] › tests\template-verification.spec.ts:367:5 › Template Verification Tests › Variable Reference Validation › should have valid lastOutput references
[1A[2K[chromium] › tests\model-regression.spec.ts:584:11 › Model Regression Tests › Provider: Groq › Llama 3.3 70B Versatile - JSON Mode
[Agent] Available API Keys: [
  [32m'openai'[39m,    [32m'anthropic'[39m,
  [32m'google'[39m,    [32m'groq'[39m,
  [32m'firecrawl'[39m, [32m'serpapi'[39m,
  [32m'tavily'[39m,    [32m'e2b'[39m,
  [32m'arcade'[39m,    [32m'gamma'[39m
]

[1A[2K[chromium] › tests\model-regression.spec.ts:337:9 › Model Regression Tests › Provider: Google › Gemini 2.5 Flash Lite - Basic Execution
[Agent] Available API Keys: [
  [32m'openai'[39m,    [32m'anthropic'[39m,
  [32m'google'[39m,    [32m'groq'[39m,
  [32m'firecrawl'[39m, [32m'serpapi'[39m,
  [32m'tavily'[39m,    [32m'e2b'[39m,
  [32m'arcade'[39m,    [32m'gamma'[39m
]

[1A[2K[chromium] › tests\model-regression.spec.ts:584:11 › Model Regression Tests › Provider: Groq › Llama 3.3 70B Versatile - JSON Mode
[Agent] Selected Tools Config: []

[1A[2K[chromium] › tests\model-regression.spec.ts:337:9 › Model Regression Tests › Provider: Google › Gemini 2.5 Flash Lite - Basic Execution
[Agent] Selected Tools Config: []

[1A[2K[chromium] › tests\model-regression.spec.ts:584:11 › Model Regression Tests › Provider: Groq › Llama 3.3 70B Versatile - JSON Mode
[Tools] Total flattened MCP tools: 0

[1A[2K[chromium] › tests\model-regression.spec.ts:337:9 › Model Regression Tests › Provider: Google › Gemini 2.5 Flash Lite - Basic Execution
[Tools] Total flattened MCP tools: 0

[1A[2K[chromium] › tests\model-regression.spec.ts:584:11 › Model Regression Tests › Provider: Groq › Llama 3.3 70B Versatile - JSON Mode
[FileUtils] ========== prefetchFileContents called ==========

[1A[2K[chromium] › tests\model-regression.spec.ts:337:9 › Model Regression Tests › Provider: Google › Gemini 2.5 Flash Lite - Basic Execution
[FileUtils] ========== prefetchFileContents called ==========

[1A[2K[chromium] › tests\model-regression.spec.ts:584:11 › Model Regression Tests › Provider: Groq › Llama 3.3 70B Versatile - JSON Mode
[FileUtils] Text to scan: Return JSON with name and value

[1A[2K[chromium] › tests\model-regression.spec.ts:337:9 › Model Regression Tests › Provider: Google › Gemini 2.5 Flash Lite - Basic Execution
[FileUtils] Text to scan: Say hello

[1A[2K[chromium] › tests\model-regression.spec.ts:584:11 › Model Regression Tests › Provider: Groq › Llama 3.3 70B Versatile - JSON Mode
[FileUtils] Found variable references: []

[1A[2K[chromium] › tests\model-regression.spec.ts:337:9 › Model Regression Tests › Provider: Google › Gemini 2.5 Flash Lite - Basic Execution
[FileUtils] Found variable references: []

[1A[2K[chromium] › tests\model-regression.spec.ts:584:11 › Model Regression Tests › Provider: Groq › Llama 3.3 70B Versatile - JSON Mode
[FileUtils] No files to fetch, returning early

[1A[2K[chromium] › tests\model-regression.spec.ts:337:9 › Model Regression Tests › Provider: Google › Gemini 2.5 Flash Lite - Basic Execution
[FileUtils] No files to fetch, returning early

[1A[2K[354/453] [chromium] › tests\model-regression.spec.ts:441:11 › Model Regression Tests › Provider: Google › Gemini 2.5 Flash Lite - With Tools
[1A[2K[355/453] [chromium] › tests\model-regression.spec.ts:337:9 › Model Regression Tests › Provider: Groq › Llama 3.1 8B Instant - Basic Execution
[1A[2K[chromium] › tests\model-regression.spec.ts:441:11 › Model Regression Tests › Provider: Google › Gemini 2.5 Flash Lite - With Tools
[Agent] Available API Keys: [
  [32m'openai'[39m,    [32m'anthropic'[39m,
  [32m'google'[39m,    [32m'groq'[39m,
  [32m'firecrawl'[39m, [32m'serpapi'[39m,
  [32m'tavily'[39m,    [32m'e2b'[39m,
  [32m'arcade'[39m,    [32m'gamma'[39m
]

[1A[2K[Agent] Selected Tools Config: [
  {
    "toolId": "firecrawl-scrape",
    "enabled": true,
    "config": {}
  }
]

[1A[2K[Tools] Total flattened MCP tools: 0

[1A[2K[FileUtils] ========== prefetchFileContents called ==========

[1A[2K[FileUtils] Text to scan: Use the test tool

[1A[2K[FileUtils] Found variable references: []

[1A[2K[FileUtils] No files to fetch, returning early

[1A[2KUnknown tool ID: firecrawl-scrape

[1A[2K[chromium] › tests\model-regression.spec.ts:337:9 › Model Regression Tests › Provider: Groq › Llama 3.1 8B Instant - Basic Execution
[Agent] Available API Keys: [
  [32m'openai'[39m,    [32m'anthropic'[39m,
  [32m'google'[39m,    [32m'groq'[39m,
  [32m'firecrawl'[39m, [32m'serpapi'[39m,
  [32m'tavily'[39m,    [32m'e2b'[39m,
  [32m'arcade'[39m,    [32m'gamma'[39m
]

[1A[2K[Agent] Selected Tools Config: []

[1A[2K[Tools] Total flattened MCP tools: 0

[1A[2K[FileUtils] ========== prefetchFileContents called ==========

[1A[2K[FileUtils] Text to scan: Say hello

[1A[2K[FileUtils] Found variable references: []

[1A[2K[FileUtils] No files to fetch, returning early

[1A[2K[356/453] [chromium] › tests\model-regression.spec.ts:584:11 › Model Regression Tests › Provider: Google › Gemini 2.5 Flash Lite - JSON Mode
[1A[2K[357/453] [chromium] › tests\model-regression.spec.ts:441:11 › Model Regression Tests › Provider: Groq › Llama 3.1 8B Instant - With Tools
[1A[2K[chromium] › tests\model-regression.spec.ts:584:11 › Model Regression Tests › Provider: Google › Gemini 2.5 Flash Lite - JSON Mode
[Agent] Available API Keys: [
  [32m'openai'[39m,    [32m'anthropic'[39m,
  [32m'google'[39m,    [32m'groq'[39m,
  [32m'firecrawl'[39m, [32m'serpapi'[39m,
  [32m'tavily'[39m,    [32m'e2b'[39m,
  [32m'arcade'[39m,    [32m'gamma'[39m
]

[1A[2K[Agent] Selected Tools Config: []

[1A[2K[Tools] Total flattened MCP tools: 0

[1A[2K[FileUtils] ========== prefetchFileContents called ==========

[1A[2K[FileUtils] Text to scan: Return JSON with name and value

[1A[2K[FileUtils] Found variable references: []

[1A[2K[FileUtils] No files to fetch, returning early

[1A[2K[chromium] › tests\model-regression.spec.ts:441:11 › Model Regression Tests › Provider: Groq › Llama 3.1 8B Instant - With Tools
[Agent] Available API Keys: [
  [32m'openai'[39m,    [32m'anthropic'[39m,
  [32m'google'[39m,    [32m'groq'[39m,
  [32m'firecrawl'[39m, [32m'serpapi'[39m,
  [32m'tavily'[39m,    [32m'e2b'[39m,
  [32m'arcade'[39m,    [32m'gamma'[39m
]

[1A[2K[Agent] Selected Tools Config: [
  {
    "toolId": "firecrawl-scrape",
    "enabled": true,
    "config": {}
  }
]

[1A[2K[Tools] Total flattened MCP tools: 0

[1A[2K[FileUtils] ========== prefetchFileContents called ==========

[1A[2K[FileUtils] Text to scan: Use the test tool

[1A[2K[FileUtils] Found variable references: []

[1A[2K[FileUtils] No files to fetch, returning early

[1A[2KUnknown tool ID: firecrawl-scrape

[1A[2K[chromium] › tests\model-regression.spec.ts:584:11 › Model Regression Tests › Provider: Google › Gemini 2.5 Flash Lite - JSON Mode

✅ Test report generated: d:\GitHub\open-agent-builder\test-reports\model-regression-1770989910774.json

[1A[2K✅ HTML report generated: d:\GitHub\open-agent-builder\test-reports\model-regression-1770989910774.html


[1A[2K
================================================================================

[1A[2KMODEL REGRESSION TEST REPORT

[1A[2K================================================================================

[1A[2K
Test Duration: 0.77s

[1A[2KStart Time: 2026-02-13T13:38:30.774Z

[1A[2KEnd Time: 2026-02-13T13:38:31.542Z

[1A[2K
Summary:

[1A[2K  Total Tests: 12

[1A[2K  Passed: 12 ✓

[1A[2K  Failed: 0 ✗

[1A[2K  Skipped: 0 ⊘

[1A[2K  Pass Rate: 100.00%

[1A[2K
By Provider:

[1A[2K  anthropic: 7/7 passed (100.0%)

[1A[2K  google: 5/5 passed (100.0%)

[1A[2K
================================================================================


[1A[2K[358/453] [chromium] › tests\model-regression.spec.ts:584:11 › Model Regression Tests › Provider: Groq › Llama 3.1 8B Instant - JSON Mode
[1A[2K[chromium] › tests\model-regression.spec.ts:584:11 › Model Regression Tests › Provider: Groq › Llama 3.1 8B Instant - JSON Mode
[Agent] Available API Keys: [
  [32m'openai'[39m,    [32m'anthropic'[39m,
  [32m'google'[39m,    [32m'groq'[39m,
  [32m'firecrawl'[39m, [32m'serpapi'[39m,
  [32m'tavily'[39m,    [32m'e2b'[39m,
  [32m'arcade'[39m,    [32m'gamma'[39m
]

[1A[2K[Agent] Selected Tools Config: []

[1A[2K[Tools] Total flattened MCP tools: 0

[1A[2K[FileUtils] ========== prefetchFileContents called ==========

[1A[2K[FileUtils] Text to scan: Return JSON with name and value

[1A[2K[FileUtils] Found variable references: []

[1A[2K[FileUtils] No files to fetch, returning early

[1A[2K[359/453] [chromium] › tests\model-regression.spec.ts:337:9 › Model Regression Tests › Provider: Groq › GPT OSS 120B - Basic Execution
[1A[2K[chromium] › tests\model-regression.spec.ts:337:9 › Model Regression Tests › Provider: Groq › GPT OSS 120B - Basic Execution
[Agent] Available API Keys: [
  [32m'openai'[39m,    [32m'anthropic'[39m,
  [32m'google'[39m,    [32m'groq'[39m,
  [32m'firecrawl'[39m, [32m'serpapi'[39m,
  [32m'tavily'[39m,    [32m'e2b'[39m,
  [32m'arcade'[39m,    [32m'gamma'[39m
]

[1A[2K[Agent] Selected Tools Config: []

[1A[2K[Tools] Total flattened MCP tools: 0

[1A[2K[FileUtils] ========== prefetchFileContents called ==========

[1A[2K[FileUtils] Text to scan: Say hello

[1A[2K[FileUtils] Found variable references: []

[1A[2K[FileUtils] No files to fetch, returning early

[1A[2K[360/453] [chromium] › tests\template-verification.spec.ts:551:5 › Template Verification Tests › Template Execution Readiness › all nodes except end should have outgoing edges
[1A[2K[361/453] [chromium] › tests\model-regression.spec.ts:441:11 › Model Regression Tests › Provider: Groq › GPT OSS 120B - With Tools
[1A[2K[chromium] › tests\model-regression.spec.ts:441:11 › Model Regression Tests › Provider: Groq › GPT OSS 120B - With Tools
[Agent] Available API Keys: [
  [32m'openai'[39m,    [32m'anthropic'[39m,
  [32m'google'[39m,    [32m'groq'[39m,
  [32m'firecrawl'[39m, [32m'serpapi'[39m,
  [32m'tavily'[39m,    [32m'e2b'[39m,
  [32m'arcade'[39m,    [32m'gamma'[39m
]

[1A[2K[Agent] Selected Tools Config: [
  {
    "toolId": "firecrawl-scrape",
    "enabled": true,
    "config": {}
  }
]

[1A[2K[Tools] Total flattened MCP tools: 0

[1A[2K[FileUtils] ========== prefetchFileContents called ==========

[1A[2K[FileUtils] Text to scan: Use the test tool

[1A[2K[FileUtils] Found variable references: []

[1A[2K[FileUtils] No files to fetch, returning early

[1A[2KUnknown tool ID: firecrawl-scrape

[1A[2K  60) [chromium] › tests\template-verification.spec.ts:551:5 › Template Verification Tests › Template Execution Readiness › all nodes except end should have outgoing edges 

    ReferenceError: setTestAuth is not defined

      93 |   test.beforeAll(() => {
      94 |     convex = new ConvexHttpClient(CONVEX_URL);
    > 95 |     setTestAuth(convexClient, TEST_USER_ID);
         |     ^
      96 |   });
      97 |
      98 |   test.describe('Template Registry', () => {
        at d:\GitHub\open-agent-builder\tests\template-verification.spec.ts:95:5


[1A[2K[362/453] [chromium] › tests\template-verification.spec.ts:575:5 › Template Verification Tests › Template Execution Readiness › all nodes except start should have incoming edges
[1A[2K[363/453] [chromium] › tests\tool-integrations.spec.ts:177:5 › Tool Integrations Tests › Tool Utils - Result Normalization › should normalize plain text result
[1A[2K[364/453] [chromium] › tests\tool-integrations.spec.ts:185:5 › Tool Integrations Tests › Tool Utils - Result Normalization › should normalize JSON object result
[1A[2K[365/453] [chromium] › tests\tool-integrations.spec.ts:193:5 › Tool Integrations Tests › Tool Utils - Result Normalization › should normalize array result
[1A[2K[366/453] [chromium] › tests\tool-integrations.spec.ts:201:5 › Tool Integrations Tests › Tool Utils - Result Normalization › should handle null result
[1A[2K[367/453] [chromium] › tests\tool-integrations.spec.ts:208:5 › Tool Integrations Tests › Tool Utils - Result Normalization › should handle undefined result
[1A[2K[368/453] [chromium] › tests\tool-integrations.spec.ts:215:5 › Tool Integrations Tests › Tool Utils - Result Normalization › should parse JSON string when preferJson is true
[1A[2K[369/453] [chromium] › tests\tool-integrations.spec.ts:223:5 › Tool Integrations Tests › Tool Utils - Result Normalization › should include raw response when requested
[1A[2K[370/453] [chromium] › tests\tool-integrations.spec.ts:233:5 › Tool Integrations Tests › Tool Utils - Format for LLM › should format string result
[1A[2K[371/453] [chromium] › tests\tool-integrations.spec.ts:240:5 › Tool Integrations Tests › Tool Utils - Format for LLM › should format JSON object result
[1A[2K[372/453] [chromium] › tests\tool-integrations.spec.ts:249:5 › Tool Integrations Tests › Tool Utils - Format for LLM › should format error result
[1A[2K[373/453] [chromium] › tests\tool-integrations.spec.ts:256:5 › Tool Integrations Tests › Tool Utils - Format for LLM › should handle null result
[1A[2K[374/453] [chromium] › tests\tool-integrations.spec.ts:265:5 › Tool Integrations Tests › Tool Utils - Safe JSON Parse › should parse valid JSON string
[1A[2K[375/453] [chromium] › tests\tool-integrations.spec.ts:272:5 › Tool Integrations Tests › Tool Utils - Safe JSON Parse › should return raw string for invalid JSON when fallback enabled
[1A[2K[376/453] [chromium] › tests\tool-integrations.spec.ts:279:5 › Tool Integrations Tests › Tool Utils - Safe JSON Parse › should throw error for invalid JSON when fallback disabled
[1A[2K[377/453] [chromium] › tests\tool-integrations.spec.ts:285:5 › Tool Integrations Tests › Tool Utils - Safe JSON Parse › should handle empty string
[1A[2K[378/453] [chromium] › tests\tool-integrations.spec.ts:293:5 › Tool Integrations Tests › Tool Utils - Validate Result › should validate result with required fields
[1A[2K[379/453] [chromium] › tests\tool-integrations.spec.ts:303:5 › Tool Integrations Tests › Tool Utils - Validate Result › should fail validation for missing required field
[1A[2K[380/453] [chromium] › tests\tool-integrations.spec.ts:313:5 › Tool Integrations Tests › Tool Utils - Validate Result › should validate result type
[1A[2K[381/453] [chromium] › tests\tool-integrations.spec.ts:322:5 › Tool Integrations Tests › Tool Utils - Validate Result › should fail validation for wrong type
[1A[2K[382/453] [chromium] › tests\tool-integrations.spec.ts:332:5 › Tool Integrations Tests › Tool Utils - Validate Result › should fail for null result
[1A[2K[383/453] [chromium] › tests\tool-integrations.spec.ts:338:5 › Tool Integrations Tests › Tool Utils - Validate Result › should fail for empty string in required field
[1A[2K[384/453] [chromium] › tests\tool-integrations.spec.ts:350:5 › Tool Integrations Tests › Tool Utils - Wrap Tool Function › should wrap successful tool execution
[1A[2K[385/453] [chromium] › tests\tool-integrations.spec.ts:361:5 › Tool Integrations Tests › Tool Utils - Wrap Tool Function › should handle tool errors gracefully
[1A[2K[386/453] [chromium] › tests\tool-integrations.spec.ts:373:5 › Tool Integrations Tests › Tool Utils - Wrap Tool Function › should normalize results when enabled
[1A[2K[387/453] [chromium] › tests\tool-integrations.spec.ts:387:5 › Tool Integrations Tests › Firecrawl Tool › should create Firecrawl scrape tool
[1A[2K[388/453] [chromium] › tests\tool-integrations.spec.ts:397:5 › Tool Integrations Tests › Firecrawl Tool › should scrape single page
[1A[2K[389/453] [chromium] › tests\tool-integrations.spec.ts:407:5 › Tool Integrations Tests › Firecrawl Tool › should crawl multiple pages
[1A[2K[390/453] [chromium] › tests\tool-integrations.spec.ts:417:5 › Tool Integrations Tests › Firecrawl Tool › should return null when API key missing
[1A[2K[391/453] [chromium] › tests\tool-integrations.spec.ts:428:5 › Tool Integrations Tests › Tavily Tool › should create Tavily search tool
[1A[2K[392/453] [chromium] › tests\tool-integrations.spec.ts:438:5 › Tool Integrations Tests › Tavily Tool › should return null when API key missing
[1A[2K[393/453] [chromium] › tests\tool-integrations.spec.ts:449:5 › Tool Integrations Tests › Serper Tool › should create Serper search tool
[1A[2K[394/453] [chromium] › tests\tool-integrations.spec.ts:459:5 › Tool Integrations Tests › Serper Tool › should return null when API key missing
[1A[2K[395/453] [chromium] › tests\tool-integrations.spec.ts:470:5 › Tool Integrations Tests › Content Extractor Tool › should create content extractor tool
[1A[2K[396/453] [chromium] › tests\tool-integrations.spec.ts:480:5 › Tool Integrations Tests › Content Extractor Tool › should extract text from HTML
[1A[2K[397/453] [chromium] › tests\tool-integrations.spec.ts:494:5 › Tool Integrations Tests › Content Extractor Tool › should remove script and style tags
[1A[2K[398/453] [chromium] › tests\tool-integrations.spec.ts:510:5 › Tool Integrations Tests › Tool Error Handling › should handle API timeout
[1A[2K[399/453] [chromium] › tests\tool-integrations.spec.ts:523:5 › Tool Integrations Tests › Tool Error Handling › should handle API error response
[1A[2K[400/453] [chromium] › tests\tool-integrations.spec.ts:535:5 › Tool Integrations Tests › Tool Error Handling › should handle malformed JSON response
[1A[2K[401/453] [chromium] › tests\tool-integrations.spec.ts:540:5 › Tool Integrations Tests › Tool Error Handling › should handle network errors
[1A[2K[402/453] [chromium] › tests\tool-integrations.spec.ts:547:5 › Tool Integrations Tests › Tool Response Size Handling › should handle large responses
[1A[2K[403/453] [chromium] › tests\tool-integrations.spec.ts:564:5 › Tool Integrations Tests › Tool Response Size Handling › should not truncate small responses
[1A[2K[404/453] [chromium] › tests\tool-integrations.spec.ts:582:5 › Tool Integrations Tests › Tool Registry - Unknown Tool › should return null for unknown tool ID
[1A[2K[405/453] [chromium] › tests\tool-integrations.spec.ts:591:5 › Tool Integrations Tests › Tool Registry - Unknown Tool › should handle missing tool ID
[1A[2K
✅ Test report generated: d:\GitHub\open-agent-builder\test-reports\model-regression-1770989911186.json

[1A[2K✅ HTML report generated: d:\GitHub\open-agent-builder\test-reports\model-regression-1770989911186.html


[1A[2K
================================================================================

[1A[2KMODEL REGRESSION TEST REPORT

[1A[2K================================================================================

[1A[2K
Test Duration: 0.44s

[1A[2KStart Time: 2026-02-13T13:38:31.186Z

[1A[2KEnd Time: 2026-02-13T13:38:31.629Z

[1A[2K
Summary:

[1A[2K  Total Tests: 7

[1A[2K  Passed: 7 ✓

[1A[2K  Failed: 0 ✗

[1A[2K  Skipped: 0 ⊘

[1A[2K  Pass Rate: 100.00%

[1A[2K
By Provider:

[1A[2K  groq: 7/7 passed (100.0%)

[1A[2K
================================================================================


[1A[2K[406/453] [chromium] › tests\model-regression.spec.ts:584:11 › Model Regression Tests › Provider: Groq › GPT OSS 120B - JSON Mode
[1A[2K[chromium] › tests\model-regression.spec.ts:584:11 › Model Regression Tests › Provider: Groq › GPT OSS 120B - JSON Mode

🚀 Starting Model Regression Test Suite...


[1A[2K[Agent] Available API Keys: [
  [32m'openai'[39m,    [32m'anthropic'[39m,
  [32m'google'[39m,    [32m'groq'[39m,
  [32m'firecrawl'[39m, [32m'serpapi'[39m,
  [32m'tavily'[39m,    [32m'e2b'[39m,
  [32m'arcade'[39m,    [32m'gamma'[39m
]

[1A[2K[Agent] Selected Tools Config: []

[1A[2K[Tools] Total flattened MCP tools: 0

[1A[2K[FileUtils] ========== prefetchFileContents called ==========

[1A[2K[FileUtils] Text to scan: Return JSON with name and value

[1A[2K[FileUtils] Found variable references: []

[1A[2K[FileUtils] No files to fetch, returning early

[1A[2K[dotenv@17.2.3] injecting env (0) from .env.local -- tip: ⚙️  override existing env vars with { override: true }

[1A[2K[407/453] [chromium] › tests\model-regression.spec.ts:337:9 › Model Regression Tests › Provider: Groq › GPT OSS 20B - Basic Execution
[1A[2K[chromium] › tests\model-regression.spec.ts:337:9 › Model Regression Tests › Provider: Groq › GPT OSS 20B - Basic Execution
[Agent] Available API Keys: [
  [32m'openai'[39m,    [32m'anthropic'[39m,
  [32m'google'[39m,    [32m'groq'[39m,
  [32m'firecrawl'[39m, [32m'serpapi'[39m,
  [32m'tavily'[39m,    [32m'e2b'[39m,
  [32m'arcade'[39m,    [32m'gamma'[39m
]

[1A[2K[Agent] Selected Tools Config: []

[1A[2K[Tools] Total flattened MCP tools: 0

[1A[2K[FileUtils] ========== prefetchFileContents called ==========

[1A[2K[FileUtils] Text to scan: Say hello

[1A[2K[FileUtils] Found variable references: []

[1A[2K[FileUtils] No files to fetch, returning early

[1A[2K[408/453] [chromium] › tests\model-regression.spec.ts:441:11 › Model Regression Tests › Provider: Groq › GPT OSS 20B - With Tools
[1A[2K[chromium] › tests\model-regression.spec.ts:441:11 › Model Regression Tests › Provider: Groq › GPT OSS 20B - With Tools
[Agent] Available API Keys: [
  [32m'openai'[39m,    [32m'anthropic'[39m,
  [32m'google'[39m,    [32m'groq'[39m,
  [32m'firecrawl'[39m, [32m'serpapi'[39m,
  [32m'tavily'[39m,    [32m'e2b'[39m,
  [32m'arcade'[39m,    [32m'gamma'[39m
]

[1A[2K[Agent] Selected Tools Config: [
  {
    "toolId": "firecrawl-scrape",
    "enabled": true,
    "config": {}
  }
]

[1A[2K[Tools] Total flattened MCP tools: 0

[1A[2K[FileUtils] ========== prefetchFileContents called ==========

[1A[2K[FileUtils] Text to scan: Use the test tool

[1A[2K[FileUtils] Found variable references: []

[1A[2K[FileUtils] No files to fetch, returning early

[1A[2KUnknown tool ID: firecrawl-scrape

[1A[2K[409/453] [chromium] › tests\model-regression.spec.ts:584:11 › Model Regression Tests › Provider: Groq › GPT OSS 20B - JSON Mode
[1A[2K[chromium] › tests\model-regression.spec.ts:584:11 › Model Regression Tests › Provider: Groq › GPT OSS 20B - JSON Mode
[Agent] Available API Keys: [
  [32m'openai'[39m,    [32m'anthropic'[39m,
  [32m'google'[39m,    [32m'groq'[39m,
  [32m'firecrawl'[39m, [32m'serpapi'[39m,
  [32m'tavily'[39m,    [32m'e2b'[39m,
  [32m'arcade'[39m,    [32m'gamma'[39m
]

[1A[2K[Agent] Selected Tools Config: []

[1A[2K[Tools] Total flattened MCP tools: 0

[1A[2K[FileUtils] ========== prefetchFileContents called ==========

[1A[2K[FileUtils] Text to scan: Return JSON with name and value

[1A[2K[FileUtils] Found variable references: []

[1A[2K[FileUtils] No files to fetch, returning early

[1A[2K[410/453] [chromium] › tests\model-regression.spec.ts:337:9 › Model Regression Tests › Provider: Google › Gemini 3 Pro (Preview) - Basic Execution
[1A[2K[chromium] › tests\model-regression.spec.ts:337:9 › Model Regression Tests › Provider: Google › Gemini 3 Pro (Preview) - Basic Execution
[Agent] Available API Keys: [
  [32m'openai'[39m,    [32m'anthropic'[39m,
  [32m'google'[39m,    [32m'groq'[39m,
  [32m'firecrawl'[39m, [32m'serpapi'[39m,
  [32m'tavily'[39m,    [32m'e2b'[39m,
  [32m'arcade'[39m,    [32m'gamma'[39m
]

[1A[2K[Agent] Selected Tools Config: []

[1A[2K[Tools] Total flattened MCP tools: 0

[1A[2K[FileUtils] ========== prefetchFileContents called ==========

[1A[2K[FileUtils] Text to scan: Say hello

[1A[2K[FileUtils] Found variable references: []

[1A[2K[FileUtils] No files to fetch, returning early

[1A[2K[dotenv@17.2.3] injecting env (0) from .env.local -- tip: ⚙️  write to custom object with { processEnv: myObject }

[1A[2K[dotenv@17.2.3] injecting env (0) from .env.local -- tip: ✅ audit secrets and track compliance: https://dotenvx.com/ops

[1A[2K[dotenv@17.2.3] injecting env (0) from .env.local -- tip: 👥 sync secrets across teammates & machines: https://dotenvx.com/ops

[1A[2K[dotenv@17.2.3] injecting env (0) from .env.local -- tip: 🔐 prevent building .env in docker: https://dotenvx.com/prebuild

[1A[2K[411/453] [chromium] › tests\template-verification.spec.ts:216:5 › Template Verification Tests › Template Structure Validation › template edges should not have circular dependencies
[1A[2K[412/453] [chromium] › tests\model-regression.spec.ts:441:11 › Model Regression Tests › Provider: Google › Gemini 3 Pro (Preview) - With Tools
[1A[2K[dotenv@17.2.3] injecting env (0) from .env.local -- tip: ⚙️  enable debug logging with { debug: true }

[1A[2K[chromium] › tests\model-regression.spec.ts:441:11 › Model Regression Tests › Provider: Google › Gemini 3 Pro (Preview) - With Tools
[Agent] Available API Keys: [
  [32m'openai'[39m,    [32m'anthropic'[39m,
  [32m'google'[39m,    [32m'groq'[39m,
  [32m'firecrawl'[39m, [32m'serpapi'[39m,
  [32m'tavily'[39m,    [32m'e2b'[39m,
  [32m'arcade'[39m,    [32m'gamma'[39m
]

[1A[2K[Agent] Selected Tools Config: [
  {
    "toolId": "firecrawl-scrape",
    "enabled": true,
    "config": {}
  }
]

[1A[2K[Tools] Total flattened MCP tools: 0

[1A[2K  61) [chromium] › tests\template-verification.spec.ts:216:5 › Template Verification Tests › Template Structure Validation › template edges should not have circular dependencies 

    ReferenceError: setTestAuth is not defined

      93 |   test.beforeAll(() => {
      94 |     convex = new ConvexHttpClient(CONVEX_URL);
    > 95 |     setTestAuth(convexClient, TEST_USER_ID);
         |     ^
      96 |   });
      97 |
      98 |   test.describe('Template Registry', () => {
        at d:\GitHub\open-agent-builder\tests\template-verification.spec.ts:95:5


[1A[2K[FileUtils] ========== prefetchFileContents called ==========

[1A[2K[413/453] [chromium] › tests\template-verification.spec.ts:235:5 › Template Verification Tests › Node Type Coverage › should have templates using various node types
[1A[2K[414/453] [chromium] › tests\template-verification.spec.ts:257:5 › Template Verification Tests › Node Type Coverage › agent nodes should have valid model configuration
[1A[2K[415/453] [chromium] › tests\template-verification.spec.ts:280:5 › Template Verification Tests › Node Type Coverage › transform nodes should have valid scripts
[1A[2K[FileUtils] Text to scan: Use the test tool

[1A[2K[FileUtils] Found variable references: []

[1A[2K[FileUtils] No files to fetch, returning early

[1A[2KUnknown tool ID: firecrawl-scrape

[1A[2K[416/453] [chromium] › tests\template-verification.spec.ts:388:5 › Template Verification Tests › Template Categories & Tags › templates should have categories
[1A[2K[417/453] [chromium] › tests\template-verification.spec.ts:461:5 › Template Verification Tests › Input Variables Validation › required input variables should have default values
[1A[2K[418/453] [chromium] › tests\model-regression.spec.ts:584:11 › Model Regression Tests › Provider: Google › Gemini 3 Pro (Preview) - JSON Mode
[1A[2K[chromium] › tests\model-regression.spec.ts:584:11 › Model Regression Tests › Provider: Google › Gemini 3 Pro (Preview) - JSON Mode
[Agent] Available API Keys: [
  [32m'openai'[39m,    [32m'anthropic'[39m,
  [32m'google'[39m,    [32m'groq'[39m,
  [32m'firecrawl'[39m, [32m'serpapi'[39m,
  [32m'tavily'[39m,    [32m'e2b'[39m,
  [32m'arcade'[39m,    [32m'gamma'[39m
]

[1A[2K[Agent] Selected Tools Config: []

[1A[2K[Tools] Total flattened MCP tools: 0

[1A[2K[FileUtils] ========== prefetchFileContents called ==========

[1A[2K[FileUtils] Text to scan: Return JSON with name and value

[1A[2K[FileUtils] Found variable references: []

[1A[2K[FileUtils] No files to fetch, returning early

[1A[2K[419/453] [chromium] › tests\edge-cases.spec.ts:631:5 › Edge Cases & Error Handling › Memory Limits › should handle large workflow state
[1A[2K
✅ Test report generated: d:\GitHub\open-agent-builder\test-reports\model-regression-1770989912351.json

[1A[2K[chromium] › tests\edge-cases.spec.ts:631:5 › Edge Cases & Error Handling › Memory Limits › should handle large workflow state
⚠️ Starting Edge Cases Test Suite...

[1A[2K  62) [chromium] › tests\template-verification.spec.ts:388:5 › Template Verification Tests › Template Categories & Tags › templates should have categories 

    ReferenceError: setTestAuth is not defined

      93 |   test.beforeAll(() => {
      94 |     convex = new ConvexHttpClient(CONVEX_URL);
    > 95 |     setTestAuth(convexClient, TEST_USER_ID);
         |     ^
      96 |   });
      97 |
      98 |   test.describe('Template Registry', () => {
        at d:\GitHub\open-agent-builder\tests\template-verification.spec.ts:95:5


[1A[2K  63) [chromium] › tests\template-verification.spec.ts:461:5 › Template Verification Tests › Input Variables Validation › required input variables should have default values 

    ReferenceError: setTestAuth is not defined

      93 |   test.beforeAll(() => {
      94 |     convex = new ConvexHttpClient(CONVEX_URL);
    > 95 |     setTestAuth(convexClient, TEST_USER_ID);
         |     ^
      96 |   });
      97 |
      98 |   test.describe('Template Registry', () => {
        at d:\GitHub\open-agent-builder\tests\template-verification.spec.ts:95:5


[1A[2K[420/453] [chromium] › tests\template-verification.spec.ts:402:5 › Template Verification Tests › Template Categories & Tags › templates should have tags
[1A[2K[421/453] [chromium] › tests\template-verification.spec.ts:417:5 › Template Verification Tests › Template Categories & Tags › templates should have difficulty levels
[1A[2K[422/453] [chromium] › tests\template-verification.spec.ts:433:5 › Template Verification Tests › Input Variables Validation › start node input variables should have required fields
[1A[2K[423/453] [chromium] › tests\template-verification.spec.ts:485:5 › Template Verification Tests › Loop Templates › templates with while loops should have break edges
[1A[2K[424/453] [chromium] › tests\template-verification.spec.ts:505:5 › Template Verification Tests › Loop Templates › templates with while loops should have loop-back edges
[1A[2K[425/453] [chromium] › tests\template-verification.spec.ts:526:5 › Template Verification Tests › Template Execution Readiness › templates should have executable structure
[1A[2K[chromium] › tests\model-regression.spec.ts:584:11 › Model Regression Tests › Provider: Google › Gemini 3 Pro (Preview) - JSON Mode
✅ HTML report generated: d:\GitHub\open-agent-builder\test-reports\model-regression-1770989912351.html


[1A[2K
================================================================================

[1A[2KMODEL REGRESSION TEST REPORT

[1A[2K================================================================================

[1A[2K
Test Duration: 0.67s

[1A[2KStart Time: 2026-02-13T13:38:32.351Z

[1A[2KEnd Time: 2026-02-13T13:38:33.021Z

[1A[2K
Summary:

[1A[2K  Total Tests: 7

[1A[2K  Passed: 7 ✓

[1A[2K  Failed: 0 ✗

[1A[2K  Skipped: 0 ⊘

[1A[2K  Pass Rate: 100.00%

[1A[2K
By Provider:

[1A[2K  groq: 4/4 passed (100.0%)

[1A[2K  google: 3/3 passed (100.0%)

[1A[2K
================================================================================


[1A[2K[426/453] [chromium] › tests\edge-cases.spec.ts:649:5 › Edge Cases & Error Handling › Memory Limits › should handle deeply nested objects
[1A[2K[427/453] [chromium] › tests\model-regression.spec.ts:337:9 › Model Regression Tests › Provider: Google › Gemini 3 Flash (Preview) - Basic Execution
[1A[2K[chromium] › tests\model-regression.spec.ts:337:9 › Model Regression Tests › Provider: Google › Gemini 3 Flash (Preview) - Basic Execution

🚀 Starting Model Regression Test Suite...


[1A[2K[Agent] Available API Keys: [
  [32m'openai'[39m,    [32m'anthropic'[39m,
  [32m'google'[39m,    [32m'groq'[39m,
  [32m'firecrawl'[39m, [32m'serpapi'[39m,
  [32m'tavily'[39m,    [32m'e2b'[39m,
  [32m'arcade'[39m,    [32m'gamma'[39m
]

[1A[2K[Agent] Selected Tools Config: []

[1A[2K[Tools] Total flattened MCP tools: 0

[1A[2K[FileUtils] ========== prefetchFileContents called ==========

[1A[2K[FileUtils] Text to scan: Say hello

[1A[2K[FileUtils] Found variable references: []

[1A[2K[FileUtils] No files to fetch, returning early

[1A[2K✅ LangSmith tracing enabled

[1A[2K   Project: open-agent-builder-prod

[1A[2K   Endpoint: https://api.smith.langchain.com

[1A[2K[428/453] [chromium] › tests\workflow-execution.spec.ts:269:5 › Workflow Execution - End-to-End Tests › Multi-Node Workflows › should execute Start → HTTP → Transform → Extract → End
[1A[2K[chromium] › tests\workflow-execution.spec.ts:269:5 › Workflow Execution - End-to-End Tests › Multi-Node Workflows › should execute Start → HTTP → Transform → Extract → End
🚀 Starting Workflow Execution Test Suite...

[1A[2K[429/453] [chromium] › tests\model-regression.spec.ts:441:11 › Model Regression Tests › Provider: Google › Gemini 3 Flash (Preview) - With Tools
[1A[2KBuilding LangGraph from workflow: {
  workflowId: [32m'test-workflow'[39m,
  workflowName: [90mundefined[39m,
  nodes: [33m0[39m,
  edges: [33m0[39m,
  nodeIds: [],
  nodeTypes: [],
  edgeSources: [],
  edgeTargets: [],
  fullNodes: [],
  fullEdges: []
}

[1A[2K[chromium] › tests\model-regression.spec.ts:441:11 › Model Regression Tests › Provider: Google › Gemini 3 Flash (Preview) - With Tools
[Agent] Available API Keys: [
  [32m'openai'[39m,    [32m'anthropic'[39m,
  [32m'google'[39m,    [32m'groq'[39m,
  [32m'firecrawl'[39m, [32m'serpapi'[39m,
  [32m'tavily'[39m,    [32m'e2b'[39m,
  [32m'arcade'[39m,    [32m'gamma'[39m
]

[1A[2K[Agent] Selected Tools Config: [
  {
    "toolId": "firecrawl-scrape",
    "enabled": true,
    "config": {}
  }
]

[1A[2K[Tools] Total flattened MCP tools: 0

[1A[2K[FileUtils] ========== prefetchFileContents called ==========

[1A[2K[FileUtils] Text to scan: Use the test tool

[1A[2K[FileUtils] Found variable references: []

[1A[2K[FileUtils] No files to fetch, returning early

[1A[2KUnknown tool ID: firecrawl-scrape

[1A[2K[430/453] [chromium] › tests\model-regression.spec.ts:584:11 › Model Regression Tests › Provider: Google › Gemini 3 Flash (Preview) - JSON Mode
[1A[2K[chromium] › tests\model-regression.spec.ts:584:11 › Model Regression Tests › Provider: Google › Gemini 3 Flash (Preview) - JSON Mode
[Agent] Available API Keys: [
  [32m'openai'[39m,    [32m'anthropic'[39m,
  [32m'google'[39m,    [32m'groq'[39m,
  [32m'firecrawl'[39m, [32m'serpapi'[39m,
  [32m'tavily'[39m,    [32m'e2b'[39m,
  [32m'arcade'[39m,    [32m'gamma'[39m
]

[1A[2K[Agent] Selected Tools Config: []

[1A[2K[Tools] Total flattened MCP tools: 0

[1A[2K[FileUtils] ========== prefetchFileContents called ==========

[1A[2K[FileUtils] Text to scan: Return JSON with name and value

[1A[2K[FileUtils] Found variable references: []

[1A[2K[FileUtils] No files to fetch, returning early

[1A[2K[431/453] [chromium] › tests\model-regression.spec.ts:337:9 › Model Regression Tests › Provider: Google › Gemini 2.5 Pro - Basic Execution
[1A[2K[chromium] › tests\model-regression.spec.ts:337:9 › Model Regression Tests › Provider: Google › Gemini 2.5 Pro - Basic Execution
[Agent] Available API Keys: [
  [32m'openai'[39m,    [32m'anthropic'[39m,
  [32m'google'[39m,    [32m'groq'[39m,
  [32m'firecrawl'[39m, [32m'serpapi'[39m,
  [32m'tavily'[39m,    [32m'e2b'[39m,
  [32m'arcade'[39m,    [32m'gamma'[39m
]

[1A[2K[Agent] Selected Tools Config: []

[1A[2K[Tools] Total flattened MCP tools: 0

[1A[2K[FileUtils] ========== prefetchFileContents called ==========

[1A[2K[FileUtils] Text to scan: Say hello

[1A[2K[FileUtils] Found variable references: []

[1A[2K[FileUtils] No files to fetch, returning early

[1A[2K[432/453] [chromium] › tests\model-regression.spec.ts:441:11 › Model Regression Tests › Provider: Google › Gemini 2.5 Pro - With Tools
[1A[2K[dotenv@17.2.3] injecting env (0) from .env.local -- tip: ⚙️  enable debug logging with { debug: true }

[1A[2K[chromium] › tests\model-regression.spec.ts:441:11 › Model Regression Tests › Provider: Google › Gemini 2.5 Pro - With Tools
[Agent] Available API Keys: [
  [32m'openai'[39m,    [32m'anthropic'[39m,
  [32m'google'[39m,    [32m'groq'[39m,
  [32m'firecrawl'[39m, [32m'serpapi'[39m,
  [32m'tavily'[39m,    [32m'e2b'[39m,
  [32m'arcade'[39m,    [32m'gamma'[39m
]

[1A[2K[Agent] Selected Tools Config: [
  {
    "toolId": "firecrawl-scrape",
    "enabled": true,
    "config": {}
  }
]

[1A[2K[Tools] Total flattened MCP tools: 0

[1A[2K[FileUtils] ========== prefetchFileContents called ==========

[1A[2K[FileUtils] Text to scan: Use the test tool

[1A[2K[FileUtils] Found variable references: []

[1A[2K[FileUtils] No files to fetch, returning early

[1A[2KUnknown tool ID: firecrawl-scrape

[1A[2K[433/453] [chromium] › tests\model-regression.spec.ts:584:11 › Model Regression Tests › Provider: Google › Gemini 2.5 Pro - JSON Mode
[1A[2K[chromium] › tests\model-regression.spec.ts:584:11 › Model Regression Tests › Provider: Google › Gemini 2.5 Pro - JSON Mode
[Agent] Available API Keys: [
  [32m'openai'[39m,    [32m'anthropic'[39m,
  [32m'google'[39m,    [32m'groq'[39m,
  [32m'firecrawl'[39m, [32m'serpapi'[39m,
  [32m'tavily'[39m,    [32m'e2b'[39m,
  [32m'arcade'[39m,    [32m'gamma'[39m
]

[1A[2K[Agent] Selected Tools Config: []

[1A[2K[Tools] Total flattened MCP tools: 0

[1A[2K[FileUtils] ========== prefetchFileContents called ==========

[1A[2K[FileUtils] Text to scan: Return JSON with name and value

[1A[2K[FileUtils] Found variable references: []

[1A[2K[FileUtils] No files to fetch, returning early

[1A[2K[434/453] [chromium] › tests\model-regression.spec.ts:337:9 › Model Regression Tests › Provider: Google › Gemini 2.5 Flash - Basic Execution
[1A[2K[chromium] › tests\model-regression.spec.ts:337:9 › Model Regression Tests › Provider: Google › Gemini 2.5 Flash - Basic Execution
[Agent] Available API Keys: [
  [32m'openai'[39m,    [32m'anthropic'[39m,
  [32m'google'[39m,    [32m'groq'[39m,
  [32m'firecrawl'[39m, [32m'serpapi'[39m,
  [32m'tavily'[39m,    [32m'e2b'[39m,
  [32m'arcade'[39m,    [32m'gamma'[39m
]

[1A[2K[Agent] Selected Tools Config: []

[1A[2K[Tools] Total flattened MCP tools: 0

[1A[2K[FileUtils] ========== prefetchFileContents called ==========

[1A[2K[FileUtils] Text to scan: Say hello

[1A[2K[FileUtils] Found variable references: []

[1A[2K[FileUtils] No files to fetch, returning early

[1A[2K
✅ Test report generated: d:\GitHub\open-agent-builder\test-reports\model-regression-1770989913782.json

[1A[2K[dotenv@17.2.3] injecting env (0) from .env.local -- tip: 🔐 prevent building .env in docker: https://dotenvx.com/prebuild

[1A[2K✅ HTML report generated: d:\GitHub\open-agent-builder\test-reports\model-regression-1770989913782.html


[1A[2KFailed to Failed to send multipart request. Received status [403]: Forbidden. Message:

Context: trace=019c5739-832c-7994-b27e-3329775c1eb3,id=019c5739-832c-7994-b27e-3329775c1eb3; trace=019c5739-838c-7994-b27e-3adaee5109e1,id=019c5739-838c-7994-b27e-3adaee5109e1; trace=019c5739-83a9-7994-b27e-479dbcfd6c8c,id=019c5739-83a9-7994-b27e-479dbcfd6c8c

[1A[2K
================================================================================

[1A[2KMODEL REGRESSION TEST REPORT

[1A[2K================================================================================

[1A[2K
Test Duration: 0.59s

[1A[2KStart Time: 2026-02-13T13:38:33.782Z

[1A[2KEnd Time: 2026-02-13T13:38:34.376Z

[1A[2K
Summary:

[1A[2K  Total Tests: 7

[1A[2K  Passed: 7 ✓

[1A[2K  Failed: 0 ✗

[1A[2K  Skipped: 0 ⊘

[1A[2K  Pass Rate: 100.00%

[1A[2K
By Provider:

[1A[2K  google: 7/7 passed (100.0%)

[1A[2K
================================================================================


[1A[2K[dotenv@17.2.3] injecting env (0) from .env.local -- tip: 🛠️  run anywhere with `dotenvx run -- yourcommand`

[1A[2K  64) [chromium] › tests\workflow-execution.spec.ts:269:5 › Workflow Execution - End-to-End Tests › Multi-Node Workflows › should execute Start → HTTP → Transform → Extract → End 

    TypeError: Cannot read properties of undefined (reading 'nodes')

       at ..\lib\workflow\langgraph.ts:156

      154 |
      155 |     // Create a set of valid node IDs for edge validation
    > 156 |     const validNodeIds = new Set(this.workflow.nodes.map(n => n.id));
          |                                                ^
      157 |
      158 |     // Build edge map, skipping edges with invalid source/target
      159 |     for (const edge of this.workflow.edges) {
        at LangGraphExecutor.buildGraph (d:\GitHub\open-agent-builder\lib\workflow\langgraph.ts:156:48)
        at LangGraphExecutor (d:\GitHub\open-agent-builder\lib\workflow\langgraph.ts:131:23)
        at d:\GitHub\open-agent-builder\tests\workflow-execution.spec.ts:333:24


[1A[2KFailed to Failed to send multipart request. Received status [403]: Forbidden. Message:

Context: trace=019c5739-87bc-799b-a5d3-45893ad06fc8,id=019c5739-87bc-799b-a5d3-45893ad06fc8; trace=019c5739-8868-799b-a5d3-48f7600a497e,id=019c5739-8868-799b-a5d3-48f7600a497e; trace=019c5739-8881-799b-a5d3-501cf2846782,id=019c5739-8881-799b-a5d3-501cf2846782; trace=019c5739-889f-799b-a5d3-5eaf23498233,id=019c5739-889f-799b-a5d3-5eaf23498233; trace=019c5739-88c1-799b-a5d3-66e5ef4c8908,id=019c5739-88c1-799b-a5d3-66e5ef4c8908; trace=019c5739-88de-799b-a5d3-6bf415f12de8,id=019c5739-88de-799b-a5d3-6bf415f12de8; trace=019c5739-88f6-799b-a5d3-741abcc10233,id=019c5739-88f6-799b-a5d3-741abcc10233

[1A[2K✅ LangSmith tracing enabled

[1A[2K   Project: open-agent-builder-prod

[1A[2K   Endpoint: https://api.smith.langchain.com

[1A[2K[435/453] [chromium] › tests\workflow-execution.spec.ts:869:5 › Workflow Execution - End-to-End Tests › Human-in-the-Loop Approval › should pause execution at approval node
[1A[2K[chromium] › tests\workflow-execution.spec.ts:869:5 › Workflow Execution - End-to-End Tests › Human-in-the-Loop Approval › should pause execution at approval node
🚀 Starting Workflow Execution Test Suite...

[1A[2KBuilding LangGraph from workflow: {
  workflowId: [32m'test-workflow'[39m,
  workflowName: [90mundefined[39m,
  nodes: [33m0[39m,
  edges: [33m0[39m,
  nodeIds: [],
  nodeTypes: [],
  edgeSources: [],
  edgeTargets: [],
  fullNodes: [],
  fullEdges: []
}

[1A[2K  65) [chromium] › tests\workflow-execution.spec.ts:869:5 › Workflow Execution - End-to-End Tests › Human-in-the-Loop Approval › should pause execution at approval node 

    TypeError: Cannot read properties of undefined (reading 'nodes')

       at ..\lib\workflow\langgraph.ts:156

      154 |
      155 |     // Create a set of valid node IDs for edge validation
    > 156 |     const validNodeIds = new Set(this.workflow.nodes.map(n => n.id));
          |                                                ^
      157 |
      158 |     // Build edge map, skipping edges with invalid source/target
      159 |     for (const edge of this.workflow.edges) {
        at LangGraphExecutor.buildGraph (d:\GitHub\open-agent-builder\lib\workflow\langgraph.ts:156:48)
        at LangGraphExecutor (d:\GitHub\open-agent-builder\lib\workflow\langgraph.ts:131:23)
        at d:\GitHub\open-agent-builder\tests\workflow-execution.spec.ts:899:24


[1A[2K✅ LangSmith tracing enabled

[1A[2K   Project: open-agent-builder-prod

[1A[2K   Endpoint: https://api.smith.langchain.com

[1A[2K[436/453] [chromium] › tests\workflow-execution.spec.ts:153:5 › Workflow Execution - End-to-End Tests › Basic Workflow Flows › should execute simple Start → Agent → End workflow
[1A[2K[chromium] › tests\workflow-execution.spec.ts:153:5 › Workflow Execution - End-to-End Tests › Basic Workflow Flows › should execute simple Start → Agent → End workflow
🚀 Starting Workflow Execution Test Suite...

[1A[2KBuilding LangGraph from workflow: {
  workflowId: [32m'test-workflow'[39m,
  workflowName: [90mundefined[39m,
  nodes: [33m0[39m,
  edges: [33m0[39m,
  nodeIds: [],
  nodeTypes: [],
  edgeSources: [],
  edgeTargets: [],
  fullNodes: [],
  fullEdges: []
}

[1A[2K✅ LangSmith tracing enabled

[1A[2K   Project: open-agent-builder-prod

[1A[2K   Endpoint: https://api.smith.langchain.com

[1A[2K[437/453] [chromium] › tests\workflow-execution.spec.ts:340:5 › Workflow Execution - End-to-End Tests › Multi-Node Workflows › should handle parallel execution branches
[1A[2K[chromium] › tests\workflow-execution.spec.ts:340:5 › Workflow Execution - End-to-End Tests › Multi-Node Workflows › should handle parallel execution branches
🚀 Starting Workflow Execution Test Suite...

[1A[2KBuilding LangGraph from workflow: {
  workflowId: [32m'test-workflow'[39m,
  workflowName: [90mundefined[39m,
  nodes: [33m0[39m,
  edges: [33m0[39m,
  nodeIds: [],
  nodeTypes: [],
  edgeSources: [],
  edgeTargets: [],
  fullNodes: [],
  fullEdges: []
}

[1A[2K[dotenv@17.2.3] injecting env (0) from .env.local -- tip: 🔄 add secrets lifecycle management: https://dotenvx.com/ops

[1A[2K✅ LangSmith tracing enabled

[1A[2K   Project: open-agent-builder-prod

[1A[2K   Endpoint: https://api.smith.langchain.com

[1A[2K[438/453] [chromium] › tests\workflow-execution.spec.ts:946:5 › Workflow Execution - End-to-End Tests › Edge Validation › should detect circular dependencies
[1A[2K[chromium] › tests\workflow-execution.spec.ts:946:5 › Workflow Execution - End-to-End Tests › Edge Validation › should detect circular dependencies
🚀 Starting Workflow Execution Test Suite...

[1A[2K✅ LangSmith tracing enabled

[1A[2K   Project: open-agent-builder-prod

[1A[2K   Endpoint: https://api.smith.langchain.com

[1A[2KBuilding LangGraph from workflow: {
  workflowId: [32m'test-workflow'[39m,
  workflowName: [90mundefined[39m,
  nodes: [33m0[39m,
  edges: [33m0[39m,
  nodeIds: [],
  nodeTypes: [],
  edgeSources: [],
  edgeTargets: [],
  fullNodes: [],
  fullEdges: []
}

[1A[2K[439/453] [chromium] › tests\workflow-execution.spec.ts:452:5 › Workflow Execution - End-to-End Tests › Conditional Logic › should execute if-else branch (false path)
[1A[2K[chromium] › tests\workflow-execution.spec.ts:452:5 › Workflow Execution - End-to-End Tests › Conditional Logic › should execute if-else branch (false path)
🚀 Starting Workflow Execution Test Suite...

[1A[2K✅ LangSmith tracing enabled

[1A[2K   Project: open-agent-builder-prod

[1A[2K   Endpoint: https://api.smith.langchain.com

[1A[2K[440/453] [chromium] › tests\workflow-execution.spec.ts:600:5 › Workflow Execution - End-to-End Tests › State Management › should pass variables between nodes using {{input.*}}
[1A[2KBuilding LangGraph from workflow: {
  workflowId: [32m'test-workflow'[39m,
  workflowName: [90mundefined[39m,
  nodes: [33m0[39m,
  edges: [33m0[39m,
  nodeIds: [],
  nodeTypes: [],
  edgeSources: [],
  edgeTargets: [],
  fullNodes: [],
  fullEdges: []
}

[1A[2K[chromium] › tests\workflow-execution.spec.ts:600:5 › Workflow Execution - End-to-End Tests › State Management › should pass variables between nodes using {{input.*}}
🚀 Starting Workflow Execution Test Suite...

[1A[2K✅ LangSmith tracing enabled

[1A[2K   Project: open-agent-builder-prod

[1A[2K   Endpoint: https://api.smith.langchain.com

[1A[2K[441/453] [chromium] › tests\workflow-execution.spec.ts:753:5 › Workflow Execution - End-to-End Tests › Error Handling › should handle node execution failure gracefully
[1A[2KBuilding LangGraph from workflow: {
  workflowId: [32m'test-workflow'[39m,
  workflowName: [90mundefined[39m,
  nodes: [33m0[39m,
  edges: [33m0[39m,
  nodeIds: [],
  nodeTypes: [],
  edgeSources: [],
  edgeTargets: [],
  fullNodes: [],
  fullEdges: []
}

[1A[2K[chromium] › tests\workflow-execution.spec.ts:753:5 › Workflow Execution - End-to-End Tests › Error Handling › should handle node execution failure gracefully
🚀 Starting Workflow Execution Test Suite...

[1A[2K  66) [chromium] › tests\workflow-execution.spec.ts:340:5 › Workflow Execution - End-to-End Tests › Multi-Node Workflows › should handle parallel execution branches 

    TypeError: Cannot read properties of undefined (reading 'nodes')

       at ..\lib\workflow\langgraph.ts:156

      154 |
      155 |     // Create a set of valid node IDs for edge validation
    > 156 |     const validNodeIds = new Set(this.workflow.nodes.map(n => n.id));
          |                                                ^
      157 |
      158 |     // Build edge map, skipping edges with invalid source/target
      159 |     for (const edge of this.workflow.edges) {
        at LangGraphExecutor.buildGraph (d:\GitHub\open-agent-builder\lib\workflow\langgraph.ts:156:48)
        at LangGraphExecutor (d:\GitHub\open-agent-builder\lib\workflow\langgraph.ts:131:23)
        at d:\GitHub\open-agent-builder\tests\workflow-execution.spec.ts:389:24


[1A[2KBuilding LangGraph from workflow: {
  workflowId: [32m'test-workflow'[39m,
  workflowName: [90mundefined[39m,
  nodes: [33m0[39m,
  edges: [33m0[39m,
  nodeIds: [],
  nodeTypes: [],
  edgeSources: [],
  edgeTargets: [],
  fullNodes: [],
  fullEdges: []
}

[1A[2K  67) [chromium] › tests\workflow-execution.spec.ts:153:5 › Workflow Execution - End-to-End Tests › Basic Workflow Flows › should execute simple Start → Agent → End workflow 

    TypeError: Cannot read properties of undefined (reading 'nodes')

       at ..\lib\workflow\langgraph.ts:156

      154 |
      155 |     // Create a set of valid node IDs for edge validation
    > 156 |     const validNodeIds = new Set(this.workflow.nodes.map(n => n.id));
          |                                                ^
      157 |
      158 |     // Build edge map, skipping edges with invalid source/target
      159 |     for (const edge of this.workflow.edges) {
        at LangGraphExecutor.buildGraph (d:\GitHub\open-agent-builder\lib\workflow\langgraph.ts:156:48)
        at LangGraphExecutor (d:\GitHub\open-agent-builder\lib\workflow\langgraph.ts:131:23)
        at d:\GitHub\open-agent-builder\tests\workflow-execution.spec.ts:204:24


[1A[2K  68) [chromium] › tests\workflow-execution.spec.ts:946:5 › Workflow Execution - End-to-End Tests › Edge Validation › should detect circular dependencies 

    TypeError: Cannot read properties of undefined (reading 'nodes')

       at ..\lib\workflow\langgraph.ts:156

      154 |
      155 |     // Create a set of valid node IDs for edge validation
    > 156 |     const validNodeIds = new Set(this.workflow.nodes.map(n => n.id));
          |                                                ^
      157 |
      158 |     // Build edge map, skipping edges with invalid source/target
      159 |     for (const edge of this.workflow.edges) {
        at LangGraphExecutor.buildGraph (d:\GitHub\open-agent-builder\lib\workflow\langgraph.ts:156:48)
        at LangGraphExecutor (d:\GitHub\open-agent-builder\lib\workflow\langgraph.ts:131:23)
        at d:\GitHub\open-agent-builder\tests\workflow-execution.spec.ts:983:24


[1A[2K  69) [chromium] › tests\workflow-execution.spec.ts:600:5 › Workflow Execution - End-to-End Tests › State Management › should pass variables between nodes using {{input.*}} 

    TypeError: Cannot read properties of undefined (reading 'nodes')

       at ..\lib\workflow\langgraph.ts:156

      154 |
      155 |     // Create a set of valid node IDs for edge validation
    > 156 |     const validNodeIds = new Set(this.workflow.nodes.map(n => n.id));
          |                                                ^
      157 |
      158 |     // Build edge map, skipping edges with invalid source/target
      159 |     for (const edge of this.workflow.edges) {
        at LangGraphExecutor.buildGraph (d:\GitHub\open-agent-builder\lib\workflow\langgraph.ts:156:48)
        at LangGraphExecutor (d:\GitHub\open-agent-builder\lib\workflow\langgraph.ts:131:23)
        at d:\GitHub\open-agent-builder\tests\workflow-execution.spec.ts:641:24


[1A[2K  70) [chromium] › tests\workflow-execution.spec.ts:753:5 › Workflow Execution - End-to-End Tests › Error Handling › should handle node execution failure gracefully 

    TypeError: Cannot read properties of undefined (reading 'nodes')

       at ..\lib\workflow\langgraph.ts:156

      154 |
      155 |     // Create a set of valid node IDs for edge validation
    > 156 |     const validNodeIds = new Set(this.workflow.nodes.map(n => n.id));
          |                                                ^
      157 |
      158 |     // Build edge map, skipping edges with invalid source/target
      159 |     for (const edge of this.workflow.edges) {
        at LangGraphExecutor.buildGraph (d:\GitHub\open-agent-builder\lib\workflow\langgraph.ts:156:48)
        at LangGraphExecutor (d:\GitHub\open-agent-builder\lib\workflow\langgraph.ts:131:23)
        at d:\GitHub\open-agent-builder\tests\workflow-execution.spec.ts:789:24


[1A[2K  71) [chromium] › tests\workflow-execution.spec.ts:452:5 › Workflow Execution - End-to-End Tests › Conditional Logic › should execute if-else branch (false path) 

    TypeError: Cannot read properties of undefined (reading 'nodes')

       at ..\lib\workflow\langgraph.ts:156

      154 |
      155 |     // Create a set of valid node IDs for edge validation
    > 156 |     const validNodeIds = new Set(this.workflow.nodes.map(n => n.id));
          |                                                ^
      157 |
      158 |     // Build edge map, skipping edges with invalid source/target
      159 |     for (const edge of this.workflow.edges) {
        at LangGraphExecutor.buildGraph (d:\GitHub\open-agent-builder\lib\workflow\langgraph.ts:156:48)
        at LangGraphExecutor (d:\GitHub\open-agent-builder\lib\workflow\langgraph.ts:131:23)
        at d:\GitHub\open-agent-builder\tests\workflow-execution.spec.ts:494:24


[1A[2K[dotenv@17.2.3] injecting env (0) from .env.local -- tip: ⚙️  specify custom .env file path with { path: '/custom/path/.env' }

[1A[2K[dotenv@17.2.3] injecting env (0) from .env.local -- tip: 📡 add observability to secrets: https://dotenvx.com/ops

[1A[2K[dotenv@17.2.3] injecting env (0) from .env.local -- tip: ✅ audit secrets and track compliance: https://dotenvx.com/ops

[1A[2K[dotenv@17.2.3] injecting env (0) from .env.local -- tip: ⚙️  load multiple .env files with { path: ['.env.local', '.env'] }

[1A[2K[dotenv@17.2.3] injecting env (0) from .env.local -- tip: 🔐 prevent committing .env to code: https://dotenvx.com/precommit

[1A[2K[dotenv@17.2.3] injecting env (0) from .env.local -- tip: 🔐 prevent building .env in docker: https://dotenvx.com/prebuild

[1A[2K✅ LangSmith tracing enabled

[1A[2K   Project: open-agent-builder-prod

[1A[2K   Endpoint: https://api.smith.langchain.com

[1A[2K[442/453] [chromium] › tests\workflow-execution.spec.ts:907:5 › Workflow Execution - End-to-End Tests › Human-in-the-Loop Approval › should resume workflow after approval
[1A[2K[chromium] › tests\workflow-execution.spec.ts:907:5 › Workflow Execution - End-to-End Tests › Human-in-the-Loop Approval › should resume workflow after approval
🚀 Starting Workflow Execution Test Suite...

[1A[2K[443/453] [chromium] › tests\workflow-execution.spec.ts:917:5 › Workflow Execution - End-to-End Tests › Edge Validation › should detect and clean invalid edges
[1A[2K[chromium] › tests\workflow-execution.spec.ts:917:5 › Workflow Execution - End-to-End Tests › Edge Validation › should detect and clean invalid edges
🧹 Removing invalid edge e2: source=nonexistent (exists: false), target=end-1 (exists: true)

[1A[2K🧹 Removing invalid edge e3: source=start-1 (exists: true), target=nonexistent (exists: false)

[1A[2K✅ Cleaned up 2 invalid edge(s) from workflow

[1A[2K✅ LangSmith tracing enabled

[1A[2K   Project: open-agent-builder-prod

[1A[2K   Endpoint: https://api.smith.langchain.com

[1A[2K[444/453] [chromium] › tests\workflow-execution.spec.ts:216:5 › Workflow Execution - End-to-End Tests › Basic Workflow Flows › should handle workflow with no edges (single node)
[1A[2K[chromium] › tests\workflow-execution.spec.ts:216:5 › Workflow Execution - End-to-End Tests › Basic Workflow Flows › should handle workflow with no edges (single node)
🚀 Starting Workflow Execution Test Suite...

[1A[2K✅ LangSmith tracing enabled

[1A[2K   Project: open-agent-builder-prod

[1A[2K   Endpoint: https://api.smith.langchain.com

[1A[2K[445/453] [chromium] › tests\workflow-execution.spec.ts:399:5 › Workflow Execution - End-to-End Tests › Conditional Logic › should execute if-else branch (true path)
[1A[2K[chromium] › tests\workflow-execution.spec.ts:399:5 › Workflow Execution - End-to-End Tests › Conditional Logic › should execute if-else branch (true path)
🚀 Starting Workflow Execution Test Suite...

[1A[2K[chromium] › tests\workflow-execution.spec.ts:216:5 › Workflow Execution - End-to-End Tests › Basic Workflow Flows › should handle workflow with no edges (single node)
Building LangGraph from workflow: {
  workflowId: [32m'test-workflow'[39m,
  workflowName: [90mundefined[39m,
  nodes: [33m0[39m,
  edges: [33m0[39m,
  nodeIds: [],
  nodeTypes: [],
  edgeSources: [],
  edgeTargets: [],
  fullNodes: [],
  fullEdges: []
}

[1A[2K✅ LangSmith tracing enabled

[1A[2K   Project: open-agent-builder-prod

[1A[2K   Endpoint: https://api.smith.langchain.com

[1A[2K[446/453] [chromium] › tests\workflow-execution.spec.ts:991:5 › Workflow Execution - End-to-End Tests › Edge Validation › should validate end node has no outgoing edges
[1A[2K[chromium] › tests\workflow-execution.spec.ts:399:5 › Workflow Execution - End-to-End Tests › Conditional Logic › should execute if-else branch (true path)
Building LangGraph from workflow: {
  workflowId: [32m'test-workflow'[39m,
  workflowName: [90mundefined[39m,
  nodes: [33m0[39m,
  edges: [33m0[39m,
  nodeIds: [],
  nodeTypes: [],
  edgeSources: [],
  edgeTargets: [],
  fullNodes: [],
  fullEdges: []
}

[1A[2K[chromium] › tests\workflow-execution.spec.ts:991:5 › Workflow Execution - End-to-End Tests › Edge Validation › should validate end node has no outgoing edges
🚀 Starting Workflow Execution Test Suite...

[1A[2K✅ LangSmith tracing enabled

[1A[2K   Project: open-agent-builder-prod

[1A[2K   Endpoint: https://api.smith.langchain.com

[1A[2KBuilding LangGraph from workflow: {
  workflowId: [32m'test-workflow'[39m,
  workflowName: [90mundefined[39m,
  nodes: [33m0[39m,
  edges: [33m0[39m,
  nodeIds: [],
  nodeTypes: [],
  edgeSources: [],
  edgeTargets: [],
  fullNodes: [],
  fullEdges: []
}

[1A[2K[447/453] [chromium] › tests\workflow-execution.spec.ts:648:5 › Workflow Execution - End-to-End Tests › State Management › should use {{lastOutput}} to reference previous node result
[1A[2K[chromium] › tests\workflow-execution.spec.ts:648:5 › Workflow Execution - End-to-End Tests › State Management › should use {{lastOutput}} to reference previous node result
🚀 Starting Workflow Execution Test Suite...

[1A[2KBuilding LangGraph from workflow: {
  workflowId: [32m'test-workflow'[39m,
  workflowName: [90mundefined[39m,
  nodes: [33m0[39m,
  edges: [33m0[39m,
  nodeIds: [],
  nodeTypes: [],
  edgeSources: [],
  edgeTargets: [],
  fullNodes: [],
  fullEdges: []
}

[1A[2K✅ LangSmith tracing enabled

[1A[2K   Project: open-agent-builder-prod

[1A[2K   Endpoint: https://api.smith.langchain.com

[1A[2K  72) [chromium] › tests\workflow-execution.spec.ts:216:5 › Workflow Execution - End-to-End Tests › Basic Workflow Flows › should handle workflow with no edges (single node) 

    TypeError: Cannot read properties of undefined (reading 'nodes')

       at ..\lib\workflow\langgraph.ts:156

      154 |
      155 |     // Create a set of valid node IDs for edge validation
    > 156 |     const validNodeIds = new Set(this.workflow.nodes.map(n => n.id));
          |                                                ^
      157 |
      158 |     // Build edge map, skipping edges with invalid source/target
      159 |     for (const edge of this.workflow.edges) {
        at LangGraphExecutor.buildGraph (d:\GitHub\open-agent-builder\lib\workflow\langgraph.ts:156:48)
        at LangGraphExecutor (d:\GitHub\open-agent-builder\lib\workflow\langgraph.ts:131:23)
        at d:\GitHub\open-agent-builder\tests\workflow-execution.spec.ts:231:24


[1A[2K[448/453] [chromium] › tests\workflow-execution.spec.ts:242:5 › Workflow Execution - End-to-End Tests › Basic Workflow Flows › should fail when start node is missing
[1A[2K[449/453] [chromium] › tests\workflow-execution.spec.ts:796:5 › Workflow Execution - End-to-End Tests › Error Handling › should handle missing required input variables
[1A[2K[chromium] › tests\workflow-execution.spec.ts:242:5 › Workflow Execution - End-to-End Tests › Basic Workflow Flows › should fail when start node is missing
🚀 Starting Workflow Execution Test Suite...

[1A[2KBuilding LangGraph from workflow: {
  workflowId: [32m'test-workflow'[39m,
  workflowName: [90mundefined[39m,
  nodes: [33m0[39m,
  edges: [33m0[39m,
  nodeIds: [],
  nodeTypes: [],
  edgeSources: [],
  edgeTargets: [],
  fullNodes: [],
  fullEdges: []
}

[1A[2K[chromium] › tests\workflow-execution.spec.ts:796:5 › Workflow Execution - End-to-End Tests › Error Handling › should handle missing required input variables
🚀 Starting Workflow Execution Test Suite...

[1A[2KBuilding LangGraph from workflow: {
  workflowId: [32m'test-workflow'[39m,
  workflowName: [90mundefined[39m,
  nodes: [33m0[39m,
  edges: [33m0[39m,
  nodeIds: [],
  nodeTypes: [],
  edgeSources: [],
  edgeTargets: [],
  fullNodes: [],
  fullEdges: []
}

[1A[2K✅ LangSmith tracing enabled

[1A[2K   Project: open-agent-builder-prod

[1A[2K   Endpoint: https://api.smith.langchain.com

[1A[2K  73) [chromium] › tests\workflow-execution.spec.ts:991:5 › Workflow Execution - End-to-End Tests › Edge Validation › should validate end node has no outgoing edges 

    TypeError: Cannot read properties of undefined (reading 'nodes')

       at ..\lib\workflow\langgraph.ts:156

      154 |
      155 |     // Create a set of valid node IDs for edge validation
    > 156 |     const validNodeIds = new Set(this.workflow.nodes.map(n => n.id));
          |                                                ^
      157 |
      158 |     // Build edge map, skipping edges with invalid source/target
      159 |     for (const edge of this.workflow.edges) {
        at LangGraphExecutor.buildGraph (d:\GitHub\open-agent-builder\lib\workflow\langgraph.ts:156:48)
        at LangGraphExecutor (d:\GitHub\open-agent-builder\lib\workflow\langgraph.ts:131:23)
        at d:\GitHub\open-agent-builder\tests\workflow-execution.spec.ts:1023:24


[1A[2K[450/453] [chromium] › tests\workflow-execution.spec.ts:502:5 › Workflow Execution - End-to-End Tests › Conditional Logic › should execute while loop with iteration limit
[1A[2K[chromium] › tests\workflow-execution.spec.ts:502:5 › Workflow Execution - End-to-End Tests › Conditional Logic › should execute while loop with iteration limit
🚀 Starting Workflow Execution Test Suite...

[1A[2K  74) [chromium] › tests\workflow-execution.spec.ts:648:5 › Workflow Execution - End-to-End Tests › State Management › should use {{lastOutput}} to reference previous node result 

    TypeError: Cannot read properties of undefined (reading 'nodes')

       at ..\lib\workflow\langgraph.ts:156

      154 |
      155 |     // Create a set of valid node IDs for edge validation
    > 156 |     const validNodeIds = new Set(this.workflow.nodes.map(n => n.id));
          |                                                ^
      157 |
      158 |     // Build edge map, skipping edges with invalid source/target
      159 |     for (const edge of this.workflow.edges) {
        at LangGraphExecutor.buildGraph (d:\GitHub\open-agent-builder\lib\workflow\langgraph.ts:156:48)
        at LangGraphExecutor (d:\GitHub\open-agent-builder\lib\workflow\langgraph.ts:131:23)
        at d:\GitHub\open-agent-builder\tests\workflow-execution.spec.ts:700:24


[1A[2K  75) [chromium] › tests\workflow-execution.spec.ts:399:5 › Workflow Execution - End-to-End Tests › Conditional Logic › should execute if-else branch (true path) 

    TypeError: Cannot read properties of undefined (reading 'nodes')

       at ..\lib\workflow\langgraph.ts:156

      154 |
      155 |     // Create a set of valid node IDs for edge validation
    > 156 |     const validNodeIds = new Set(this.workflow.nodes.map(n => n.id));
          |                                                ^
      157 |
      158 |     // Build edge map, skipping edges with invalid source/target
      159 |     for (const edge of this.workflow.edges) {
        at LangGraphExecutor.buildGraph (d:\GitHub\open-agent-builder\lib\workflow\langgraph.ts:156:48)
        at LangGraphExecutor (d:\GitHub\open-agent-builder\lib\workflow\langgraph.ts:131:23)
        at d:\GitHub\open-agent-builder\tests\workflow-execution.spec.ts:443:24


[1A[2KBuilding LangGraph from workflow: {
  workflowId: [32m'test-workflow'[39m,
  workflowName: [90mundefined[39m,
  nodes: [33m0[39m,
  edges: [33m0[39m,
  nodeIds: [],
  nodeTypes: [],
  edgeSources: [],
  edgeTargets: [],
  fullNodes: [],
  fullEdges: []
}

[1A[2K  76) [chromium] › tests\workflow-execution.spec.ts:242:5 › Workflow Execution - End-to-End Tests › Basic Workflow Flows › should fail when start node is missing 

    TypeError: Cannot read properties of undefined (reading 'nodes')

       at ..\lib\workflow\langgraph.ts:156

      154 |
      155 |     // Create a set of valid node IDs for edge validation
    > 156 |     const validNodeIds = new Set(this.workflow.nodes.map(n => n.id));
          |                                                ^
      157 |
      158 |     // Build edge map, skipping edges with invalid source/target
      159 |     for (const edge of this.workflow.edges) {
        at LangGraphExecutor.buildGraph (d:\GitHub\open-agent-builder\lib\workflow\langgraph.ts:156:48)
        at LangGraphExecutor (d:\GitHub\open-agent-builder\lib\workflow\langgraph.ts:131:23)
        at d:\GitHub\open-agent-builder\tests\workflow-execution.spec.ts:258:24


[1A[2K  77) [chromium] › tests\workflow-execution.spec.ts:796:5 › Workflow Execution - End-to-End Tests › Error Handling › should handle missing required input variables 

    TypeError: Cannot read properties of undefined (reading 'nodes')

       at ..\lib\workflow\langgraph.ts:156

      154 |
      155 |     // Create a set of valid node IDs for edge validation
    > 156 |     const validNodeIds = new Set(this.workflow.nodes.map(n => n.id));
          |                                                ^
      157 |
      158 |     // Build edge map, skipping edges with invalid source/target
      159 |     for (const edge of this.workflow.edges) {
        at LangGraphExecutor.buildGraph (d:\GitHub\open-agent-builder\lib\workflow\langgraph.ts:156:48)
        at LangGraphExecutor (d:\GitHub\open-agent-builder\lib\workflow\langgraph.ts:131:23)
        at d:\GitHub\open-agent-builder\tests\workflow-execution.spec.ts:821:24


[1A[2K  78) [chromium] › tests\workflow-execution.spec.ts:502:5 › Workflow Execution - End-to-End Tests › Conditional Logic › should execute while loop with iteration limit 

    TypeError: Cannot read properties of undefined (reading 'nodes')

       at ..\lib\workflow\langgraph.ts:156

      154 |
      155 |     // Create a set of valid node IDs for edge validation
    > 156 |     const validNodeIds = new Set(this.workflow.nodes.map(n => n.id));
          |                                                ^
      157 |
      158 |     // Build edge map, skipping edges with invalid source/target
      159 |     for (const edge of this.workflow.edges) {
        at LangGraphExecutor.buildGraph (d:\GitHub\open-agent-builder\lib\workflow\langgraph.ts:156:48)
        at LangGraphExecutor (d:\GitHub\open-agent-builder\lib\workflow\langgraph.ts:131:23)
        at d:\GitHub\open-agent-builder\tests\workflow-execution.spec.ts:550:24


[1A[2K[dotenv@17.2.3] injecting env (0) from .env.local -- tip: 🛠️  run anywhere with `dotenvx run -- yourcommand`

[1A[2K[dotenv@17.2.3] injecting env (0) from .env.local -- tip: ⚙️  override existing env vars with { override: true }

[1A[2K[dotenv@17.2.3] injecting env (0) from .env.local -- tip: 🛠️  run anywhere with `dotenvx run -- yourcommand`

[1A[2K✅ LangSmith tracing enabled

[1A[2K   Project: open-agent-builder-prod

[1A[2K   Endpoint: https://api.smith.langchain.com

[1A[2K[451/453] [chromium] › tests\workflow-execution.spec.ts:706:5 › Workflow Execution - End-to-End Tests › State Management › should use set-state node to update variables
[1A[2K[chromium] › tests\workflow-execution.spec.ts:706:5 › Workflow Execution - End-to-End Tests › State Management › should use set-state node to update variables
🚀 Starting Workflow Execution Test Suite...

[1A[2KBuilding LangGraph from workflow: {
  workflowId: [32m'test-workflow'[39m,
  workflowName: [90mundefined[39m,
  nodes: [33m0[39m,
  edges: [33m0[39m,
  nodeIds: [],
  nodeTypes: [],
  edgeSources: [],
  edgeTargets: [],
  fullNodes: [],
  fullEdges: []
}

[1A[2K✅ LangSmith tracing enabled

[1A[2K   Project: open-agent-builder-prod

[1A[2K   Endpoint: https://api.smith.langchain.com

[1A[2K✅ LangSmith tracing enabled

[1A[2K   Project: open-agent-builder-prod

[1A[2K   Endpoint: https://api.smith.langchain.com

[1A[2K[452/453] [chromium] › tests\workflow-execution.spec.ts:557:5 › Workflow Execution - End-to-End Tests › Conditional Logic › should prevent infinite loops with max iterations
[1A[2K[chromium] › tests\workflow-execution.spec.ts:557:5 › Workflow Execution - End-to-End Tests › Conditional Logic › should prevent infinite loops with max iterations
🚀 Starting Workflow Execution Test Suite...

[1A[2K[453/453] [chromium] › tests\workflow-execution.spec.ts:828:5 › Workflow Execution - End-to-End Tests › Error Handling › should handle invalid condition expression in if-else
[1A[2K[chromium] › tests\workflow-execution.spec.ts:828:5 › Workflow Execution - End-to-End Tests › Error Handling › should handle invalid condition expression in if-else
🚀 Starting Workflow Execution Test Suite...

[1A[2K[chromium] › tests\workflow-execution.spec.ts:557:5 › Workflow Execution - End-to-End Tests › Conditional Logic › should prevent infinite loops with max iterations
Building LangGraph from workflow: {
  workflowId: [32m'test-workflow'[39m,
  workflowName: [90mundefined[39m,
  nodes: [33m0[39m,
  edges: [33m0[39m,
  nodeIds: [],
  nodeTypes: [],
  edgeSources: [],
  edgeTargets: [],
  fullNodes: [],
  fullEdges: []
}

[1A[2K[chromium] › tests\workflow-execution.spec.ts:828:5 › Workflow Execution - End-to-End Tests › Error Handling › should handle invalid condition expression in if-else
Building LangGraph from workflow: {
  workflowId: [32m'test-workflow'[39m,
  workflowName: [90mundefined[39m,
  nodes: [33m0[39m,
  edges: [33m0[39m,
  nodeIds: [],
  nodeTypes: [],
  edgeSources: [],
  edgeTargets: [],
  fullNodes: [],
  fullEdges: []
}

[1A[2K  79) [chromium] › tests\workflow-execution.spec.ts:706:5 › Workflow Execution - End-to-End Tests › State Management › should use set-state node to update variables 

    TypeError: Cannot read properties of undefined (reading 'nodes')

       at ..\lib\workflow\langgraph.ts:156

      154 |
      155 |     // Create a set of valid node IDs for edge validation
    > 156 |     const validNodeIds = new Set(this.workflow.nodes.map(n => n.id));
          |                                                ^
      157 |
      158 |     // Build edge map, skipping edges with invalid source/target
      159 |     for (const edge of this.workflow.edges) {
        at LangGraphExecutor.buildGraph (d:\GitHub\open-agent-builder\lib\workflow\langgraph.ts:156:48)
        at LangGraphExecutor (d:\GitHub\open-agent-builder\lib\workflow\langgraph.ts:131:23)
        at d:\GitHub\open-agent-builder\tests\workflow-execution.spec.ts:742:24


[1A[2K  80) [chromium] › tests\workflow-execution.spec.ts:557:5 › Workflow Execution - End-to-End Tests › Conditional Logic › should prevent infinite loops with max iterations 

    TypeError: Cannot read properties of undefined (reading 'nodes')

       at ..\lib\workflow\langgraph.ts:156

      154 |
      155 |     // Create a set of valid node IDs for edge validation
    > 156 |     const validNodeIds = new Set(this.workflow.nodes.map(n => n.id));
          |                                                ^
      157 |
      158 |     // Build edge map, skipping edges with invalid source/target
      159 |     for (const edge of this.workflow.edges) {
        at LangGraphExecutor.buildGraph (d:\GitHub\open-agent-builder\lib\workflow\langgraph.ts:156:48)
        at LangGraphExecutor (d:\GitHub\open-agent-builder\lib\workflow\langgraph.ts:131:23)
        at d:\GitHub\open-agent-builder\tests\workflow-execution.spec.ts:589:24


[1A[2K  81) [chromium] › tests\workflow-execution.spec.ts:828:5 › Workflow Execution - End-to-End Tests › Error Handling › should handle invalid condition expression in if-else 

    TypeError: Cannot read properties of undefined (reading 'nodes')

       at ..\lib\workflow\langgraph.ts:156

      154 |
      155 |     // Create a set of valid node IDs for edge validation
    > 156 |     const validNodeIds = new Set(this.workflow.nodes.map(n => n.id));
          |                                                ^
      157 |
      158 |     // Build edge map, skipping edges with invalid source/target
      159 |     for (const edge of this.workflow.edges) {
        at LangGraphExecutor.buildGraph (d:\GitHub\open-agent-builder\lib\workflow\langgraph.ts:156:48)
        at LangGraphExecutor (d:\GitHub\open-agent-builder\lib\workflow\langgraph.ts:131:23)
        at d:\GitHub\open-agent-builder\tests\workflow-execution.spec.ts:858:24


[1A[2K  81 failed
    [chromium] › tests\api-endpoints.spec.ts:92:5 › API Endpoints › POST /api/workflows/[id]/execute › should execute workflow with valid input 
    [chromium] › tests\api-endpoints.spec.ts:122:5 › API Endpoints › POST /api/workflows/[id]/execute › should reject execution with invalid workflow ID 
    [chromium] › tests\api-endpoints.spec.ts:136:5 › API Endpoints › POST /api/workflows/[id]/execute › should reject execution with missing required inputs 
    [chromium] › tests\api-endpoints.spec.ts:150:5 › API Endpoints › POST /api/workflows/[id]/execute › should accept API key authentication 
    [chromium] › tests\api-endpoints.spec.ts:191:5 › API Endpoints › GET /api/workflows/[id]/execute-stream › should stream workflow execution events 
    [chromium] › tests\api-endpoints.spec.ts:208:5 › API Endpoints › GET /api/workflows/[id]/execute-stream › should emit node_started events 
    [chromium] › tests\api-endpoints.spec.ts:222:5 › API Endpoints › GET /api/workflows/[id]/execute-stream › should emit node_completed events 
    [chromium] › tests\api-endpoints.spec.ts:236:5 › API Endpoints › GET /api/workflows/[id]/execute-stream › should emit workflow_completed event 
    [chromium] › tests\api-endpoints.spec.ts:250:5 › API Endpoints › GET /api/workflows/[id]/execute-stream › should emit error event on failure 
    [chromium] › tests\api-endpoints.spec.ts:295:5 › API Endpoints › GET /api/workflows/[id]/execute-stream › should reject streaming without authentication 
    [chromium] › tests\api-endpoints.spec.ts:312:5 › API Endpoints › POST /api/workflows/[id]/resume › should resume workflow after approval 
    [chromium] › tests\api-endpoints.spec.ts:394:5 › API Endpoints › POST /api/approval/ › should create approval record 
    [chromium] › tests\api-endpoints.spec.ts:413:5 › API Endpoints › POST /api/approval/ › should get approval status 
    [chromium] › tests\api-endpoints.spec.ts:443:5 › API Endpoints › POST /api/approval/ › should approve approval 
    [chromium] › tests\api-endpoints.spec.ts:482:5 › API Endpoints › GET /api/config › should return configuration 
    [chromium] › tests\api-endpoints.spec.ts:495:5 › API Endpoints › GET /api/config › should return LLM providers configuration 
    [chromium] › tests\api-endpoints.spec.ts:507:5 › API Endpoints › GET /api/config › should return tools configuration 
    [chromium] › tests\api-endpoints.spec.ts:533:5 › API Endpoints › Authorization › should deny access to other users workflow 
    [chromium] › tests\api-endpoints.spec.ts:543:5 › API Endpoints › Authorization › should allow user to execute own workflow 
    [chromium] › tests\api-endpoints.spec.ts:557:5 › API Endpoints › Authorization › should deny execution of other users workflow 
    [chromium] › tests\api-endpoints.spec.ts:575:5 › API Endpoints › Input Validation › should reject malformed JSON 
    [chromium] › tests\api-endpoints.spec.ts:587:5 › API Endpoints › Input Validation › should validate input schema 
    [chromium] › tests\api-endpoints.spec.ts:601:5 › API Endpoints › Input Validation › should reject SQL injection attempts 
    [chromium] › tests\api-endpoints.spec.ts:616:5 › API Endpoints › Input Validation › should reject XSS attempts in input 
    [chromium] › tests\api-endpoints.spec.ts:631:5 › API Endpoints › Input Validation › should validate workflow ID format 
    [chromium] › tests\api-endpoints.spec.ts:645:5 › API Endpoints › Input Validation › should enforce max input size 
    [chromium] › tests\api-endpoints.spec.ts:678:5 › API Endpoints › Rate Limiting › should rate limit excessive requests 
    [chromium] › tests\api-endpoints.spec.ts:697:5 › API Endpoints › Rate Limiting › should include rate limit headers 
    [chromium] › tests\authentication.spec.ts:154:5 › Authentication & Authorization › Token Management › should refresh tokens before expiration 
    [chromium] › tests\authentication.spec.ts:386:5 › Authentication & Authorization › Authorization & Resource Access › should enforce workflow ownership 
    [chromium] › tests\authentication.spec.ts:456:5 › Authentication & Authorization › Token Refresh Flow › should handle refresh token grant 
    [chromium] › tests\comprehensive-regression.spec.ts:606:5 › Comprehensive Regression Suite › Database Operations › should update workflow 
    [chromium] › tests\comprehensive-regression.spec.ts:631:5 › Comprehensive Regression Suite › Database Operations › should delete workflow 
    [chromium] › tests\edge-cases.spec.ts:575:5 › Edge Cases & Error Handling › Race Conditions › should handle concurrent workflow creations 
    [chromium] › tests\edge-cases.spec.ts:599:5 › Edge Cases & Error Handling › Race Conditions › should handle concurrent workflow updates 
    [chromium] › tests\file-processing.spec.ts:104:5 › File Processing Tests › PDF Extraction › should extract text from valid PDF buffer 
    [chromium] › tests\file-processing.spec.ts:144:5 › File Processing Tests › DOCX Extraction › should extract text from valid DOCX buffer 
    [chromium] › tests\file-processing.spec.ts:180:5 › File Processing Tests › Markdown Processing › should process markdown file content 
    [chromium] › tests\file-processing.spec.ts:241:5 › File Processing Tests › Content Injection & Variable Substitution › should handle multiple file inputs 
    [chromium] › tests\file-processing.spec.ts:308:5 › File Processing Tests › Error Handling › should handle files without filename extension 
    [chromium] › tests\file-processing.spec.ts:346:5 › File Processing Tests › File Type Detection › should detect DOCX by content type 
    [chromium] › tests\file-processing.spec.ts:366:5 › File Processing Tests › File Type Detection › should handle mixed case extensions 
    [chromium] › tests\file-upload-download.spec.ts:114:5 › File Upload and Download Tests › File Upload - Multipart Form Data › should upload a PDF file successfully 
    [chromium] › tests\file-upload-download.spec.ts:194:5 › File Upload and Download Tests › File Upload - Multipart Form Data › should handle upload without filename field 
    [chromium] › tests\file-upload-download.spec.ts:265:5 › File Upload and Download Tests › File Upload - Raw Binary › should upload raw PDF buffer 
    [chromium] › tests\file-upload-download.spec.ts:356:5 › File Upload and Download Tests › File Download › should get download URL for uploaded file 
    [chromium] › tests\file-upload-download.spec.ts:398:5 › File Upload and Download Tests › File Download › should handle non-existent file gracefully 
    [chromium] › tests\file-upload-download.spec.ts:468:5 › File Upload and Download Tests › Multiple File Upload › should upload multiple files in parallel 
    [chromium] › tests\file-upload-download.spec.ts:558:5 › File Upload and Download Tests › File Size and Validation › should handle binary content correctly 
    [chromium] › tests\file-workflow-integration.spec.ts:95:5 › File and Workflow Integration Tests › File Upload and State Injection › should upload file and inject into workflow state 
    [chromium] › tests\file-workflow-integration.spec.ts:186:5 › File and Workflow Integration Tests › File Upload and State Injection › should handle PDF file extraction in workflow state 
    [chromium] › tests\file-workflow-integration.spec.ts:275:5 › File and Workflow Integration Tests › Multiple File Workflow Integration › should handle multiple file inputs in workflow state 
    [chromium] › tests\file-workflow-integration.spec.ts:400:5 › File and Workflow Integration Tests › File Error Handling in Workflows › should handle missing storage ID gracefully 
    [chromium] › tests\file-workflow-integration.spec.ts:439:5 › File and Workflow Integration Tests › File Error Handling in Workflows › should handle file without storageId 
    [chromium] › tests\file-workflow-integration.spec.ts:505:5 › File and Workflow Integration Tests › Variable Substitution with Files › should substitute file content in agent instructions 
    [chromium] › tests\mcp-lifecycle.spec.ts:129:5 › Custom MCP Server Lifecycle › Step 1: should add a new custom MCP server 
    [chromium] › tests\template-verification.spec.ts:99:5 › Template Verification Tests › Template Registry › should list all available templates 
    [chromium] › tests\template-verification.spec.ts:138:5 › Template Verification Tests › Template Structure Validation › all templates should have required fields 
    [chromium] › tests\template-verification.spec.ts:216:5 › Template Verification Tests › Template Structure Validation › template edges should not have circular dependencies 
    [chromium] › tests\template-verification.spec.ts:298:5 › Template Verification Tests › Node Type Coverage › while nodes should have valid conditions 
    [chromium] › tests\template-verification.spec.ts:388:5 › Template Verification Tests › Template Categories & Tags › templates should have categories 
    [chromium] › tests\template-verification.spec.ts:461:5 › Template Verification Tests › Input Variables Validation › required input variables should have default values 
    [chromium] › tests\template-verification.spec.ts:551:5 › Template Verification Tests › Template Execution Readiness › all nodes except end should have outgoing edges 
    [chromium] › tests\workflow-execution.spec.ts:153:5 › Workflow Execution - End-to-End Tests › Basic Workflow Flows › should execute simple Start → Agent → End workflow 
    [chromium] › tests\workflow-execution.spec.ts:216:5 › Workflow Execution - End-to-End Tests › Basic Workflow Flows › should handle workflow with no edges (single node) 
    [chromium] › tests\workflow-execution.spec.ts:242:5 › Workflow Execution - End-to-End Tests › Basic Workflow Flows › should fail when start node is missing 
    [chromium] › tests\workflow-execution.spec.ts:269:5 › Workflow Execution - End-to-End Tests › Multi-Node Workflows › should execute Start → HTTP → Transform → Extract → End 
    [chromium] › tests\workflow-execution.spec.ts:340:5 › Workflow Execution - End-to-End Tests › Multi-Node Workflows › should handle parallel execution branches 
    [chromium] › tests\workflow-execution.spec.ts:399:5 › Workflow Execution - End-to-End Tests › Conditional Logic › should execute if-else branch (true path) 
    [chromium] › tests\workflow-execution.spec.ts:452:5 › Workflow Execution - End-to-End Tests › Conditional Logic › should execute if-else branch (false path) 
    [chromium] › tests\workflow-execution.spec.ts:502:5 › Workflow Execution - End-to-End Tests › Conditional Logic › should execute while loop with iteration limit 
    [chromium] › tests\workflow-execution.spec.ts:557:5 › Workflow Execution - End-to-End Tests › Conditional Logic › should prevent infinite loops with max iterations 
    [chromium] › tests\workflow-execution.spec.ts:600:5 › Workflow Execution - End-to-End Tests › State Management › should pass variables between nodes using {{input.*}} 
    [chromium] › tests\workflow-execution.spec.ts:648:5 › Workflow Execution - End-to-End Tests › State Management › should use {{lastOutput}} to reference previous node result 
    [chromium] › tests\workflow-execution.spec.ts:706:5 › Workflow Execution - End-to-End Tests › State Management › should use set-state node to update variables 
    [chromium] › tests\workflow-execution.spec.ts:753:5 › Workflow Execution - End-to-End Tests › Error Handling › should handle node execution failure gracefully 
    [chromium] › tests\workflow-execution.spec.ts:796:5 › Workflow Execution - End-to-End Tests › Error Handling › should handle missing required input variables 
    [chromium] › tests\workflow-execution.spec.ts:828:5 › Workflow Execution - End-to-End Tests › Error Handling › should handle invalid condition expression in if-else 
    [chromium] › tests\workflow-execution.spec.ts:869:5 › Workflow Execution - End-to-End Tests › Human-in-the-Loop Approval › should pause execution at approval node 
    [chromium] › tests\workflow-execution.spec.ts:946:5 › Workflow Execution - End-to-End Tests › Edge Validation › should detect circular dependencies 
    [chromium] › tests\workflow-execution.spec.ts:991:5 › Workflow Execution - End-to-End Tests › Edge Validation › should validate end node has no outgoing edges 
  138 skipped
  64 did not run
  170 passed (1.1m)

[36m  Serving HTML report at http://localhost:49809. Press Ctrl+C to quit.[39m
